Archive member included to satisfy reference by file (symbol)

c:/intelfpga_lite/18.1/nios2eds/bin/gnu/h-x86_64-mingw32/bin/../lib/gcc/nios2-elf/5.3.0/mno-hw-mul\libgcc.a(lib2-divmod.o)
                              obj/default/main.o (__divsi3)
c:/intelfpga_lite/18.1/nios2eds/bin/gnu/h-x86_64-mingw32/bin/../lib/gcc/nios2-elf/5.3.0/mno-hw-mul\libgcc.a(lib2-mul.o)
                              obj/default/main.o (__mulsi3)
c:/intelfpga_lite/18.1/nios2eds/bin/gnu/h-x86_64-mingw32/bin/../lib/gcc/nios2-elf/5.3.0/../../../../../H-x86_64-mingw32/nios2-elf/lib/mno-hw-mul\libsmallc.a(lib_a-memset.o)
                              obj/default/main.o (memset)
c:/intelfpga_lite/18.1/nios2eds/bin/gnu/h-x86_64-mingw32/bin/../lib/gcc/nios2-elf/5.3.0/../../../../../H-x86_64-mingw32/nios2-elf/lib/mno-hw-mul\libsmallc.a(lib_a-printf.o)
                              obj/default/main.o (printf)
c:/intelfpga_lite/18.1/nios2eds/bin/gnu/h-x86_64-mingw32/bin/../lib/gcc/nios2-elf/5.3.0/../../../../../H-x86_64-mingw32/nios2-elf/lib/mno-hw-mul\libsmallc.a(lib_a-putchar.o)
                              obj/default/main.o (putchar)
c:/intelfpga_lite/18.1/nios2eds/bin/gnu/h-x86_64-mingw32/bin/../lib/gcc/nios2-elf/5.3.0/../../../../../H-x86_64-mingw32/nios2-elf/lib/mno-hw-mul\libsmallc.a(lib_a-vfprintf.o)
                              c:/intelfpga_lite/18.1/nios2eds/bin/gnu/h-x86_64-mingw32/bin/../lib/gcc/nios2-elf/5.3.0/../../../../../H-x86_64-mingw32/nios2-elf/lib/mno-hw-mul\libsmallc.a(lib_a-printf.o) (___vfprintf_internal_r)
c:/intelfpga_lite/18.1/nios2eds/bin/gnu/h-x86_64-mingw32/bin/../lib/gcc/nios2-elf/5.3.0/../../../../../H-x86_64-mingw32/nios2-elf/lib/mno-hw-mul\libsmallc.a(lib_a-fvwrite_small_dev.o)
                              c:/intelfpga_lite/18.1/nios2eds/bin/gnu/h-x86_64-mingw32/bin/../lib/gcc/nios2-elf/5.3.0/../../../../../H-x86_64-mingw32/nios2-elf/lib/mno-hw-mul\libsmallc.a(lib_a-printf.o) (__sfvwrite_small_dev)
c:/intelfpga_lite/18.1/nios2eds/bin/gnu/h-x86_64-mingw32/bin/../lib/gcc/nios2-elf/5.3.0/../../../../../H-x86_64-mingw32/nios2-elf/lib/mno-hw-mul\libsmallc.a(lib_a-impure.o)
                              c:/intelfpga_lite/18.1/nios2eds/bin/gnu/h-x86_64-mingw32/bin/../lib/gcc/nios2-elf/5.3.0/../../../../../H-x86_64-mingw32/nios2-elf/lib/mno-hw-mul\libsmallc.a(lib_a-printf.o) (_impure_ptr)
c:/intelfpga_lite/18.1/nios2eds/bin/gnu/h-x86_64-mingw32/bin/../lib/gcc/nios2-elf/5.3.0/../../../../../H-x86_64-mingw32/nios2-elf/lib/mno-hw-mul\libsmallc.a(lib_a-putc.o)
                              c:/intelfpga_lite/18.1/nios2eds/bin/gnu/h-x86_64-mingw32/bin/../lib/gcc/nios2-elf/5.3.0/../../../../../H-x86_64-mingw32/nios2-elf/lib/mno-hw-mul\libsmallc.a(lib_a-putchar.o) (_putc_r)
c:/intelfpga_lite/18.1/nios2eds/bin/gnu/h-x86_64-mingw32/bin/../lib/gcc/nios2-elf/5.3.0/../../../../../H-x86_64-mingw32/nios2-elf/lib/mno-hw-mul\libsmallc.a(lib_a-strlen.o)
                              c:/intelfpga_lite/18.1/nios2eds/bin/gnu/h-x86_64-mingw32/bin/../lib/gcc/nios2-elf/5.3.0/../../../../../H-x86_64-mingw32/nios2-elf/lib/mno-hw-mul\libsmallc.a(lib_a-vfprintf.o) (strlen)
c:/intelfpga_lite/18.1/nios2eds/bin/gnu/h-x86_64-mingw32/bin/../lib/gcc/nios2-elf/5.3.0/../../../../../H-x86_64-mingw32/nios2-elf/lib/mno-hw-mul\libsmallc.a(lib_a-writer.o)
                              c:/intelfpga_lite/18.1/nios2eds/bin/gnu/h-x86_64-mingw32/bin/../lib/gcc/nios2-elf/5.3.0/../../../../../H-x86_64-mingw32/nios2-elf/lib/mno-hw-mul\libsmallc.a(lib_a-fvwrite_small_dev.o) (_write_r)
c:/intelfpga_lite/18.1/nios2eds/bin/gnu/h-x86_64-mingw32/bin/../lib/gcc/nios2-elf/5.3.0/../../../../../H-x86_64-mingw32/nios2-elf/lib/mno-hw-mul\libsmallc.a(lib_a-int_errno.o)
                              c:/intelfpga_lite/18.1/nios2eds/bin/gnu/h-x86_64-mingw32/bin/../lib/gcc/nios2-elf/5.3.0/../../../../../H-x86_64-mingw32/nios2-elf/lib/mno-hw-mul\libsmallc.a(lib_a-writer.o) (errno)
../both_axis_bsp/\libhal_bsp.a(alt_irq_register.o)
                              obj/default/main.o (alt_irq_register)
../both_axis_bsp/\libhal_bsp.a(alt_irq_vars.o)
                              ../both_axis_bsp/\libhal_bsp.a(alt_irq_register.o) (alt_irq_active)
../both_axis_bsp/\libhal_bsp.a(alt_load.o)
                              ../both_axis_bsp//obj/HAL/src/crt0.o (alt_load)
../both_axis_bsp/\libhal_bsp.a(alt_main.o)
                              ../both_axis_bsp//obj/HAL/src/crt0.o (alt_main)
../both_axis_bsp/\libhal_bsp.a(alt_write.o)
                              c:/intelfpga_lite/18.1/nios2eds/bin/gnu/h-x86_64-mingw32/bin/../lib/gcc/nios2-elf/5.3.0/../../../../../H-x86_64-mingw32/nios2-elf/lib/mno-hw-mul\libsmallc.a(lib_a-writer.o) (write)
../both_axis_bsp/\libhal_bsp.a(alt_sys_init.o)
                              ../both_axis_bsp/\libhal_bsp.a(alt_main.o) (alt_irq_init)
../both_axis_bsp/\libhal_bsp.a(altera_avalon_jtag_uart_write.o)
                              ../both_axis_bsp/\libhal_bsp.a(alt_write.o) (altera_avalon_jtag_uart_write)
../both_axis_bsp/\libhal_bsp.a(altera_avalon_timer_sc.o)
                              ../both_axis_bsp/\libhal_bsp.a(alt_sys_init.o) (alt_avalon_timer_sc_init)
../both_axis_bsp/\libhal_bsp.a(altera_avalon_timer_ts.o)
                              obj/default/main.o (alt_timestamp_start)
../both_axis_bsp/\libhal_bsp.a(altera_avalon_timer_vars.o)
                              ../both_axis_bsp/\libhal_bsp.a(alt_sys_init.o) (altera_avalon_timer_ts_freq)
../both_axis_bsp/\libhal_bsp.a(altera_up_avalon_accelerometer_spi.o)
                              obj/default/main.o (alt_up_accelerometer_spi_open_dev)
../both_axis_bsp/\libhal_bsp.a(alt_dcache_flush_all.o)
                              ../both_axis_bsp/\libhal_bsp.a(alt_load.o) (alt_dcache_flush_all)
../both_axis_bsp/\libhal_bsp.a(alt_dev.o)
                              ../both_axis_bsp/\libhal_bsp.a(alt_sys_init.o) (alt_dev_list)
../both_axis_bsp/\libhal_bsp.a(alt_dev_llist_insert.o)
                              ../both_axis_bsp/\libhal_bsp.a(alt_sys_init.o) (alt_dev_llist_insert)
../both_axis_bsp/\libhal_bsp.a(alt_errno.o)
                              ../both_axis_bsp/\libhal_bsp.a(alt_write.o) (alt_errno)
../both_axis_bsp/\libhal_bsp.a(alt_find_dev.o)
                              ../both_axis_bsp/\libhal_bsp.a(altera_up_avalon_accelerometer_spi.o) (alt_find_dev)
../both_axis_bsp/\libhal_bsp.a(alt_icache_flush_all.o)
                              ../both_axis_bsp/\libhal_bsp.a(alt_load.o) (alt_icache_flush_all)
../both_axis_bsp/\libhal_bsp.a(alt_irq_entry.o)
                              ../both_axis_bsp/\libhal_bsp.a(alt_irq_register.o) (alt_irq_entry)
../both_axis_bsp/\libhal_bsp.a(alt_irq_handler.o)
                              ../both_axis_bsp/\libhal_bsp.a(alt_irq_register.o) (alt_irq_handler)
../both_axis_bsp/\libhal_bsp.a(alt_tick.o)
                              ../both_axis_bsp/\libhal_bsp.a(altera_avalon_timer_sc.o) (alt_tick)
../both_axis_bsp/\libhal_bsp.a(altera_nios2_gen2_irq.o)
                              ../both_axis_bsp/\libhal_bsp.a(alt_sys_init.o) (altera_nios2_gen2_irq_init)
../both_axis_bsp/\libhal_bsp.a(alt_exception_entry.o)
                              ../both_axis_bsp/\libhal_bsp.a(alt_irq_entry.o) (alt_exception)
../both_axis_bsp/\libhal_bsp.a(alt_instruction_exception_entry.o)
                              ../both_axis_bsp/\libhal_bsp.a(alt_exception_entry.o) (alt_instruction_exception_entry)
c:/intelfpga_lite/18.1/nios2eds/bin/gnu/h-x86_64-mingw32/bin/../lib/gcc/nios2-elf/5.3.0/../../../../../H-x86_64-mingw32/nios2-elf/lib/mno-hw-mul\libsmallc.a(lib_a-memcmp.o)
                              ../both_axis_bsp/\libhal_bsp.a(alt_find_dev.o) (memcmp)

Allocating common symbols
Common symbol       size              file

alt_irq             0x100             ../both_axis_bsp/\libhal_bsp.a(alt_irq_handler.o)
errno               0x4               c:/intelfpga_lite/18.1/nios2eds/bin/gnu/h-x86_64-mingw32/bin/../lib/gcc/nios2-elf/5.3.0/../../../../../H-x86_64-mingw32/nios2-elf/lib/mno-hw-mul\libsmallc.a(lib_a-int_errno.o)
led                 0x2               obj/default/main.o
level               0x4               obj/default/main.o

Memory Configuration

Name             Origin             Length             Attributes
reset            0x0000000000010000 0x0000000000000020
onchip_memory    0x0000000000010020 0x000000000000ffe0
*default*        0x0000000000000000 0xffffffffffffffff

Linker script and memory map

LOAD ../both_axis_bsp//obj/HAL/src/crt0.o
LOAD obj/default/main.o
LOAD c:/intelfpga_lite/18.1/nios2eds/bin/gnu/h-x86_64-mingw32/bin/../lib/gcc/nios2-elf/5.3.0/../../../../../H-x86_64-mingw32/nios2-elf/lib/mno-hw-mul\libstdc++.a
LOAD c:/intelfpga_lite/18.1/nios2eds/bin/gnu/h-x86_64-mingw32/bin/../lib/gcc/nios2-elf/5.3.0/../../../../../H-x86_64-mingw32/nios2-elf/lib/mno-hw-mul\libm.a
LOAD c:/intelfpga_lite/18.1/nios2eds/bin/gnu/h-x86_64-mingw32/bin/../lib/gcc/nios2-elf/5.3.0/mno-hw-mul\libgcc.a
START GROUP
LOAD c:/intelfpga_lite/18.1/nios2eds/bin/gnu/h-x86_64-mingw32/bin/../lib/gcc/nios2-elf/5.3.0/../../../../../H-x86_64-mingw32/nios2-elf/lib/mno-hw-mul\libsmallc.a
LOAD c:/intelfpga_lite/18.1/nios2eds/bin/gnu/h-x86_64-mingw32/bin/../lib/gcc/nios2-elf/5.3.0/mno-hw-mul\libgcc.a
LOAD ../both_axis_bsp/\libhal_bsp.a
LOAD c:/intelfpga_lite/18.1/nios2eds/bin/gnu/h-x86_64-mingw32/bin/../lib/gcc/nios2-elf/5.3.0/../../../../../H-x86_64-mingw32/nios2-elf/lib/mno-hw-mul\libm.a
END GROUP
LOAD c:/intelfpga_lite/18.1/nios2eds/bin/gnu/h-x86_64-mingw32/bin/../lib/gcc/nios2-elf/5.3.0/mno-hw-mul\libgcc.a
                0x0000000000010000                __alt_mem_onchip_memory = 0x10000

.entry          0x0000000000010000       0x20
 *(.entry)
 .entry         0x0000000000010000       0x20 ../both_axis_bsp//obj/HAL/src/crt0.o
                0x0000000000010000                __reset
                0x000000000001000c                _exit

.exceptions     0x0000000000010020      0x160
                0x0000000000010020                PROVIDE (__ram_exceptions_start, ABSOLUTE (.))
                0x0000000000010020                . = ALIGN (0x20)
 *(.irq)
 *(.exceptions.entry.label)
 .exceptions.entry.label
                0x0000000000010020        0x0 ../both_axis_bsp/\libhal_bsp.a(alt_irq_entry.o)
                0x0000000000010020                alt_irq_entry
 .exceptions.entry.label
                0x0000000000010020        0x0 ../both_axis_bsp/\libhal_bsp.a(alt_exception_entry.o)
                0x0000000000010020                alt_exception
 *(.exceptions.entry.user)
 *(.exceptions.entry.ecc_fatal)
 *(.exceptions.entry)
 .exceptions.entry
                0x0000000000010020       0x54 ../both_axis_bsp/\libhal_bsp.a(alt_exception_entry.o)
 *(.exceptions.irqtest.user)
 *(.exceptions.irqtest)
 .exceptions.irqtest
                0x0000000000010074       0x10 ../both_axis_bsp/\libhal_bsp.a(alt_irq_entry.o)
 *(.exceptions.irqhandler.user)
 *(.exceptions.irqhandler)
 .exceptions.irqhandler
                0x0000000000010084        0x4 ../both_axis_bsp/\libhal_bsp.a(alt_irq_entry.o)
 *(.exceptions.irqreturn.user)
 *(.exceptions.irqreturn)
 .exceptions.irqreturn
                0x0000000000010088        0x4 ../both_axis_bsp/\libhal_bsp.a(alt_irq_entry.o)
 *(.exceptions.notirq.label)
 .exceptions.notirq.label
                0x000000000001008c        0x0 ../both_axis_bsp/\libhal_bsp.a(alt_irq_entry.o)
 *(.exceptions.notirq.user)
 *(.exceptions.notirq)
 .exceptions.notirq
                0x000000000001008c        0x8 ../both_axis_bsp/\libhal_bsp.a(alt_exception_entry.o)
 *(.exceptions.soft.user)
 *(.exceptions.soft)
 *(.exceptions.unknown.user)
 *(.exceptions.unknown)
 .exceptions.unknown
                0x0000000000010094       0x14 ../both_axis_bsp/\libhal_bsp.a(alt_exception_entry.o)
 *(.exceptions.exit.label)
 .exceptions.exit.label
                0x00000000000100a8        0x0 ../both_axis_bsp/\libhal_bsp.a(alt_irq_entry.o)
 .exceptions.exit.label
                0x00000000000100a8        0x0 ../both_axis_bsp/\libhal_bsp.a(alt_exception_entry.o)
 *(.exceptions.exit.user)
 *(.exceptions.exit)
 .exceptions.exit
                0x00000000000100a8       0x54 ../both_axis_bsp/\libhal_bsp.a(alt_exception_entry.o)
 *(.exceptions)
 .exceptions    0x00000000000100fc       0x60 ../both_axis_bsp/\libhal_bsp.a(alt_irq_handler.o)
                0x00000000000100fc                alt_irq_handler
 .exceptions    0x000000000001015c       0x24 ../both_axis_bsp/\libhal_bsp.a(alt_instruction_exception_entry.o)
                0x000000000001015c                alt_instruction_exception_entry
                0x0000000000010180                PROVIDE (__ram_exceptions_end, ABSOLUTE (.))
                0x0000000000010020                PROVIDE (__flash_exceptions_start, LOADADDR (.exceptions))

.text           0x0000000000010180     0x151c
                [!provide]                        PROVIDE (stext, ABSOLUTE (.))
 *(.interp)
 *(.hash)
 *(.dynsym)
 *(.dynstr)
 *(.gnu.version)
 *(.gnu.version_d)
 *(.gnu.version_r)
 *(.rel.init)
 *(.rela.init)
 *(.rel.text .rel.text.* .rel.gnu.linkonce.t.*)
 *(.rela.text .rela.text.* .rela.gnu.linkonce.t.*)
 *(.rel.fini)
 *(.rela.fini)
 *(.rel.rodata .rel.rodata.* .rel.gnu.linkonce.r.*)
 *(.rela.rodata .rela.rodata.* .rela.gnu.linkonce.r.*)
 *(.rel.data .rel.data.* .rel.gnu.linkonce.d.*)
 *(.rela.data .rela.data.* .rela.gnu.linkonce.d.*)
 *(.rel.tdata .rel.tdata.* .rel.gnu.linkonce.td.*)
 *(.rela.tdata .rela.tdata.* .rela.gnu.linkonce.td.*)
 *(.rel.tbss .rel.tbss.* .rel.gnu.linkonce.tb.*)
 *(.rela.tbss .rela.tbss.* .rela.gnu.linkonce.tb.*)
 *(.rel.ctors)
 *(.rela.ctors)
 *(.rel.dtors)
 *(.rela.dtors)
 *(.rel.got)
 *(.rela.got)
 *(.rel.sdata .rel.sdata.* .rel.gnu.linkonce.s.*)
 *(.rela.sdata .rela.sdata.* .rela.gnu.linkonce.s.*)
 *(.rel.sbss .rel.sbss.* .rel.gnu.linkonce.sb.*)
 *(.rela.sbss .rela.sbss.* .rela.gnu.linkonce.sb.*)
 *(.rel.sdata2 .rel.sdata2.* .rel.gnu.linkonce.s2.*)
 *(.rela.sdata2 .rela.sdata2.* .rela.gnu.linkonce.s2.*)
 *(.rel.sbss2 .rel.sbss2.* .rel.gnu.linkonce.sb2.*)
 *(.rela.sbss2 .rela.sbss2.* .rela.gnu.linkonce.sb2.*)
 *(.rel.bss .rel.bss.* .rel.gnu.linkonce.b.*)
 *(.rela.bss .rela.bss.* .rela.gnu.linkonce.b.*)
 *(.rel.plt)
 *(.rela.plt)
 *(.rel.dyn)
 *(.init)
 *(.plt)
 *(.text .stub .text.* .gnu.linkonce.t.*)
 .text          0x0000000000010180       0x3c ../both_axis_bsp//obj/HAL/src/crt0.o
                0x0000000000010180                _start
 .text          0x00000000000101bc      0x1c0 obj/default/main.o
                0x0000000000010278                timer_init
                0x00000000000102e8                read_from_fir
                0x0000000000010344                write_to_fir
 .text.startup  0x000000000001037c      0x184 obj/default/main.o
                0x000000000001037c                main
 .text          0x0000000000010500      0x1b4 c:/intelfpga_lite/18.1/nios2eds/bin/gnu/h-x86_64-mingw32/bin/../lib/gcc/nios2-elf/5.3.0/mno-hw-mul\libgcc.a(lib2-divmod.o)
                0x0000000000010500                __divsi3
                0x0000000000010584                __modsi3
                0x00000000000105f8                __udivsi3
                0x000000000001065c                __umodsi3
 .text          0x00000000000106b4       0x28 c:/intelfpga_lite/18.1/nios2eds/bin/gnu/h-x86_64-mingw32/bin/../lib/gcc/nios2-elf/5.3.0/mno-hw-mul\libgcc.a(lib2-mul.o)
                0x00000000000106b4                __mulsi3
 .text          0x00000000000106dc        0x0 c:/intelfpga_lite/18.1/nios2eds/bin/gnu/h-x86_64-mingw32/bin/../lib/gcc/nios2-elf/5.3.0/../../../../../H-x86_64-mingw32/nios2-elf/lib/mno-hw-mul\libsmallc.a(lib_a-memset.o)
 .text.memset   0x00000000000106dc       0x20 c:/intelfpga_lite/18.1/nios2eds/bin/gnu/h-x86_64-mingw32/bin/../lib/gcc/nios2-elf/5.3.0/../../../../../H-x86_64-mingw32/nios2-elf/lib/mno-hw-mul\libsmallc.a(lib_a-memset.o)
                0x00000000000106dc                memset
 .text          0x00000000000106fc        0x0 c:/intelfpga_lite/18.1/nios2eds/bin/gnu/h-x86_64-mingw32/bin/../lib/gcc/nios2-elf/5.3.0/../../../../../H-x86_64-mingw32/nios2-elf/lib/mno-hw-mul\libsmallc.a(lib_a-printf.o)
 .text._printf_r
                0x00000000000106fc       0x3c c:/intelfpga_lite/18.1/nios2eds/bin/gnu/h-x86_64-mingw32/bin/../lib/gcc/nios2-elf/5.3.0/../../../../../H-x86_64-mingw32/nios2-elf/lib/mno-hw-mul\libsmallc.a(lib_a-printf.o)
                0x00000000000106fc                _printf_r
 .text.printf   0x0000000000010738       0x4c c:/intelfpga_lite/18.1/nios2eds/bin/gnu/h-x86_64-mingw32/bin/../lib/gcc/nios2-elf/5.3.0/../../../../../H-x86_64-mingw32/nios2-elf/lib/mno-hw-mul\libsmallc.a(lib_a-printf.o)
                0x0000000000010738                printf
 .text          0x0000000000010784        0x0 c:/intelfpga_lite/18.1/nios2eds/bin/gnu/h-x86_64-mingw32/bin/../lib/gcc/nios2-elf/5.3.0/../../../../../H-x86_64-mingw32/nios2-elf/lib/mno-hw-mul\libsmallc.a(lib_a-putchar.o)
 .text._putchar_r
                0x0000000000010784        0x8 c:/intelfpga_lite/18.1/nios2eds/bin/gnu/h-x86_64-mingw32/bin/../lib/gcc/nios2-elf/5.3.0/../../../../../H-x86_64-mingw32/nios2-elf/lib/mno-hw-mul\libsmallc.a(lib_a-putchar.o)
                0x0000000000010784                _putchar_r
 .text.putchar  0x000000000001078c       0x1c c:/intelfpga_lite/18.1/nios2eds/bin/gnu/h-x86_64-mingw32/bin/../lib/gcc/nios2-elf/5.3.0/../../../../../H-x86_64-mingw32/nios2-elf/lib/mno-hw-mul\libsmallc.a(lib_a-putchar.o)
                0x000000000001078c                putchar
 .text          0x00000000000107a8        0x0 c:/intelfpga_lite/18.1/nios2eds/bin/gnu/h-x86_64-mingw32/bin/../lib/gcc/nios2-elf/5.3.0/../../../../../H-x86_64-mingw32/nios2-elf/lib/mno-hw-mul\libsmallc.a(lib_a-vfprintf.o)
 .text.print_repeat
                0x00000000000107a8       0x6c c:/intelfpga_lite/18.1/nios2eds/bin/gnu/h-x86_64-mingw32/bin/../lib/gcc/nios2-elf/5.3.0/../../../../../H-x86_64-mingw32/nios2-elf/lib/mno-hw-mul\libsmallc.a(lib_a-vfprintf.o)
 .text.___vfprintf_internal_r
                0x0000000000010814      0x52c c:/intelfpga_lite/18.1/nios2eds/bin/gnu/h-x86_64-mingw32/bin/../lib/gcc/nios2-elf/5.3.0/../../../../../H-x86_64-mingw32/nios2-elf/lib/mno-hw-mul\libsmallc.a(lib_a-vfprintf.o)
                0x0000000000010814                ___vfprintf_internal_r
 .text.__vfprintf_internal
                0x0000000000010d40       0x1c c:/intelfpga_lite/18.1/nios2eds/bin/gnu/h-x86_64-mingw32/bin/../lib/gcc/nios2-elf/5.3.0/../../../../../H-x86_64-mingw32/nios2-elf/lib/mno-hw-mul\libsmallc.a(lib_a-vfprintf.o)
                0x0000000000010d40                __vfprintf_internal
 .text          0x0000000000010d5c        0x0 c:/intelfpga_lite/18.1/nios2eds/bin/gnu/h-x86_64-mingw32/bin/../lib/gcc/nios2-elf/5.3.0/../../../../../H-x86_64-mingw32/nios2-elf/lib/mno-hw-mul\libsmallc.a(lib_a-fvwrite_small_dev.o)
 .text.__sfvwrite_small_dev
                0x0000000000010d5c       0xb8 c:/intelfpga_lite/18.1/nios2eds/bin/gnu/h-x86_64-mingw32/bin/../lib/gcc/nios2-elf/5.3.0/../../../../../H-x86_64-mingw32/nios2-elf/lib/mno-hw-mul\libsmallc.a(lib_a-fvwrite_small_dev.o)
                0x0000000000010d5c                __sfvwrite_small_dev
 .text          0x0000000000010e14        0x0 c:/intelfpga_lite/18.1/nios2eds/bin/gnu/h-x86_64-mingw32/bin/../lib/gcc/nios2-elf/5.3.0/../../../../../H-x86_64-mingw32/nios2-elf/lib/mno-hw-mul\libsmallc.a(lib_a-impure.o)
 .text          0x0000000000010e14        0x0 c:/intelfpga_lite/18.1/nios2eds/bin/gnu/h-x86_64-mingw32/bin/../lib/gcc/nios2-elf/5.3.0/../../../../../H-x86_64-mingw32/nios2-elf/lib/mno-hw-mul\libsmallc.a(lib_a-putc.o)
 .text.putc     0x0000000000010e14       0x54 c:/intelfpga_lite/18.1/nios2eds/bin/gnu/h-x86_64-mingw32/bin/../lib/gcc/nios2-elf/5.3.0/../../../../../H-x86_64-mingw32/nios2-elf/lib/mno-hw-mul\libsmallc.a(lib_a-putc.o)
                0x0000000000010e14                putc
 .text._putc_r  0x0000000000010e68       0x58 c:/intelfpga_lite/18.1/nios2eds/bin/gnu/h-x86_64-mingw32/bin/../lib/gcc/nios2-elf/5.3.0/../../../../../H-x86_64-mingw32/nios2-elf/lib/mno-hw-mul\libsmallc.a(lib_a-putc.o)
                0x0000000000010e68                _putc_r
 .text          0x0000000000010ec0        0x0 c:/intelfpga_lite/18.1/nios2eds/bin/gnu/h-x86_64-mingw32/bin/../lib/gcc/nios2-elf/5.3.0/../../../../../H-x86_64-mingw32/nios2-elf/lib/mno-hw-mul\libsmallc.a(lib_a-strlen.o)
 .text.strlen   0x0000000000010ec0       0x1c c:/intelfpga_lite/18.1/nios2eds/bin/gnu/h-x86_64-mingw32/bin/../lib/gcc/nios2-elf/5.3.0/../../../../../H-x86_64-mingw32/nios2-elf/lib/mno-hw-mul\libsmallc.a(lib_a-strlen.o)
                0x0000000000010ec0                strlen
 .text          0x0000000000010edc        0x0 c:/intelfpga_lite/18.1/nios2eds/bin/gnu/h-x86_64-mingw32/bin/../lib/gcc/nios2-elf/5.3.0/../../../../../H-x86_64-mingw32/nios2-elf/lib/mno-hw-mul\libsmallc.a(lib_a-writer.o)
 .text._write_r
                0x0000000000010edc       0x58 c:/intelfpga_lite/18.1/nios2eds/bin/gnu/h-x86_64-mingw32/bin/../lib/gcc/nios2-elf/5.3.0/../../../../../H-x86_64-mingw32/nios2-elf/lib/mno-hw-mul\libsmallc.a(lib_a-writer.o)
                0x0000000000010edc                _write_r
 .text          0x0000000000010f34        0x0 c:/intelfpga_lite/18.1/nios2eds/bin/gnu/h-x86_64-mingw32/bin/../lib/gcc/nios2-elf/5.3.0/../../../../../H-x86_64-mingw32/nios2-elf/lib/mno-hw-mul\libsmallc.a(lib_a-int_errno.o)
 .text          0x0000000000010f34       0x94 ../both_axis_bsp/\libhal_bsp.a(alt_irq_register.o)
                0x0000000000010f34                alt_irq_register
 .text          0x0000000000010fc8        0x0 ../both_axis_bsp/\libhal_bsp.a(alt_irq_vars.o)
 .text          0x0000000000010fc8       0xe0 ../both_axis_bsp/\libhal_bsp.a(alt_load.o)
                0x0000000000010fc8                alt_load
 .text          0x00000000000110a8       0x2c ../both_axis_bsp/\libhal_bsp.a(alt_main.o)
                0x00000000000110a8                alt_main
 .text          0x00000000000110d4       0x60 ../both_axis_bsp/\libhal_bsp.a(alt_write.o)
                0x00000000000110d4                write
 .text          0x0000000000011134       0x70 ../both_axis_bsp/\libhal_bsp.a(alt_sys_init.o)
                0x0000000000011134                alt_irq_init
                0x0000000000011154                alt_sys_init
 .text          0x00000000000111a4       0x34 ../both_axis_bsp/\libhal_bsp.a(altera_avalon_jtag_uart_write.o)
                0x00000000000111a4                altera_avalon_jtag_uart_write
 .text          0x00000000000111d8       0x64 ../both_axis_bsp/\libhal_bsp.a(altera_avalon_timer_sc.o)
                0x0000000000011214                alt_avalon_timer_sc_init
 .text          0x000000000001123c       0x78 ../both_axis_bsp/\libhal_bsp.a(altera_avalon_timer_ts.o)
                0x000000000001123c                alt_timestamp_start
                0x0000000000011278                alt_timestamp
                0x00000000000112ac                alt_timestamp_freq
 .text          0x00000000000112b4        0x0 ../both_axis_bsp/\libhal_bsp.a(altera_avalon_timer_vars.o)
 .text          0x00000000000112b4      0x160 ../both_axis_bsp/\libhal_bsp.a(altera_up_avalon_accelerometer_spi.o)
                0x00000000000112b4                alt_up_accelerometer_spi_open_dev
                0x00000000000112bc                alt_up_accelerometer_spi_read_address_register
                0x00000000000112d0                alt_up_accelerometer_spi_read
                0x00000000000112f0                alt_up_accelerometer_spi_write
                0x000000000001130c                alt_up_accelerometer_spi_read_x_axis
                0x0000000000011364                alt_up_accelerometer_spi_read_y_axis
                0x00000000000113bc                alt_up_accelerometer_spi_read_z_axis
 .text          0x0000000000011414        0x4 ../both_axis_bsp/\libhal_bsp.a(alt_dcache_flush_all.o)
                0x0000000000011414                alt_dcache_flush_all
 .text          0x0000000000011418        0x8 ../both_axis_bsp/\libhal_bsp.a(alt_dev.o)
 .text          0x0000000000011420       0x6c ../both_axis_bsp/\libhal_bsp.a(alt_dev_llist_insert.o)
                0x0000000000011420                alt_dev_llist_insert
 .text          0x000000000001148c        0x0 ../both_axis_bsp/\libhal_bsp.a(alt_errno.o)
 .text          0x000000000001148c       0x74 ../both_axis_bsp/\libhal_bsp.a(alt_find_dev.o)
                0x000000000001148c                alt_find_dev
 .text          0x0000000000011500        0x4 ../both_axis_bsp/\libhal_bsp.a(alt_icache_flush_all.o)
                0x0000000000011500                alt_icache_flush_all
 .text          0x0000000000011504        0x0 ../both_axis_bsp/\libhal_bsp.a(alt_irq_entry.o)
 .text          0x0000000000011504        0x0 ../both_axis_bsp/\libhal_bsp.a(alt_irq_handler.o)
 .text          0x0000000000011504       0xec ../both_axis_bsp/\libhal_bsp.a(alt_tick.o)
                0x0000000000011504                alt_alarm_stop
                0x0000000000011538                alt_tick
 .text          0x00000000000115f0        0x8 ../both_axis_bsp/\libhal_bsp.a(altera_nios2_gen2_irq.o)
                0x00000000000115f0                altera_nios2_gen2_irq_init
 .text          0x00000000000115f8        0x0 ../both_axis_bsp/\libhal_bsp.a(alt_exception_entry.o)
 .text          0x00000000000115f8       0x74 ../both_axis_bsp/\libhal_bsp.a(alt_instruction_exception_entry.o)
                0x00000000000115f8                alt_exception_cause_generated_bad_addr
 .text          0x000000000001166c        0x0 c:/intelfpga_lite/18.1/nios2eds/bin/gnu/h-x86_64-mingw32/bin/../lib/gcc/nios2-elf/5.3.0/../../../../../H-x86_64-mingw32/nios2-elf/lib/mno-hw-mul\libsmallc.a(lib_a-memcmp.o)
 .text.memcmp   0x000000000001166c       0x30 c:/intelfpga_lite/18.1/nios2eds/bin/gnu/h-x86_64-mingw32/bin/../lib/gcc/nios2-elf/5.3.0/../../../../../H-x86_64-mingw32/nios2-elf/lib/mno-hw-mul\libsmallc.a(lib_a-memcmp.o)
                0x000000000001166c                memcmp
 *(.gnu.warning.*)
 *(.fini)
                [!provide]                        PROVIDE (__etext, ABSOLUTE (.))
                [!provide]                        PROVIDE (_etext, ABSOLUTE (.))
                [!provide]                        PROVIDE (etext, ABSOLUTE (.))
 *(.eh_frame_hdr)
                0x000000000001169c                . = ALIGN (0x4)
                [!provide]                        PROVIDE (__preinit_array_start, ABSOLUTE (.))
 *(.preinit_array)
                [!provide]                        PROVIDE (__preinit_array_end, ABSOLUTE (.))
                [!provide]                        PROVIDE (__init_array_start, ABSOLUTE (.))
 *(.init_array)
                [!provide]                        PROVIDE (__init_array_end, ABSOLUTE (.))
                [!provide]                        PROVIDE (__fini_array_start, ABSOLUTE (.))
 *(.fini_array)
                [!provide]                        PROVIDE (__fini_array_end, ABSOLUTE (.))
 *(.eh_frame)
 *(.gcc_except_table .gcc_except_table.*)
 *(.dynamic)
                [!provide]                        PROVIDE (__CTOR_LIST__, ABSOLUTE (.))
 *(.ctors)
 *(SORT(.ctors.*))
                [!provide]                        PROVIDE (__CTOR_END__, ABSOLUTE (.))
                [!provide]                        PROVIDE (__DTOR_LIST__, ABSOLUTE (.))
 *(.dtors)
 *(SORT(.dtors.*))
                [!provide]                        PROVIDE (__DTOR_END__, ABSOLUTE (.))
 *(.jcr)
                0x000000000001169c                . = ALIGN (0x4)

.rodata         0x000000000001169c      0x124
                0x000000000001169c                PROVIDE (__ram_rodata_start, ABSOLUTE (.))
                0x000000000001169c                . = ALIGN (0x4)
 *(.rodata .rodata.* .gnu.linkonce.r.*)
 .rodata.str1.4
                0x000000000001169c       0x54 obj/default/main.o
 .rodata        0x00000000000116f0       0xc4 obj/default/main.o
                0x00000000000116f0                fixed_coeffs
 .rodata.str1.4
                0x00000000000117b4       0x17 ../both_axis_bsp/\libhal_bsp.a(alt_sys_init.o)
 .rodata.str1.4
                0x00000000000117b4        0xc ../both_axis_bsp/\libhal_bsp.a(alt_dev.o)
                                          0xa (size before relaxing)
 *(.rodata1)
                0x00000000000117cc                . = ALIGN (0x4)
                0x00000000000117cc                PROVIDE (__ram_rodata_end, ABSOLUTE (.))
                0x000000000001169c                PROVIDE (__flash_rodata_start, LOADADDR (.rodata))

.rwdata         0x00000000000117c0      0x194 load address 0x0000000000011954
                0x00000000000117c0                PROVIDE (__ram_rwdata_start, ABSOLUTE (.))
                0x00000000000117c0                . = ALIGN (0x4)
 *(.got.plt)
 *(.got)
 *(.data1)
 *(.data .data.* .gnu.linkonce.d.*)
 .data          0x00000000000117c0        0x0 ../both_axis_bsp//obj/HAL/src/crt0.o
 .data          0x00000000000117c0        0x0 obj/default/main.o
 .data          0x00000000000117c0        0x0 c:/intelfpga_lite/18.1/nios2eds/bin/gnu/h-x86_64-mingw32/bin/../lib/gcc/nios2-elf/5.3.0/mno-hw-mul\libgcc.a(lib2-divmod.o)
 .data          0x00000000000117c0        0x0 c:/intelfpga_lite/18.1/nios2eds/bin/gnu/h-x86_64-mingw32/bin/../lib/gcc/nios2-elf/5.3.0/mno-hw-mul\libgcc.a(lib2-mul.o)
 .data          0x00000000000117c0        0x0 c:/intelfpga_lite/18.1/nios2eds/bin/gnu/h-x86_64-mingw32/bin/../lib/gcc/nios2-elf/5.3.0/../../../../../H-x86_64-mingw32/nios2-elf/lib/mno-hw-mul\libsmallc.a(lib_a-memset.o)
 .data          0x00000000000117c0        0x0 c:/intelfpga_lite/18.1/nios2eds/bin/gnu/h-x86_64-mingw32/bin/../lib/gcc/nios2-elf/5.3.0/../../../../../H-x86_64-mingw32/nios2-elf/lib/mno-hw-mul\libsmallc.a(lib_a-printf.o)
 .data          0x00000000000117c0        0x0 c:/intelfpga_lite/18.1/nios2eds/bin/gnu/h-x86_64-mingw32/bin/../lib/gcc/nios2-elf/5.3.0/../../../../../H-x86_64-mingw32/nios2-elf/lib/mno-hw-mul\libsmallc.a(lib_a-putchar.o)
 .data          0x00000000000117c0        0x0 c:/intelfpga_lite/18.1/nios2eds/bin/gnu/h-x86_64-mingw32/bin/../lib/gcc/nios2-elf/5.3.0/../../../../../H-x86_64-mingw32/nios2-elf/lib/mno-hw-mul\libsmallc.a(lib_a-vfprintf.o)
 .data          0x00000000000117c0        0x0 c:/intelfpga_lite/18.1/nios2eds/bin/gnu/h-x86_64-mingw32/bin/../lib/gcc/nios2-elf/5.3.0/../../../../../H-x86_64-mingw32/nios2-elf/lib/mno-hw-mul\libsmallc.a(lib_a-fvwrite_small_dev.o)
 .data          0x00000000000117c0        0x0 c:/intelfpga_lite/18.1/nios2eds/bin/gnu/h-x86_64-mingw32/bin/../lib/gcc/nios2-elf/5.3.0/../../../../../H-x86_64-mingw32/nios2-elf/lib/mno-hw-mul\libsmallc.a(lib_a-impure.o)
 .data.impure_data
                0x00000000000117c0       0xe0 c:/intelfpga_lite/18.1/nios2eds/bin/gnu/h-x86_64-mingw32/bin/../lib/gcc/nios2-elf/5.3.0/../../../../../H-x86_64-mingw32/nios2-elf/lib/mno-hw-mul\libsmallc.a(lib_a-impure.o)
 .data          0x00000000000118a0        0x0 c:/intelfpga_lite/18.1/nios2eds/bin/gnu/h-x86_64-mingw32/bin/../lib/gcc/nios2-elf/5.3.0/../../../../../H-x86_64-mingw32/nios2-elf/lib/mno-hw-mul\libsmallc.a(lib_a-putc.o)
 .data          0x00000000000118a0        0x0 c:/intelfpga_lite/18.1/nios2eds/bin/gnu/h-x86_64-mingw32/bin/../lib/gcc/nios2-elf/5.3.0/../../../../../H-x86_64-mingw32/nios2-elf/lib/mno-hw-mul\libsmallc.a(lib_a-strlen.o)
 .data          0x00000000000118a0        0x0 c:/intelfpga_lite/18.1/nios2eds/bin/gnu/h-x86_64-mingw32/bin/../lib/gcc/nios2-elf/5.3.0/../../../../../H-x86_64-mingw32/nios2-elf/lib/mno-hw-mul\libsmallc.a(lib_a-writer.o)
 .data          0x00000000000118a0        0x0 c:/intelfpga_lite/18.1/nios2eds/bin/gnu/h-x86_64-mingw32/bin/../lib/gcc/nios2-elf/5.3.0/../../../../../H-x86_64-mingw32/nios2-elf/lib/mno-hw-mul\libsmallc.a(lib_a-int_errno.o)
 .data          0x00000000000118a0        0x0 ../both_axis_bsp/\libhal_bsp.a(alt_irq_register.o)
 .data          0x00000000000118a0        0x0 ../both_axis_bsp/\libhal_bsp.a(alt_irq_vars.o)
 .data          0x00000000000118a0        0x0 ../both_axis_bsp/\libhal_bsp.a(alt_load.o)
 .data          0x00000000000118a0        0x0 ../both_axis_bsp/\libhal_bsp.a(alt_main.o)
 .data          0x00000000000118a0        0x0 ../both_axis_bsp/\libhal_bsp.a(alt_write.o)
 .data          0x00000000000118a0       0x2c ../both_axis_bsp/\libhal_bsp.a(alt_sys_init.o)
 .data          0x00000000000118cc        0x0 ../both_axis_bsp/\libhal_bsp.a(altera_avalon_jtag_uart_write.o)
 .data          0x00000000000118cc        0x0 ../both_axis_bsp/\libhal_bsp.a(altera_avalon_timer_sc.o)
 .data          0x00000000000118cc        0x0 ../both_axis_bsp/\libhal_bsp.a(altera_avalon_timer_ts.o)
 .data          0x00000000000118cc        0x0 ../both_axis_bsp/\libhal_bsp.a(altera_avalon_timer_vars.o)
 .data          0x00000000000118cc        0x0 ../both_axis_bsp/\libhal_bsp.a(altera_up_avalon_accelerometer_spi.o)
 .data          0x00000000000118cc        0x0 ../both_axis_bsp/\libhal_bsp.a(alt_dcache_flush_all.o)
 .data          0x00000000000118cc       0x58 ../both_axis_bsp/\libhal_bsp.a(alt_dev.o)
                0x00000000000118cc                alt_fd_list
                0x00000000000118fc                alt_dev_null
 .data          0x0000000000011924        0x0 ../both_axis_bsp/\libhal_bsp.a(alt_dev_llist_insert.o)
 .data          0x0000000000011924        0x0 ../both_axis_bsp/\libhal_bsp.a(alt_errno.o)
 .data          0x0000000000011924        0x0 ../both_axis_bsp/\libhal_bsp.a(alt_find_dev.o)
 .data          0x0000000000011924        0x0 ../both_axis_bsp/\libhal_bsp.a(alt_icache_flush_all.o)
 .data          0x0000000000011924        0x0 ../both_axis_bsp/\libhal_bsp.a(alt_irq_entry.o)
 .data          0x0000000000011924        0x0 ../both_axis_bsp/\libhal_bsp.a(alt_irq_handler.o)
 .data          0x0000000000011924        0x0 ../both_axis_bsp/\libhal_bsp.a(alt_tick.o)
 .data          0x0000000000011924        0x0 ../both_axis_bsp/\libhal_bsp.a(altera_nios2_gen2_irq.o)
 .data          0x0000000000011924        0x0 ../both_axis_bsp/\libhal_bsp.a(alt_exception_entry.o)
 .data          0x0000000000011924        0x0 ../both_axis_bsp/\libhal_bsp.a(alt_instruction_exception_entry.o)
 .data          0x0000000000011924        0x0 c:/intelfpga_lite/18.1/nios2eds/bin/gnu/h-x86_64-mingw32/bin/../lib/gcc/nios2-elf/5.3.0/../../../../../H-x86_64-mingw32/nios2-elf/lib/mno-hw-mul\libsmallc.a(lib_a-memcmp.o)
                0x0000000000019924                _gp = ABSOLUTE ((. + 0x8000))
                [!provide]                        PROVIDE (gp, _gp)
 *(.rwdata .rwdata.*)
 *(.sdata .sdata.* .gnu.linkonce.s.*)
 .sdata._global_impure_ptr
                0x0000000000011924        0x4 c:/intelfpga_lite/18.1/nios2eds/bin/gnu/h-x86_64-mingw32/bin/../lib/gcc/nios2-elf/5.3.0/../../../../../H-x86_64-mingw32/nios2-elf/lib/mno-hw-mul\libsmallc.a(lib_a-impure.o)
                0x0000000000011924                _global_impure_ptr
 .sdata._impure_ptr
                0x0000000000011928        0x4 c:/intelfpga_lite/18.1/nios2eds/bin/gnu/h-x86_64-mingw32/bin/../lib/gcc/nios2-elf/5.3.0/../../../../../H-x86_64-mingw32/nios2-elf/lib/mno-hw-mul\libsmallc.a(lib_a-impure.o)
                0x0000000000011928                _impure_ptr
 .sdata         0x000000000001192c        0x4 ../both_axis_bsp/\libhal_bsp.a(alt_irq_vars.o)
                0x000000000001192c                alt_priority_mask
 .sdata         0x0000000000011930        0x4 ../both_axis_bsp/\libhal_bsp.a(alt_sys_init.o)
                0x0000000000011930                jtag_uart
 .sdata         0x0000000000011934       0x14 ../both_axis_bsp/\libhal_bsp.a(alt_dev.o)
                0x0000000000011934                alt_max_fd
                0x0000000000011938                alt_dev_list
                0x0000000000011940                alt_fs_list
 .sdata         0x0000000000011948        0x4 ../both_axis_bsp/\libhal_bsp.a(alt_errno.o)
                0x0000000000011948                alt_errno
 .sdata         0x000000000001194c        0x8 ../both_axis_bsp/\libhal_bsp.a(alt_tick.o)
                0x000000000001194c                alt_alarm_list
 *(.sdata2 .sdata2.* .gnu.linkonce.s2.*)
                0x0000000000011954                . = ALIGN (0x4)
                0x0000000000011954                _edata = ABSOLUTE (.)
                [!provide]                        PROVIDE (edata, ABSOLUTE (.))
                0x0000000000011954                PROVIDE (__ram_rwdata_end, ABSOLUTE (.))
                0x0000000000011954                PROVIDE (__flash_rwdata_start, LOADADDR (.rwdata))

.bss            0x0000000000011ae8      0x134
                0x0000000000011ae8                __bss_start = ABSOLUTE (.)
                [!provide]                        PROVIDE (__sbss_start, ABSOLUTE (.))
                [!provide]                        PROVIDE (___sbss_start, ABSOLUTE (.))
 *(.dynsbss)
 *(.sbss .sbss.* .gnu.linkonce.sb.*)
 .sbss          0x0000000000011ae8        0x1 obj/default/main.o
                0x0000000000011ae8                pwm
 *fill*         0x0000000000011ae9        0x3 
 .sbss          0x0000000000011aec        0x8 obj/default/main.o
                0x0000000000011aec                led
                0x0000000000011af0                level
 .sbss          0x0000000000011af4        0x4 c:/intelfpga_lite/18.1/nios2eds/bin/gnu/h-x86_64-mingw32/bin/../lib/gcc/nios2-elf/5.3.0/../../../../../H-x86_64-mingw32/nios2-elf/lib/mno-hw-mul\libsmallc.a(lib_a-int_errno.o)
                0x0000000000011af4                errno
 .sbss          0x0000000000011af8        0x4 ../both_axis_bsp/\libhal_bsp.a(alt_irq_vars.o)
                0x0000000000011af8                alt_irq_active
 .sbss          0x0000000000011afc        0xc ../both_axis_bsp/\libhal_bsp.a(alt_main.o)
                0x0000000000011afc                alt_envp
                0x0000000000011b00                alt_argv
                0x0000000000011b04                alt_argc
 .sbss          0x0000000000011b08        0x8 ../both_axis_bsp/\libhal_bsp.a(altera_avalon_timer_vars.o)
                0x0000000000011b08                altera_avalon_timer_ts_freq
                0x0000000000011b0c                altera_avalon_timer_ts_base
 .sbss          0x0000000000011b10        0x8 ../both_axis_bsp/\libhal_bsp.a(alt_tick.o)
                0x0000000000011b10                _alt_nticks
                0x0000000000011b14                _alt_tick_rate
 .sbss          0x0000000000011b18        0x4 ../both_axis_bsp/\libhal_bsp.a(alt_instruction_exception_entry.o)
                0x0000000000011b18                alt_instruction_exception_handler
 *(.sbss2 .sbss2.* .gnu.linkonce.sb2.*)
 *(.scommon)
                [!provide]                        PROVIDE (__sbss_end, ABSOLUTE (.))
                [!provide]                        PROVIDE (___sbss_end, ABSOLUTE (.))
 *(.dynbss)
 *(.bss .bss.* .gnu.linkonce.b.*)
 .bss           0x0000000000011b1c        0x0 ../both_axis_bsp//obj/HAL/src/crt0.o
 .bss           0x0000000000011b1c        0x0 obj/default/main.o
 .bss           0x0000000000011b1c        0x0 c:/intelfpga_lite/18.1/nios2eds/bin/gnu/h-x86_64-mingw32/bin/../lib/gcc/nios2-elf/5.3.0/mno-hw-mul\libgcc.a(lib2-divmod.o)
 .bss           0x0000000000011b1c        0x0 c:/intelfpga_lite/18.1/nios2eds/bin/gnu/h-x86_64-mingw32/bin/../lib/gcc/nios2-elf/5.3.0/mno-hw-mul\libgcc.a(lib2-mul.o)
 .bss           0x0000000000011b1c        0x0 c:/intelfpga_lite/18.1/nios2eds/bin/gnu/h-x86_64-mingw32/bin/../lib/gcc/nios2-elf/5.3.0/../../../../../H-x86_64-mingw32/nios2-elf/lib/mno-hw-mul\libsmallc.a(lib_a-memset.o)
 .bss           0x0000000000011b1c        0x0 c:/intelfpga_lite/18.1/nios2eds/bin/gnu/h-x86_64-mingw32/bin/../lib/gcc/nios2-elf/5.3.0/../../../../../H-x86_64-mingw32/nios2-elf/lib/mno-hw-mul\libsmallc.a(lib_a-printf.o)
 .bss           0x0000000000011b1c        0x0 c:/intelfpga_lite/18.1/nios2eds/bin/gnu/h-x86_64-mingw32/bin/../lib/gcc/nios2-elf/5.3.0/../../../../../H-x86_64-mingw32/nios2-elf/lib/mno-hw-mul\libsmallc.a(lib_a-putchar.o)
 .bss           0x0000000000011b1c        0x0 c:/intelfpga_lite/18.1/nios2eds/bin/gnu/h-x86_64-mingw32/bin/../lib/gcc/nios2-elf/5.3.0/../../../../../H-x86_64-mingw32/nios2-elf/lib/mno-hw-mul\libsmallc.a(lib_a-vfprintf.o)
 .bss           0x0000000000011b1c        0x0 c:/intelfpga_lite/18.1/nios2eds/bin/gnu/h-x86_64-mingw32/bin/../lib/gcc/nios2-elf/5.3.0/../../../../../H-x86_64-mingw32/nios2-elf/lib/mno-hw-mul\libsmallc.a(lib_a-fvwrite_small_dev.o)
 .bss           0x0000000000011b1c        0x0 c:/intelfpga_lite/18.1/nios2eds/bin/gnu/h-x86_64-mingw32/bin/../lib/gcc/nios2-elf/5.3.0/../../../../../H-x86_64-mingw32/nios2-elf/lib/mno-hw-mul\libsmallc.a(lib_a-impure.o)
 .bss           0x0000000000011b1c        0x0 c:/intelfpga_lite/18.1/nios2eds/bin/gnu/h-x86_64-mingw32/bin/../lib/gcc/nios2-elf/5.3.0/../../../../../H-x86_64-mingw32/nios2-elf/lib/mno-hw-mul\libsmallc.a(lib_a-putc.o)
 .bss           0x0000000000011b1c        0x0 c:/intelfpga_lite/18.1/nios2eds/bin/gnu/h-x86_64-mingw32/bin/../lib/gcc/nios2-elf/5.3.0/../../../../../H-x86_64-mingw32/nios2-elf/lib/mno-hw-mul\libsmallc.a(lib_a-strlen.o)
 .bss           0x0000000000011b1c        0x0 c:/intelfpga_lite/18.1/nios2eds/bin/gnu/h-x86_64-mingw32/bin/../lib/gcc/nios2-elf/5.3.0/../../../../../H-x86_64-mingw32/nios2-elf/lib/mno-hw-mul\libsmallc.a(lib_a-writer.o)
 .bss           0x0000000000011b1c        0x0 c:/intelfpga_lite/18.1/nios2eds/bin/gnu/h-x86_64-mingw32/bin/../lib/gcc/nios2-elf/5.3.0/../../../../../H-x86_64-mingw32/nios2-elf/lib/mno-hw-mul\libsmallc.a(lib_a-int_errno.o)
 .bss           0x0000000000011b1c        0x0 ../both_axis_bsp/\libhal_bsp.a(alt_irq_register.o)
 .bss           0x0000000000011b1c        0x0 ../both_axis_bsp/\libhal_bsp.a(alt_irq_vars.o)
 .bss           0x0000000000011b1c        0x0 ../both_axis_bsp/\libhal_bsp.a(alt_load.o)
 .bss           0x0000000000011b1c        0x0 ../both_axis_bsp/\libhal_bsp.a(alt_main.o)
 .bss           0x0000000000011b1c        0x0 ../both_axis_bsp/\libhal_bsp.a(alt_write.o)
 .bss           0x0000000000011b1c        0x0 ../both_axis_bsp/\libhal_bsp.a(alt_sys_init.o)
 .bss           0x0000000000011b1c        0x0 ../both_axis_bsp/\libhal_bsp.a(altera_avalon_jtag_uart_write.o)
 .bss           0x0000000000011b1c        0x0 ../both_axis_bsp/\libhal_bsp.a(altera_avalon_timer_sc.o)
 .bss           0x0000000000011b1c        0x0 ../both_axis_bsp/\libhal_bsp.a(altera_avalon_timer_ts.o)
 .bss           0x0000000000011b1c        0x0 ../both_axis_bsp/\libhal_bsp.a(altera_avalon_timer_vars.o)
 .bss           0x0000000000011b1c        0x0 ../both_axis_bsp/\libhal_bsp.a(altera_up_avalon_accelerometer_spi.o)
 .bss           0x0000000000011b1c        0x0 ../both_axis_bsp/\libhal_bsp.a(alt_dcache_flush_all.o)
 .bss           0x0000000000011b1c        0x0 ../both_axis_bsp/\libhal_bsp.a(alt_dev.o)
 .bss           0x0000000000011b1c        0x0 ../both_axis_bsp/\libhal_bsp.a(alt_dev_llist_insert.o)
 .bss           0x0000000000011b1c        0x0 ../both_axis_bsp/\libhal_bsp.a(alt_errno.o)
 .bss           0x0000000000011b1c        0x0 ../both_axis_bsp/\libhal_bsp.a(alt_find_dev.o)
 .bss           0x0000000000011b1c        0x0 ../both_axis_bsp/\libhal_bsp.a(alt_icache_flush_all.o)
 .bss           0x0000000000011b1c        0x0 ../both_axis_bsp/\libhal_bsp.a(alt_irq_entry.o)
 .bss           0x0000000000011b1c        0x0 ../both_axis_bsp/\libhal_bsp.a(alt_irq_handler.o)
 .bss           0x0000000000011b1c        0x0 ../both_axis_bsp/\libhal_bsp.a(alt_tick.o)
 .bss           0x0000000000011b1c        0x0 ../both_axis_bsp/\libhal_bsp.a(altera_nios2_gen2_irq.o)
 .bss           0x0000000000011b1c        0x0 ../both_axis_bsp/\libhal_bsp.a(alt_exception_entry.o)
 .bss           0x0000000000011b1c        0x0 ../both_axis_bsp/\libhal_bsp.a(alt_instruction_exception_entry.o)
 .bss           0x0000000000011b1c        0x0 c:/intelfpga_lite/18.1/nios2eds/bin/gnu/h-x86_64-mingw32/bin/../lib/gcc/nios2-elf/5.3.0/../../../../../H-x86_64-mingw32/nios2-elf/lib/mno-hw-mul\libsmallc.a(lib_a-memcmp.o)
 *(COMMON)
 COMMON         0x0000000000011b1c      0x100 ../both_axis_bsp/\libhal_bsp.a(alt_irq_handler.o)
                0x0000000000011b1c                alt_irq
                0x0000000000011c1c                . = ALIGN (0x4)
                0x0000000000011c1c                __bss_end = ABSOLUTE (.)

.onchip_memory  0x0000000000011c1c        0x0
                [!provide]                        PROVIDE (_alt_partition_onchip_memory_start, ABSOLUTE (.))
 *(.onchip_memory .onchip_memory. onchip_memory.*)
                0x0000000000011c1c                . = ALIGN (0x4)
                [!provide]                        PROVIDE (_alt_partition_onchip_memory_end, ABSOLUTE (.))
                0x0000000000011c1c                _end = ABSOLUTE (.)
                0x0000000000011c1c                end = ABSOLUTE (.)
                0x0000000000011c1c                __alt_stack_base = ABSOLUTE (.)
                [!provide]                        PROVIDE (_alt_partition_onchip_memory_load_addr, LOADADDR (.onchip_memory))

.stab
 *(.stab)

.stabstr
 *(.stabstr)

.stab.excl
 *(.stab.excl)

.stab.exclstr
 *(.stab.exclstr)

.stab.index
 *(.stab.index)

.stab.indexstr
 *(.stab.indexstr)

.comment        0x0000000000000000       0x23
 *(.comment)
 .comment       0x0000000000000000       0x23 obj/default/main.o
                                         0x24 (size before relaxing)
 .comment       0x0000000000000023       0x24 c:/intelfpga_lite/18.1/nios2eds/bin/gnu/h-x86_64-mingw32/bin/../lib/gcc/nios2-elf/5.3.0/mno-hw-mul\libgcc.a(lib2-divmod.o)
 .comment       0x0000000000000023       0x24 c:/intelfpga_lite/18.1/nios2eds/bin/gnu/h-x86_64-mingw32/bin/../lib/gcc/nios2-elf/5.3.0/mno-hw-mul\libgcc.a(lib2-mul.o)
 .comment       0x0000000000000023       0x24 c:/intelfpga_lite/18.1/nios2eds/bin/gnu/h-x86_64-mingw32/bin/../lib/gcc/nios2-elf/5.3.0/../../../../../H-x86_64-mingw32/nios2-elf/lib/mno-hw-mul\libsmallc.a(lib_a-memset.o)
 .comment       0x0000000000000023       0x24 c:/intelfpga_lite/18.1/nios2eds/bin/gnu/h-x86_64-mingw32/bin/../lib/gcc/nios2-elf/5.3.0/../../../../../H-x86_64-mingw32/nios2-elf/lib/mno-hw-mul\libsmallc.a(lib_a-printf.o)
 .comment       0x0000000000000023       0x24 c:/intelfpga_lite/18.1/nios2eds/bin/gnu/h-x86_64-mingw32/bin/../lib/gcc/nios2-elf/5.3.0/../../../../../H-x86_64-mingw32/nios2-elf/lib/mno-hw-mul\libsmallc.a(lib_a-putchar.o)
 .comment       0x0000000000000023       0x24 c:/intelfpga_lite/18.1/nios2eds/bin/gnu/h-x86_64-mingw32/bin/../lib/gcc/nios2-elf/5.3.0/../../../../../H-x86_64-mingw32/nios2-elf/lib/mno-hw-mul\libsmallc.a(lib_a-vfprintf.o)
 .comment       0x0000000000000023       0x24 c:/intelfpga_lite/18.1/nios2eds/bin/gnu/h-x86_64-mingw32/bin/../lib/gcc/nios2-elf/5.3.0/../../../../../H-x86_64-mingw32/nios2-elf/lib/mno-hw-mul\libsmallc.a(lib_a-fvwrite_small_dev.o)
 .comment       0x0000000000000023       0x24 c:/intelfpga_lite/18.1/nios2eds/bin/gnu/h-x86_64-mingw32/bin/../lib/gcc/nios2-elf/5.3.0/../../../../../H-x86_64-mingw32/nios2-elf/lib/mno-hw-mul\libsmallc.a(lib_a-impure.o)
 .comment       0x0000000000000023       0x24 c:/intelfpga_lite/18.1/nios2eds/bin/gnu/h-x86_64-mingw32/bin/../lib/gcc/nios2-elf/5.3.0/../../../../../H-x86_64-mingw32/nios2-elf/lib/mno-hw-mul\libsmallc.a(lib_a-putc.o)
 .comment       0x0000000000000023       0x24 c:/intelfpga_lite/18.1/nios2eds/bin/gnu/h-x86_64-mingw32/bin/../lib/gcc/nios2-elf/5.3.0/../../../../../H-x86_64-mingw32/nios2-elf/lib/mno-hw-mul\libsmallc.a(lib_a-strlen.o)
 .comment       0x0000000000000023       0x24 c:/intelfpga_lite/18.1/nios2eds/bin/gnu/h-x86_64-mingw32/bin/../lib/gcc/nios2-elf/5.3.0/../../../../../H-x86_64-mingw32/nios2-elf/lib/mno-hw-mul\libsmallc.a(lib_a-writer.o)
 .comment       0x0000000000000023       0x24 c:/intelfpga_lite/18.1/nios2eds/bin/gnu/h-x86_64-mingw32/bin/../lib/gcc/nios2-elf/5.3.0/../../../../../H-x86_64-mingw32/nios2-elf/lib/mno-hw-mul\libsmallc.a(lib_a-int_errno.o)
 .comment       0x0000000000000023       0x24 ../both_axis_bsp/\libhal_bsp.a(alt_irq_register.o)
 .comment       0x0000000000000023       0x24 ../both_axis_bsp/\libhal_bsp.a(alt_irq_vars.o)
 .comment       0x0000000000000023       0x24 ../both_axis_bsp/\libhal_bsp.a(alt_load.o)
 .comment       0x0000000000000023       0x24 ../both_axis_bsp/\libhal_bsp.a(alt_main.o)
 .comment       0x0000000000000023       0x24 ../both_axis_bsp/\libhal_bsp.a(alt_write.o)
 .comment       0x0000000000000023       0x24 ../both_axis_bsp/\libhal_bsp.a(alt_sys_init.o)
 .comment       0x0000000000000023       0x24 ../both_axis_bsp/\libhal_bsp.a(altera_avalon_jtag_uart_write.o)
 .comment       0x0000000000000023       0x24 ../both_axis_bsp/\libhal_bsp.a(altera_avalon_timer_sc.o)
 .comment       0x0000000000000023       0x24 ../both_axis_bsp/\libhal_bsp.a(altera_avalon_timer_ts.o)
 .comment       0x0000000000000023       0x24 ../both_axis_bsp/\libhal_bsp.a(altera_avalon_timer_vars.o)
 .comment       0x0000000000000023       0x24 ../both_axis_bsp/\libhal_bsp.a(altera_up_avalon_accelerometer_spi.o)
 .comment       0x0000000000000023       0x24 ../both_axis_bsp/\libhal_bsp.a(alt_dcache_flush_all.o)
 .comment       0x0000000000000023       0x24 ../both_axis_bsp/\libhal_bsp.a(alt_dev.o)
 .comment       0x0000000000000023       0x24 ../both_axis_bsp/\libhal_bsp.a(alt_dev_llist_insert.o)
 .comment       0x0000000000000023       0x24 ../both_axis_bsp/\libhal_bsp.a(alt_errno.o)
 .comment       0x0000000000000023       0x24 ../both_axis_bsp/\libhal_bsp.a(alt_find_dev.o)
 .comment       0x0000000000000023       0x24 ../both_axis_bsp/\libhal_bsp.a(alt_icache_flush_all.o)
 .comment       0x0000000000000023       0x24 ../both_axis_bsp/\libhal_bsp.a(alt_irq_handler.o)
 .comment       0x0000000000000023       0x24 ../both_axis_bsp/\libhal_bsp.a(alt_tick.o)
 .comment       0x0000000000000023       0x24 ../both_axis_bsp/\libhal_bsp.a(altera_nios2_gen2_irq.o)
 .comment       0x0000000000000023       0x24 ../both_axis_bsp/\libhal_bsp.a(alt_instruction_exception_entry.o)
 .comment       0x0000000000000023       0x24 c:/intelfpga_lite/18.1/nios2eds/bin/gnu/h-x86_64-mingw32/bin/../lib/gcc/nios2-elf/5.3.0/../../../../../H-x86_64-mingw32/nios2-elf/lib/mno-hw-mul\libsmallc.a(lib_a-memcmp.o)

.debug
 *(.debug)

.line
 *(.line)

.debug_srcinfo
 *(.debug_srcinfo)

.debug_sfnames
 *(.debug_sfnames)

.debug_aranges  0x0000000000000000      0x500
 *(.debug_aranges)
 .debug_aranges
                0x0000000000000000       0x28 ../both_axis_bsp//obj/HAL/src/crt0.o
 .debug_aranges
                0x0000000000000028       0x28 obj/default/main.o
 .debug_aranges
                0x0000000000000050       0x20 c:/intelfpga_lite/18.1/nios2eds/bin/gnu/h-x86_64-mingw32/bin/../lib/gcc/nios2-elf/5.3.0/mno-hw-mul\libgcc.a(lib2-divmod.o)
 .debug_aranges
                0x0000000000000070       0x20 c:/intelfpga_lite/18.1/nios2eds/bin/gnu/h-x86_64-mingw32/bin/../lib/gcc/nios2-elf/5.3.0/mno-hw-mul\libgcc.a(lib2-mul.o)
 .debug_aranges
                0x0000000000000090       0x20 c:/intelfpga_lite/18.1/nios2eds/bin/gnu/h-x86_64-mingw32/bin/../lib/gcc/nios2-elf/5.3.0/../../../../../H-x86_64-mingw32/nios2-elf/lib/mno-hw-mul\libsmallc.a(lib_a-memset.o)
 .debug_aranges
                0x00000000000000b0       0x28 c:/intelfpga_lite/18.1/nios2eds/bin/gnu/h-x86_64-mingw32/bin/../lib/gcc/nios2-elf/5.3.0/../../../../../H-x86_64-mingw32/nios2-elf/lib/mno-hw-mul\libsmallc.a(lib_a-printf.o)
 .debug_aranges
                0x00000000000000d8       0x28 c:/intelfpga_lite/18.1/nios2eds/bin/gnu/h-x86_64-mingw32/bin/../lib/gcc/nios2-elf/5.3.0/../../../../../H-x86_64-mingw32/nios2-elf/lib/mno-hw-mul\libsmallc.a(lib_a-putchar.o)
 .debug_aranges
                0x0000000000000100       0x30 c:/intelfpga_lite/18.1/nios2eds/bin/gnu/h-x86_64-mingw32/bin/../lib/gcc/nios2-elf/5.3.0/../../../../../H-x86_64-mingw32/nios2-elf/lib/mno-hw-mul\libsmallc.a(lib_a-vfprintf.o)
 .debug_aranges
                0x0000000000000130       0x20 c:/intelfpga_lite/18.1/nios2eds/bin/gnu/h-x86_64-mingw32/bin/../lib/gcc/nios2-elf/5.3.0/../../../../../H-x86_64-mingw32/nios2-elf/lib/mno-hw-mul\libsmallc.a(lib_a-fvwrite_small_dev.o)
 .debug_aranges
                0x0000000000000150       0x18 c:/intelfpga_lite/18.1/nios2eds/bin/gnu/h-x86_64-mingw32/bin/../lib/gcc/nios2-elf/5.3.0/../../../../../H-x86_64-mingw32/nios2-elf/lib/mno-hw-mul\libsmallc.a(lib_a-impure.o)
 .debug_aranges
                0x0000000000000168       0x28 c:/intelfpga_lite/18.1/nios2eds/bin/gnu/h-x86_64-mingw32/bin/../lib/gcc/nios2-elf/5.3.0/../../../../../H-x86_64-mingw32/nios2-elf/lib/mno-hw-mul\libsmallc.a(lib_a-putc.o)
 .debug_aranges
                0x0000000000000190       0x20 c:/intelfpga_lite/18.1/nios2eds/bin/gnu/h-x86_64-mingw32/bin/../lib/gcc/nios2-elf/5.3.0/../../../../../H-x86_64-mingw32/nios2-elf/lib/mno-hw-mul\libsmallc.a(lib_a-strlen.o)
 .debug_aranges
                0x00000000000001b0       0x20 c:/intelfpga_lite/18.1/nios2eds/bin/gnu/h-x86_64-mingw32/bin/../lib/gcc/nios2-elf/5.3.0/../../../../../H-x86_64-mingw32/nios2-elf/lib/mno-hw-mul\libsmallc.a(lib_a-writer.o)
 .debug_aranges
                0x00000000000001d0       0x18 c:/intelfpga_lite/18.1/nios2eds/bin/gnu/h-x86_64-mingw32/bin/../lib/gcc/nios2-elf/5.3.0/../../../../../H-x86_64-mingw32/nios2-elf/lib/mno-hw-mul\libsmallc.a(lib_a-int_errno.o)
 .debug_aranges
                0x00000000000001e8       0x20 ../both_axis_bsp/\libhal_bsp.a(alt_irq_register.o)
 .debug_aranges
                0x0000000000000208       0x18 ../both_axis_bsp/\libhal_bsp.a(alt_irq_vars.o)
 .debug_aranges
                0x0000000000000220       0x20 ../both_axis_bsp/\libhal_bsp.a(alt_load.o)
 .debug_aranges
                0x0000000000000240       0x20 ../both_axis_bsp/\libhal_bsp.a(alt_main.o)
 .debug_aranges
                0x0000000000000260       0x20 ../both_axis_bsp/\libhal_bsp.a(alt_write.o)
 .debug_aranges
                0x0000000000000280       0x20 ../both_axis_bsp/\libhal_bsp.a(alt_sys_init.o)
 .debug_aranges
                0x00000000000002a0       0x20 ../both_axis_bsp/\libhal_bsp.a(altera_avalon_jtag_uart_write.o)
 .debug_aranges
                0x00000000000002c0       0x20 ../both_axis_bsp/\libhal_bsp.a(altera_avalon_timer_sc.o)
 .debug_aranges
                0x00000000000002e0       0x20 ../both_axis_bsp/\libhal_bsp.a(altera_avalon_timer_ts.o)
 .debug_aranges
                0x0000000000000300       0x18 ../both_axis_bsp/\libhal_bsp.a(altera_avalon_timer_vars.o)
 .debug_aranges
                0x0000000000000318       0x20 ../both_axis_bsp/\libhal_bsp.a(altera_up_avalon_accelerometer_spi.o)
 .debug_aranges
                0x0000000000000338       0x20 ../both_axis_bsp/\libhal_bsp.a(alt_dcache_flush_all.o)
 .debug_aranges
                0x0000000000000358       0x20 ../both_axis_bsp/\libhal_bsp.a(alt_dev.o)
 .debug_aranges
                0x0000000000000378       0x20 ../both_axis_bsp/\libhal_bsp.a(alt_dev_llist_insert.o)
 .debug_aranges
                0x0000000000000398       0x18 ../both_axis_bsp/\libhal_bsp.a(alt_errno.o)
 .debug_aranges
                0x00000000000003b0       0x20 ../both_axis_bsp/\libhal_bsp.a(alt_find_dev.o)
 .debug_aranges
                0x00000000000003d0       0x20 ../both_axis_bsp/\libhal_bsp.a(alt_icache_flush_all.o)
 .debug_aranges
                0x00000000000003f0       0x30 ../both_axis_bsp/\libhal_bsp.a(alt_irq_entry.o)
 .debug_aranges
                0x0000000000000420       0x20 ../both_axis_bsp/\libhal_bsp.a(alt_irq_handler.o)
 .debug_aranges
                0x0000000000000440       0x20 ../both_axis_bsp/\libhal_bsp.a(alt_tick.o)
 .debug_aranges
                0x0000000000000460       0x20 ../both_axis_bsp/\libhal_bsp.a(altera_nios2_gen2_irq.o)
 .debug_aranges
                0x0000000000000480       0x38 ../both_axis_bsp/\libhal_bsp.a(alt_exception_entry.o)
 .debug_aranges
                0x00000000000004b8       0x28 ../both_axis_bsp/\libhal_bsp.a(alt_instruction_exception_entry.o)
 .debug_aranges
                0x00000000000004e0       0x20 c:/intelfpga_lite/18.1/nios2eds/bin/gnu/h-x86_64-mingw32/bin/../lib/gcc/nios2-elf/5.3.0/../../../../../H-x86_64-mingw32/nios2-elf/lib/mno-hw-mul\libsmallc.a(lib_a-memcmp.o)

.debug_pubnames
 *(.debug_pubnames)

.debug_info     0x0000000000000000     0x6aa0
 *(.debug_info .gnu.linkonce.wi.*)
 .debug_info    0x0000000000000000       0x96 ../both_axis_bsp//obj/HAL/src/crt0.o
 .debug_info    0x0000000000000096      0x713 obj/default/main.o
 .debug_info    0x00000000000007a9      0x2c6 c:/intelfpga_lite/18.1/nios2eds/bin/gnu/h-x86_64-mingw32/bin/../lib/gcc/nios2-elf/5.3.0/mno-hw-mul\libgcc.a(lib2-divmod.o)
 .debug_info    0x0000000000000a6f       0xb4 c:/intelfpga_lite/18.1/nios2eds/bin/gnu/h-x86_64-mingw32/bin/../lib/gcc/nios2-elf/5.3.0/mno-hw-mul\libgcc.a(lib2-mul.o)
 .debug_info    0x0000000000000b23       0xdc c:/intelfpga_lite/18.1/nios2eds/bin/gnu/h-x86_64-mingw32/bin/../lib/gcc/nios2-elf/5.3.0/../../../../../H-x86_64-mingw32/nios2-elf/lib/mno-hw-mul\libsmallc.a(lib_a-memset.o)
 .debug_info    0x0000000000000bff      0x699 c:/intelfpga_lite/18.1/nios2eds/bin/gnu/h-x86_64-mingw32/bin/../lib/gcc/nios2-elf/5.3.0/../../../../../H-x86_64-mingw32/nios2-elf/lib/mno-hw-mul\libsmallc.a(lib_a-printf.o)
 .debug_info    0x0000000000001298      0x62a c:/intelfpga_lite/18.1/nios2eds/bin/gnu/h-x86_64-mingw32/bin/../lib/gcc/nios2-elf/5.3.0/../../../../../H-x86_64-mingw32/nios2-elf/lib/mno-hw-mul\libsmallc.a(lib_a-putchar.o)
 .debug_info    0x00000000000018c2      0xb2b c:/intelfpga_lite/18.1/nios2eds/bin/gnu/h-x86_64-mingw32/bin/../lib/gcc/nios2-elf/5.3.0/../../../../../H-x86_64-mingw32/nios2-elf/lib/mno-hw-mul\libsmallc.a(lib_a-vfprintf.o)
 .debug_info    0x00000000000023ed      0x62b c:/intelfpga_lite/18.1/nios2eds/bin/gnu/h-x86_64-mingw32/bin/../lib/gcc/nios2-elf/5.3.0/../../../../../H-x86_64-mingw32/nios2-elf/lib/mno-hw-mul\libsmallc.a(lib_a-fvwrite_small_dev.o)
 .debug_info    0x0000000000002a18      0x5a9 c:/intelfpga_lite/18.1/nios2eds/bin/gnu/h-x86_64-mingw32/bin/../lib/gcc/nios2-elf/5.3.0/../../../../../H-x86_64-mingw32/nios2-elf/lib/mno-hw-mul\libsmallc.a(lib_a-impure.o)
 .debug_info    0x0000000000002fc1      0x672 c:/intelfpga_lite/18.1/nios2eds/bin/gnu/h-x86_64-mingw32/bin/../lib/gcc/nios2-elf/5.3.0/../../../../../H-x86_64-mingw32/nios2-elf/lib/mno-hw-mul\libsmallc.a(lib_a-putc.o)
 .debug_info    0x0000000000003633       0xc9 c:/intelfpga_lite/18.1/nios2eds/bin/gnu/h-x86_64-mingw32/bin/../lib/gcc/nios2-elf/5.3.0/../../../../../H-x86_64-mingw32/nios2-elf/lib/mno-hw-mul\libsmallc.a(lib_a-strlen.o)
 .debug_info    0x00000000000036fc      0x630 c:/intelfpga_lite/18.1/nios2eds/bin/gnu/h-x86_64-mingw32/bin/../lib/gcc/nios2-elf/5.3.0/../../../../../H-x86_64-mingw32/nios2-elf/lib/mno-hw-mul\libsmallc.a(lib_a-writer.o)
 .debug_info    0x0000000000003d2c       0x8a c:/intelfpga_lite/18.1/nios2eds/bin/gnu/h-x86_64-mingw32/bin/../lib/gcc/nios2-elf/5.3.0/../../../../../H-x86_64-mingw32/nios2-elf/lib/mno-hw-mul\libsmallc.a(lib_a-int_errno.o)
 .debug_info    0x0000000000003db6      0x30d ../both_axis_bsp/\libhal_bsp.a(alt_irq_register.o)
 .debug_info    0x00000000000040c3       0x88 ../both_axis_bsp/\libhal_bsp.a(alt_irq_vars.o)
 .debug_info    0x000000000000414b      0x1c9 ../both_axis_bsp/\libhal_bsp.a(alt_load.o)
 .debug_info    0x0000000000004314      0x18f ../both_axis_bsp/\libhal_bsp.a(alt_main.o)
 .debug_info    0x00000000000044a3      0x1c7 ../both_axis_bsp/\libhal_bsp.a(alt_write.o)
 .debug_info    0x000000000000466a      0x48b ../both_axis_bsp/\libhal_bsp.a(alt_sys_init.o)
 .debug_info    0x0000000000004af5      0x1ad ../both_axis_bsp/\libhal_bsp.a(altera_avalon_jtag_uart_write.o)
 .debug_info    0x0000000000004ca2      0x28e ../both_axis_bsp/\libhal_bsp.a(altera_avalon_timer_sc.o)
 .debug_info    0x0000000000004f30      0x17b ../both_axis_bsp/\libhal_bsp.a(altera_avalon_timer_ts.o)
 .debug_info    0x00000000000050ab       0xe9 ../both_axis_bsp/\libhal_bsp.a(altera_avalon_timer_vars.o)
 .debug_info    0x0000000000005194      0x479 ../both_axis_bsp/\libhal_bsp.a(altera_up_avalon_accelerometer_spi.o)
 .debug_info    0x000000000000560d       0x92 ../both_axis_bsp/\libhal_bsp.a(alt_dcache_flush_all.o)
 .debug_info    0x000000000000569f      0x499 ../both_axis_bsp/\libhal_bsp.a(alt_dev.o)
 .debug_info    0x0000000000005b38      0x1b3 ../both_axis_bsp/\libhal_bsp.a(alt_dev_llist_insert.o)
 .debug_info    0x0000000000005ceb       0xa6 ../both_axis_bsp/\libhal_bsp.a(alt_errno.o)
 .debug_info    0x0000000000005d91      0x32d ../both_axis_bsp/\libhal_bsp.a(alt_find_dev.o)
 .debug_info    0x00000000000060be       0x92 ../both_axis_bsp/\libhal_bsp.a(alt_icache_flush_all.o)
 .debug_info    0x0000000000006150       0x9f ../both_axis_bsp/\libhal_bsp.a(alt_irq_entry.o)
 .debug_info    0x00000000000061ef      0x1a4 ../both_axis_bsp/\libhal_bsp.a(alt_irq_handler.o)
 .debug_info    0x0000000000006393      0x2bf ../both_axis_bsp/\libhal_bsp.a(alt_tick.o)
 .debug_info    0x0000000000006652       0xb8 ../both_axis_bsp/\libhal_bsp.a(altera_nios2_gen2_irq.o)
 .debug_info    0x000000000000670a       0xa5 ../both_axis_bsp/\libhal_bsp.a(alt_exception_entry.o)
 .debug_info    0x00000000000067af      0x1fd ../both_axis_bsp/\libhal_bsp.a(alt_instruction_exception_entry.o)
 .debug_info    0x00000000000069ac       0xf4 c:/intelfpga_lite/18.1/nios2eds/bin/gnu/h-x86_64-mingw32/bin/../lib/gcc/nios2-elf/5.3.0/../../../../../H-x86_64-mingw32/nios2-elf/lib/mno-hw-mul\libsmallc.a(lib_a-memcmp.o)

.debug_abbrev   0x0000000000000000     0x25b7
 *(.debug_abbrev)
 .debug_abbrev  0x0000000000000000       0x12 ../both_axis_bsp//obj/HAL/src/crt0.o
 .debug_abbrev  0x0000000000000012      0x20b obj/default/main.o
 .debug_abbrev  0x000000000000021d      0x10e c:/intelfpga_lite/18.1/nios2eds/bin/gnu/h-x86_64-mingw32/bin/../lib/gcc/nios2-elf/5.3.0/mno-hw-mul\libgcc.a(lib2-divmod.o)
 .debug_abbrev  0x000000000000032b       0x6f c:/intelfpga_lite/18.1/nios2eds/bin/gnu/h-x86_64-mingw32/bin/../lib/gcc/nios2-elf/5.3.0/mno-hw-mul\libgcc.a(lib2-mul.o)
 .debug_abbrev  0x000000000000039a       0x8e c:/intelfpga_lite/18.1/nios2eds/bin/gnu/h-x86_64-mingw32/bin/../lib/gcc/nios2-elf/5.3.0/../../../../../H-x86_64-mingw32/nios2-elf/lib/mno-hw-mul\libsmallc.a(lib_a-memset.o)
 .debug_abbrev  0x0000000000000428      0x1ee c:/intelfpga_lite/18.1/nios2eds/bin/gnu/h-x86_64-mingw32/bin/../lib/gcc/nios2-elf/5.3.0/../../../../../H-x86_64-mingw32/nios2-elf/lib/mno-hw-mul\libsmallc.a(lib_a-printf.o)
 .debug_abbrev  0x0000000000000616      0x1c0 c:/intelfpga_lite/18.1/nios2eds/bin/gnu/h-x86_64-mingw32/bin/../lib/gcc/nios2-elf/5.3.0/../../../../../H-x86_64-mingw32/nios2-elf/lib/mno-hw-mul\libsmallc.a(lib_a-putchar.o)
 .debug_abbrev  0x00000000000007d6      0x2a1 c:/intelfpga_lite/18.1/nios2eds/bin/gnu/h-x86_64-mingw32/bin/../lib/gcc/nios2-elf/5.3.0/../../../../../H-x86_64-mingw32/nios2-elf/lib/mno-hw-mul\libsmallc.a(lib_a-vfprintf.o)
 .debug_abbrev  0x0000000000000a77      0x1bc c:/intelfpga_lite/18.1/nios2eds/bin/gnu/h-x86_64-mingw32/bin/../lib/gcc/nios2-elf/5.3.0/../../../../../H-x86_64-mingw32/nios2-elf/lib/mno-hw-mul\libsmallc.a(lib_a-fvwrite_small_dev.o)
 .debug_abbrev  0x0000000000000c33      0x14a c:/intelfpga_lite/18.1/nios2eds/bin/gnu/h-x86_64-mingw32/bin/../lib/gcc/nios2-elf/5.3.0/../../../../../H-x86_64-mingw32/nios2-elf/lib/mno-hw-mul\libsmallc.a(lib_a-impure.o)
 .debug_abbrev  0x0000000000000d7d      0x1bd c:/intelfpga_lite/18.1/nios2eds/bin/gnu/h-x86_64-mingw32/bin/../lib/gcc/nios2-elf/5.3.0/../../../../../H-x86_64-mingw32/nios2-elf/lib/mno-hw-mul\libsmallc.a(lib_a-putc.o)
 .debug_abbrev  0x0000000000000f3a       0x7f c:/intelfpga_lite/18.1/nios2eds/bin/gnu/h-x86_64-mingw32/bin/../lib/gcc/nios2-elf/5.3.0/../../../../../H-x86_64-mingw32/nios2-elf/lib/mno-hw-mul\libsmallc.a(lib_a-strlen.o)
 .debug_abbrev  0x0000000000000fb9      0x1a6 c:/intelfpga_lite/18.1/nios2eds/bin/gnu/h-x86_64-mingw32/bin/../lib/gcc/nios2-elf/5.3.0/../../../../../H-x86_64-mingw32/nios2-elf/lib/mno-hw-mul\libsmallc.a(lib_a-writer.o)
 .debug_abbrev  0x000000000000115f       0x37 c:/intelfpga_lite/18.1/nios2eds/bin/gnu/h-x86_64-mingw32/bin/../lib/gcc/nios2-elf/5.3.0/../../../../../H-x86_64-mingw32/nios2-elf/lib/mno-hw-mul\libsmallc.a(lib_a-int_errno.o)
 .debug_abbrev  0x0000000000001196      0x1a5 ../both_axis_bsp/\libhal_bsp.a(alt_irq_register.o)
 .debug_abbrev  0x000000000000133b       0x40 ../both_axis_bsp/\libhal_bsp.a(alt_irq_vars.o)
 .debug_abbrev  0x000000000000137b       0xd8 ../both_axis_bsp/\libhal_bsp.a(alt_load.o)
 .debug_abbrev  0x0000000000001453       0xf5 ../both_axis_bsp/\libhal_bsp.a(alt_main.o)
 .debug_abbrev  0x0000000000001548      0x12e ../both_axis_bsp/\libhal_bsp.a(alt_write.o)
 .debug_abbrev  0x0000000000001676      0x1b2 ../both_axis_bsp/\libhal_bsp.a(alt_sys_init.o)
 .debug_abbrev  0x0000000000001828       0xd5 ../both_axis_bsp/\libhal_bsp.a(altera_avalon_jtag_uart_write.o)
 .debug_abbrev  0x00000000000018fd      0x194 ../both_axis_bsp/\libhal_bsp.a(altera_avalon_timer_sc.o)
 .debug_abbrev  0x0000000000001a91       0xd1 ../both_axis_bsp/\libhal_bsp.a(altera_avalon_timer_ts.o)
 .debug_abbrev  0x0000000000001b62       0x83 ../both_axis_bsp/\libhal_bsp.a(altera_avalon_timer_vars.o)
 .debug_abbrev  0x0000000000001be5      0x119 ../both_axis_bsp/\libhal_bsp.a(altera_up_avalon_accelerometer_spi.o)
 .debug_abbrev  0x0000000000001cfe       0x42 ../both_axis_bsp/\libhal_bsp.a(alt_dcache_flush_all.o)
 .debug_abbrev  0x0000000000001d40       0xd9 ../both_axis_bsp/\libhal_bsp.a(alt_dev.o)
 .debug_abbrev  0x0000000000001e19      0x11c ../both_axis_bsp/\libhal_bsp.a(alt_dev_llist_insert.o)
 .debug_abbrev  0x0000000000001f35       0x5a ../both_axis_bsp/\libhal_bsp.a(alt_errno.o)
 .debug_abbrev  0x0000000000001f8f      0x125 ../both_axis_bsp/\libhal_bsp.a(alt_find_dev.o)
 .debug_abbrev  0x00000000000020b4       0x42 ../both_axis_bsp/\libhal_bsp.a(alt_icache_flush_all.o)
 .debug_abbrev  0x00000000000020f6       0x12 ../both_axis_bsp/\libhal_bsp.a(alt_irq_entry.o)
 .debug_abbrev  0x0000000000002108      0x138 ../both_axis_bsp/\libhal_bsp.a(alt_irq_handler.o)
 .debug_abbrev  0x0000000000002240      0x198 ../both_axis_bsp/\libhal_bsp.a(alt_tick.o)
 .debug_abbrev  0x00000000000023d8       0x67 ../both_axis_bsp/\libhal_bsp.a(altera_nios2_gen2_irq.o)
 .debug_abbrev  0x000000000000243f       0x12 ../both_axis_bsp/\libhal_bsp.a(alt_exception_entry.o)
 .debug_abbrev  0x0000000000002451       0xe7 ../both_axis_bsp/\libhal_bsp.a(alt_instruction_exception_entry.o)
 .debug_abbrev  0x0000000000002538       0x7f c:/intelfpga_lite/18.1/nios2eds/bin/gnu/h-x86_64-mingw32/bin/../lib/gcc/nios2-elf/5.3.0/../../../../../H-x86_64-mingw32/nios2-elf/lib/mno-hw-mul\libsmallc.a(lib_a-memcmp.o)

.debug_line     0x0000000000000000     0x294a
 *(.debug_line)
 .debug_line    0x0000000000000000       0x66 ../both_axis_bsp//obj/HAL/src/crt0.o
 .debug_line    0x0000000000000066      0x202 obj/default/main.o
 .debug_line    0x0000000000000268      0x105 c:/intelfpga_lite/18.1/nios2eds/bin/gnu/h-x86_64-mingw32/bin/../lib/gcc/nios2-elf/5.3.0/mno-hw-mul\libgcc.a(lib2-divmod.o)
 .debug_line    0x000000000000036d       0x80 c:/intelfpga_lite/18.1/nios2eds/bin/gnu/h-x86_64-mingw32/bin/../lib/gcc/nios2-elf/5.3.0/mno-hw-mul\libgcc.a(lib2-mul.o)
 .debug_line    0x00000000000003ed      0x15d c:/intelfpga_lite/18.1/nios2eds/bin/gnu/h-x86_64-mingw32/bin/../lib/gcc/nios2-elf/5.3.0/../../../../../H-x86_64-mingw32/nios2-elf/lib/mno-hw-mul\libsmallc.a(lib_a-memset.o)
 .debug_line    0x000000000000054a      0x203 c:/intelfpga_lite/18.1/nios2eds/bin/gnu/h-x86_64-mingw32/bin/../lib/gcc/nios2-elf/5.3.0/../../../../../H-x86_64-mingw32/nios2-elf/lib/mno-hw-mul\libsmallc.a(lib_a-printf.o)
 .debug_line    0x000000000000074d      0x1e9 c:/intelfpga_lite/18.1/nios2eds/bin/gnu/h-x86_64-mingw32/bin/../lib/gcc/nios2-elf/5.3.0/../../../../../H-x86_64-mingw32/nios2-elf/lib/mno-hw-mul\libsmallc.a(lib_a-putchar.o)
 .debug_line    0x0000000000000936      0x351 c:/intelfpga_lite/18.1/nios2eds/bin/gnu/h-x86_64-mingw32/bin/../lib/gcc/nios2-elf/5.3.0/../../../../../H-x86_64-mingw32/nios2-elf/lib/mno-hw-mul\libsmallc.a(lib_a-vfprintf.o)
 .debug_line    0x0000000000000c87      0x1f0 c:/intelfpga_lite/18.1/nios2eds/bin/gnu/h-x86_64-mingw32/bin/../lib/gcc/nios2-elf/5.3.0/../../../../../H-x86_64-mingw32/nios2-elf/lib/mno-hw-mul\libsmallc.a(lib_a-fvwrite_small_dev.o)
 .debug_line    0x0000000000000e77      0x156 c:/intelfpga_lite/18.1/nios2eds/bin/gnu/h-x86_64-mingw32/bin/../lib/gcc/nios2-elf/5.3.0/../../../../../H-x86_64-mingw32/nios2-elf/lib/mno-hw-mul\libsmallc.a(lib_a-impure.o)
 .debug_line    0x0000000000000fcd      0x202 c:/intelfpga_lite/18.1/nios2eds/bin/gnu/h-x86_64-mingw32/bin/../lib/gcc/nios2-elf/5.3.0/../../../../../H-x86_64-mingw32/nios2-elf/lib/mno-hw-mul\libsmallc.a(lib_a-putc.o)
 .debug_line    0x00000000000011cf      0x15c c:/intelfpga_lite/18.1/nios2eds/bin/gnu/h-x86_64-mingw32/bin/../lib/gcc/nios2-elf/5.3.0/../../../../../H-x86_64-mingw32/nios2-elf/lib/mno-hw-mul\libsmallc.a(lib_a-strlen.o)
 .debug_line    0x000000000000132b      0x1ed c:/intelfpga_lite/18.1/nios2eds/bin/gnu/h-x86_64-mingw32/bin/../lib/gcc/nios2-elf/5.3.0/../../../../../H-x86_64-mingw32/nios2-elf/lib/mno-hw-mul\libsmallc.a(lib_a-writer.o)
 .debug_line    0x0000000000001518       0x5f c:/intelfpga_lite/18.1/nios2eds/bin/gnu/h-x86_64-mingw32/bin/../lib/gcc/nios2-elf/5.3.0/../../../../../H-x86_64-mingw32/nios2-elf/lib/mno-hw-mul\libsmallc.a(lib_a-int_errno.o)
 .debug_line    0x0000000000001577       0xed ../both_axis_bsp/\libhal_bsp.a(alt_irq_register.o)
 .debug_line    0x0000000000001664       0x50 ../both_axis_bsp/\libhal_bsp.a(alt_irq_vars.o)
 .debug_line    0x00000000000016b4       0xa4 ../both_axis_bsp/\libhal_bsp.a(alt_load.o)
 .debug_line    0x0000000000001758       0xea ../both_axis_bsp/\libhal_bsp.a(alt_main.o)
 .debug_line    0x0000000000001842      0x16a ../both_axis_bsp/\libhal_bsp.a(alt_write.o)
 .debug_line    0x00000000000019ac      0x17f ../both_axis_bsp/\libhal_bsp.a(alt_sys_init.o)
 .debug_line    0x0000000000001b2b      0x104 ../both_axis_bsp/\libhal_bsp.a(altera_avalon_jtag_uart_write.o)
 .debug_line    0x0000000000001c2f      0x113 ../both_axis_bsp/\libhal_bsp.a(altera_avalon_timer_sc.o)
 .debug_line    0x0000000000001d42       0xe2 ../both_axis_bsp/\libhal_bsp.a(altera_avalon_timer_ts.o)
 .debug_line    0x0000000000001e24       0x8a ../both_axis_bsp/\libhal_bsp.a(altera_avalon_timer_vars.o)
 .debug_line    0x0000000000001eae      0x131 ../both_axis_bsp/\libhal_bsp.a(altera_up_avalon_accelerometer_spi.o)
 .debug_line    0x0000000000001fdf       0x4e ../both_axis_bsp/\libhal_bsp.a(alt_dcache_flush_all.o)
 .debug_line    0x000000000000202d       0xf6 ../both_axis_bsp/\libhal_bsp.a(alt_dev.o)
 .debug_line    0x0000000000002123       0xd8 ../both_axis_bsp/\libhal_bsp.a(alt_dev_llist_insert.o)
 .debug_line    0x00000000000021fb       0x51 ../both_axis_bsp/\libhal_bsp.a(alt_errno.o)
 .debug_line    0x000000000000224c      0x107 ../both_axis_bsp/\libhal_bsp.a(alt_find_dev.o)
 .debug_line    0x0000000000002353       0x4e ../both_axis_bsp/\libhal_bsp.a(alt_icache_flush_all.o)
 .debug_line    0x00000000000023a1       0x6b ../both_axis_bsp/\libhal_bsp.a(alt_irq_entry.o)
 .debug_line    0x000000000000240c       0xc8 ../both_axis_bsp/\libhal_bsp.a(alt_irq_handler.o)
 .debug_line    0x00000000000024d4      0x118 ../both_axis_bsp/\libhal_bsp.a(alt_tick.o)
 .debug_line    0x00000000000025ec       0x8c ../both_axis_bsp/\libhal_bsp.a(altera_nios2_gen2_irq.o)
 .debug_line    0x0000000000002678       0xb3 ../both_axis_bsp/\libhal_bsp.a(alt_exception_entry.o)
 .debug_line    0x000000000000272b       0xbf ../both_axis_bsp/\libhal_bsp.a(alt_instruction_exception_entry.o)
 .debug_line    0x00000000000027ea      0x160 c:/intelfpga_lite/18.1/nios2eds/bin/gnu/h-x86_64-mingw32/bin/../lib/gcc/nios2-elf/5.3.0/../../../../../H-x86_64-mingw32/nios2-elf/lib/mno-hw-mul\libsmallc.a(lib_a-memcmp.o)

.debug_frame    0x0000000000000000      0x734
 *(.debug_frame)
 .debug_frame   0x0000000000000000       0xd4 obj/default/main.o
 .debug_frame   0x00000000000000d4       0x50 c:/intelfpga_lite/18.1/nios2eds/bin/gnu/h-x86_64-mingw32/bin/../lib/gcc/nios2-elf/5.3.0/mno-hw-mul\libgcc.a(lib2-divmod.o)
 .debug_frame   0x0000000000000124       0x20 c:/intelfpga_lite/18.1/nios2eds/bin/gnu/h-x86_64-mingw32/bin/../lib/gcc/nios2-elf/5.3.0/mno-hw-mul\libgcc.a(lib2-mul.o)
 .debug_frame   0x0000000000000144       0x20 c:/intelfpga_lite/18.1/nios2eds/bin/gnu/h-x86_64-mingw32/bin/../lib/gcc/nios2-elf/5.3.0/../../../../../H-x86_64-mingw32/nios2-elf/lib/mno-hw-mul\libsmallc.a(lib_a-memset.o)
 .debug_frame   0x0000000000000164       0x48 c:/intelfpga_lite/18.1/nios2eds/bin/gnu/h-x86_64-mingw32/bin/../lib/gcc/nios2-elf/5.3.0/../../../../../H-x86_64-mingw32/nios2-elf/lib/mno-hw-mul\libsmallc.a(lib_a-printf.o)
 .debug_frame   0x00000000000001ac       0x30 c:/intelfpga_lite/18.1/nios2eds/bin/gnu/h-x86_64-mingw32/bin/../lib/gcc/nios2-elf/5.3.0/../../../../../H-x86_64-mingw32/nios2-elf/lib/mno-hw-mul\libsmallc.a(lib_a-putchar.o)
 .debug_frame   0x00000000000001dc       0x8c c:/intelfpga_lite/18.1/nios2eds/bin/gnu/h-x86_64-mingw32/bin/../lib/gcc/nios2-elf/5.3.0/../../../../../H-x86_64-mingw32/nios2-elf/lib/mno-hw-mul\libsmallc.a(lib_a-vfprintf.o)
 .debug_frame   0x0000000000000268       0x58 c:/intelfpga_lite/18.1/nios2eds/bin/gnu/h-x86_64-mingw32/bin/../lib/gcc/nios2-elf/5.3.0/../../../../../H-x86_64-mingw32/nios2-elf/lib/mno-hw-mul\libsmallc.a(lib_a-fvwrite_small_dev.o)
 .debug_frame   0x00000000000002c0       0x50 c:/intelfpga_lite/18.1/nios2eds/bin/gnu/h-x86_64-mingw32/bin/../lib/gcc/nios2-elf/5.3.0/../../../../../H-x86_64-mingw32/nios2-elf/lib/mno-hw-mul\libsmallc.a(lib_a-putc.o)
 .debug_frame   0x0000000000000310       0x20 c:/intelfpga_lite/18.1/nios2eds/bin/gnu/h-x86_64-mingw32/bin/../lib/gcc/nios2-elf/5.3.0/../../../../../H-x86_64-mingw32/nios2-elf/lib/mno-hw-mul\libsmallc.a(lib_a-strlen.o)
 .debug_frame   0x0000000000000330       0x38 c:/intelfpga_lite/18.1/nios2eds/bin/gnu/h-x86_64-mingw32/bin/../lib/gcc/nios2-elf/5.3.0/../../../../../H-x86_64-mingw32/nios2-elf/lib/mno-hw-mul\libsmallc.a(lib_a-writer.o)
 .debug_frame   0x0000000000000368       0x20 ../both_axis_bsp/\libhal_bsp.a(alt_irq_register.o)
 .debug_frame   0x0000000000000388       0x30 ../both_axis_bsp/\libhal_bsp.a(alt_load.o)
 .debug_frame   0x00000000000003b8       0x2c ../both_axis_bsp/\libhal_bsp.a(alt_main.o)
 .debug_frame   0x00000000000003e4       0x2c ../both_axis_bsp/\libhal_bsp.a(alt_write.o)
 .debug_frame   0x0000000000000410       0x48 ../both_axis_bsp/\libhal_bsp.a(alt_sys_init.o)
 .debug_frame   0x0000000000000458       0x20 ../both_axis_bsp/\libhal_bsp.a(altera_avalon_jtag_uart_write.o)
 .debug_frame   0x0000000000000478       0x40 ../both_axis_bsp/\libhal_bsp.a(altera_avalon_timer_sc.o)
 .debug_frame   0x00000000000004b8       0x40 ../both_axis_bsp/\libhal_bsp.a(altera_avalon_timer_ts.o)
 .debug_frame   0x00000000000004f8       0x80 ../both_axis_bsp/\libhal_bsp.a(altera_up_avalon_accelerometer_spi.o)
 .debug_frame   0x0000000000000578       0x20 ../both_axis_bsp/\libhal_bsp.a(alt_dcache_flush_all.o)
 .debug_frame   0x0000000000000598       0x20 ../both_axis_bsp/\libhal_bsp.a(alt_dev.o)
 .debug_frame   0x00000000000005b8       0x2c ../both_axis_bsp/\libhal_bsp.a(alt_dev_llist_insert.o)
 .debug_frame   0x00000000000005e4       0x3c ../both_axis_bsp/\libhal_bsp.a(alt_find_dev.o)
 .debug_frame   0x0000000000000620       0x20 ../both_axis_bsp/\libhal_bsp.a(alt_icache_flush_all.o)
 .debug_frame   0x0000000000000640       0x34 ../both_axis_bsp/\libhal_bsp.a(alt_irq_handler.o)
 .debug_frame   0x0000000000000674       0x50 ../both_axis_bsp/\libhal_bsp.a(alt_tick.o)
 .debug_frame   0x00000000000006c4       0x20 ../both_axis_bsp/\libhal_bsp.a(altera_nios2_gen2_irq.o)
 .debug_frame   0x00000000000006e4       0x30 ../both_axis_bsp/\libhal_bsp.a(alt_instruction_exception_entry.o)
 .debug_frame   0x0000000000000714       0x20 c:/intelfpga_lite/18.1/nios2eds/bin/gnu/h-x86_64-mingw32/bin/../lib/gcc/nios2-elf/5.3.0/../../../../../H-x86_64-mingw32/nios2-elf/lib/mno-hw-mul\libsmallc.a(lib_a-memcmp.o)

.debug_str      0x0000000000000000     0x1c68
 *(.debug_str)
 .debug_str     0x0000000000000000      0x3ad obj/default/main.o
                                        0x429 (size before relaxing)
 .debug_str     0x00000000000003ad      0x187 c:/intelfpga_lite/18.1/nios2eds/bin/gnu/h-x86_64-mingw32/bin/../lib/gcc/nios2-elf/5.3.0/mno-hw-mul\libgcc.a(lib2-divmod.o)
                                        0x1d2 (size before relaxing)
 .debug_str     0x0000000000000534       0x40 c:/intelfpga_lite/18.1/nios2eds/bin/gnu/h-x86_64-mingw32/bin/../lib/gcc/nios2-elf/5.3.0/mno-hw-mul\libgcc.a(lib2-mul.o)
                                        0x193 (size before relaxing)
 .debug_str     0x0000000000000574      0x133 c:/intelfpga_lite/18.1/nios2eds/bin/gnu/h-x86_64-mingw32/bin/../lib/gcc/nios2-elf/5.3.0/../../../../../H-x86_64-mingw32/nios2-elf/lib/mno-hw-mul\libsmallc.a(lib_a-memset.o)
                                        0x1df (size before relaxing)
 .debug_str     0x00000000000006a7      0x3c1 c:/intelfpga_lite/18.1/nios2eds/bin/gnu/h-x86_64-mingw32/bin/../lib/gcc/nios2-elf/5.3.0/../../../../../H-x86_64-mingw32/nios2-elf/lib/mno-hw-mul\libsmallc.a(lib_a-printf.o)
                                        0x504 (size before relaxing)
 .debug_str     0x0000000000000a68       0x50 c:/intelfpga_lite/18.1/nios2eds/bin/gnu/h-x86_64-mingw32/bin/../lib/gcc/nios2-elf/5.3.0/../../../../../H-x86_64-mingw32/nios2-elf/lib/mno-hw-mul\libsmallc.a(lib_a-putchar.o)
                                        0x4c1 (size before relaxing)
 .debug_str     0x0000000000000ab8      0x1ff c:/intelfpga_lite/18.1/nios2eds/bin/gnu/h-x86_64-mingw32/bin/../lib/gcc/nios2-elf/5.3.0/../../../../../H-x86_64-mingw32/nios2-elf/lib/mno-hw-mul\libsmallc.a(lib_a-vfprintf.o)
                                        0x67f (size before relaxing)
 .debug_str     0x0000000000000cb7       0x78 c:/intelfpga_lite/18.1/nios2eds/bin/gnu/h-x86_64-mingw32/bin/../lib/gcc/nios2-elf/5.3.0/../../../../../H-x86_64-mingw32/nios2-elf/lib/mno-hw-mul\libsmallc.a(lib_a-fvwrite_small_dev.o)
                                        0x4d4 (size before relaxing)
 .debug_str     0x0000000000000d2f       0xef c:/intelfpga_lite/18.1/nios2eds/bin/gnu/h-x86_64-mingw32/bin/../lib/gcc/nios2-elf/5.3.0/../../../../../H-x86_64-mingw32/nios2-elf/lib/mno-hw-mul\libsmallc.a(lib_a-impure.o)
                                        0x4be (size before relaxing)
 .debug_str     0x0000000000000e1e       0x46 c:/intelfpga_lite/18.1/nios2eds/bin/gnu/h-x86_64-mingw32/bin/../lib/gcc/nios2-elf/5.3.0/../../../../../H-x86_64-mingw32/nios2-elf/lib/mno-hw-mul\libsmallc.a(lib_a-putc.o)
                                        0x4cb (size before relaxing)
 .debug_str     0x0000000000000e64       0x3d c:/intelfpga_lite/18.1/nios2eds/bin/gnu/h-x86_64-mingw32/bin/../lib/gcc/nios2-elf/5.3.0/../../../../../H-x86_64-mingw32/nios2-elf/lib/mno-hw-mul\libsmallc.a(lib_a-strlen.o)
                                        0x1e5 (size before relaxing)
 .debug_str     0x0000000000000ea1       0x45 c:/intelfpga_lite/18.1/nios2eds/bin/gnu/h-x86_64-mingw32/bin/../lib/gcc/nios2-elf/5.3.0/../../../../../H-x86_64-mingw32/nios2-elf/lib/mno-hw-mul\libsmallc.a(lib_a-writer.o)
                                        0x4b8 (size before relaxing)
 .debug_str     0x0000000000000ee6       0x3f c:/intelfpga_lite/18.1/nios2eds/bin/gnu/h-x86_64-mingw32/bin/../lib/gcc/nios2-elf/5.3.0/../../../../../H-x86_64-mingw32/nios2-elf/lib/mno-hw-mul\libsmallc.a(lib_a-int_errno.o)
                                        0x1d8 (size before relaxing)
 .debug_str     0x0000000000000f25       0xff ../both_axis_bsp/\libhal_bsp.a(alt_irq_register.o)
                                        0x230 (size before relaxing)
 .debug_str     0x0000000000001024       0x17 ../both_axis_bsp/\libhal_bsp.a(alt_irq_vars.o)
                                        0x162 (size before relaxing)
 .debug_str     0x000000000000103b      0x113 ../both_axis_bsp/\libhal_bsp.a(alt_load.o)
                                        0x264 (size before relaxing)
 .debug_str     0x000000000000114e       0x5e ../both_axis_bsp/\libhal_bsp.a(alt_main.o)
                                        0x206 (size before relaxing)
 .debug_str     0x00000000000011ac       0x74 ../both_axis_bsp/\libhal_bsp.a(alt_write.o)
                                        0x206 (size before relaxing)
 .debug_str     0x0000000000001220      0x113 ../both_axis_bsp/\libhal_bsp.a(alt_sys_init.o)
                                        0x38b (size before relaxing)
 .debug_str     0x0000000000001333       0x2c ../both_axis_bsp/\libhal_bsp.a(altera_avalon_jtag_uart_write.o)
                                        0x25e (size before relaxing)
 .debug_str     0x000000000000135f       0x6f ../both_axis_bsp/\libhal_bsp.a(altera_avalon_timer_sc.o)
                                        0x2ae (size before relaxing)
 .debug_str     0x00000000000013ce       0x44 ../both_axis_bsp/\libhal_bsp.a(altera_avalon_timer_ts.o)
                                        0x22c (size before relaxing)
 .debug_str     0x0000000000001412       0x27 ../both_axis_bsp/\libhal_bsp.a(altera_avalon_timer_vars.o)
                                        0x1e1 (size before relaxing)
 .debug_str     0x0000000000001439       0xd9 ../both_axis_bsp/\libhal_bsp.a(altera_up_avalon_accelerometer_spi.o)
                                        0x376 (size before relaxing)
 .debug_str     0x0000000000001512       0x1f ../both_axis_bsp/\libhal_bsp.a(alt_dcache_flush_all.o)
                                        0x17d (size before relaxing)
 .debug_str     0x0000000000001531      0x125 ../both_axis_bsp/\libhal_bsp.a(alt_dev.o)
                                        0x32d (size before relaxing)
 .debug_str     0x0000000000001656       0x30 ../both_axis_bsp/\libhal_bsp.a(alt_dev_llist_insert.o)
                                        0x1f4 (size before relaxing)
 .debug_str     0x0000000000001686       0x14 ../both_axis_bsp/\libhal_bsp.a(alt_errno.o)
                                        0x16d (size before relaxing)
 .debug_str     0x000000000000169a       0x1e ../both_axis_bsp/\libhal_bsp.a(alt_find_dev.o)
                                        0x222 (size before relaxing)
 .debug_str     0x00000000000016b8       0x1f ../both_axis_bsp/\libhal_bsp.a(alt_icache_flush_all.o)
                                        0x17d (size before relaxing)
 .debug_str     0x00000000000016d7       0x3a ../both_axis_bsp/\libhal_bsp.a(alt_irq_handler.o)
                                        0x1e0 (size before relaxing)
 .debug_str     0x0000000000001711       0x6f ../both_axis_bsp/\libhal_bsp.a(alt_tick.o)
                                        0x29b (size before relaxing)
 .debug_str     0x0000000000001780       0x20 ../both_axis_bsp/\libhal_bsp.a(altera_nios2_gen2_irq.o)
                                        0x1ad (size before relaxing)
 .debug_str     0x00000000000017a0      0x48b ../both_axis_bsp/\libhal_bsp.a(alt_instruction_exception_entry.o)
                                        0x5c8 (size before relaxing)
 .debug_str     0x0000000000001c2b       0x3d c:/intelfpga_lite/18.1/nios2eds/bin/gnu/h-x86_64-mingw32/bin/../lib/gcc/nios2-elf/5.3.0/../../../../../H-x86_64-mingw32/nios2-elf/lib/mno-hw-mul\libsmallc.a(lib_a-memcmp.o)
                                        0x1df (size before relaxing)

.debug_loc      0x0000000000000000     0x1c52
 *(.debug_loc)
 .debug_loc     0x0000000000000000      0x207 obj/default/main.o
 .debug_loc     0x0000000000000207      0x4ce c:/intelfpga_lite/18.1/nios2eds/bin/gnu/h-x86_64-mingw32/bin/../lib/gcc/nios2-elf/5.3.0/mno-hw-mul\libgcc.a(lib2-divmod.o)
 .debug_loc     0x00000000000006d5       0x93 c:/intelfpga_lite/18.1/nios2eds/bin/gnu/h-x86_64-mingw32/bin/../lib/gcc/nios2-elf/5.3.0/mno-hw-mul\libgcc.a(lib2-mul.o)
 .debug_loc     0x0000000000000768       0xa5 c:/intelfpga_lite/18.1/nios2eds/bin/gnu/h-x86_64-mingw32/bin/../lib/gcc/nios2-elf/5.3.0/../../../../../H-x86_64-mingw32/nios2-elf/lib/mno-hw-mul\libsmallc.a(lib_a-memset.o)
 .debug_loc     0x000000000000080d       0xc6 c:/intelfpga_lite/18.1/nios2eds/bin/gnu/h-x86_64-mingw32/bin/../lib/gcc/nios2-elf/5.3.0/../../../../../H-x86_64-mingw32/nios2-elf/lib/mno-hw-mul\libsmallc.a(lib_a-printf.o)
 .debug_loc     0x00000000000008d3       0x81 c:/intelfpga_lite/18.1/nios2eds/bin/gnu/h-x86_64-mingw32/bin/../lib/gcc/nios2-elf/5.3.0/../../../../../H-x86_64-mingw32/nios2-elf/lib/mno-hw-mul\libsmallc.a(lib_a-putchar.o)
 .debug_loc     0x0000000000000954      0x954 c:/intelfpga_lite/18.1/nios2eds/bin/gnu/h-x86_64-mingw32/bin/../lib/gcc/nios2-elf/5.3.0/../../../../../H-x86_64-mingw32/nios2-elf/lib/mno-hw-mul\libsmallc.a(lib_a-vfprintf.o)
 .debug_loc     0x00000000000012a8      0x110 c:/intelfpga_lite/18.1/nios2eds/bin/gnu/h-x86_64-mingw32/bin/../lib/gcc/nios2-elf/5.3.0/../../../../../H-x86_64-mingw32/nios2-elf/lib/mno-hw-mul\libsmallc.a(lib_a-fvwrite_small_dev.o)
 .debug_loc     0x00000000000013b8       0xc6 c:/intelfpga_lite/18.1/nios2eds/bin/gnu/h-x86_64-mingw32/bin/../lib/gcc/nios2-elf/5.3.0/../../../../../H-x86_64-mingw32/nios2-elf/lib/mno-hw-mul\libsmallc.a(lib_a-putc.o)
 .debug_loc     0x000000000000147e       0x1e c:/intelfpga_lite/18.1/nios2eds/bin/gnu/h-x86_64-mingw32/bin/../lib/gcc/nios2-elf/5.3.0/../../../../../H-x86_64-mingw32/nios2-elf/lib/mno-hw-mul\libsmallc.a(lib_a-strlen.o)
 .debug_loc     0x000000000000149c       0xa5 c:/intelfpga_lite/18.1/nios2eds/bin/gnu/h-x86_64-mingw32/bin/../lib/gcc/nios2-elf/5.3.0/../../../../../H-x86_64-mingw32/nios2-elf/lib/mno-hw-mul\libsmallc.a(lib_a-writer.o)
 .debug_loc     0x0000000000001541       0xfa ../both_axis_bsp/\libhal_bsp.a(alt_irq_register.o)
 .debug_loc     0x000000000000163b       0xcf ../both_axis_bsp/\libhal_bsp.a(alt_write.o)
 .debug_loc     0x000000000000170a       0x21 ../both_axis_bsp/\libhal_bsp.a(alt_sys_init.o)
 .debug_loc     0x000000000000172b       0x8b ../both_axis_bsp/\libhal_bsp.a(altera_avalon_jtag_uart_write.o)
 .debug_loc     0x00000000000017b6      0x102 ../both_axis_bsp/\libhal_bsp.a(altera_avalon_timer_sc.o)
 .debug_loc     0x00000000000018b8       0x5b ../both_axis_bsp/\libhal_bsp.a(altera_avalon_timer_ts.o)
 .debug_loc     0x0000000000001913       0x63 ../both_axis_bsp/\libhal_bsp.a(altera_up_avalon_accelerometer_spi.o)
 .debug_loc     0x0000000000001976       0x7e ../both_axis_bsp/\libhal_bsp.a(alt_dev_llist_insert.o)
 .debug_loc     0x00000000000019f4       0x7e ../both_axis_bsp/\libhal_bsp.a(alt_find_dev.o)
 .debug_loc     0x0000000000001a72       0x72 ../both_axis_bsp/\libhal_bsp.a(alt_irq_handler.o)
 .debug_loc     0x0000000000001ae4       0x75 ../both_axis_bsp/\libhal_bsp.a(alt_tick.o)
 .debug_loc     0x0000000000001b59       0x65 ../both_axis_bsp/\libhal_bsp.a(alt_instruction_exception_entry.o)
 .debug_loc     0x0000000000001bbe       0x94 c:/intelfpga_lite/18.1/nios2eds/bin/gnu/h-x86_64-mingw32/bin/../lib/gcc/nios2-elf/5.3.0/../../../../../H-x86_64-mingw32/nios2-elf/lib/mno-hw-mul\libsmallc.a(lib_a-memcmp.o)

.debug_macinfo
 *(.debug_macinfo)

.debug_weaknames
 *(.debug_weaknames)

.debug_funcnames
 *(.debug_funcnames)

.debug_typenames
 *(.debug_typenames)

.debug_varnames
 *(.debug_varnames)

.debug_alt_sim_info
                0x0000000000000000       0x10
 *(.debug_alt_sim_info)
 .debug_alt_sim_info
                0x0000000000000000       0x10 ../both_axis_bsp//obj/HAL/src/crt0.o
                0x0000000000020000                __alt_data_end = 0x20000
                0x0000000000020000                PROVIDE (__alt_stack_pointer, __alt_data_end)
                [!provide]                        PROVIDE (__alt_stack_limit, __alt_stack_base)
                [!provide]                        PROVIDE (__alt_heap_start, end)
                [!provide]                        PROVIDE (__alt_heap_limit, 0x20000)
OUTPUT(both_axis.elf elf32-littlenios2)

.debug_ranges   0x0000000000000000      0x388
 .debug_ranges  0x0000000000000000       0x20 ../both_axis_bsp//obj/HAL/src/crt0.o
 .debug_ranges  0x0000000000000020       0x58 obj/default/main.o
 .debug_ranges  0x0000000000000078       0x60 c:/intelfpga_lite/18.1/nios2eds/bin/gnu/h-x86_64-mingw32/bin/../lib/gcc/nios2-elf/5.3.0/mno-hw-mul\libgcc.a(lib2-divmod.o)
 .debug_ranges  0x00000000000000d8       0x10 c:/intelfpga_lite/18.1/nios2eds/bin/gnu/h-x86_64-mingw32/bin/../lib/gcc/nios2-elf/5.3.0/../../../../../H-x86_64-mingw32/nios2-elf/lib/mno-hw-mul\libsmallc.a(lib_a-memset.o)
 .debug_ranges  0x00000000000000e8       0x18 c:/intelfpga_lite/18.1/nios2eds/bin/gnu/h-x86_64-mingw32/bin/../lib/gcc/nios2-elf/5.3.0/../../../../../H-x86_64-mingw32/nios2-elf/lib/mno-hw-mul\libsmallc.a(lib_a-printf.o)
 .debug_ranges  0x0000000000000100       0x18 c:/intelfpga_lite/18.1/nios2eds/bin/gnu/h-x86_64-mingw32/bin/../lib/gcc/nios2-elf/5.3.0/../../../../../H-x86_64-mingw32/nios2-elf/lib/mno-hw-mul\libsmallc.a(lib_a-putchar.o)
 .debug_ranges  0x0000000000000118       0xc8 c:/intelfpga_lite/18.1/nios2eds/bin/gnu/h-x86_64-mingw32/bin/../lib/gcc/nios2-elf/5.3.0/../../../../../H-x86_64-mingw32/nios2-elf/lib/mno-hw-mul\libsmallc.a(lib_a-vfprintf.o)
 .debug_ranges  0x00000000000001e0       0x28 c:/intelfpga_lite/18.1/nios2eds/bin/gnu/h-x86_64-mingw32/bin/../lib/gcc/nios2-elf/5.3.0/../../../../../H-x86_64-mingw32/nios2-elf/lib/mno-hw-mul\libsmallc.a(lib_a-fvwrite_small_dev.o)
 .debug_ranges  0x0000000000000208       0x18 c:/intelfpga_lite/18.1/nios2eds/bin/gnu/h-x86_64-mingw32/bin/../lib/gcc/nios2-elf/5.3.0/../../../../../H-x86_64-mingw32/nios2-elf/lib/mno-hw-mul\libsmallc.a(lib_a-putc.o)
 .debug_ranges  0x0000000000000220       0x10 c:/intelfpga_lite/18.1/nios2eds/bin/gnu/h-x86_64-mingw32/bin/../lib/gcc/nios2-elf/5.3.0/../../../../../H-x86_64-mingw32/nios2-elf/lib/mno-hw-mul\libsmallc.a(lib_a-strlen.o)
 .debug_ranges  0x0000000000000230       0x10 c:/intelfpga_lite/18.1/nios2eds/bin/gnu/h-x86_64-mingw32/bin/../lib/gcc/nios2-elf/5.3.0/../../../../../H-x86_64-mingw32/nios2-elf/lib/mno-hw-mul\libsmallc.a(lib_a-writer.o)
 .debug_ranges  0x0000000000000240       0x48 ../both_axis_bsp/\libhal_bsp.a(alt_load.o)
 .debug_ranges  0x0000000000000288       0x20 ../both_axis_bsp/\libhal_bsp.a(alt_write.o)
 .debug_ranges  0x00000000000002a8       0x18 ../both_axis_bsp/\libhal_bsp.a(alt_sys_init.o)
 .debug_ranges  0x00000000000002c0       0x18 ../both_axis_bsp/\libhal_bsp.a(altera_avalon_timer_sc.o)
 .debug_ranges  0x00000000000002d8       0x20 ../both_axis_bsp/\libhal_bsp.a(alt_dev_llist_insert.o)
 .debug_ranges  0x00000000000002f8       0x28 ../both_axis_bsp/\libhal_bsp.a(alt_irq_entry.o)
 .debug_ranges  0x0000000000000320       0x10 ../both_axis_bsp/\libhal_bsp.a(alt_irq_handler.o)
 .debug_ranges  0x0000000000000330       0x30 ../both_axis_bsp/\libhal_bsp.a(alt_exception_entry.o)
 .debug_ranges  0x0000000000000360       0x18 ../both_axis_bsp/\libhal_bsp.a(alt_instruction_exception_entry.o)
 .debug_ranges  0x0000000000000378       0x10 c:/intelfpga_lite/18.1/nios2eds/bin/gnu/h-x86_64-mingw32/bin/../lib/gcc/nios2-elf/5.3.0/../../../../../H-x86_64-mingw32/nios2-elf/lib/mno-hw-mul\libsmallc.a(lib_a-memcmp.o)
