Archive member included to satisfy reference by file (symbol)

c:/intelfpga_lite/18.1/nios2eds/bin/gnu/h-x86_64-mingw32/bin/../lib/gcc/nios2-elf/5.3.0/mno-hw-mul\libgcc.a(lib2-divmod.o)
                              obj/default/final_challenge.o (__divsi3)
c:/intelfpga_lite/18.1/nios2eds/bin/gnu/h-x86_64-mingw32/bin/../lib/gcc/nios2-elf/5.3.0/mno-hw-mul\libgcc.a(lib2-mul.o)
                              obj/default/final_challenge.o (__mulsi3)
c:/intelfpga_lite/18.1/nios2eds/bin/gnu/h-x86_64-mingw32/bin/../lib/gcc/nios2-elf/5.3.0/../../../../../H-x86_64-mingw32/nios2-elf/lib/mno-hw-mul\libsmallc.a(lib_a-memset.o)
                              obj/default/final_challenge.o (memset)
c:/intelfpga_lite/18.1/nios2eds/bin/gnu/h-x86_64-mingw32/bin/../lib/gcc/nios2-elf/5.3.0/../../../../../H-x86_64-mingw32/nios2-elf/lib/mno-hw-mul\libsmallc.a(lib_a-printf.o)
                              obj/default/final_challenge.o (printf)
c:/intelfpga_lite/18.1/nios2eds/bin/gnu/h-x86_64-mingw32/bin/../lib/gcc/nios2-elf/5.3.0/../../../../../H-x86_64-mingw32/nios2-elf/lib/mno-hw-mul\libsmallc.a(lib_a-vfprintf.o)
                              c:/intelfpga_lite/18.1/nios2eds/bin/gnu/h-x86_64-mingw32/bin/../lib/gcc/nios2-elf/5.3.0/../../../../../H-x86_64-mingw32/nios2-elf/lib/mno-hw-mul\libsmallc.a(lib_a-printf.o) (___vfprintf_internal_r)
c:/intelfpga_lite/18.1/nios2eds/bin/gnu/h-x86_64-mingw32/bin/../lib/gcc/nios2-elf/5.3.0/../../../../../H-x86_64-mingw32/nios2-elf/lib/mno-hw-mul\libsmallc.a(lib_a-fvwrite_small_dev.o)
                              c:/intelfpga_lite/18.1/nios2eds/bin/gnu/h-x86_64-mingw32/bin/../lib/gcc/nios2-elf/5.3.0/../../../../../H-x86_64-mingw32/nios2-elf/lib/mno-hw-mul\libsmallc.a(lib_a-printf.o) (__sfvwrite_small_dev)
c:/intelfpga_lite/18.1/nios2eds/bin/gnu/h-x86_64-mingw32/bin/../lib/gcc/nios2-elf/5.3.0/../../../../../H-x86_64-mingw32/nios2-elf/lib/mno-hw-mul\libsmallc.a(lib_a-impure.o)
                              c:/intelfpga_lite/18.1/nios2eds/bin/gnu/h-x86_64-mingw32/bin/../lib/gcc/nios2-elf/5.3.0/../../../../../H-x86_64-mingw32/nios2-elf/lib/mno-hw-mul\libsmallc.a(lib_a-printf.o) (_impure_ptr)
c:/intelfpga_lite/18.1/nios2eds/bin/gnu/h-x86_64-mingw32/bin/../lib/gcc/nios2-elf/5.3.0/../../../../../H-x86_64-mingw32/nios2-elf/lib/mno-hw-mul\libsmallc.a(lib_a-strlen.o)
                              c:/intelfpga_lite/18.1/nios2eds/bin/gnu/h-x86_64-mingw32/bin/../lib/gcc/nios2-elf/5.3.0/../../../../../H-x86_64-mingw32/nios2-elf/lib/mno-hw-mul\libsmallc.a(lib_a-vfprintf.o) (strlen)
c:/intelfpga_lite/18.1/nios2eds/bin/gnu/h-x86_64-mingw32/bin/../lib/gcc/nios2-elf/5.3.0/../../../../../H-x86_64-mingw32/nios2-elf/lib/mno-hw-mul\libsmallc.a(lib_a-writer.o)
                              c:/intelfpga_lite/18.1/nios2eds/bin/gnu/h-x86_64-mingw32/bin/../lib/gcc/nios2-elf/5.3.0/../../../../../H-x86_64-mingw32/nios2-elf/lib/mno-hw-mul\libsmallc.a(lib_a-fvwrite_small_dev.o) (_write_r)
c:/intelfpga_lite/18.1/nios2eds/bin/gnu/h-x86_64-mingw32/bin/../lib/gcc/nios2-elf/5.3.0/../../../../../H-x86_64-mingw32/nios2-elf/lib/mno-hw-mul\libsmallc.a(lib_a-int_errno.o)
                              c:/intelfpga_lite/18.1/nios2eds/bin/gnu/h-x86_64-mingw32/bin/../lib/gcc/nios2-elf/5.3.0/../../../../../H-x86_64-mingw32/nios2-elf/lib/mno-hw-mul\libsmallc.a(lib_a-writer.o) (errno)
../final_test_bsp/\libhal_bsp.a(alt_irq_register.o)
                              obj/default/final_challenge.o (alt_irq_register)
../final_test_bsp/\libhal_bsp.a(alt_irq_vars.o)
                              ../final_test_bsp/\libhal_bsp.a(alt_irq_register.o) (alt_irq_active)
../final_test_bsp/\libhal_bsp.a(alt_load.o)
                              ../final_test_bsp//obj/HAL/src/crt0.o (alt_load)
../final_test_bsp/\libhal_bsp.a(alt_main.o)
                              ../final_test_bsp//obj/HAL/src/crt0.o (alt_main)
../final_test_bsp/\libhal_bsp.a(alt_write.o)
                              c:/intelfpga_lite/18.1/nios2eds/bin/gnu/h-x86_64-mingw32/bin/../lib/gcc/nios2-elf/5.3.0/../../../../../H-x86_64-mingw32/nios2-elf/lib/mno-hw-mul\libsmallc.a(lib_a-writer.o) (write)
../final_test_bsp/\libhal_bsp.a(alt_sys_init.o)
                              ../final_test_bsp/\libhal_bsp.a(alt_main.o) (alt_irq_init)
../final_test_bsp/\libhal_bsp.a(altera_avalon_jtag_uart_write.o)
                              ../final_test_bsp/\libhal_bsp.a(alt_write.o) (altera_avalon_jtag_uart_write)
../final_test_bsp/\libhal_bsp.a(altera_avalon_timer_sc.o)
                              ../final_test_bsp/\libhal_bsp.a(alt_sys_init.o) (alt_avalon_timer_sc_init)
../final_test_bsp/\libhal_bsp.a(altera_avalon_timer_ts.o)
                              obj/default/final_challenge.o (alt_timestamp_start)
../final_test_bsp/\libhal_bsp.a(altera_avalon_timer_vars.o)
                              ../final_test_bsp/\libhal_bsp.a(alt_sys_init.o) (altera_avalon_timer_ts_freq)
../final_test_bsp/\libhal_bsp.a(altera_up_avalon_accelerometer_spi.o)
                              obj/default/final_challenge.o (alt_up_accelerometer_spi_open_dev)
../final_test_bsp/\libhal_bsp.a(alt_dcache_flush_all.o)
                              ../final_test_bsp/\libhal_bsp.a(alt_load.o) (alt_dcache_flush_all)
../final_test_bsp/\libhal_bsp.a(alt_dev.o)
                              ../final_test_bsp/\libhal_bsp.a(alt_sys_init.o) (alt_dev_list)
../final_test_bsp/\libhal_bsp.a(alt_dev_llist_insert.o)
                              ../final_test_bsp/\libhal_bsp.a(alt_sys_init.o) (alt_dev_llist_insert)
../final_test_bsp/\libhal_bsp.a(alt_errno.o)
                              ../final_test_bsp/\libhal_bsp.a(alt_write.o) (alt_errno)
../final_test_bsp/\libhal_bsp.a(alt_find_dev.o)
                              ../final_test_bsp/\libhal_bsp.a(altera_up_avalon_accelerometer_spi.o) (alt_find_dev)
../final_test_bsp/\libhal_bsp.a(alt_icache_flush_all.o)
                              ../final_test_bsp/\libhal_bsp.a(alt_load.o) (alt_icache_flush_all)
../final_test_bsp/\libhal_bsp.a(alt_irq_entry.o)
                              ../final_test_bsp/\libhal_bsp.a(alt_irq_register.o) (alt_irq_entry)
../final_test_bsp/\libhal_bsp.a(alt_irq_handler.o)
                              ../final_test_bsp/\libhal_bsp.a(alt_irq_register.o) (alt_irq_handler)
../final_test_bsp/\libhal_bsp.a(alt_tick.o)
                              ../final_test_bsp/\libhal_bsp.a(altera_avalon_timer_sc.o) (alt_tick)
../final_test_bsp/\libhal_bsp.a(altera_nios2_gen2_irq.o)
                              ../final_test_bsp/\libhal_bsp.a(alt_sys_init.o) (altera_nios2_gen2_irq_init)
../final_test_bsp/\libhal_bsp.a(alt_exception_entry.o)
                              ../final_test_bsp/\libhal_bsp.a(alt_irq_entry.o) (alt_exception)
../final_test_bsp/\libhal_bsp.a(alt_instruction_exception_entry.o)
                              ../final_test_bsp/\libhal_bsp.a(alt_exception_entry.o) (alt_instruction_exception_entry)
c:/intelfpga_lite/18.1/nios2eds/bin/gnu/h-x86_64-mingw32/bin/../lib/gcc/nios2-elf/5.3.0/../../../../../H-x86_64-mingw32/nios2-elf/lib/mno-hw-mul\libsmallc.a(lib_a-memcmp.o)
                              ../final_test_bsp/\libhal_bsp.a(alt_find_dev.o) (memcmp)

Allocating common symbols
Common symbol       size              file

alt_irq             0x100             ../final_test_bsp/\libhal_bsp.a(alt_irq_handler.o)
errno               0x4               c:/intelfpga_lite/18.1/nios2eds/bin/gnu/h-x86_64-mingw32/bin/../lib/gcc/nios2-elf/5.3.0/../../../../../H-x86_64-mingw32/nios2-elf/lib/mno-hw-mul\libsmallc.a(lib_a-int_errno.o)
led                 0x2               obj/default/final_challenge.o
level               0x4               obj/default/final_challenge.o

Memory Configuration

Name             Origin             Length             Attributes
reset            0x0000000000010000 0x0000000000000020
onchip_memory    0x0000000000010020 0x000000000000ffe0
*default*        0x0000000000000000 0xffffffffffffffff

Linker script and memory map

LOAD ../final_test_bsp//obj/HAL/src/crt0.o
LOAD obj/default/final_challenge.o
LOAD c:/intelfpga_lite/18.1/nios2eds/bin/gnu/h-x86_64-mingw32/bin/../lib/gcc/nios2-elf/5.3.0/../../../../../H-x86_64-mingw32/nios2-elf/lib/mno-hw-mul\libstdc++.a
LOAD c:/intelfpga_lite/18.1/nios2eds/bin/gnu/h-x86_64-mingw32/bin/../lib/gcc/nios2-elf/5.3.0/../../../../../H-x86_64-mingw32/nios2-elf/lib/mno-hw-mul\libm.a
LOAD c:/intelfpga_lite/18.1/nios2eds/bin/gnu/h-x86_64-mingw32/bin/../lib/gcc/nios2-elf/5.3.0/mno-hw-mul\libgcc.a
START GROUP
LOAD c:/intelfpga_lite/18.1/nios2eds/bin/gnu/h-x86_64-mingw32/bin/../lib/gcc/nios2-elf/5.3.0/../../../../../H-x86_64-mingw32/nios2-elf/lib/mno-hw-mul\libsmallc.a
LOAD c:/intelfpga_lite/18.1/nios2eds/bin/gnu/h-x86_64-mingw32/bin/../lib/gcc/nios2-elf/5.3.0/mno-hw-mul\libgcc.a
LOAD ../final_test_bsp/\libhal_bsp.a
LOAD c:/intelfpga_lite/18.1/nios2eds/bin/gnu/h-x86_64-mingw32/bin/../lib/gcc/nios2-elf/5.3.0/../../../../../H-x86_64-mingw32/nios2-elf/lib/mno-hw-mul\libm.a
END GROUP
LOAD c:/intelfpga_lite/18.1/nios2eds/bin/gnu/h-x86_64-mingw32/bin/../lib/gcc/nios2-elf/5.3.0/mno-hw-mul\libgcc.a
                0x0000000000010000                __alt_mem_onchip_memory = 0x10000

.entry          0x0000000000010000       0x20
 *(.entry)
 .entry         0x0000000000010000       0x20 ../final_test_bsp//obj/HAL/src/crt0.o
                0x0000000000010000                __reset
                0x000000000001000c                _exit

.exceptions     0x0000000000010020      0x160
                0x0000000000010020                PROVIDE (__ram_exceptions_start, ABSOLUTE (.))
                0x0000000000010020                . = ALIGN (0x20)
 *(.irq)
 *(.exceptions.entry.label)
 .exceptions.entry.label
                0x0000000000010020        0x0 ../final_test_bsp/\libhal_bsp.a(alt_irq_entry.o)
                0x0000000000010020                alt_irq_entry
 .exceptions.entry.label
                0x0000000000010020        0x0 ../final_test_bsp/\libhal_bsp.a(alt_exception_entry.o)
                0x0000000000010020                alt_exception
 *(.exceptions.entry.user)
 *(.exceptions.entry.ecc_fatal)
 *(.exceptions.entry)
 .exceptions.entry
                0x0000000000010020       0x54 ../final_test_bsp/\libhal_bsp.a(alt_exception_entry.o)
 *(.exceptions.irqtest.user)
 *(.exceptions.irqtest)
 .exceptions.irqtest
                0x0000000000010074       0x10 ../final_test_bsp/\libhal_bsp.a(alt_irq_entry.o)
 *(.exceptions.irqhandler.user)
 *(.exceptions.irqhandler)
 .exceptions.irqhandler
                0x0000000000010084        0x4 ../final_test_bsp/\libhal_bsp.a(alt_irq_entry.o)
 *(.exceptions.irqreturn.user)
 *(.exceptions.irqreturn)
 .exceptions.irqreturn
                0x0000000000010088        0x4 ../final_test_bsp/\libhal_bsp.a(alt_irq_entry.o)
 *(.exceptions.notirq.label)
 .exceptions.notirq.label
                0x000000000001008c        0x0 ../final_test_bsp/\libhal_bsp.a(alt_irq_entry.o)
 *(.exceptions.notirq.user)
 *(.exceptions.notirq)
 .exceptions.notirq
                0x000000000001008c        0x8 ../final_test_bsp/\libhal_bsp.a(alt_exception_entry.o)
 *(.exceptions.soft.user)
 *(.exceptions.soft)
 *(.exceptions.unknown.user)
 *(.exceptions.unknown)
 .exceptions.unknown
                0x0000000000010094       0x14 ../final_test_bsp/\libhal_bsp.a(alt_exception_entry.o)
 *(.exceptions.exit.label)
 .exceptions.exit.label
                0x00000000000100a8        0x0 ../final_test_bsp/\libhal_bsp.a(alt_irq_entry.o)
 .exceptions.exit.label
                0x00000000000100a8        0x0 ../final_test_bsp/\libhal_bsp.a(alt_exception_entry.o)
 *(.exceptions.exit.user)
 *(.exceptions.exit)
 .exceptions.exit
                0x00000000000100a8       0x54 ../final_test_bsp/\libhal_bsp.a(alt_exception_entry.o)
 *(.exceptions)
 .exceptions    0x00000000000100fc       0x60 ../final_test_bsp/\libhal_bsp.a(alt_irq_handler.o)
                0x00000000000100fc                alt_irq_handler
 .exceptions    0x000000000001015c       0x24 ../final_test_bsp/\libhal_bsp.a(alt_instruction_exception_entry.o)
                0x000000000001015c                alt_instruction_exception_entry
                0x0000000000010180                PROVIDE (__ram_exceptions_end, ABSOLUTE (.))
                0x0000000000010020                PROVIDE (__flash_exceptions_start, LOADADDR (.exceptions))

.text           0x0000000000010180     0x1430
                [!provide]                        PROVIDE (stext, ABSOLUTE (.))
 *(.interp)
 *(.hash)
 *(.dynsym)
 *(.dynstr)
 *(.gnu.version)
 *(.gnu.version_d)
 *(.gnu.version_r)
 *(.rel.init)
 *(.rela.init)
 *(.rel.text .rel.text.* .rel.gnu.linkonce.t.*)
 *(.rela.text .rela.text.* .rela.gnu.linkonce.t.*)
 *(.rel.fini)
 *(.rela.fini)
 *(.rel.rodata .rel.rodata.* .rel.gnu.linkonce.r.*)
 *(.rela.rodata .rela.rodata.* .rela.gnu.linkonce.r.*)
 *(.rel.data .rel.data.* .rel.gnu.linkonce.d.*)
 *(.rela.data .rela.data.* .rela.gnu.linkonce.d.*)
 *(.rel.tdata .rel.tdata.* .rel.gnu.linkonce.td.*)
 *(.rela.tdata .rela.tdata.* .rela.gnu.linkonce.td.*)
 *(.rel.tbss .rel.tbss.* .rel.gnu.linkonce.tb.*)
 *(.rela.tbss .rela.tbss.* .rela.gnu.linkonce.tb.*)
 *(.rel.ctors)
 *(.rela.ctors)
 *(.rel.dtors)
 *(.rela.dtors)
 *(.rel.got)
 *(.rela.got)
 *(.rel.sdata .rel.sdata.* .rel.gnu.linkonce.s.*)
 *(.rela.sdata .rela.sdata.* .rela.gnu.linkonce.s.*)
 *(.rel.sbss .rel.sbss.* .rel.gnu.linkonce.sb.*)
 *(.rela.sbss .rela.sbss.* .rela.gnu.linkonce.sb.*)
 *(.rel.sdata2 .rel.sdata2.* .rel.gnu.linkonce.s2.*)
 *(.rela.sdata2 .rela.sdata2.* .rela.gnu.linkonce.s2.*)
 *(.rel.sbss2 .rel.sbss2.* .rel.gnu.linkonce.sb2.*)
 *(.rela.sbss2 .rela.sbss2.* .rela.gnu.linkonce.sb2.*)
 *(.rel.bss .rel.bss.* .rel.gnu.linkonce.b.*)
 *(.rela.bss .rela.bss.* .rela.gnu.linkonce.b.*)
 *(.rel.plt)
 *(.rela.plt)
 *(.rel.dyn)
 *(.init)
 *(.plt)
 *(.text .stub .text.* .gnu.linkonce.t.*)
 .text          0x0000000000010180       0x3c ../final_test_bsp//obj/HAL/src/crt0.o
                0x0000000000010180                _start
 .text          0x00000000000101bc      0x12c obj/default/final_challenge.o
                0x00000000000101bc                sys_timer_isr
                0x000000000001023c                timer_init
                0x00000000000102ac                read_from_fir_x
                0x00000000000102bc                write_to_fir_x
 .text.startup  0x00000000000102e8      0x1fc obj/default/final_challenge.o
                0x00000000000102e8                main
 .text          0x00000000000104e4      0x1b4 c:/intelfpga_lite/18.1/nios2eds/bin/gnu/h-x86_64-mingw32/bin/../lib/gcc/nios2-elf/5.3.0/mno-hw-mul\libgcc.a(lib2-divmod.o)
                0x00000000000104e4                __divsi3
                0x0000000000010568                __modsi3
                0x00000000000105dc                __udivsi3
                0x0000000000010640                __umodsi3
 .text          0x0000000000010698       0x28 c:/intelfpga_lite/18.1/nios2eds/bin/gnu/h-x86_64-mingw32/bin/../lib/gcc/nios2-elf/5.3.0/mno-hw-mul\libgcc.a(lib2-mul.o)
                0x0000000000010698                __mulsi3
 .text          0x00000000000106c0        0x0 c:/intelfpga_lite/18.1/nios2eds/bin/gnu/h-x86_64-mingw32/bin/../lib/gcc/nios2-elf/5.3.0/../../../../../H-x86_64-mingw32/nios2-elf/lib/mno-hw-mul\libsmallc.a(lib_a-memset.o)
 .text.memset   0x00000000000106c0       0x20 c:/intelfpga_lite/18.1/nios2eds/bin/gnu/h-x86_64-mingw32/bin/../lib/gcc/nios2-elf/5.3.0/../../../../../H-x86_64-mingw32/nios2-elf/lib/mno-hw-mul\libsmallc.a(lib_a-memset.o)
                0x00000000000106c0                memset
 .text          0x00000000000106e0        0x0 c:/intelfpga_lite/18.1/nios2eds/bin/gnu/h-x86_64-mingw32/bin/../lib/gcc/nios2-elf/5.3.0/../../../../../H-x86_64-mingw32/nios2-elf/lib/mno-hw-mul\libsmallc.a(lib_a-printf.o)
 .text._printf_r
                0x00000000000106e0       0x3c c:/intelfpga_lite/18.1/nios2eds/bin/gnu/h-x86_64-mingw32/bin/../lib/gcc/nios2-elf/5.3.0/../../../../../H-x86_64-mingw32/nios2-elf/lib/mno-hw-mul\libsmallc.a(lib_a-printf.o)
                0x00000000000106e0                _printf_r
 .text.printf   0x000000000001071c       0x4c c:/intelfpga_lite/18.1/nios2eds/bin/gnu/h-x86_64-mingw32/bin/../lib/gcc/nios2-elf/5.3.0/../../../../../H-x86_64-mingw32/nios2-elf/lib/mno-hw-mul\libsmallc.a(lib_a-printf.o)
                0x000000000001071c                printf
 .text          0x0000000000010768        0x0 c:/intelfpga_lite/18.1/nios2eds/bin/gnu/h-x86_64-mingw32/bin/../lib/gcc/nios2-elf/5.3.0/../../../../../H-x86_64-mingw32/nios2-elf/lib/mno-hw-mul\libsmallc.a(lib_a-vfprintf.o)
 .text.print_repeat
                0x0000000000010768       0x6c c:/intelfpga_lite/18.1/nios2eds/bin/gnu/h-x86_64-mingw32/bin/../lib/gcc/nios2-elf/5.3.0/../../../../../H-x86_64-mingw32/nios2-elf/lib/mno-hw-mul\libsmallc.a(lib_a-vfprintf.o)
 .text.___vfprintf_internal_r
                0x00000000000107d4      0x52c c:/intelfpga_lite/18.1/nios2eds/bin/gnu/h-x86_64-mingw32/bin/../lib/gcc/nios2-elf/5.3.0/../../../../../H-x86_64-mingw32/nios2-elf/lib/mno-hw-mul\libsmallc.a(lib_a-vfprintf.o)
                0x00000000000107d4                ___vfprintf_internal_r
 .text.__vfprintf_internal
                0x0000000000010d00       0x1c c:/intelfpga_lite/18.1/nios2eds/bin/gnu/h-x86_64-mingw32/bin/../lib/gcc/nios2-elf/5.3.0/../../../../../H-x86_64-mingw32/nios2-elf/lib/mno-hw-mul\libsmallc.a(lib_a-vfprintf.o)
                0x0000000000010d00                __vfprintf_internal
 .text          0x0000000000010d1c        0x0 c:/intelfpga_lite/18.1/nios2eds/bin/gnu/h-x86_64-mingw32/bin/../lib/gcc/nios2-elf/5.3.0/../../../../../H-x86_64-mingw32/nios2-elf/lib/mno-hw-mul\libsmallc.a(lib_a-fvwrite_small_dev.o)
 .text.__sfvwrite_small_dev
                0x0000000000010d1c       0xb8 c:/intelfpga_lite/18.1/nios2eds/bin/gnu/h-x86_64-mingw32/bin/../lib/gcc/nios2-elf/5.3.0/../../../../../H-x86_64-mingw32/nios2-elf/lib/mno-hw-mul\libsmallc.a(lib_a-fvwrite_small_dev.o)
                0x0000000000010d1c                __sfvwrite_small_dev
 .text          0x0000000000010dd4        0x0 c:/intelfpga_lite/18.1/nios2eds/bin/gnu/h-x86_64-mingw32/bin/../lib/gcc/nios2-elf/5.3.0/../../../../../H-x86_64-mingw32/nios2-elf/lib/mno-hw-mul\libsmallc.a(lib_a-impure.o)
 .text          0x0000000000010dd4        0x0 c:/intelfpga_lite/18.1/nios2eds/bin/gnu/h-x86_64-mingw32/bin/../lib/gcc/nios2-elf/5.3.0/../../../../../H-x86_64-mingw32/nios2-elf/lib/mno-hw-mul\libsmallc.a(lib_a-strlen.o)
 .text.strlen   0x0000000000010dd4       0x1c c:/intelfpga_lite/18.1/nios2eds/bin/gnu/h-x86_64-mingw32/bin/../lib/gcc/nios2-elf/5.3.0/../../../../../H-x86_64-mingw32/nios2-elf/lib/mno-hw-mul\libsmallc.a(lib_a-strlen.o)
                0x0000000000010dd4                strlen
 .text          0x0000000000010df0        0x0 c:/intelfpga_lite/18.1/nios2eds/bin/gnu/h-x86_64-mingw32/bin/../lib/gcc/nios2-elf/5.3.0/../../../../../H-x86_64-mingw32/nios2-elf/lib/mno-hw-mul\libsmallc.a(lib_a-writer.o)
 .text._write_r
                0x0000000000010df0       0x58 c:/intelfpga_lite/18.1/nios2eds/bin/gnu/h-x86_64-mingw32/bin/../lib/gcc/nios2-elf/5.3.0/../../../../../H-x86_64-mingw32/nios2-elf/lib/mno-hw-mul\libsmallc.a(lib_a-writer.o)
                0x0000000000010df0                _write_r
 .text          0x0000000000010e48        0x0 c:/intelfpga_lite/18.1/nios2eds/bin/gnu/h-x86_64-mingw32/bin/../lib/gcc/nios2-elf/5.3.0/../../../../../H-x86_64-mingw32/nios2-elf/lib/mno-hw-mul\libsmallc.a(lib_a-int_errno.o)
 .text          0x0000000000010e48       0x94 ../final_test_bsp/\libhal_bsp.a(alt_irq_register.o)
                0x0000000000010e48                alt_irq_register
 .text          0x0000000000010edc        0x0 ../final_test_bsp/\libhal_bsp.a(alt_irq_vars.o)
 .text          0x0000000000010edc       0xe0 ../final_test_bsp/\libhal_bsp.a(alt_load.o)
                0x0000000000010edc                alt_load
 .text          0x0000000000010fbc       0x2c ../final_test_bsp/\libhal_bsp.a(alt_main.o)
                0x0000000000010fbc                alt_main
 .text          0x0000000000010fe8       0x60 ../final_test_bsp/\libhal_bsp.a(alt_write.o)
                0x0000000000010fe8                write
 .text          0x0000000000011048       0x70 ../final_test_bsp/\libhal_bsp.a(alt_sys_init.o)
                0x0000000000011048                alt_irq_init
                0x0000000000011068                alt_sys_init
 .text          0x00000000000110b8       0x34 ../final_test_bsp/\libhal_bsp.a(altera_avalon_jtag_uart_write.o)
                0x00000000000110b8                altera_avalon_jtag_uart_write
 .text          0x00000000000110ec       0x64 ../final_test_bsp/\libhal_bsp.a(altera_avalon_timer_sc.o)
                0x0000000000011128                alt_avalon_timer_sc_init
 .text          0x0000000000011150       0x78 ../final_test_bsp/\libhal_bsp.a(altera_avalon_timer_ts.o)
                0x0000000000011150                alt_timestamp_start
                0x000000000001118c                alt_timestamp
                0x00000000000111c0                alt_timestamp_freq
 .text          0x00000000000111c8        0x0 ../final_test_bsp/\libhal_bsp.a(altera_avalon_timer_vars.o)
 .text          0x00000000000111c8      0x160 ../final_test_bsp/\libhal_bsp.a(altera_up_avalon_accelerometer_spi.o)
                0x00000000000111c8                alt_up_accelerometer_spi_open_dev
                0x00000000000111d0                alt_up_accelerometer_spi_read_address_register
                0x00000000000111e4                alt_up_accelerometer_spi_read
                0x0000000000011204                alt_up_accelerometer_spi_write
                0x0000000000011220                alt_up_accelerometer_spi_read_x_axis
                0x0000000000011278                alt_up_accelerometer_spi_read_y_axis
                0x00000000000112d0                alt_up_accelerometer_spi_read_z_axis
 .text          0x0000000000011328        0x4 ../final_test_bsp/\libhal_bsp.a(alt_dcache_flush_all.o)
                0x0000000000011328                alt_dcache_flush_all
 .text          0x000000000001132c        0x8 ../final_test_bsp/\libhal_bsp.a(alt_dev.o)
 .text          0x0000000000011334       0x6c ../final_test_bsp/\libhal_bsp.a(alt_dev_llist_insert.o)
                0x0000000000011334                alt_dev_llist_insert
 .text          0x00000000000113a0        0x0 ../final_test_bsp/\libhal_bsp.a(alt_errno.o)
 .text          0x00000000000113a0       0x74 ../final_test_bsp/\libhal_bsp.a(alt_find_dev.o)
                0x00000000000113a0                alt_find_dev
 .text          0x0000000000011414        0x4 ../final_test_bsp/\libhal_bsp.a(alt_icache_flush_all.o)
                0x0000000000011414                alt_icache_flush_all
 .text          0x0000000000011418        0x0 ../final_test_bsp/\libhal_bsp.a(alt_irq_entry.o)
 .text          0x0000000000011418        0x0 ../final_test_bsp/\libhal_bsp.a(alt_irq_handler.o)
 .text          0x0000000000011418       0xec ../final_test_bsp/\libhal_bsp.a(alt_tick.o)
                0x0000000000011418                alt_alarm_stop
                0x000000000001144c                alt_tick
 .text          0x0000000000011504        0x8 ../final_test_bsp/\libhal_bsp.a(altera_nios2_gen2_irq.o)
                0x0000000000011504                altera_nios2_gen2_irq_init
 .text          0x000000000001150c        0x0 ../final_test_bsp/\libhal_bsp.a(alt_exception_entry.o)
 .text          0x000000000001150c       0x74 ../final_test_bsp/\libhal_bsp.a(alt_instruction_exception_entry.o)
                0x000000000001150c                alt_exception_cause_generated_bad_addr
 .text          0x0000000000011580        0x0 c:/intelfpga_lite/18.1/nios2eds/bin/gnu/h-x86_64-mingw32/bin/../lib/gcc/nios2-elf/5.3.0/../../../../../H-x86_64-mingw32/nios2-elf/lib/mno-hw-mul\libsmallc.a(lib_a-memcmp.o)
 .text.memcmp   0x0000000000011580       0x30 c:/intelfpga_lite/18.1/nios2eds/bin/gnu/h-x86_64-mingw32/bin/../lib/gcc/nios2-elf/5.3.0/../../../../../H-x86_64-mingw32/nios2-elf/lib/mno-hw-mul\libsmallc.a(lib_a-memcmp.o)
                0x0000000000011580                memcmp
 *(.gnu.warning.*)
 *(.fini)
                [!provide]                        PROVIDE (__etext, ABSOLUTE (.))
                [!provide]                        PROVIDE (_etext, ABSOLUTE (.))
                [!provide]                        PROVIDE (etext, ABSOLUTE (.))
 *(.eh_frame_hdr)
                0x00000000000115b0                . = ALIGN (0x4)
                [!provide]                        PROVIDE (__preinit_array_start, ABSOLUTE (.))
 *(.preinit_array)
                [!provide]                        PROVIDE (__preinit_array_end, ABSOLUTE (.))
                [!provide]                        PROVIDE (__init_array_start, ABSOLUTE (.))
 *(.init_array)
                [!provide]                        PROVIDE (__init_array_end, ABSOLUTE (.))
                [!provide]                        PROVIDE (__fini_array_start, ABSOLUTE (.))
 *(.fini_array)
                [!provide]                        PROVIDE (__fini_array_end, ABSOLUTE (.))
 *(.eh_frame)
 *(.gcc_except_table .gcc_except_table.*)
 *(.dynamic)
                [!provide]                        PROVIDE (__CTOR_LIST__, ABSOLUTE (.))
 *(.ctors)
 *(SORT(.ctors.*))
                [!provide]                        PROVIDE (__CTOR_END__, ABSOLUTE (.))
                [!provide]                        PROVIDE (__DTOR_LIST__, ABSOLUTE (.))
 *(.dtors)
 *(SORT(.dtors.*))
                [!provide]                        PROVIDE (__DTOR_END__, ABSOLUTE (.))
 *(.jcr)
                0x00000000000115b0                . = ALIGN (0x4)

.rodata         0x00000000000115b0       0xd0
                0x00000000000115b0                PROVIDE (__ram_rodata_start, ABSOLUTE (.))
                0x00000000000115b0                . = ALIGN (0x4)
 *(.rodata .rodata.* .gnu.linkonce.r.*)
 .rodata.str1.4
                0x00000000000115b0       0x72 obj/default/final_challenge.o
 *fill*         0x0000000000011622        0x2 
 .rodata        0x0000000000011624       0x50 obj/default/final_challenge.o
                0x0000000000011624                fixed_coeffs
 .rodata.str1.4
                0x0000000000011674       0x17 ../final_test_bsp/\libhal_bsp.a(alt_sys_init.o)
 .rodata.str1.4
                0x0000000000011674        0xc ../final_test_bsp/\libhal_bsp.a(alt_dev.o)
                                          0xa (size before relaxing)
 *(.rodata1)
                0x000000000001168c                . = ALIGN (0x4)
                0x000000000001168c                PROVIDE (__ram_rodata_end, ABSOLUTE (.))
                0x00000000000115b0                PROVIDE (__flash_rodata_start, LOADADDR (.rodata))

.rwdata         0x0000000000011680      0x194 load address 0x0000000000011814
                0x0000000000011680                PROVIDE (__ram_rwdata_start, ABSOLUTE (.))
                0x0000000000011680                . = ALIGN (0x4)
 *(.got.plt)
 *(.got)
 *(.data1)
 *(.data .data.* .gnu.linkonce.d.*)
 .data          0x0000000000011680        0x0 ../final_test_bsp//obj/HAL/src/crt0.o
 .data          0x0000000000011680        0x0 obj/default/final_challenge.o
 .data          0x0000000000011680        0x0 c:/intelfpga_lite/18.1/nios2eds/bin/gnu/h-x86_64-mingw32/bin/../lib/gcc/nios2-elf/5.3.0/mno-hw-mul\libgcc.a(lib2-divmod.o)
 .data          0x0000000000011680        0x0 c:/intelfpga_lite/18.1/nios2eds/bin/gnu/h-x86_64-mingw32/bin/../lib/gcc/nios2-elf/5.3.0/mno-hw-mul\libgcc.a(lib2-mul.o)
 .data          0x0000000000011680        0x0 c:/intelfpga_lite/18.1/nios2eds/bin/gnu/h-x86_64-mingw32/bin/../lib/gcc/nios2-elf/5.3.0/../../../../../H-x86_64-mingw32/nios2-elf/lib/mno-hw-mul\libsmallc.a(lib_a-memset.o)
 .data          0x0000000000011680        0x0 c:/intelfpga_lite/18.1/nios2eds/bin/gnu/h-x86_64-mingw32/bin/../lib/gcc/nios2-elf/5.3.0/../../../../../H-x86_64-mingw32/nios2-elf/lib/mno-hw-mul\libsmallc.a(lib_a-printf.o)
 .data          0x0000000000011680        0x0 c:/intelfpga_lite/18.1/nios2eds/bin/gnu/h-x86_64-mingw32/bin/../lib/gcc/nios2-elf/5.3.0/../../../../../H-x86_64-mingw32/nios2-elf/lib/mno-hw-mul\libsmallc.a(lib_a-vfprintf.o)
 .data          0x0000000000011680        0x0 c:/intelfpga_lite/18.1/nios2eds/bin/gnu/h-x86_64-mingw32/bin/../lib/gcc/nios2-elf/5.3.0/../../../../../H-x86_64-mingw32/nios2-elf/lib/mno-hw-mul\libsmallc.a(lib_a-fvwrite_small_dev.o)
 .data          0x0000000000011680        0x0 c:/intelfpga_lite/18.1/nios2eds/bin/gnu/h-x86_64-mingw32/bin/../lib/gcc/nios2-elf/5.3.0/../../../../../H-x86_64-mingw32/nios2-elf/lib/mno-hw-mul\libsmallc.a(lib_a-impure.o)
 .data.impure_data
                0x0000000000011680       0xe0 c:/intelfpga_lite/18.1/nios2eds/bin/gnu/h-x86_64-mingw32/bin/../lib/gcc/nios2-elf/5.3.0/../../../../../H-x86_64-mingw32/nios2-elf/lib/mno-hw-mul\libsmallc.a(lib_a-impure.o)
 .data          0x0000000000011760        0x0 c:/intelfpga_lite/18.1/nios2eds/bin/gnu/h-x86_64-mingw32/bin/../lib/gcc/nios2-elf/5.3.0/../../../../../H-x86_64-mingw32/nios2-elf/lib/mno-hw-mul\libsmallc.a(lib_a-strlen.o)
 .data          0x0000000000011760        0x0 c:/intelfpga_lite/18.1/nios2eds/bin/gnu/h-x86_64-mingw32/bin/../lib/gcc/nios2-elf/5.3.0/../../../../../H-x86_64-mingw32/nios2-elf/lib/mno-hw-mul\libsmallc.a(lib_a-writer.o)
 .data          0x0000000000011760        0x0 c:/intelfpga_lite/18.1/nios2eds/bin/gnu/h-x86_64-mingw32/bin/../lib/gcc/nios2-elf/5.3.0/../../../../../H-x86_64-mingw32/nios2-elf/lib/mno-hw-mul\libsmallc.a(lib_a-int_errno.o)
 .data          0x0000000000011760        0x0 ../final_test_bsp/\libhal_bsp.a(alt_irq_register.o)
 .data          0x0000000000011760        0x0 ../final_test_bsp/\libhal_bsp.a(alt_irq_vars.o)
 .data          0x0000000000011760        0x0 ../final_test_bsp/\libhal_bsp.a(alt_load.o)
 .data          0x0000000000011760        0x0 ../final_test_bsp/\libhal_bsp.a(alt_main.o)
 .data          0x0000000000011760        0x0 ../final_test_bsp/\libhal_bsp.a(alt_write.o)
 .data          0x0000000000011760       0x2c ../final_test_bsp/\libhal_bsp.a(alt_sys_init.o)
 .data          0x000000000001178c        0x0 ../final_test_bsp/\libhal_bsp.a(altera_avalon_jtag_uart_write.o)
 .data          0x000000000001178c        0x0 ../final_test_bsp/\libhal_bsp.a(altera_avalon_timer_sc.o)
 .data          0x000000000001178c        0x0 ../final_test_bsp/\libhal_bsp.a(altera_avalon_timer_ts.o)
 .data          0x000000000001178c        0x0 ../final_test_bsp/\libhal_bsp.a(altera_avalon_timer_vars.o)
 .data          0x000000000001178c        0x0 ../final_test_bsp/\libhal_bsp.a(altera_up_avalon_accelerometer_spi.o)
 .data          0x000000000001178c        0x0 ../final_test_bsp/\libhal_bsp.a(alt_dcache_flush_all.o)
 .data          0x000000000001178c       0x58 ../final_test_bsp/\libhal_bsp.a(alt_dev.o)
                0x000000000001178c                alt_fd_list
                0x00000000000117bc                alt_dev_null
 .data          0x00000000000117e4        0x0 ../final_test_bsp/\libhal_bsp.a(alt_dev_llist_insert.o)
 .data          0x00000000000117e4        0x0 ../final_test_bsp/\libhal_bsp.a(alt_errno.o)
 .data          0x00000000000117e4        0x0 ../final_test_bsp/\libhal_bsp.a(alt_find_dev.o)
 .data          0x00000000000117e4        0x0 ../final_test_bsp/\libhal_bsp.a(alt_icache_flush_all.o)
 .data          0x00000000000117e4        0x0 ../final_test_bsp/\libhal_bsp.a(alt_irq_entry.o)
 .data          0x00000000000117e4        0x0 ../final_test_bsp/\libhal_bsp.a(alt_irq_handler.o)
 .data          0x00000000000117e4        0x0 ../final_test_bsp/\libhal_bsp.a(alt_tick.o)
 .data          0x00000000000117e4        0x0 ../final_test_bsp/\libhal_bsp.a(altera_nios2_gen2_irq.o)
 .data          0x00000000000117e4        0x0 ../final_test_bsp/\libhal_bsp.a(alt_exception_entry.o)
 .data          0x00000000000117e4        0x0 ../final_test_bsp/\libhal_bsp.a(alt_instruction_exception_entry.o)
 .data          0x00000000000117e4        0x0 c:/intelfpga_lite/18.1/nios2eds/bin/gnu/h-x86_64-mingw32/bin/../lib/gcc/nios2-elf/5.3.0/../../../../../H-x86_64-mingw32/nios2-elf/lib/mno-hw-mul\libsmallc.a(lib_a-memcmp.o)
                0x00000000000197e4                _gp = ABSOLUTE ((. + 0x8000))
                [!provide]                        PROVIDE (gp, _gp)
 *(.rwdata .rwdata.*)
 *(.sdata .sdata.* .gnu.linkonce.s.*)
 .sdata._global_impure_ptr
                0x00000000000117e4        0x4 c:/intelfpga_lite/18.1/nios2eds/bin/gnu/h-x86_64-mingw32/bin/../lib/gcc/nios2-elf/5.3.0/../../../../../H-x86_64-mingw32/nios2-elf/lib/mno-hw-mul\libsmallc.a(lib_a-impure.o)
                0x00000000000117e4                _global_impure_ptr
 .sdata._impure_ptr
                0x00000000000117e8        0x4 c:/intelfpga_lite/18.1/nios2eds/bin/gnu/h-x86_64-mingw32/bin/../lib/gcc/nios2-elf/5.3.0/../../../../../H-x86_64-mingw32/nios2-elf/lib/mno-hw-mul\libsmallc.a(lib_a-impure.o)
                0x00000000000117e8                _impure_ptr
 .sdata         0x00000000000117ec        0x4 ../final_test_bsp/\libhal_bsp.a(alt_irq_vars.o)
                0x00000000000117ec                alt_priority_mask
 .sdata         0x00000000000117f0        0x4 ../final_test_bsp/\libhal_bsp.a(alt_sys_init.o)
                0x00000000000117f0                jtag_uart
 .sdata         0x00000000000117f4       0x14 ../final_test_bsp/\libhal_bsp.a(alt_dev.o)
                0x00000000000117f4                alt_max_fd
                0x00000000000117f8                alt_dev_list
                0x0000000000011800                alt_fs_list
 .sdata         0x0000000000011808        0x4 ../final_test_bsp/\libhal_bsp.a(alt_errno.o)
                0x0000000000011808                alt_errno
 .sdata         0x000000000001180c        0x8 ../final_test_bsp/\libhal_bsp.a(alt_tick.o)
                0x000000000001180c                alt_alarm_list
 *(.sdata2 .sdata2.* .gnu.linkonce.s2.*)
                0x0000000000011814                . = ALIGN (0x4)
                0x0000000000011814                _edata = ABSOLUTE (.)
                [!provide]                        PROVIDE (edata, ABSOLUTE (.))
                0x0000000000011814                PROVIDE (__ram_rwdata_end, ABSOLUTE (.))
                0x0000000000011814                PROVIDE (__flash_rwdata_start, LOADADDR (.rwdata))

.bss            0x00000000000119a8      0x134
                0x00000000000119a8                __bss_start = ABSOLUTE (.)
                [!provide]                        PROVIDE (__sbss_start, ABSOLUTE (.))
                [!provide]                        PROVIDE (___sbss_start, ABSOLUTE (.))
 *(.dynsbss)
 *(.sbss .sbss.* .gnu.linkonce.sb.*)
 .sbss          0x00000000000119a8        0x1 obj/default/final_challenge.o
                0x00000000000119a8                pwm
 *fill*         0x00000000000119a9        0x3 
 .sbss          0x00000000000119ac        0x8 obj/default/final_challenge.o
                0x00000000000119ac                led
                0x00000000000119b0                level
 .sbss          0x00000000000119b4        0x4 c:/intelfpga_lite/18.1/nios2eds/bin/gnu/h-x86_64-mingw32/bin/../lib/gcc/nios2-elf/5.3.0/../../../../../H-x86_64-mingw32/nios2-elf/lib/mno-hw-mul\libsmallc.a(lib_a-int_errno.o)
                0x00000000000119b4                errno
 .sbss          0x00000000000119b8        0x4 ../final_test_bsp/\libhal_bsp.a(alt_irq_vars.o)
                0x00000000000119b8                alt_irq_active
 .sbss          0x00000000000119bc        0xc ../final_test_bsp/\libhal_bsp.a(alt_main.o)
                0x00000000000119bc                alt_envp
                0x00000000000119c0                alt_argv
                0x00000000000119c4                alt_argc
 .sbss          0x00000000000119c8        0x8 ../final_test_bsp/\libhal_bsp.a(altera_avalon_timer_vars.o)
                0x00000000000119c8                altera_avalon_timer_ts_freq
                0x00000000000119cc                altera_avalon_timer_ts_base
 .sbss          0x00000000000119d0        0x8 ../final_test_bsp/\libhal_bsp.a(alt_tick.o)
                0x00000000000119d0                _alt_nticks
                0x00000000000119d4                _alt_tick_rate
 .sbss          0x00000000000119d8        0x4 ../final_test_bsp/\libhal_bsp.a(alt_instruction_exception_entry.o)
                0x00000000000119d8                alt_instruction_exception_handler
 *(.sbss2 .sbss2.* .gnu.linkonce.sb2.*)
 *(.scommon)
                [!provide]                        PROVIDE (__sbss_end, ABSOLUTE (.))
                [!provide]                        PROVIDE (___sbss_end, ABSOLUTE (.))
 *(.dynbss)
 *(.bss .bss.* .gnu.linkonce.b.*)
 .bss           0x00000000000119dc        0x0 ../final_test_bsp//obj/HAL/src/crt0.o
 .bss           0x00000000000119dc        0x0 obj/default/final_challenge.o
 .bss           0x00000000000119dc        0x0 c:/intelfpga_lite/18.1/nios2eds/bin/gnu/h-x86_64-mingw32/bin/../lib/gcc/nios2-elf/5.3.0/mno-hw-mul\libgcc.a(lib2-divmod.o)
 .bss           0x00000000000119dc        0x0 c:/intelfpga_lite/18.1/nios2eds/bin/gnu/h-x86_64-mingw32/bin/../lib/gcc/nios2-elf/5.3.0/mno-hw-mul\libgcc.a(lib2-mul.o)
 .bss           0x00000000000119dc        0x0 c:/intelfpga_lite/18.1/nios2eds/bin/gnu/h-x86_64-mingw32/bin/../lib/gcc/nios2-elf/5.3.0/../../../../../H-x86_64-mingw32/nios2-elf/lib/mno-hw-mul\libsmallc.a(lib_a-memset.o)
 .bss           0x00000000000119dc        0x0 c:/intelfpga_lite/18.1/nios2eds/bin/gnu/h-x86_64-mingw32/bin/../lib/gcc/nios2-elf/5.3.0/../../../../../H-x86_64-mingw32/nios2-elf/lib/mno-hw-mul\libsmallc.a(lib_a-printf.o)
 .bss           0x00000000000119dc        0x0 c:/intelfpga_lite/18.1/nios2eds/bin/gnu/h-x86_64-mingw32/bin/../lib/gcc/nios2-elf/5.3.0/../../../../../H-x86_64-mingw32/nios2-elf/lib/mno-hw-mul\libsmallc.a(lib_a-vfprintf.o)
 .bss           0x00000000000119dc        0x0 c:/intelfpga_lite/18.1/nios2eds/bin/gnu/h-x86_64-mingw32/bin/../lib/gcc/nios2-elf/5.3.0/../../../../../H-x86_64-mingw32/nios2-elf/lib/mno-hw-mul\libsmallc.a(lib_a-fvwrite_small_dev.o)
 .bss           0x00000000000119dc        0x0 c:/intelfpga_lite/18.1/nios2eds/bin/gnu/h-x86_64-mingw32/bin/../lib/gcc/nios2-elf/5.3.0/../../../../../H-x86_64-mingw32/nios2-elf/lib/mno-hw-mul\libsmallc.a(lib_a-impure.o)
 .bss           0x00000000000119dc        0x0 c:/intelfpga_lite/18.1/nios2eds/bin/gnu/h-x86_64-mingw32/bin/../lib/gcc/nios2-elf/5.3.0/../../../../../H-x86_64-mingw32/nios2-elf/lib/mno-hw-mul\libsmallc.a(lib_a-strlen.o)
 .bss           0x00000000000119dc        0x0 c:/intelfpga_lite/18.1/nios2eds/bin/gnu/h-x86_64-mingw32/bin/../lib/gcc/nios2-elf/5.3.0/../../../../../H-x86_64-mingw32/nios2-elf/lib/mno-hw-mul\libsmallc.a(lib_a-writer.o)
 .bss           0x00000000000119dc        0x0 c:/intelfpga_lite/18.1/nios2eds/bin/gnu/h-x86_64-mingw32/bin/../lib/gcc/nios2-elf/5.3.0/../../../../../H-x86_64-mingw32/nios2-elf/lib/mno-hw-mul\libsmallc.a(lib_a-int_errno.o)
 .bss           0x00000000000119dc        0x0 ../final_test_bsp/\libhal_bsp.a(alt_irq_register.o)
 .bss           0x00000000000119dc        0x0 ../final_test_bsp/\libhal_bsp.a(alt_irq_vars.o)
 .bss           0x00000000000119dc        0x0 ../final_test_bsp/\libhal_bsp.a(alt_load.o)
 .bss           0x00000000000119dc        0x0 ../final_test_bsp/\libhal_bsp.a(alt_main.o)
 .bss           0x00000000000119dc        0x0 ../final_test_bsp/\libhal_bsp.a(alt_write.o)
 .bss           0x00000000000119dc        0x0 ../final_test_bsp/\libhal_bsp.a(alt_sys_init.o)
 .bss           0x00000000000119dc        0x0 ../final_test_bsp/\libhal_bsp.a(altera_avalon_jtag_uart_write.o)
 .bss           0x00000000000119dc        0x0 ../final_test_bsp/\libhal_bsp.a(altera_avalon_timer_sc.o)
 .bss           0x00000000000119dc        0x0 ../final_test_bsp/\libhal_bsp.a(altera_avalon_timer_ts.o)
 .bss           0x00000000000119dc        0x0 ../final_test_bsp/\libhal_bsp.a(altera_avalon_timer_vars.o)
 .bss           0x00000000000119dc        0x0 ../final_test_bsp/\libhal_bsp.a(altera_up_avalon_accelerometer_spi.o)
 .bss           0x00000000000119dc        0x0 ../final_test_bsp/\libhal_bsp.a(alt_dcache_flush_all.o)
 .bss           0x00000000000119dc        0x0 ../final_test_bsp/\libhal_bsp.a(alt_dev.o)
 .bss           0x00000000000119dc        0x0 ../final_test_bsp/\libhal_bsp.a(alt_dev_llist_insert.o)
 .bss           0x00000000000119dc        0x0 ../final_test_bsp/\libhal_bsp.a(alt_errno.o)
 .bss           0x00000000000119dc        0x0 ../final_test_bsp/\libhal_bsp.a(alt_find_dev.o)
 .bss           0x00000000000119dc        0x0 ../final_test_bsp/\libhal_bsp.a(alt_icache_flush_all.o)
 .bss           0x00000000000119dc        0x0 ../final_test_bsp/\libhal_bsp.a(alt_irq_entry.o)
 .bss           0x00000000000119dc        0x0 ../final_test_bsp/\libhal_bsp.a(alt_irq_handler.o)
 .bss           0x00000000000119dc        0x0 ../final_test_bsp/\libhal_bsp.a(alt_tick.o)
 .bss           0x00000000000119dc        0x0 ../final_test_bsp/\libhal_bsp.a(altera_nios2_gen2_irq.o)
 .bss           0x00000000000119dc        0x0 ../final_test_bsp/\libhal_bsp.a(alt_exception_entry.o)
 .bss           0x00000000000119dc        0x0 ../final_test_bsp/\libhal_bsp.a(alt_instruction_exception_entry.o)
 .bss           0x00000000000119dc        0x0 c:/intelfpga_lite/18.1/nios2eds/bin/gnu/h-x86_64-mingw32/bin/../lib/gcc/nios2-elf/5.3.0/../../../../../H-x86_64-mingw32/nios2-elf/lib/mno-hw-mul\libsmallc.a(lib_a-memcmp.o)
 *(COMMON)
 COMMON         0x00000000000119dc      0x100 ../final_test_bsp/\libhal_bsp.a(alt_irq_handler.o)
                0x00000000000119dc                alt_irq
                0x0000000000011adc                . = ALIGN (0x4)
                0x0000000000011adc                __bss_end = ABSOLUTE (.)

.onchip_memory  0x0000000000011adc        0x0
                [!provide]                        PROVIDE (_alt_partition_onchip_memory_start, ABSOLUTE (.))
 *(.onchip_memory .onchip_memory. onchip_memory.*)
                0x0000000000011adc                . = ALIGN (0x4)
                [!provide]                        PROVIDE (_alt_partition_onchip_memory_end, ABSOLUTE (.))
                0x0000000000011adc                _end = ABSOLUTE (.)
                0x0000000000011adc                end = ABSOLUTE (.)
                0x0000000000011adc                __alt_stack_base = ABSOLUTE (.)
                [!provide]                        PROVIDE (_alt_partition_onchip_memory_load_addr, LOADADDR (.onchip_memory))

.stab
 *(.stab)

.stabstr
 *(.stabstr)

.stab.excl
 *(.stab.excl)

.stab.exclstr
 *(.stab.exclstr)

.stab.index
 *(.stab.index)

.stab.indexstr
 *(.stab.indexstr)

.comment        0x0000000000000000       0x23
 *(.comment)
 .comment       0x0000000000000000       0x23 obj/default/final_challenge.o
                                         0x24 (size before relaxing)
 .comment       0x0000000000000023       0x24 c:/intelfpga_lite/18.1/nios2eds/bin/gnu/h-x86_64-mingw32/bin/../lib/gcc/nios2-elf/5.3.0/mno-hw-mul\libgcc.a(lib2-divmod.o)
 .comment       0x0000000000000023       0x24 c:/intelfpga_lite/18.1/nios2eds/bin/gnu/h-x86_64-mingw32/bin/../lib/gcc/nios2-elf/5.3.0/mno-hw-mul\libgcc.a(lib2-mul.o)
 .comment       0x0000000000000023       0x24 c:/intelfpga_lite/18.1/nios2eds/bin/gnu/h-x86_64-mingw32/bin/../lib/gcc/nios2-elf/5.3.0/../../../../../H-x86_64-mingw32/nios2-elf/lib/mno-hw-mul\libsmallc.a(lib_a-memset.o)
 .comment       0x0000000000000023       0x24 c:/intelfpga_lite/18.1/nios2eds/bin/gnu/h-x86_64-mingw32/bin/../lib/gcc/nios2-elf/5.3.0/../../../../../H-x86_64-mingw32/nios2-elf/lib/mno-hw-mul\libsmallc.a(lib_a-printf.o)
 .comment       0x0000000000000023       0x24 c:/intelfpga_lite/18.1/nios2eds/bin/gnu/h-x86_64-mingw32/bin/../lib/gcc/nios2-elf/5.3.0/../../../../../H-x86_64-mingw32/nios2-elf/lib/mno-hw-mul\libsmallc.a(lib_a-vfprintf.o)
 .comment       0x0000000000000023       0x24 c:/intelfpga_lite/18.1/nios2eds/bin/gnu/h-x86_64-mingw32/bin/../lib/gcc/nios2-elf/5.3.0/../../../../../H-x86_64-mingw32/nios2-elf/lib/mno-hw-mul\libsmallc.a(lib_a-fvwrite_small_dev.o)
 .comment       0x0000000000000023       0x24 c:/intelfpga_lite/18.1/nios2eds/bin/gnu/h-x86_64-mingw32/bin/../lib/gcc/nios2-elf/5.3.0/../../../../../H-x86_64-mingw32/nios2-elf/lib/mno-hw-mul\libsmallc.a(lib_a-impure.o)
 .comment       0x0000000000000023       0x24 c:/intelfpga_lite/18.1/nios2eds/bin/gnu/h-x86_64-mingw32/bin/../lib/gcc/nios2-elf/5.3.0/../../../../../H-x86_64-mingw32/nios2-elf/lib/mno-hw-mul\libsmallc.a(lib_a-strlen.o)
 .comment       0x0000000000000023       0x24 c:/intelfpga_lite/18.1/nios2eds/bin/gnu/h-x86_64-mingw32/bin/../lib/gcc/nios2-elf/5.3.0/../../../../../H-x86_64-mingw32/nios2-elf/lib/mno-hw-mul\libsmallc.a(lib_a-writer.o)
 .comment       0x0000000000000023       0x24 c:/intelfpga_lite/18.1/nios2eds/bin/gnu/h-x86_64-mingw32/bin/../lib/gcc/nios2-elf/5.3.0/../../../../../H-x86_64-mingw32/nios2-elf/lib/mno-hw-mul\libsmallc.a(lib_a-int_errno.o)
 .comment       0x0000000000000023       0x24 ../final_test_bsp/\libhal_bsp.a(alt_irq_register.o)
 .comment       0x0000000000000023       0x24 ../final_test_bsp/\libhal_bsp.a(alt_irq_vars.o)
 .comment       0x0000000000000023       0x24 ../final_test_bsp/\libhal_bsp.a(alt_load.o)
 .comment       0x0000000000000023       0x24 ../final_test_bsp/\libhal_bsp.a(alt_main.o)
 .comment       0x0000000000000023       0x24 ../final_test_bsp/\libhal_bsp.a(alt_write.o)
 .comment       0x0000000000000023       0x24 ../final_test_bsp/\libhal_bsp.a(alt_sys_init.o)
 .comment       0x0000000000000023       0x24 ../final_test_bsp/\libhal_bsp.a(altera_avalon_jtag_uart_write.o)
 .comment       0x0000000000000023       0x24 ../final_test_bsp/\libhal_bsp.a(altera_avalon_timer_sc.o)
 .comment       0x0000000000000023       0x24 ../final_test_bsp/\libhal_bsp.a(altera_avalon_timer_ts.o)
 .comment       0x0000000000000023       0x24 ../final_test_bsp/\libhal_bsp.a(altera_avalon_timer_vars.o)
 .comment       0x0000000000000023       0x24 ../final_test_bsp/\libhal_bsp.a(altera_up_avalon_accelerometer_spi.o)
 .comment       0x0000000000000023       0x24 ../final_test_bsp/\libhal_bsp.a(alt_dcache_flush_all.o)
 .comment       0x0000000000000023       0x24 ../final_test_bsp/\libhal_bsp.a(alt_dev.o)
 .comment       0x0000000000000023       0x24 ../final_test_bsp/\libhal_bsp.a(alt_dev_llist_insert.o)
 .comment       0x0000000000000023       0x24 ../final_test_bsp/\libhal_bsp.a(alt_errno.o)
 .comment       0x0000000000000023       0x24 ../final_test_bsp/\libhal_bsp.a(alt_find_dev.o)
 .comment       0x0000000000000023       0x24 ../final_test_bsp/\libhal_bsp.a(alt_icache_flush_all.o)
 .comment       0x0000000000000023       0x24 ../final_test_bsp/\libhal_bsp.a(alt_irq_handler.o)
 .comment       0x0000000000000023       0x24 ../final_test_bsp/\libhal_bsp.a(alt_tick.o)
 .comment       0x0000000000000023       0x24 ../final_test_bsp/\libhal_bsp.a(altera_nios2_gen2_irq.o)
 .comment       0x0000000000000023       0x24 ../final_test_bsp/\libhal_bsp.a(alt_instruction_exception_entry.o)
 .comment       0x0000000000000023       0x24 c:/intelfpga_lite/18.1/nios2eds/bin/gnu/h-x86_64-mingw32/bin/../lib/gcc/nios2-elf/5.3.0/../../../../../H-x86_64-mingw32/nios2-elf/lib/mno-hw-mul\libsmallc.a(lib_a-memcmp.o)

.debug
 *(.debug)

.line
 *(.line)

.debug_srcinfo
 *(.debug_srcinfo)

.debug_sfnames
 *(.debug_sfnames)

.debug_aranges  0x0000000000000000      0x4b0
 *(.debug_aranges)
 .debug_aranges
                0x0000000000000000       0x28 ../final_test_bsp//obj/HAL/src/crt0.o
 .debug_aranges
                0x0000000000000028       0x28 obj/default/final_challenge.o
 .debug_aranges
                0x0000000000000050       0x20 c:/intelfpga_lite/18.1/nios2eds/bin/gnu/h-x86_64-mingw32/bin/../lib/gcc/nios2-elf/5.3.0/mno-hw-mul\libgcc.a(lib2-divmod.o)
 .debug_aranges
                0x0000000000000070       0x20 c:/intelfpga_lite/18.1/nios2eds/bin/gnu/h-x86_64-mingw32/bin/../lib/gcc/nios2-elf/5.3.0/mno-hw-mul\libgcc.a(lib2-mul.o)
 .debug_aranges
                0x0000000000000090       0x20 c:/intelfpga_lite/18.1/nios2eds/bin/gnu/h-x86_64-mingw32/bin/../lib/gcc/nios2-elf/5.3.0/../../../../../H-x86_64-mingw32/nios2-elf/lib/mno-hw-mul\libsmallc.a(lib_a-memset.o)
 .debug_aranges
                0x00000000000000b0       0x28 c:/intelfpga_lite/18.1/nios2eds/bin/gnu/h-x86_64-mingw32/bin/../lib/gcc/nios2-elf/5.3.0/../../../../../H-x86_64-mingw32/nios2-elf/lib/mno-hw-mul\libsmallc.a(lib_a-printf.o)
 .debug_aranges
                0x00000000000000d8       0x30 c:/intelfpga_lite/18.1/nios2eds/bin/gnu/h-x86_64-mingw32/bin/../lib/gcc/nios2-elf/5.3.0/../../../../../H-x86_64-mingw32/nios2-elf/lib/mno-hw-mul\libsmallc.a(lib_a-vfprintf.o)
 .debug_aranges
                0x0000000000000108       0x20 c:/intelfpga_lite/18.1/nios2eds/bin/gnu/h-x86_64-mingw32/bin/../lib/gcc/nios2-elf/5.3.0/../../../../../H-x86_64-mingw32/nios2-elf/lib/mno-hw-mul\libsmallc.a(lib_a-fvwrite_small_dev.o)
 .debug_aranges
                0x0000000000000128       0x18 c:/intelfpga_lite/18.1/nios2eds/bin/gnu/h-x86_64-mingw32/bin/../lib/gcc/nios2-elf/5.3.0/../../../../../H-x86_64-mingw32/nios2-elf/lib/mno-hw-mul\libsmallc.a(lib_a-impure.o)
 .debug_aranges
                0x0000000000000140       0x20 c:/intelfpga_lite/18.1/nios2eds/bin/gnu/h-x86_64-mingw32/bin/../lib/gcc/nios2-elf/5.3.0/../../../../../H-x86_64-mingw32/nios2-elf/lib/mno-hw-mul\libsmallc.a(lib_a-strlen.o)
 .debug_aranges
                0x0000000000000160       0x20 c:/intelfpga_lite/18.1/nios2eds/bin/gnu/h-x86_64-mingw32/bin/../lib/gcc/nios2-elf/5.3.0/../../../../../H-x86_64-mingw32/nios2-elf/lib/mno-hw-mul\libsmallc.a(lib_a-writer.o)
 .debug_aranges
                0x0000000000000180       0x18 c:/intelfpga_lite/18.1/nios2eds/bin/gnu/h-x86_64-mingw32/bin/../lib/gcc/nios2-elf/5.3.0/../../../../../H-x86_64-mingw32/nios2-elf/lib/mno-hw-mul\libsmallc.a(lib_a-int_errno.o)
 .debug_aranges
                0x0000000000000198       0x20 ../final_test_bsp/\libhal_bsp.a(alt_irq_register.o)
 .debug_aranges
                0x00000000000001b8       0x18 ../final_test_bsp/\libhal_bsp.a(alt_irq_vars.o)
 .debug_aranges
                0x00000000000001d0       0x20 ../final_test_bsp/\libhal_bsp.a(alt_load.o)
 .debug_aranges
                0x00000000000001f0       0x20 ../final_test_bsp/\libhal_bsp.a(alt_main.o)
 .debug_aranges
                0x0000000000000210       0x20 ../final_test_bsp/\libhal_bsp.a(alt_write.o)
 .debug_aranges
                0x0000000000000230       0x20 ../final_test_bsp/\libhal_bsp.a(alt_sys_init.o)
 .debug_aranges
                0x0000000000000250       0x20 ../final_test_bsp/\libhal_bsp.a(altera_avalon_jtag_uart_write.o)
 .debug_aranges
                0x0000000000000270       0x20 ../final_test_bsp/\libhal_bsp.a(altera_avalon_timer_sc.o)
 .debug_aranges
                0x0000000000000290       0x20 ../final_test_bsp/\libhal_bsp.a(altera_avalon_timer_ts.o)
 .debug_aranges
                0x00000000000002b0       0x18 ../final_test_bsp/\libhal_bsp.a(altera_avalon_timer_vars.o)
 .debug_aranges
                0x00000000000002c8       0x20 ../final_test_bsp/\libhal_bsp.a(altera_up_avalon_accelerometer_spi.o)
 .debug_aranges
                0x00000000000002e8       0x20 ../final_test_bsp/\libhal_bsp.a(alt_dcache_flush_all.o)
 .debug_aranges
                0x0000000000000308       0x20 ../final_test_bsp/\libhal_bsp.a(alt_dev.o)
 .debug_aranges
                0x0000000000000328       0x20 ../final_test_bsp/\libhal_bsp.a(alt_dev_llist_insert.o)
 .debug_aranges
                0x0000000000000348       0x18 ../final_test_bsp/\libhal_bsp.a(alt_errno.o)
 .debug_aranges
                0x0000000000000360       0x20 ../final_test_bsp/\libhal_bsp.a(alt_find_dev.o)
 .debug_aranges
                0x0000000000000380       0x20 ../final_test_bsp/\libhal_bsp.a(alt_icache_flush_all.o)
 .debug_aranges
                0x00000000000003a0       0x30 ../final_test_bsp/\libhal_bsp.a(alt_irq_entry.o)
 .debug_aranges
                0x00000000000003d0       0x20 ../final_test_bsp/\libhal_bsp.a(alt_irq_handler.o)
 .debug_aranges
                0x00000000000003f0       0x20 ../final_test_bsp/\libhal_bsp.a(alt_tick.o)
 .debug_aranges
                0x0000000000000410       0x20 ../final_test_bsp/\libhal_bsp.a(altera_nios2_gen2_irq.o)
 .debug_aranges
                0x0000000000000430       0x38 ../final_test_bsp/\libhal_bsp.a(alt_exception_entry.o)
 .debug_aranges
                0x0000000000000468       0x28 ../final_test_bsp/\libhal_bsp.a(alt_instruction_exception_entry.o)
 .debug_aranges
                0x0000000000000490       0x20 c:/intelfpga_lite/18.1/nios2eds/bin/gnu/h-x86_64-mingw32/bin/../lib/gcc/nios2-elf/5.3.0/../../../../../H-x86_64-mingw32/nios2-elf/lib/mno-hw-mul\libsmallc.a(lib_a-memcmp.o)

.debug_pubnames
 *(.debug_pubnames)

.debug_info     0x0000000000000000     0x5e47
 *(.debug_info .gnu.linkonce.wi.*)
 .debug_info    0x0000000000000000       0x97 ../final_test_bsp//obj/HAL/src/crt0.o
 .debug_info    0x0000000000000097      0x753 obj/default/final_challenge.o
 .debug_info    0x00000000000007ea      0x2c6 c:/intelfpga_lite/18.1/nios2eds/bin/gnu/h-x86_64-mingw32/bin/../lib/gcc/nios2-elf/5.3.0/mno-hw-mul\libgcc.a(lib2-divmod.o)
 .debug_info    0x0000000000000ab0       0xb4 c:/intelfpga_lite/18.1/nios2eds/bin/gnu/h-x86_64-mingw32/bin/../lib/gcc/nios2-elf/5.3.0/mno-hw-mul\libgcc.a(lib2-mul.o)
 .debug_info    0x0000000000000b64       0xdc c:/intelfpga_lite/18.1/nios2eds/bin/gnu/h-x86_64-mingw32/bin/../lib/gcc/nios2-elf/5.3.0/../../../../../H-x86_64-mingw32/nios2-elf/lib/mno-hw-mul\libsmallc.a(lib_a-memset.o)
 .debug_info    0x0000000000000c40      0x699 c:/intelfpga_lite/18.1/nios2eds/bin/gnu/h-x86_64-mingw32/bin/../lib/gcc/nios2-elf/5.3.0/../../../../../H-x86_64-mingw32/nios2-elf/lib/mno-hw-mul\libsmallc.a(lib_a-printf.o)
 .debug_info    0x00000000000012d9      0xb2b c:/intelfpga_lite/18.1/nios2eds/bin/gnu/h-x86_64-mingw32/bin/../lib/gcc/nios2-elf/5.3.0/../../../../../H-x86_64-mingw32/nios2-elf/lib/mno-hw-mul\libsmallc.a(lib_a-vfprintf.o)
 .debug_info    0x0000000000001e04      0x62b c:/intelfpga_lite/18.1/nios2eds/bin/gnu/h-x86_64-mingw32/bin/../lib/gcc/nios2-elf/5.3.0/../../../../../H-x86_64-mingw32/nios2-elf/lib/mno-hw-mul\libsmallc.a(lib_a-fvwrite_small_dev.o)
 .debug_info    0x000000000000242f      0x5a9 c:/intelfpga_lite/18.1/nios2eds/bin/gnu/h-x86_64-mingw32/bin/../lib/gcc/nios2-elf/5.3.0/../../../../../H-x86_64-mingw32/nios2-elf/lib/mno-hw-mul\libsmallc.a(lib_a-impure.o)
 .debug_info    0x00000000000029d8       0xc9 c:/intelfpga_lite/18.1/nios2eds/bin/gnu/h-x86_64-mingw32/bin/../lib/gcc/nios2-elf/5.3.0/../../../../../H-x86_64-mingw32/nios2-elf/lib/mno-hw-mul\libsmallc.a(lib_a-strlen.o)
 .debug_info    0x0000000000002aa1      0x630 c:/intelfpga_lite/18.1/nios2eds/bin/gnu/h-x86_64-mingw32/bin/../lib/gcc/nios2-elf/5.3.0/../../../../../H-x86_64-mingw32/nios2-elf/lib/mno-hw-mul\libsmallc.a(lib_a-writer.o)
 .debug_info    0x00000000000030d1       0x8a c:/intelfpga_lite/18.1/nios2eds/bin/gnu/h-x86_64-mingw32/bin/../lib/gcc/nios2-elf/5.3.0/../../../../../H-x86_64-mingw32/nios2-elf/lib/mno-hw-mul\libsmallc.a(lib_a-int_errno.o)
 .debug_info    0x000000000000315b      0x30d ../final_test_bsp/\libhal_bsp.a(alt_irq_register.o)
 .debug_info    0x0000000000003468       0x88 ../final_test_bsp/\libhal_bsp.a(alt_irq_vars.o)
 .debug_info    0x00000000000034f0      0x1c9 ../final_test_bsp/\libhal_bsp.a(alt_load.o)
 .debug_info    0x00000000000036b9      0x18f ../final_test_bsp/\libhal_bsp.a(alt_main.o)
 .debug_info    0x0000000000003848      0x1c7 ../final_test_bsp/\libhal_bsp.a(alt_write.o)
 .debug_info    0x0000000000003a0f      0x48b ../final_test_bsp/\libhal_bsp.a(alt_sys_init.o)
 .debug_info    0x0000000000003e9a      0x1ad ../final_test_bsp/\libhal_bsp.a(altera_avalon_jtag_uart_write.o)
 .debug_info    0x0000000000004047      0x28e ../final_test_bsp/\libhal_bsp.a(altera_avalon_timer_sc.o)
 .debug_info    0x00000000000042d5      0x17b ../final_test_bsp/\libhal_bsp.a(altera_avalon_timer_ts.o)
 .debug_info    0x0000000000004450       0xe9 ../final_test_bsp/\libhal_bsp.a(altera_avalon_timer_vars.o)
 .debug_info    0x0000000000004539      0x479 ../final_test_bsp/\libhal_bsp.a(altera_up_avalon_accelerometer_spi.o)
 .debug_info    0x00000000000049b2       0x92 ../final_test_bsp/\libhal_bsp.a(alt_dcache_flush_all.o)
 .debug_info    0x0000000000004a44      0x499 ../final_test_bsp/\libhal_bsp.a(alt_dev.o)
 .debug_info    0x0000000000004edd      0x1b3 ../final_test_bsp/\libhal_bsp.a(alt_dev_llist_insert.o)
 .debug_info    0x0000000000005090       0xa6 ../final_test_bsp/\libhal_bsp.a(alt_errno.o)
 .debug_info    0x0000000000005136      0x32d ../final_test_bsp/\libhal_bsp.a(alt_find_dev.o)
 .debug_info    0x0000000000005463       0x92 ../final_test_bsp/\libhal_bsp.a(alt_icache_flush_all.o)
 .debug_info    0x00000000000054f5       0xa0 ../final_test_bsp/\libhal_bsp.a(alt_irq_entry.o)
 .debug_info    0x0000000000005595      0x1a4 ../final_test_bsp/\libhal_bsp.a(alt_irq_handler.o)
 .debug_info    0x0000000000005739      0x2bf ../final_test_bsp/\libhal_bsp.a(alt_tick.o)
 .debug_info    0x00000000000059f8       0xb8 ../final_test_bsp/\libhal_bsp.a(altera_nios2_gen2_irq.o)
 .debug_info    0x0000000000005ab0       0xa6 ../final_test_bsp/\libhal_bsp.a(alt_exception_entry.o)
 .debug_info    0x0000000000005b56      0x1fd ../final_test_bsp/\libhal_bsp.a(alt_instruction_exception_entry.o)
 .debug_info    0x0000000000005d53       0xf4 c:/intelfpga_lite/18.1/nios2eds/bin/gnu/h-x86_64-mingw32/bin/../lib/gcc/nios2-elf/5.3.0/../../../../../H-x86_64-mingw32/nios2-elf/lib/mno-hw-mul\libsmallc.a(lib_a-memcmp.o)

.debug_abbrev   0x0000000000000000     0x22bd
 *(.debug_abbrev)
 .debug_abbrev  0x0000000000000000       0x12 ../final_test_bsp//obj/HAL/src/crt0.o
 .debug_abbrev  0x0000000000000012      0x28e obj/default/final_challenge.o
 .debug_abbrev  0x00000000000002a0      0x10e c:/intelfpga_lite/18.1/nios2eds/bin/gnu/h-x86_64-mingw32/bin/../lib/gcc/nios2-elf/5.3.0/mno-hw-mul\libgcc.a(lib2-divmod.o)
 .debug_abbrev  0x00000000000003ae       0x6f c:/intelfpga_lite/18.1/nios2eds/bin/gnu/h-x86_64-mingw32/bin/../lib/gcc/nios2-elf/5.3.0/mno-hw-mul\libgcc.a(lib2-mul.o)
 .debug_abbrev  0x000000000000041d       0x8e c:/intelfpga_lite/18.1/nios2eds/bin/gnu/h-x86_64-mingw32/bin/../lib/gcc/nios2-elf/5.3.0/../../../../../H-x86_64-mingw32/nios2-elf/lib/mno-hw-mul\libsmallc.a(lib_a-memset.o)
 .debug_abbrev  0x00000000000004ab      0x1ee c:/intelfpga_lite/18.1/nios2eds/bin/gnu/h-x86_64-mingw32/bin/../lib/gcc/nios2-elf/5.3.0/../../../../../H-x86_64-mingw32/nios2-elf/lib/mno-hw-mul\libsmallc.a(lib_a-printf.o)
 .debug_abbrev  0x0000000000000699      0x2a1 c:/intelfpga_lite/18.1/nios2eds/bin/gnu/h-x86_64-mingw32/bin/../lib/gcc/nios2-elf/5.3.0/../../../../../H-x86_64-mingw32/nios2-elf/lib/mno-hw-mul\libsmallc.a(lib_a-vfprintf.o)
 .debug_abbrev  0x000000000000093a      0x1bc c:/intelfpga_lite/18.1/nios2eds/bin/gnu/h-x86_64-mingw32/bin/../lib/gcc/nios2-elf/5.3.0/../../../../../H-x86_64-mingw32/nios2-elf/lib/mno-hw-mul\libsmallc.a(lib_a-fvwrite_small_dev.o)
 .debug_abbrev  0x0000000000000af6      0x14a c:/intelfpga_lite/18.1/nios2eds/bin/gnu/h-x86_64-mingw32/bin/../lib/gcc/nios2-elf/5.3.0/../../../../../H-x86_64-mingw32/nios2-elf/lib/mno-hw-mul\libsmallc.a(lib_a-impure.o)
 .debug_abbrev  0x0000000000000c40       0x7f c:/intelfpga_lite/18.1/nios2eds/bin/gnu/h-x86_64-mingw32/bin/../lib/gcc/nios2-elf/5.3.0/../../../../../H-x86_64-mingw32/nios2-elf/lib/mno-hw-mul\libsmallc.a(lib_a-strlen.o)
 .debug_abbrev  0x0000000000000cbf      0x1a6 c:/intelfpga_lite/18.1/nios2eds/bin/gnu/h-x86_64-mingw32/bin/../lib/gcc/nios2-elf/5.3.0/../../../../../H-x86_64-mingw32/nios2-elf/lib/mno-hw-mul\libsmallc.a(lib_a-writer.o)
 .debug_abbrev  0x0000000000000e65       0x37 c:/intelfpga_lite/18.1/nios2eds/bin/gnu/h-x86_64-mingw32/bin/../lib/gcc/nios2-elf/5.3.0/../../../../../H-x86_64-mingw32/nios2-elf/lib/mno-hw-mul\libsmallc.a(lib_a-int_errno.o)
 .debug_abbrev  0x0000000000000e9c      0x1a5 ../final_test_bsp/\libhal_bsp.a(alt_irq_register.o)
 .debug_abbrev  0x0000000000001041       0x40 ../final_test_bsp/\libhal_bsp.a(alt_irq_vars.o)
 .debug_abbrev  0x0000000000001081       0xd8 ../final_test_bsp/\libhal_bsp.a(alt_load.o)
 .debug_abbrev  0x0000000000001159       0xf5 ../final_test_bsp/\libhal_bsp.a(alt_main.o)
 .debug_abbrev  0x000000000000124e      0x12e ../final_test_bsp/\libhal_bsp.a(alt_write.o)
 .debug_abbrev  0x000000000000137c      0x1b2 ../final_test_bsp/\libhal_bsp.a(alt_sys_init.o)
 .debug_abbrev  0x000000000000152e       0xd5 ../final_test_bsp/\libhal_bsp.a(altera_avalon_jtag_uart_write.o)
 .debug_abbrev  0x0000000000001603      0x194 ../final_test_bsp/\libhal_bsp.a(altera_avalon_timer_sc.o)
 .debug_abbrev  0x0000000000001797       0xd1 ../final_test_bsp/\libhal_bsp.a(altera_avalon_timer_ts.o)
 .debug_abbrev  0x0000000000001868       0x83 ../final_test_bsp/\libhal_bsp.a(altera_avalon_timer_vars.o)
 .debug_abbrev  0x00000000000018eb      0x119 ../final_test_bsp/\libhal_bsp.a(altera_up_avalon_accelerometer_spi.o)
 .debug_abbrev  0x0000000000001a04       0x42 ../final_test_bsp/\libhal_bsp.a(alt_dcache_flush_all.o)
 .debug_abbrev  0x0000000000001a46       0xd9 ../final_test_bsp/\libhal_bsp.a(alt_dev.o)
 .debug_abbrev  0x0000000000001b1f      0x11c ../final_test_bsp/\libhal_bsp.a(alt_dev_llist_insert.o)
 .debug_abbrev  0x0000000000001c3b       0x5a ../final_test_bsp/\libhal_bsp.a(alt_errno.o)
 .debug_abbrev  0x0000000000001c95      0x125 ../final_test_bsp/\libhal_bsp.a(alt_find_dev.o)
 .debug_abbrev  0x0000000000001dba       0x42 ../final_test_bsp/\libhal_bsp.a(alt_icache_flush_all.o)
 .debug_abbrev  0x0000000000001dfc       0x12 ../final_test_bsp/\libhal_bsp.a(alt_irq_entry.o)
 .debug_abbrev  0x0000000000001e0e      0x138 ../final_test_bsp/\libhal_bsp.a(alt_irq_handler.o)
 .debug_abbrev  0x0000000000001f46      0x198 ../final_test_bsp/\libhal_bsp.a(alt_tick.o)
 .debug_abbrev  0x00000000000020de       0x67 ../final_test_bsp/\libhal_bsp.a(altera_nios2_gen2_irq.o)
 .debug_abbrev  0x0000000000002145       0x12 ../final_test_bsp/\libhal_bsp.a(alt_exception_entry.o)
 .debug_abbrev  0x0000000000002157       0xe7 ../final_test_bsp/\libhal_bsp.a(alt_instruction_exception_entry.o)
 .debug_abbrev  0x000000000000223e       0x7f c:/intelfpga_lite/18.1/nios2eds/bin/gnu/h-x86_64-mingw32/bin/../lib/gcc/nios2-elf/5.3.0/../../../../../H-x86_64-mingw32/nios2-elf/lib/mno-hw-mul\libsmallc.a(lib_a-memcmp.o)

.debug_line     0x0000000000000000     0x257e
 *(.debug_line)
 .debug_line    0x0000000000000000       0x66 ../final_test_bsp//obj/HAL/src/crt0.o
 .debug_line    0x0000000000000066      0x221 obj/default/final_challenge.o
 .debug_line    0x0000000000000287      0x105 c:/intelfpga_lite/18.1/nios2eds/bin/gnu/h-x86_64-mingw32/bin/../lib/gcc/nios2-elf/5.3.0/mno-hw-mul\libgcc.a(lib2-divmod.o)
 .debug_line    0x000000000000038c       0x80 c:/intelfpga_lite/18.1/nios2eds/bin/gnu/h-x86_64-mingw32/bin/../lib/gcc/nios2-elf/5.3.0/mno-hw-mul\libgcc.a(lib2-mul.o)
 .debug_line    0x000000000000040c      0x15d c:/intelfpga_lite/18.1/nios2eds/bin/gnu/h-x86_64-mingw32/bin/../lib/gcc/nios2-elf/5.3.0/../../../../../H-x86_64-mingw32/nios2-elf/lib/mno-hw-mul\libsmallc.a(lib_a-memset.o)
 .debug_line    0x0000000000000569      0x203 c:/intelfpga_lite/18.1/nios2eds/bin/gnu/h-x86_64-mingw32/bin/../lib/gcc/nios2-elf/5.3.0/../../../../../H-x86_64-mingw32/nios2-elf/lib/mno-hw-mul\libsmallc.a(lib_a-printf.o)
 .debug_line    0x000000000000076c      0x351 c:/intelfpga_lite/18.1/nios2eds/bin/gnu/h-x86_64-mingw32/bin/../lib/gcc/nios2-elf/5.3.0/../../../../../H-x86_64-mingw32/nios2-elf/lib/mno-hw-mul\libsmallc.a(lib_a-vfprintf.o)
 .debug_line    0x0000000000000abd      0x1f0 c:/intelfpga_lite/18.1/nios2eds/bin/gnu/h-x86_64-mingw32/bin/../lib/gcc/nios2-elf/5.3.0/../../../../../H-x86_64-mingw32/nios2-elf/lib/mno-hw-mul\libsmallc.a(lib_a-fvwrite_small_dev.o)
 .debug_line    0x0000000000000cad      0x156 c:/intelfpga_lite/18.1/nios2eds/bin/gnu/h-x86_64-mingw32/bin/../lib/gcc/nios2-elf/5.3.0/../../../../../H-x86_64-mingw32/nios2-elf/lib/mno-hw-mul\libsmallc.a(lib_a-impure.o)
 .debug_line    0x0000000000000e03      0x15c c:/intelfpga_lite/18.1/nios2eds/bin/gnu/h-x86_64-mingw32/bin/../lib/gcc/nios2-elf/5.3.0/../../../../../H-x86_64-mingw32/nios2-elf/lib/mno-hw-mul\libsmallc.a(lib_a-strlen.o)
 .debug_line    0x0000000000000f5f      0x1ed c:/intelfpga_lite/18.1/nios2eds/bin/gnu/h-x86_64-mingw32/bin/../lib/gcc/nios2-elf/5.3.0/../../../../../H-x86_64-mingw32/nios2-elf/lib/mno-hw-mul\libsmallc.a(lib_a-writer.o)
 .debug_line    0x000000000000114c       0x5f c:/intelfpga_lite/18.1/nios2eds/bin/gnu/h-x86_64-mingw32/bin/../lib/gcc/nios2-elf/5.3.0/../../../../../H-x86_64-mingw32/nios2-elf/lib/mno-hw-mul\libsmallc.a(lib_a-int_errno.o)
 .debug_line    0x00000000000011ab       0xed ../final_test_bsp/\libhal_bsp.a(alt_irq_register.o)
 .debug_line    0x0000000000001298       0x50 ../final_test_bsp/\libhal_bsp.a(alt_irq_vars.o)
 .debug_line    0x00000000000012e8       0xa4 ../final_test_bsp/\libhal_bsp.a(alt_load.o)
 .debug_line    0x000000000000138c       0xea ../final_test_bsp/\libhal_bsp.a(alt_main.o)
 .debug_line    0x0000000000001476      0x16a ../final_test_bsp/\libhal_bsp.a(alt_write.o)
 .debug_line    0x00000000000015e0      0x17f ../final_test_bsp/\libhal_bsp.a(alt_sys_init.o)
 .debug_line    0x000000000000175f      0x104 ../final_test_bsp/\libhal_bsp.a(altera_avalon_jtag_uart_write.o)
 .debug_line    0x0000000000001863      0x113 ../final_test_bsp/\libhal_bsp.a(altera_avalon_timer_sc.o)
 .debug_line    0x0000000000001976       0xe2 ../final_test_bsp/\libhal_bsp.a(altera_avalon_timer_ts.o)
 .debug_line    0x0000000000001a58       0x8a ../final_test_bsp/\libhal_bsp.a(altera_avalon_timer_vars.o)
 .debug_line    0x0000000000001ae2      0x131 ../final_test_bsp/\libhal_bsp.a(altera_up_avalon_accelerometer_spi.o)
 .debug_line    0x0000000000001c13       0x4e ../final_test_bsp/\libhal_bsp.a(alt_dcache_flush_all.o)
 .debug_line    0x0000000000001c61       0xf6 ../final_test_bsp/\libhal_bsp.a(alt_dev.o)
 .debug_line    0x0000000000001d57       0xd8 ../final_test_bsp/\libhal_bsp.a(alt_dev_llist_insert.o)
 .debug_line    0x0000000000001e2f       0x51 ../final_test_bsp/\libhal_bsp.a(alt_errno.o)
 .debug_line    0x0000000000001e80      0x107 ../final_test_bsp/\libhal_bsp.a(alt_find_dev.o)
 .debug_line    0x0000000000001f87       0x4e ../final_test_bsp/\libhal_bsp.a(alt_icache_flush_all.o)
 .debug_line    0x0000000000001fd5       0x6b ../final_test_bsp/\libhal_bsp.a(alt_irq_entry.o)
 .debug_line    0x0000000000002040       0xc8 ../final_test_bsp/\libhal_bsp.a(alt_irq_handler.o)
 .debug_line    0x0000000000002108      0x118 ../final_test_bsp/\libhal_bsp.a(alt_tick.o)
 .debug_line    0x0000000000002220       0x8c ../final_test_bsp/\libhal_bsp.a(altera_nios2_gen2_irq.o)
 .debug_line    0x00000000000022ac       0xb3 ../final_test_bsp/\libhal_bsp.a(alt_exception_entry.o)
 .debug_line    0x000000000000235f       0xbf ../final_test_bsp/\libhal_bsp.a(alt_instruction_exception_entry.o)
 .debug_line    0x000000000000241e      0x160 c:/intelfpga_lite/18.1/nios2eds/bin/gnu/h-x86_64-mingw32/bin/../lib/gcc/nios2-elf/5.3.0/../../../../../H-x86_64-mingw32/nios2-elf/lib/mno-hw-mul\libsmallc.a(lib_a-memcmp.o)

.debug_frame    0x0000000000000000      0x688
 *(.debug_frame)
 .debug_frame   0x0000000000000000       0xa8 obj/default/final_challenge.o
 .debug_frame   0x00000000000000a8       0x50 c:/intelfpga_lite/18.1/nios2eds/bin/gnu/h-x86_64-mingw32/bin/../lib/gcc/nios2-elf/5.3.0/mno-hw-mul\libgcc.a(lib2-divmod.o)
 .debug_frame   0x00000000000000f8       0x20 c:/intelfpga_lite/18.1/nios2eds/bin/gnu/h-x86_64-mingw32/bin/../lib/gcc/nios2-elf/5.3.0/mno-hw-mul\libgcc.a(lib2-mul.o)
 .debug_frame   0x0000000000000118       0x20 c:/intelfpga_lite/18.1/nios2eds/bin/gnu/h-x86_64-mingw32/bin/../lib/gcc/nios2-elf/5.3.0/../../../../../H-x86_64-mingw32/nios2-elf/lib/mno-hw-mul\libsmallc.a(lib_a-memset.o)
 .debug_frame   0x0000000000000138       0x48 c:/intelfpga_lite/18.1/nios2eds/bin/gnu/h-x86_64-mingw32/bin/../lib/gcc/nios2-elf/5.3.0/../../../../../H-x86_64-mingw32/nios2-elf/lib/mno-hw-mul\libsmallc.a(lib_a-printf.o)
 .debug_frame   0x0000000000000180       0x8c c:/intelfpga_lite/18.1/nios2eds/bin/gnu/h-x86_64-mingw32/bin/../lib/gcc/nios2-elf/5.3.0/../../../../../H-x86_64-mingw32/nios2-elf/lib/mno-hw-mul\libsmallc.a(lib_a-vfprintf.o)
 .debug_frame   0x000000000000020c       0x58 c:/intelfpga_lite/18.1/nios2eds/bin/gnu/h-x86_64-mingw32/bin/../lib/gcc/nios2-elf/5.3.0/../../../../../H-x86_64-mingw32/nios2-elf/lib/mno-hw-mul\libsmallc.a(lib_a-fvwrite_small_dev.o)
 .debug_frame   0x0000000000000264       0x20 c:/intelfpga_lite/18.1/nios2eds/bin/gnu/h-x86_64-mingw32/bin/../lib/gcc/nios2-elf/5.3.0/../../../../../H-x86_64-mingw32/nios2-elf/lib/mno-hw-mul\libsmallc.a(lib_a-strlen.o)
 .debug_frame   0x0000000000000284       0x38 c:/intelfpga_lite/18.1/nios2eds/bin/gnu/h-x86_64-mingw32/bin/../lib/gcc/nios2-elf/5.3.0/../../../../../H-x86_64-mingw32/nios2-elf/lib/mno-hw-mul\libsmallc.a(lib_a-writer.o)
 .debug_frame   0x00000000000002bc       0x20 ../final_test_bsp/\libhal_bsp.a(alt_irq_register.o)
 .debug_frame   0x00000000000002dc       0x30 ../final_test_bsp/\libhal_bsp.a(alt_load.o)
 .debug_frame   0x000000000000030c       0x2c ../final_test_bsp/\libhal_bsp.a(alt_main.o)
 .debug_frame   0x0000000000000338       0x2c ../final_test_bsp/\libhal_bsp.a(alt_write.o)
 .debug_frame   0x0000000000000364       0x48 ../final_test_bsp/\libhal_bsp.a(alt_sys_init.o)
 .debug_frame   0x00000000000003ac       0x20 ../final_test_bsp/\libhal_bsp.a(altera_avalon_jtag_uart_write.o)
 .debug_frame   0x00000000000003cc       0x40 ../final_test_bsp/\libhal_bsp.a(altera_avalon_timer_sc.o)
 .debug_frame   0x000000000000040c       0x40 ../final_test_bsp/\libhal_bsp.a(altera_avalon_timer_ts.o)
 .debug_frame   0x000000000000044c       0x80 ../final_test_bsp/\libhal_bsp.a(altera_up_avalon_accelerometer_spi.o)
 .debug_frame   0x00000000000004cc       0x20 ../final_test_bsp/\libhal_bsp.a(alt_dcache_flush_all.o)
 .debug_frame   0x00000000000004ec       0x20 ../final_test_bsp/\libhal_bsp.a(alt_dev.o)
 .debug_frame   0x000000000000050c       0x2c ../final_test_bsp/\libhal_bsp.a(alt_dev_llist_insert.o)
 .debug_frame   0x0000000000000538       0x3c ../final_test_bsp/\libhal_bsp.a(alt_find_dev.o)
 .debug_frame   0x0000000000000574       0x20 ../final_test_bsp/\libhal_bsp.a(alt_icache_flush_all.o)
 .debug_frame   0x0000000000000594       0x34 ../final_test_bsp/\libhal_bsp.a(alt_irq_handler.o)
 .debug_frame   0x00000000000005c8       0x50 ../final_test_bsp/\libhal_bsp.a(alt_tick.o)
 .debug_frame   0x0000000000000618       0x20 ../final_test_bsp/\libhal_bsp.a(altera_nios2_gen2_irq.o)
 .debug_frame   0x0000000000000638       0x30 ../final_test_bsp/\libhal_bsp.a(alt_instruction_exception_entry.o)
 .debug_frame   0x0000000000000668       0x20 c:/intelfpga_lite/18.1/nios2eds/bin/gnu/h-x86_64-mingw32/bin/../lib/gcc/nios2-elf/5.3.0/../../../../../H-x86_64-mingw32/nios2-elf/lib/mno-hw-mul\libsmallc.a(lib_a-memcmp.o)

.debug_str      0x0000000000000000     0x1bd7
 *(.debug_str)
 .debug_str     0x0000000000000000      0x38c obj/default/final_challenge.o
                                        0x3f0 (size before relaxing)
 .debug_str     0x000000000000038c      0x187 c:/intelfpga_lite/18.1/nios2eds/bin/gnu/h-x86_64-mingw32/bin/../lib/gcc/nios2-elf/5.3.0/mno-hw-mul\libgcc.a(lib2-divmod.o)
                                        0x1d2 (size before relaxing)
 .debug_str     0x0000000000000513       0x40 c:/intelfpga_lite/18.1/nios2eds/bin/gnu/h-x86_64-mingw32/bin/../lib/gcc/nios2-elf/5.3.0/mno-hw-mul\libgcc.a(lib2-mul.o)
                                        0x193 (size before relaxing)
 .debug_str     0x0000000000000553      0x133 c:/intelfpga_lite/18.1/nios2eds/bin/gnu/h-x86_64-mingw32/bin/../lib/gcc/nios2-elf/5.3.0/../../../../../H-x86_64-mingw32/nios2-elf/lib/mno-hw-mul\libsmallc.a(lib_a-memset.o)
                                        0x1df (size before relaxing)
 .debug_str     0x0000000000000686      0x3c1 c:/intelfpga_lite/18.1/nios2eds/bin/gnu/h-x86_64-mingw32/bin/../lib/gcc/nios2-elf/5.3.0/../../../../../H-x86_64-mingw32/nios2-elf/lib/mno-hw-mul\libsmallc.a(lib_a-printf.o)
                                        0x504 (size before relaxing)
 .debug_str     0x0000000000000a47      0x1ff c:/intelfpga_lite/18.1/nios2eds/bin/gnu/h-x86_64-mingw32/bin/../lib/gcc/nios2-elf/5.3.0/../../../../../H-x86_64-mingw32/nios2-elf/lib/mno-hw-mul\libsmallc.a(lib_a-vfprintf.o)
                                        0x67f (size before relaxing)
 .debug_str     0x0000000000000c46       0x78 c:/intelfpga_lite/18.1/nios2eds/bin/gnu/h-x86_64-mingw32/bin/../lib/gcc/nios2-elf/5.3.0/../../../../../H-x86_64-mingw32/nios2-elf/lib/mno-hw-mul\libsmallc.a(lib_a-fvwrite_small_dev.o)
                                        0x4d4 (size before relaxing)
 .debug_str     0x0000000000000cbe       0xef c:/intelfpga_lite/18.1/nios2eds/bin/gnu/h-x86_64-mingw32/bin/../lib/gcc/nios2-elf/5.3.0/../../../../../H-x86_64-mingw32/nios2-elf/lib/mno-hw-mul\libsmallc.a(lib_a-impure.o)
                                        0x4be (size before relaxing)
 .debug_str     0x0000000000000dad       0x3d c:/intelfpga_lite/18.1/nios2eds/bin/gnu/h-x86_64-mingw32/bin/../lib/gcc/nios2-elf/5.3.0/../../../../../H-x86_64-mingw32/nios2-elf/lib/mno-hw-mul\libsmallc.a(lib_a-strlen.o)
                                        0x1e5 (size before relaxing)
 .debug_str     0x0000000000000dea       0x45 c:/intelfpga_lite/18.1/nios2eds/bin/gnu/h-x86_64-mingw32/bin/../lib/gcc/nios2-elf/5.3.0/../../../../../H-x86_64-mingw32/nios2-elf/lib/mno-hw-mul\libsmallc.a(lib_a-writer.o)
                                        0x4b8 (size before relaxing)
 .debug_str     0x0000000000000e2f       0x3f c:/intelfpga_lite/18.1/nios2eds/bin/gnu/h-x86_64-mingw32/bin/../lib/gcc/nios2-elf/5.3.0/../../../../../H-x86_64-mingw32/nios2-elf/lib/mno-hw-mul\libsmallc.a(lib_a-int_errno.o)
                                        0x1d8 (size before relaxing)
 .debug_str     0x0000000000000e6e      0x100 ../final_test_bsp/\libhal_bsp.a(alt_irq_register.o)
                                        0x231 (size before relaxing)
 .debug_str     0x0000000000000f6e       0x17 ../final_test_bsp/\libhal_bsp.a(alt_irq_vars.o)
                                        0x163 (size before relaxing)
 .debug_str     0x0000000000000f85      0x113 ../final_test_bsp/\libhal_bsp.a(alt_load.o)
                                        0x265 (size before relaxing)
 .debug_str     0x0000000000001098       0x5e ../final_test_bsp/\libhal_bsp.a(alt_main.o)
                                        0x207 (size before relaxing)
 .debug_str     0x00000000000010f6       0x74 ../final_test_bsp/\libhal_bsp.a(alt_write.o)
                                        0x207 (size before relaxing)
 .debug_str     0x000000000000116a      0x113 ../final_test_bsp/\libhal_bsp.a(alt_sys_init.o)
                                        0x38c (size before relaxing)
 .debug_str     0x000000000000127d       0x2c ../final_test_bsp/\libhal_bsp.a(altera_avalon_jtag_uart_write.o)
                                        0x25f (size before relaxing)
 .debug_str     0x00000000000012a9       0x6f ../final_test_bsp/\libhal_bsp.a(altera_avalon_timer_sc.o)
                                        0x2af (size before relaxing)
 .debug_str     0x0000000000001318       0x44 ../final_test_bsp/\libhal_bsp.a(altera_avalon_timer_ts.o)
                                        0x22d (size before relaxing)
 .debug_str     0x000000000000135c       0x27 ../final_test_bsp/\libhal_bsp.a(altera_avalon_timer_vars.o)
                                        0x1e2 (size before relaxing)
 .debug_str     0x0000000000001383       0xfe ../final_test_bsp/\libhal_bsp.a(altera_up_avalon_accelerometer_spi.o)
                                        0x377 (size before relaxing)
 .debug_str     0x0000000000001481       0x1f ../final_test_bsp/\libhal_bsp.a(alt_dcache_flush_all.o)
                                        0x17e (size before relaxing)
 .debug_str     0x00000000000014a0      0x125 ../final_test_bsp/\libhal_bsp.a(alt_dev.o)
                                        0x32e (size before relaxing)
 .debug_str     0x00000000000015c5       0x30 ../final_test_bsp/\libhal_bsp.a(alt_dev_llist_insert.o)
                                        0x1f5 (size before relaxing)
 .debug_str     0x00000000000015f5       0x14 ../final_test_bsp/\libhal_bsp.a(alt_errno.o)
                                        0x16e (size before relaxing)
 .debug_str     0x0000000000001609       0x1e ../final_test_bsp/\libhal_bsp.a(alt_find_dev.o)
                                        0x223 (size before relaxing)
 .debug_str     0x0000000000001627       0x1f ../final_test_bsp/\libhal_bsp.a(alt_icache_flush_all.o)
                                        0x17e (size before relaxing)
 .debug_str     0x0000000000001646       0x3a ../final_test_bsp/\libhal_bsp.a(alt_irq_handler.o)
                                        0x1e1 (size before relaxing)
 .debug_str     0x0000000000001680       0x6f ../final_test_bsp/\libhal_bsp.a(alt_tick.o)
                                        0x29c (size before relaxing)
 .debug_str     0x00000000000016ef       0x20 ../final_test_bsp/\libhal_bsp.a(altera_nios2_gen2_irq.o)
                                        0x1ae (size before relaxing)
 .debug_str     0x000000000000170f      0x48b ../final_test_bsp/\libhal_bsp.a(alt_instruction_exception_entry.o)
                                        0x5c9 (size before relaxing)
 .debug_str     0x0000000000001b9a       0x3d c:/intelfpga_lite/18.1/nios2eds/bin/gnu/h-x86_64-mingw32/bin/../lib/gcc/nios2-elf/5.3.0/../../../../../H-x86_64-mingw32/nios2-elf/lib/mno-hw-mul\libsmallc.a(lib_a-memcmp.o)
                                        0x1df (size before relaxing)

.debug_loc      0x0000000000000000     0x1b5e
 *(.debug_loc)
 .debug_loc     0x0000000000000000      0x25a obj/default/final_challenge.o
 .debug_loc     0x000000000000025a      0x4ce c:/intelfpga_lite/18.1/nios2eds/bin/gnu/h-x86_64-mingw32/bin/../lib/gcc/nios2-elf/5.3.0/mno-hw-mul\libgcc.a(lib2-divmod.o)
 .debug_loc     0x0000000000000728       0x93 c:/intelfpga_lite/18.1/nios2eds/bin/gnu/h-x86_64-mingw32/bin/../lib/gcc/nios2-elf/5.3.0/mno-hw-mul\libgcc.a(lib2-mul.o)
 .debug_loc     0x00000000000007bb       0xa5 c:/intelfpga_lite/18.1/nios2eds/bin/gnu/h-x86_64-mingw32/bin/../lib/gcc/nios2-elf/5.3.0/../../../../../H-x86_64-mingw32/nios2-elf/lib/mno-hw-mul\libsmallc.a(lib_a-memset.o)
 .debug_loc     0x0000000000000860       0xc6 c:/intelfpga_lite/18.1/nios2eds/bin/gnu/h-x86_64-mingw32/bin/../lib/gcc/nios2-elf/5.3.0/../../../../../H-x86_64-mingw32/nios2-elf/lib/mno-hw-mul\libsmallc.a(lib_a-printf.o)
 .debug_loc     0x0000000000000926      0x954 c:/intelfpga_lite/18.1/nios2eds/bin/gnu/h-x86_64-mingw32/bin/../lib/gcc/nios2-elf/5.3.0/../../../../../H-x86_64-mingw32/nios2-elf/lib/mno-hw-mul\libsmallc.a(lib_a-vfprintf.o)
 .debug_loc     0x000000000000127a      0x110 c:/intelfpga_lite/18.1/nios2eds/bin/gnu/h-x86_64-mingw32/bin/../lib/gcc/nios2-elf/5.3.0/../../../../../H-x86_64-mingw32/nios2-elf/lib/mno-hw-mul\libsmallc.a(lib_a-fvwrite_small_dev.o)
 .debug_loc     0x000000000000138a       0x1e c:/intelfpga_lite/18.1/nios2eds/bin/gnu/h-x86_64-mingw32/bin/../lib/gcc/nios2-elf/5.3.0/../../../../../H-x86_64-mingw32/nios2-elf/lib/mno-hw-mul\libsmallc.a(lib_a-strlen.o)
 .debug_loc     0x00000000000013a8       0xa5 c:/intelfpga_lite/18.1/nios2eds/bin/gnu/h-x86_64-mingw32/bin/../lib/gcc/nios2-elf/5.3.0/../../../../../H-x86_64-mingw32/nios2-elf/lib/mno-hw-mul\libsmallc.a(lib_a-writer.o)
 .debug_loc     0x000000000000144d       0xfa ../final_test_bsp/\libhal_bsp.a(alt_irq_register.o)
 .debug_loc     0x0000000000001547       0xcf ../final_test_bsp/\libhal_bsp.a(alt_write.o)
 .debug_loc     0x0000000000001616       0x21 ../final_test_bsp/\libhal_bsp.a(alt_sys_init.o)
 .debug_loc     0x0000000000001637       0x8b ../final_test_bsp/\libhal_bsp.a(altera_avalon_jtag_uart_write.o)
 .debug_loc     0x00000000000016c2      0x102 ../final_test_bsp/\libhal_bsp.a(altera_avalon_timer_sc.o)
 .debug_loc     0x00000000000017c4       0x5b ../final_test_bsp/\libhal_bsp.a(altera_avalon_timer_ts.o)
 .debug_loc     0x000000000000181f       0x63 ../final_test_bsp/\libhal_bsp.a(altera_up_avalon_accelerometer_spi.o)
 .debug_loc     0x0000000000001882       0x7e ../final_test_bsp/\libhal_bsp.a(alt_dev_llist_insert.o)
 .debug_loc     0x0000000000001900       0x7e ../final_test_bsp/\libhal_bsp.a(alt_find_dev.o)
 .debug_loc     0x000000000000197e       0x72 ../final_test_bsp/\libhal_bsp.a(alt_irq_handler.o)
 .debug_loc     0x00000000000019f0       0x75 ../final_test_bsp/\libhal_bsp.a(alt_tick.o)
 .debug_loc     0x0000000000001a65       0x65 ../final_test_bsp/\libhal_bsp.a(alt_instruction_exception_entry.o)
 .debug_loc     0x0000000000001aca       0x94 c:/intelfpga_lite/18.1/nios2eds/bin/gnu/h-x86_64-mingw32/bin/../lib/gcc/nios2-elf/5.3.0/../../../../../H-x86_64-mingw32/nios2-elf/lib/mno-hw-mul\libsmallc.a(lib_a-memcmp.o)

.debug_macinfo
 *(.debug_macinfo)

.debug_weaknames
 *(.debug_weaknames)

.debug_funcnames
 *(.debug_funcnames)

.debug_typenames
 *(.debug_typenames)

.debug_varnames
 *(.debug_varnames)

.debug_alt_sim_info
                0x0000000000000000       0x10
 *(.debug_alt_sim_info)
 .debug_alt_sim_info
                0x0000000000000000       0x10 ../final_test_bsp//obj/HAL/src/crt0.o
                0x0000000000020000                __alt_data_end = 0x20000
                0x0000000000020000                PROVIDE (__alt_stack_pointer, __alt_data_end)
                [!provide]                        PROVIDE (__alt_stack_limit, __alt_stack_base)
                [!provide]                        PROVIDE (__alt_heap_start, end)
                [!provide]                        PROVIDE (__alt_heap_limit, 0x20000)
OUTPUT(final_test.elf elf32-littlenios2)

.debug_ranges   0x0000000000000000      0x3b8
 .debug_ranges  0x0000000000000000       0x20 ../final_test_bsp//obj/HAL/src/crt0.o
 .debug_ranges  0x0000000000000020       0xb8 obj/default/final_challenge.o
 .debug_ranges  0x00000000000000d8       0x60 c:/intelfpga_lite/18.1/nios2eds/bin/gnu/h-x86_64-mingw32/bin/../lib/gcc/nios2-elf/5.3.0/mno-hw-mul\libgcc.a(lib2-divmod.o)
 .debug_ranges  0x0000000000000138       0x10 c:/intelfpga_lite/18.1/nios2eds/bin/gnu/h-x86_64-mingw32/bin/../lib/gcc/nios2-elf/5.3.0/../../../../../H-x86_64-mingw32/nios2-elf/lib/mno-hw-mul\libsmallc.a(lib_a-memset.o)
 .debug_ranges  0x0000000000000148       0x18 c:/intelfpga_lite/18.1/nios2eds/bin/gnu/h-x86_64-mingw32/bin/../lib/gcc/nios2-elf/5.3.0/../../../../../H-x86_64-mingw32/nios2-elf/lib/mno-hw-mul\libsmallc.a(lib_a-printf.o)
 .debug_ranges  0x0000000000000160       0xc8 c:/intelfpga_lite/18.1/nios2eds/bin/gnu/h-x86_64-mingw32/bin/../lib/gcc/nios2-elf/5.3.0/../../../../../H-x86_64-mingw32/nios2-elf/lib/mno-hw-mul\libsmallc.a(lib_a-vfprintf.o)
 .debug_ranges  0x0000000000000228       0x28 c:/intelfpga_lite/18.1/nios2eds/bin/gnu/h-x86_64-mingw32/bin/../lib/gcc/nios2-elf/5.3.0/../../../../../H-x86_64-mingw32/nios2-elf/lib/mno-hw-mul\libsmallc.a(lib_a-fvwrite_small_dev.o)
 .debug_ranges  0x0000000000000250       0x10 c:/intelfpga_lite/18.1/nios2eds/bin/gnu/h-x86_64-mingw32/bin/../lib/gcc/nios2-elf/5.3.0/../../../../../H-x86_64-mingw32/nios2-elf/lib/mno-hw-mul\libsmallc.a(lib_a-strlen.o)
 .debug_ranges  0x0000000000000260       0x10 c:/intelfpga_lite/18.1/nios2eds/bin/gnu/h-x86_64-mingw32/bin/../lib/gcc/nios2-elf/5.3.0/../../../../../H-x86_64-mingw32/nios2-elf/lib/mno-hw-mul\libsmallc.a(lib_a-writer.o)
 .debug_ranges  0x0000000000000270       0x48 ../final_test_bsp/\libhal_bsp.a(alt_load.o)
 .debug_ranges  0x00000000000002b8       0x20 ../final_test_bsp/\libhal_bsp.a(alt_write.o)
 .debug_ranges  0x00000000000002d8       0x18 ../final_test_bsp/\libhal_bsp.a(alt_sys_init.o)
 .debug_ranges  0x00000000000002f0       0x18 ../final_test_bsp/\libhal_bsp.a(altera_avalon_timer_sc.o)
 .debug_ranges  0x0000000000000308       0x20 ../final_test_bsp/\libhal_bsp.a(alt_dev_llist_insert.o)
 .debug_ranges  0x0000000000000328       0x28 ../final_test_bsp/\libhal_bsp.a(alt_irq_entry.o)
 .debug_ranges  0x0000000000000350       0x10 ../final_test_bsp/\libhal_bsp.a(alt_irq_handler.o)
 .debug_ranges  0x0000000000000360       0x30 ../final_test_bsp/\libhal_bsp.a(alt_exception_entry.o)
 .debug_ranges  0x0000000000000390       0x18 ../final_test_bsp/\libhal_bsp.a(alt_instruction_exception_entry.o)
 .debug_ranges  0x00000000000003a8       0x10 c:/intelfpga_lite/18.1/nios2eds/bin/gnu/h-x86_64-mingw32/bin/../lib/gcc/nios2-elf/5.3.0/../../../../../H-x86_64-mingw32/nios2-elf/lib/mno-hw-mul\libsmallc.a(lib_a-memcmp.o)
