Archive member included to satisfy reference by file (symbol)

../temp_test_8_bsp/\libhal_bsp.a(alt_load.o)
                              ../temp_test_8_bsp//obj/HAL/src/crt0.o (alt_load)
../temp_test_8_bsp/\libhal_bsp.a(alt_main.o)
                              ../temp_test_8_bsp//obj/HAL/src/crt0.o (alt_main)
../temp_test_8_bsp/\libhal_bsp.a(alt_printf.o)
                              obj/default/hello_world_small.o (alt_printf)
../temp_test_8_bsp/\libhal_bsp.a(alt_putchar.o)
                              ../temp_test_8_bsp/\libhal_bsp.a(alt_printf.o) (alt_putchar)
../temp_test_8_bsp/\libhal_bsp.a(alt_putstr.o)
                              obj/default/hello_world_small.o (alt_putstr)
../temp_test_8_bsp/\libhal_bsp.a(alt_sys_init.o)
                              ../temp_test_8_bsp/\libhal_bsp.a(alt_main.o) (alt_irq_init)
../temp_test_8_bsp/\libhal_bsp.a(altera_avalon_jtag_uart_write.o)
                              ../temp_test_8_bsp/\libhal_bsp.a(alt_putchar.o) (altera_avalon_jtag_uart_write)
../temp_test_8_bsp/\libhal_bsp.a(altera_avalon_timer_sc.o)
                              ../temp_test_8_bsp/\libhal_bsp.a(alt_sys_init.o) (alt_avalon_timer_sc_init)
../temp_test_8_bsp/\libhal_bsp.a(altera_avalon_timer_vars.o)
                              ../temp_test_8_bsp/\libhal_bsp.a(alt_sys_init.o) (altera_avalon_timer_ts_freq)
../temp_test_8_bsp/\libhal_bsp.a(alt_dcache_flush_all.o)
                              ../temp_test_8_bsp/\libhal_bsp.a(alt_load.o) (alt_dcache_flush_all)
../temp_test_8_bsp/\libhal_bsp.a(alt_dev.o)
                              ../temp_test_8_bsp/\libhal_bsp.a(alt_sys_init.o) (alt_dev_list)
../temp_test_8_bsp/\libhal_bsp.a(alt_dev_llist_insert.o)
                              ../temp_test_8_bsp/\libhal_bsp.a(alt_sys_init.o) (alt_dev_llist_insert)
../temp_test_8_bsp/\libhal_bsp.a(alt_errno.o)
                              ../temp_test_8_bsp/\libhal_bsp.a(alt_dev_llist_insert.o) (alt_errno)
../temp_test_8_bsp/\libhal_bsp.a(alt_icache_flush_all.o)
                              ../temp_test_8_bsp/\libhal_bsp.a(alt_load.o) (alt_icache_flush_all)
../temp_test_8_bsp/\libhal_bsp.a(alt_irq_register.o)
                              ../temp_test_8_bsp/\libhal_bsp.a(altera_avalon_timer_sc.o) (alt_irq_register)
../temp_test_8_bsp/\libhal_bsp.a(alt_irq_vars.o)
                              ../temp_test_8_bsp/\libhal_bsp.a(alt_irq_register.o) (alt_irq_active)
../temp_test_8_bsp/\libhal_bsp.a(alt_tick.o)
                              ../temp_test_8_bsp/\libhal_bsp.a(altera_avalon_timer_sc.o) (alt_tick)
../temp_test_8_bsp/\libhal_bsp.a(altera_nios2_gen2_irq.o)
                              ../temp_test_8_bsp/\libhal_bsp.a(alt_sys_init.o) (altera_nios2_gen2_irq_init)
../temp_test_8_bsp/\libhal_bsp.a(alt_irq_entry.o)
                              ../temp_test_8_bsp/\libhal_bsp.a(alt_irq_register.o) (alt_irq_entry)
../temp_test_8_bsp/\libhal_bsp.a(alt_irq_handler.o)
                              ../temp_test_8_bsp/\libhal_bsp.a(alt_irq_register.o) (alt_irq_handler)
../temp_test_8_bsp/\libhal_bsp.a(alt_exception_entry.o)
                              ../temp_test_8_bsp/\libhal_bsp.a(alt_irq_entry.o) (alt_exception)
../temp_test_8_bsp/\libhal_bsp.a(alt_instruction_exception_entry.o)
                              ../temp_test_8_bsp/\libhal_bsp.a(alt_exception_entry.o) (alt_instruction_exception_entry)
c:/intelfpga_lite/18.1/nios2eds/bin/gnu/h-x86_64-mingw32/bin/../lib/gcc/nios2-elf/5.3.0/../../../../../H-x86_64-mingw32/nios2-elf/lib/mno-hw-mul\libsmallc.a(lib_a-int_errno.o)
                              ../temp_test_8_bsp/\libhal_bsp.a(alt_dev_llist_insert.o) (errno)
c:/intelfpga_lite/18.1/nios2eds/bin/gnu/h-x86_64-mingw32/bin/../lib/gcc/nios2-elf/5.3.0/../../../../../H-x86_64-mingw32/nios2-elf/lib/mno-hw-mul\libsmallc.a(lib_a-strlen.o)
                              ../temp_test_8_bsp/\libhal_bsp.a(alt_putstr.o) (strlen)

Allocating common symbols
Common symbol       size              file

alt_irq             0x100             ../temp_test_8_bsp/\libhal_bsp.a(alt_irq_handler.o)
errno               0x4               c:/intelfpga_lite/18.1/nios2eds/bin/gnu/h-x86_64-mingw32/bin/../lib/gcc/nios2-elf/5.3.0/../../../../../H-x86_64-mingw32/nios2-elf/lib/mno-hw-mul\libsmallc.a(lib_a-int_errno.o)

Memory Configuration

Name             Origin             Length             Attributes
reset            0x0000000000010000 0x0000000000000020
onchip_memory    0x0000000000010020 0x000000000000ffe0
*default*        0x0000000000000000 0xffffffffffffffff

Linker script and memory map

LOAD ../temp_test_8_bsp//obj/HAL/src/crt0.o
LOAD obj/default/hello_world_small.o
LOAD c:/intelfpga_lite/18.1/nios2eds/bin/gnu/h-x86_64-mingw32/bin/../lib/gcc/nios2-elf/5.3.0/../../../../../H-x86_64-mingw32/nios2-elf/lib/mno-hw-mul\libstdc++.a
LOAD c:/intelfpga_lite/18.1/nios2eds/bin/gnu/h-x86_64-mingw32/bin/../lib/gcc/nios2-elf/5.3.0/../../../../../H-x86_64-mingw32/nios2-elf/lib/mno-hw-mul\libm.a
LOAD c:/intelfpga_lite/18.1/nios2eds/bin/gnu/h-x86_64-mingw32/bin/../lib/gcc/nios2-elf/5.3.0/mno-hw-mul\libgcc.a
START GROUP
LOAD c:/intelfpga_lite/18.1/nios2eds/bin/gnu/h-x86_64-mingw32/bin/../lib/gcc/nios2-elf/5.3.0/../../../../../H-x86_64-mingw32/nios2-elf/lib/mno-hw-mul\libsmallc.a
LOAD c:/intelfpga_lite/18.1/nios2eds/bin/gnu/h-x86_64-mingw32/bin/../lib/gcc/nios2-elf/5.3.0/mno-hw-mul\libgcc.a
LOAD ../temp_test_8_bsp/\libhal_bsp.a
LOAD c:/intelfpga_lite/18.1/nios2eds/bin/gnu/h-x86_64-mingw32/bin/../lib/gcc/nios2-elf/5.3.0/../../../../../H-x86_64-mingw32/nios2-elf/lib/mno-hw-mul\libm.a
END GROUP
LOAD c:/intelfpga_lite/18.1/nios2eds/bin/gnu/h-x86_64-mingw32/bin/../lib/gcc/nios2-elf/5.3.0/mno-hw-mul\libgcc.a
                0x0000000000010000                __alt_mem_onchip_memory = 0x10000

.entry          0x0000000000010000       0x20
 *(.entry)
 .entry         0x0000000000010000       0x20 ../temp_test_8_bsp//obj/HAL/src/crt0.o
                0x0000000000010000                __reset
                0x000000000001000c                _exit

.exceptions     0x0000000000010020      0x160
                0x0000000000010020                PROVIDE (__ram_exceptions_start, ABSOLUTE (.))
                0x0000000000010020                . = ALIGN (0x20)
 *(.irq)
 *(.exceptions.entry.label)
 .exceptions.entry.label
                0x0000000000010020        0x0 ../temp_test_8_bsp/\libhal_bsp.a(alt_irq_entry.o)
                0x0000000000010020                alt_irq_entry
 .exceptions.entry.label
                0x0000000000010020        0x0 ../temp_test_8_bsp/\libhal_bsp.a(alt_exception_entry.o)
                0x0000000000010020                alt_exception
 *(.exceptions.entry.user)
 *(.exceptions.entry.ecc_fatal)
 *(.exceptions.entry)
 .exceptions.entry
                0x0000000000010020       0x54 ../temp_test_8_bsp/\libhal_bsp.a(alt_exception_entry.o)
 *(.exceptions.irqtest.user)
 *(.exceptions.irqtest)
 .exceptions.irqtest
                0x0000000000010074       0x10 ../temp_test_8_bsp/\libhal_bsp.a(alt_irq_entry.o)
 *(.exceptions.irqhandler.user)
 *(.exceptions.irqhandler)
 .exceptions.irqhandler
                0x0000000000010084        0x4 ../temp_test_8_bsp/\libhal_bsp.a(alt_irq_entry.o)
 *(.exceptions.irqreturn.user)
 *(.exceptions.irqreturn)
 .exceptions.irqreturn
                0x0000000000010088        0x4 ../temp_test_8_bsp/\libhal_bsp.a(alt_irq_entry.o)
 *(.exceptions.notirq.label)
 .exceptions.notirq.label
                0x000000000001008c        0x0 ../temp_test_8_bsp/\libhal_bsp.a(alt_irq_entry.o)
 *(.exceptions.notirq.user)
 *(.exceptions.notirq)
 .exceptions.notirq
                0x000000000001008c        0x8 ../temp_test_8_bsp/\libhal_bsp.a(alt_exception_entry.o)
 *(.exceptions.soft.user)
 *(.exceptions.soft)
 *(.exceptions.unknown.user)
 *(.exceptions.unknown)
 .exceptions.unknown
                0x0000000000010094       0x14 ../temp_test_8_bsp/\libhal_bsp.a(alt_exception_entry.o)
 *(.exceptions.exit.label)
 .exceptions.exit.label
                0x00000000000100a8        0x0 ../temp_test_8_bsp/\libhal_bsp.a(alt_irq_entry.o)
 .exceptions.exit.label
                0x00000000000100a8        0x0 ../temp_test_8_bsp/\libhal_bsp.a(alt_exception_entry.o)
 *(.exceptions.exit.user)
 *(.exceptions.exit)
 .exceptions.exit
                0x00000000000100a8       0x54 ../temp_test_8_bsp/\libhal_bsp.a(alt_exception_entry.o)
 *(.exceptions)
 .exceptions    0x00000000000100fc       0x60 ../temp_test_8_bsp/\libhal_bsp.a(alt_irq_handler.o)
                0x00000000000100fc                alt_irq_handler
 .exceptions    0x000000000001015c       0x24 ../temp_test_8_bsp/\libhal_bsp.a(alt_instruction_exception_entry.o)
                0x000000000001015c                alt_instruction_exception_entry
                0x0000000000010180                PROVIDE (__ram_exceptions_end, ABSOLUTE (.))
                0x0000000000010020                PROVIDE (__flash_exceptions_start, LOADADDR (.exceptions))

.text           0x0000000000010180      0x89c
                [!provide]                        PROVIDE (stext, ABSOLUTE (.))
 *(.interp)
 *(.hash)
 *(.dynsym)
 *(.dynstr)
 *(.gnu.version)
 *(.gnu.version_d)
 *(.gnu.version_r)
 *(.rel.init)
 *(.rela.init)
 *(.rel.text .rel.text.* .rel.gnu.linkonce.t.*)
 *(.rela.text .rela.text.* .rela.gnu.linkonce.t.*)
 *(.rel.fini)
 *(.rela.fini)
 *(.rel.rodata .rel.rodata.* .rel.gnu.linkonce.r.*)
 *(.rela.rodata .rela.rodata.* .rela.gnu.linkonce.r.*)
 *(.rel.data .rel.data.* .rel.gnu.linkonce.d.*)
 *(.rela.data .rela.data.* .rela.gnu.linkonce.d.*)
 *(.rel.tdata .rel.tdata.* .rel.gnu.linkonce.td.*)
 *(.rela.tdata .rela.tdata.* .rela.gnu.linkonce.td.*)
 *(.rel.tbss .rel.tbss.* .rel.gnu.linkonce.tb.*)
 *(.rela.tbss .rela.tbss.* .rela.gnu.linkonce.tb.*)
 *(.rel.ctors)
 *(.rela.ctors)
 *(.rel.dtors)
 *(.rela.dtors)
 *(.rel.got)
 *(.rela.got)
 *(.rel.sdata .rel.sdata.* .rel.gnu.linkonce.s.*)
 *(.rela.sdata .rela.sdata.* .rela.gnu.linkonce.s.*)
 *(.rel.sbss .rel.sbss.* .rel.gnu.linkonce.sb.*)
 *(.rela.sbss .rela.sbss.* .rela.gnu.linkonce.sb.*)
 *(.rel.sdata2 .rel.sdata2.* .rel.gnu.linkonce.s2.*)
 *(.rela.sdata2 .rela.sdata2.* .rela.gnu.linkonce.s2.*)
 *(.rel.sbss2 .rel.sbss2.* .rel.gnu.linkonce.sb2.*)
 *(.rela.sbss2 .rela.sbss2.* .rela.gnu.linkonce.sb2.*)
 *(.rel.bss .rel.bss.* .rel.gnu.linkonce.b.*)
 *(.rela.bss .rela.bss.* .rela.gnu.linkonce.b.*)
 *(.rel.plt)
 *(.rela.plt)
 *(.rel.dyn)
 *(.init)
 *(.plt)
 *(.text .stub .text.* .gnu.linkonce.t.*)
 .text          0x0000000000010180       0x3c ../temp_test_8_bsp//obj/HAL/src/crt0.o
                0x0000000000010180                _start
 .text          0x00000000000101bc       0x3c obj/default/hello_world_small.o
                0x00000000000101bc                read_from_fir_x
                0x00000000000101cc                write_to_fir_x
 .text.startup  0x00000000000101f8      0x18c obj/default/hello_world_small.o
                0x00000000000101f8                main
 .text          0x0000000000010384       0xe0 ../temp_test_8_bsp/\libhal_bsp.a(alt_load.o)
                0x0000000000010384                alt_load
 .text          0x0000000000010464       0x2c ../temp_test_8_bsp/\libhal_bsp.a(alt_main.o)
                0x0000000000010464                alt_main
 .text          0x0000000000010490      0x170 ../temp_test_8_bsp/\libhal_bsp.a(alt_printf.o)
                0x0000000000010490                alt_printf
 .text          0x0000000000010600       0x48 ../temp_test_8_bsp/\libhal_bsp.a(alt_putchar.o)
                0x0000000000010600                alt_putchar
 .text          0x0000000000010648       0x38 ../temp_test_8_bsp/\libhal_bsp.a(alt_putstr.o)
                0x0000000000010648                alt_putstr
 .text          0x0000000000010680       0x70 ../temp_test_8_bsp/\libhal_bsp.a(alt_sys_init.o)
                0x0000000000010680                alt_irq_init
                0x00000000000106a0                alt_sys_init
 .text          0x00000000000106f0       0x34 ../temp_test_8_bsp/\libhal_bsp.a(altera_avalon_jtag_uart_write.o)
                0x00000000000106f0                altera_avalon_jtag_uart_write
 .text          0x0000000000010724       0x64 ../temp_test_8_bsp/\libhal_bsp.a(altera_avalon_timer_sc.o)
                0x0000000000010760                alt_avalon_timer_sc_init
 .text          0x0000000000010788        0x0 ../temp_test_8_bsp/\libhal_bsp.a(altera_avalon_timer_vars.o)
 .text          0x0000000000010788        0x4 ../temp_test_8_bsp/\libhal_bsp.a(alt_dcache_flush_all.o)
                0x0000000000010788                alt_dcache_flush_all
 .text          0x000000000001078c        0x8 ../temp_test_8_bsp/\libhal_bsp.a(alt_dev.o)
 .text          0x0000000000010794       0x6c ../temp_test_8_bsp/\libhal_bsp.a(alt_dev_llist_insert.o)
                0x0000000000010794                alt_dev_llist_insert
 .text          0x0000000000010800        0x0 ../temp_test_8_bsp/\libhal_bsp.a(alt_errno.o)
 .text          0x0000000000010800        0x4 ../temp_test_8_bsp/\libhal_bsp.a(alt_icache_flush_all.o)
                0x0000000000010800                alt_icache_flush_all
 .text          0x0000000000010804       0x94 ../temp_test_8_bsp/\libhal_bsp.a(alt_irq_register.o)
                0x0000000000010804                alt_irq_register
 .text          0x0000000000010898        0x0 ../temp_test_8_bsp/\libhal_bsp.a(alt_irq_vars.o)
 .text          0x0000000000010898       0xec ../temp_test_8_bsp/\libhal_bsp.a(alt_tick.o)
                0x0000000000010898                alt_alarm_stop
                0x00000000000108cc                alt_tick
 .text          0x0000000000010984        0x8 ../temp_test_8_bsp/\libhal_bsp.a(altera_nios2_gen2_irq.o)
                0x0000000000010984                altera_nios2_gen2_irq_init
 .text          0x000000000001098c        0x0 ../temp_test_8_bsp/\libhal_bsp.a(alt_irq_entry.o)
 .text          0x000000000001098c        0x0 ../temp_test_8_bsp/\libhal_bsp.a(alt_irq_handler.o)
 .text          0x000000000001098c        0x0 ../temp_test_8_bsp/\libhal_bsp.a(alt_exception_entry.o)
 .text          0x000000000001098c       0x74 ../temp_test_8_bsp/\libhal_bsp.a(alt_instruction_exception_entry.o)
                0x000000000001098c                alt_exception_cause_generated_bad_addr
 .text          0x0000000000010a00        0x0 c:/intelfpga_lite/18.1/nios2eds/bin/gnu/h-x86_64-mingw32/bin/../lib/gcc/nios2-elf/5.3.0/../../../../../H-x86_64-mingw32/nios2-elf/lib/mno-hw-mul\libsmallc.a(lib_a-int_errno.o)
 .text          0x0000000000010a00        0x0 c:/intelfpga_lite/18.1/nios2eds/bin/gnu/h-x86_64-mingw32/bin/../lib/gcc/nios2-elf/5.3.0/../../../../../H-x86_64-mingw32/nios2-elf/lib/mno-hw-mul\libsmallc.a(lib_a-strlen.o)
 .text.strlen   0x0000000000010a00       0x1c c:/intelfpga_lite/18.1/nios2eds/bin/gnu/h-x86_64-mingw32/bin/../lib/gcc/nios2-elf/5.3.0/../../../../../H-x86_64-mingw32/nios2-elf/lib/mno-hw-mul\libsmallc.a(lib_a-strlen.o)
                0x0000000000010a00                strlen
 *(.gnu.warning.*)
 *(.fini)
                [!provide]                        PROVIDE (__etext, ABSOLUTE (.))
                [!provide]                        PROVIDE (_etext, ABSOLUTE (.))
                [!provide]                        PROVIDE (etext, ABSOLUTE (.))
 *(.eh_frame_hdr)
                0x0000000000010a1c                . = ALIGN (0x4)
                [!provide]                        PROVIDE (__preinit_array_start, ABSOLUTE (.))
 *(.preinit_array)
                [!provide]                        PROVIDE (__preinit_array_end, ABSOLUTE (.))
                [!provide]                        PROVIDE (__init_array_start, ABSOLUTE (.))
 *(.init_array)
                [!provide]                        PROVIDE (__init_array_end, ABSOLUTE (.))
                [!provide]                        PROVIDE (__fini_array_start, ABSOLUTE (.))
 *(.fini_array)
                [!provide]                        PROVIDE (__fini_array_end, ABSOLUTE (.))
 *(.eh_frame)
 *(.gcc_except_table .gcc_except_table.*)
 *(.dynamic)
                [!provide]                        PROVIDE (__CTOR_LIST__, ABSOLUTE (.))
 *(.ctors)
 *(SORT(.ctors.*))
                [!provide]                        PROVIDE (__CTOR_END__, ABSOLUTE (.))
                [!provide]                        PROVIDE (__DTOR_LIST__, ABSOLUTE (.))
 *(.dtors)
 *(SORT(.dtors.*))
                [!provide]                        PROVIDE (__DTOR_END__, ABSOLUTE (.))
 *(.jcr)
                0x0000000000010a1c                . = ALIGN (0x4)

.rodata         0x0000000000010a1c       0x7c
                0x0000000000010a1c                PROVIDE (__ram_rodata_start, ABSOLUTE (.))
                0x0000000000010a1c                . = ALIGN (0x4)
 *(.rodata .rodata.* .gnu.linkonce.r.*)
 .rodata.str1.4
                0x0000000000010a1c       0x57 obj/default/hello_world_small.o
 *fill*         0x0000000000010a73        0x1 
 .rodata.str1.4
                0x0000000000010a74       0x17 ../temp_test_8_bsp/\libhal_bsp.a(alt_sys_init.o)
 *fill*         0x0000000000010a8b        0x1 
 .rodata.str1.4
                0x0000000000010a8c        0xc ../temp_test_8_bsp/\libhal_bsp.a(alt_dev.o)
                                          0xa (size before relaxing)
 *(.rodata1)
                0x0000000000010a98                . = ALIGN (0x4)
                0x0000000000010a98                PROVIDE (__ram_rodata_end, ABSOLUTE (.))
                0x0000000000010a1c                PROVIDE (__flash_rodata_start, LOADADDR (.rodata))

.rwdata         0x0000000000010a98       0xac load address 0x0000000000010b44
                0x0000000000010a98                PROVIDE (__ram_rwdata_start, ABSOLUTE (.))
                0x0000000000010a98                . = ALIGN (0x4)
 *(.got.plt)
 *(.got)
 *(.data1)
 *(.data .data.* .gnu.linkonce.d.*)
 .data          0x0000000000010a98        0x0 ../temp_test_8_bsp//obj/HAL/src/crt0.o
 .data          0x0000000000010a98        0x0 obj/default/hello_world_small.o
 .data          0x0000000000010a98        0x0 ../temp_test_8_bsp/\libhal_bsp.a(alt_load.o)
 .data          0x0000000000010a98        0x0 ../temp_test_8_bsp/\libhal_bsp.a(alt_main.o)
 .data          0x0000000000010a98        0x0 ../temp_test_8_bsp/\libhal_bsp.a(alt_printf.o)
 .data          0x0000000000010a98        0x0 ../temp_test_8_bsp/\libhal_bsp.a(alt_putchar.o)
 .data          0x0000000000010a98        0x0 ../temp_test_8_bsp/\libhal_bsp.a(alt_putstr.o)
 .data          0x0000000000010a98       0x2c ../temp_test_8_bsp/\libhal_bsp.a(alt_sys_init.o)
 .data          0x0000000000010ac4        0x0 ../temp_test_8_bsp/\libhal_bsp.a(altera_avalon_jtag_uart_write.o)
 .data          0x0000000000010ac4        0x0 ../temp_test_8_bsp/\libhal_bsp.a(altera_avalon_timer_sc.o)
 .data          0x0000000000010ac4        0x0 ../temp_test_8_bsp/\libhal_bsp.a(altera_avalon_timer_vars.o)
 .data          0x0000000000010ac4        0x0 ../temp_test_8_bsp/\libhal_bsp.a(alt_dcache_flush_all.o)
 .data          0x0000000000010ac4       0x58 ../temp_test_8_bsp/\libhal_bsp.a(alt_dev.o)
                0x0000000000010ac4                alt_fd_list
                0x0000000000010af4                alt_dev_null
 .data          0x0000000000010b1c        0x0 ../temp_test_8_bsp/\libhal_bsp.a(alt_dev_llist_insert.o)
 .data          0x0000000000010b1c        0x0 ../temp_test_8_bsp/\libhal_bsp.a(alt_errno.o)
 .data          0x0000000000010b1c        0x0 ../temp_test_8_bsp/\libhal_bsp.a(alt_icache_flush_all.o)
 .data          0x0000000000010b1c        0x0 ../temp_test_8_bsp/\libhal_bsp.a(alt_irq_register.o)
 .data          0x0000000000010b1c        0x0 ../temp_test_8_bsp/\libhal_bsp.a(alt_irq_vars.o)
 .data          0x0000000000010b1c        0x0 ../temp_test_8_bsp/\libhal_bsp.a(alt_tick.o)
 .data          0x0000000000010b1c        0x0 ../temp_test_8_bsp/\libhal_bsp.a(altera_nios2_gen2_irq.o)
 .data          0x0000000000010b1c        0x0 ../temp_test_8_bsp/\libhal_bsp.a(alt_irq_entry.o)
 .data          0x0000000000010b1c        0x0 ../temp_test_8_bsp/\libhal_bsp.a(alt_irq_handler.o)
 .data          0x0000000000010b1c        0x0 ../temp_test_8_bsp/\libhal_bsp.a(alt_exception_entry.o)
 .data          0x0000000000010b1c        0x0 ../temp_test_8_bsp/\libhal_bsp.a(alt_instruction_exception_entry.o)
 .data          0x0000000000010b1c        0x0 c:/intelfpga_lite/18.1/nios2eds/bin/gnu/h-x86_64-mingw32/bin/../lib/gcc/nios2-elf/5.3.0/../../../../../H-x86_64-mingw32/nios2-elf/lib/mno-hw-mul\libsmallc.a(lib_a-int_errno.o)
 .data          0x0000000000010b1c        0x0 c:/intelfpga_lite/18.1/nios2eds/bin/gnu/h-x86_64-mingw32/bin/../lib/gcc/nios2-elf/5.3.0/../../../../../H-x86_64-mingw32/nios2-elf/lib/mno-hw-mul\libsmallc.a(lib_a-strlen.o)
                0x0000000000018b1c                _gp = ABSOLUTE ((. + 0x8000))
                [!provide]                        PROVIDE (gp, _gp)
 *(.rwdata .rwdata.*)
 *(.sdata .sdata.* .gnu.linkonce.s.*)
 .sdata         0x0000000000010b1c        0x4 ../temp_test_8_bsp/\libhal_bsp.a(alt_sys_init.o)
                0x0000000000010b1c                jtag_uart
 .sdata         0x0000000000010b20       0x14 ../temp_test_8_bsp/\libhal_bsp.a(alt_dev.o)
                0x0000000000010b20                alt_max_fd
                0x0000000000010b24                alt_dev_list
                0x0000000000010b2c                alt_fs_list
 .sdata         0x0000000000010b34        0x4 ../temp_test_8_bsp/\libhal_bsp.a(alt_errno.o)
                0x0000000000010b34                alt_errno
 .sdata         0x0000000000010b38        0x4 ../temp_test_8_bsp/\libhal_bsp.a(alt_irq_vars.o)
                0x0000000000010b38                alt_priority_mask
 .sdata         0x0000000000010b3c        0x8 ../temp_test_8_bsp/\libhal_bsp.a(alt_tick.o)
                0x0000000000010b3c                alt_alarm_list
 *(.sdata2 .sdata2.* .gnu.linkonce.s2.*)
                0x0000000000010b44                . = ALIGN (0x4)
                0x0000000000010b44                _edata = ABSOLUTE (.)
                [!provide]                        PROVIDE (edata, ABSOLUTE (.))
                0x0000000000010b44                PROVIDE (__ram_rwdata_end, ABSOLUTE (.))
                0x0000000000010b44                PROVIDE (__flash_rwdata_start, LOADADDR (.rwdata))

.bss            0x0000000000010bf0      0x128
                0x0000000000010bf0                __bss_start = ABSOLUTE (.)
                [!provide]                        PROVIDE (__sbss_start, ABSOLUTE (.))
                [!provide]                        PROVIDE (___sbss_start, ABSOLUTE (.))
 *(.dynsbss)
 *(.sbss .sbss.* .gnu.linkonce.sb.*)
 .sbss          0x0000000000010bf0        0xc ../temp_test_8_bsp/\libhal_bsp.a(alt_main.o)
                0x0000000000010bf0                alt_envp
                0x0000000000010bf4                alt_argv
                0x0000000000010bf8                alt_argc
 .sbss          0x0000000000010bfc        0x8 ../temp_test_8_bsp/\libhal_bsp.a(altera_avalon_timer_vars.o)
                0x0000000000010bfc                altera_avalon_timer_ts_freq
                0x0000000000010c00                altera_avalon_timer_ts_base
 .sbss          0x0000000000010c04        0x4 ../temp_test_8_bsp/\libhal_bsp.a(alt_irq_vars.o)
                0x0000000000010c04                alt_irq_active
 .sbss          0x0000000000010c08        0x8 ../temp_test_8_bsp/\libhal_bsp.a(alt_tick.o)
                0x0000000000010c08                _alt_nticks
                0x0000000000010c0c                _alt_tick_rate
 .sbss          0x0000000000010c10        0x4 ../temp_test_8_bsp/\libhal_bsp.a(alt_instruction_exception_entry.o)
                0x0000000000010c10                alt_instruction_exception_handler
 .sbss          0x0000000000010c14        0x4 c:/intelfpga_lite/18.1/nios2eds/bin/gnu/h-x86_64-mingw32/bin/../lib/gcc/nios2-elf/5.3.0/../../../../../H-x86_64-mingw32/nios2-elf/lib/mno-hw-mul\libsmallc.a(lib_a-int_errno.o)
                0x0000000000010c14                errno
 *(.sbss2 .sbss2.* .gnu.linkonce.sb2.*)
 *(.scommon)
                [!provide]                        PROVIDE (__sbss_end, ABSOLUTE (.))
                [!provide]                        PROVIDE (___sbss_end, ABSOLUTE (.))
 *(.dynbss)
 *(.bss .bss.* .gnu.linkonce.b.*)
 .bss           0x0000000000010c18        0x0 ../temp_test_8_bsp//obj/HAL/src/crt0.o
 .bss           0x0000000000010c18        0x0 obj/default/hello_world_small.o
 .bss           0x0000000000010c18        0x0 ../temp_test_8_bsp/\libhal_bsp.a(alt_load.o)
 .bss           0x0000000000010c18        0x0 ../temp_test_8_bsp/\libhal_bsp.a(alt_main.o)
 .bss           0x0000000000010c18        0x0 ../temp_test_8_bsp/\libhal_bsp.a(alt_printf.o)
 .bss           0x0000000000010c18        0x0 ../temp_test_8_bsp/\libhal_bsp.a(alt_putchar.o)
 .bss           0x0000000000010c18        0x0 ../temp_test_8_bsp/\libhal_bsp.a(alt_putstr.o)
 .bss           0x0000000000010c18        0x0 ../temp_test_8_bsp/\libhal_bsp.a(alt_sys_init.o)
 .bss           0x0000000000010c18        0x0 ../temp_test_8_bsp/\libhal_bsp.a(altera_avalon_jtag_uart_write.o)
 .bss           0x0000000000010c18        0x0 ../temp_test_8_bsp/\libhal_bsp.a(altera_avalon_timer_sc.o)
 .bss           0x0000000000010c18        0x0 ../temp_test_8_bsp/\libhal_bsp.a(altera_avalon_timer_vars.o)
 .bss           0x0000000000010c18        0x0 ../temp_test_8_bsp/\libhal_bsp.a(alt_dcache_flush_all.o)
 .bss           0x0000000000010c18        0x0 ../temp_test_8_bsp/\libhal_bsp.a(alt_dev.o)
 .bss           0x0000000000010c18        0x0 ../temp_test_8_bsp/\libhal_bsp.a(alt_dev_llist_insert.o)
 .bss           0x0000000000010c18        0x0 ../temp_test_8_bsp/\libhal_bsp.a(alt_errno.o)
 .bss           0x0000000000010c18        0x0 ../temp_test_8_bsp/\libhal_bsp.a(alt_icache_flush_all.o)
 .bss           0x0000000000010c18        0x0 ../temp_test_8_bsp/\libhal_bsp.a(alt_irq_register.o)
 .bss           0x0000000000010c18        0x0 ../temp_test_8_bsp/\libhal_bsp.a(alt_irq_vars.o)
 .bss           0x0000000000010c18        0x0 ../temp_test_8_bsp/\libhal_bsp.a(alt_tick.o)
 .bss           0x0000000000010c18        0x0 ../temp_test_8_bsp/\libhal_bsp.a(altera_nios2_gen2_irq.o)
 .bss           0x0000000000010c18        0x0 ../temp_test_8_bsp/\libhal_bsp.a(alt_irq_entry.o)
 .bss           0x0000000000010c18        0x0 ../temp_test_8_bsp/\libhal_bsp.a(alt_irq_handler.o)
 .bss           0x0000000000010c18        0x0 ../temp_test_8_bsp/\libhal_bsp.a(alt_exception_entry.o)
 .bss           0x0000000000010c18        0x0 ../temp_test_8_bsp/\libhal_bsp.a(alt_instruction_exception_entry.o)
 .bss           0x0000000000010c18        0x0 c:/intelfpga_lite/18.1/nios2eds/bin/gnu/h-x86_64-mingw32/bin/../lib/gcc/nios2-elf/5.3.0/../../../../../H-x86_64-mingw32/nios2-elf/lib/mno-hw-mul\libsmallc.a(lib_a-int_errno.o)
 .bss           0x0000000000010c18        0x0 c:/intelfpga_lite/18.1/nios2eds/bin/gnu/h-x86_64-mingw32/bin/../lib/gcc/nios2-elf/5.3.0/../../../../../H-x86_64-mingw32/nios2-elf/lib/mno-hw-mul\libsmallc.a(lib_a-strlen.o)
 *(COMMON)
 COMMON         0x0000000000010c18      0x100 ../temp_test_8_bsp/\libhal_bsp.a(alt_irq_handler.o)
                0x0000000000010c18                alt_irq
                0x0000000000010d18                . = ALIGN (0x4)
                0x0000000000010d18                __bss_end = ABSOLUTE (.)

.onchip_memory  0x0000000000010d18        0x0
                [!provide]                        PROVIDE (_alt_partition_onchip_memory_start, ABSOLUTE (.))
 *(.onchip_memory .onchip_memory. onchip_memory.*)
                0x0000000000010d18                . = ALIGN (0x4)
                [!provide]                        PROVIDE (_alt_partition_onchip_memory_end, ABSOLUTE (.))
                0x0000000000010d18                _end = ABSOLUTE (.)
                0x0000000000010d18                end = ABSOLUTE (.)
                0x0000000000010d18                __alt_stack_base = ABSOLUTE (.)
                [!provide]                        PROVIDE (_alt_partition_onchip_memory_load_addr, LOADADDR (.onchip_memory))

.stab
 *(.stab)

.stabstr
 *(.stabstr)

.stab.excl
 *(.stab.excl)

.stab.exclstr
 *(.stab.exclstr)

.stab.index
 *(.stab.index)

.stab.indexstr
 *(.stab.indexstr)

.comment        0x0000000000000000       0x23
 *(.comment)
 .comment       0x0000000000000000       0x23 obj/default/hello_world_small.o
                                         0x24 (size before relaxing)
 .comment       0x0000000000000023       0x24 ../temp_test_8_bsp/\libhal_bsp.a(alt_load.o)
 .comment       0x0000000000000023       0x24 ../temp_test_8_bsp/\libhal_bsp.a(alt_main.o)
 .comment       0x0000000000000023       0x24 ../temp_test_8_bsp/\libhal_bsp.a(alt_printf.o)
 .comment       0x0000000000000023       0x24 ../temp_test_8_bsp/\libhal_bsp.a(alt_putchar.o)
 .comment       0x0000000000000023       0x24 ../temp_test_8_bsp/\libhal_bsp.a(alt_putstr.o)
 .comment       0x0000000000000023       0x24 ../temp_test_8_bsp/\libhal_bsp.a(alt_sys_init.o)
 .comment       0x0000000000000023       0x24 ../temp_test_8_bsp/\libhal_bsp.a(altera_avalon_jtag_uart_write.o)
 .comment       0x0000000000000023       0x24 ../temp_test_8_bsp/\libhal_bsp.a(altera_avalon_timer_sc.o)
 .comment       0x0000000000000023       0x24 ../temp_test_8_bsp/\libhal_bsp.a(altera_avalon_timer_vars.o)
 .comment       0x0000000000000023       0x24 ../temp_test_8_bsp/\libhal_bsp.a(alt_dcache_flush_all.o)
 .comment       0x0000000000000023       0x24 ../temp_test_8_bsp/\libhal_bsp.a(alt_dev.o)
 .comment       0x0000000000000023       0x24 ../temp_test_8_bsp/\libhal_bsp.a(alt_dev_llist_insert.o)
 .comment       0x0000000000000023       0x24 ../temp_test_8_bsp/\libhal_bsp.a(alt_errno.o)
 .comment       0x0000000000000023       0x24 ../temp_test_8_bsp/\libhal_bsp.a(alt_icache_flush_all.o)
 .comment       0x0000000000000023       0x24 ../temp_test_8_bsp/\libhal_bsp.a(alt_irq_register.o)
 .comment       0x0000000000000023       0x24 ../temp_test_8_bsp/\libhal_bsp.a(alt_irq_vars.o)
 .comment       0x0000000000000023       0x24 ../temp_test_8_bsp/\libhal_bsp.a(alt_tick.o)
 .comment       0x0000000000000023       0x24 ../temp_test_8_bsp/\libhal_bsp.a(altera_nios2_gen2_irq.o)
 .comment       0x0000000000000023       0x24 ../temp_test_8_bsp/\libhal_bsp.a(alt_irq_handler.o)
 .comment       0x0000000000000023       0x24 ../temp_test_8_bsp/\libhal_bsp.a(alt_instruction_exception_entry.o)
 .comment       0x0000000000000023       0x24 c:/intelfpga_lite/18.1/nios2eds/bin/gnu/h-x86_64-mingw32/bin/../lib/gcc/nios2-elf/5.3.0/../../../../../H-x86_64-mingw32/nios2-elf/lib/mno-hw-mul\libsmallc.a(lib_a-int_errno.o)
 .comment       0x0000000000000023       0x24 c:/intelfpga_lite/18.1/nios2eds/bin/gnu/h-x86_64-mingw32/bin/../lib/gcc/nios2-elf/5.3.0/../../../../../H-x86_64-mingw32/nios2-elf/lib/mno-hw-mul\libsmallc.a(lib_a-strlen.o)

.debug
 *(.debug)

.line
 *(.line)

.debug_srcinfo
 *(.debug_srcinfo)

.debug_sfnames
 *(.debug_sfnames)

.debug_aranges  0x0000000000000000      0x360
 *(.debug_aranges)
 .debug_aranges
                0x0000000000000000       0x28 ../temp_test_8_bsp//obj/HAL/src/crt0.o
 .debug_aranges
                0x0000000000000028       0x28 obj/default/hello_world_small.o
 .debug_aranges
                0x0000000000000050       0x20 ../temp_test_8_bsp/\libhal_bsp.a(alt_load.o)
 .debug_aranges
                0x0000000000000070       0x20 ../temp_test_8_bsp/\libhal_bsp.a(alt_main.o)
 .debug_aranges
                0x0000000000000090       0x20 ../temp_test_8_bsp/\libhal_bsp.a(alt_printf.o)
 .debug_aranges
                0x00000000000000b0       0x20 ../temp_test_8_bsp/\libhal_bsp.a(alt_putchar.o)
 .debug_aranges
                0x00000000000000d0       0x20 ../temp_test_8_bsp/\libhal_bsp.a(alt_putstr.o)
 .debug_aranges
                0x00000000000000f0       0x20 ../temp_test_8_bsp/\libhal_bsp.a(alt_sys_init.o)
 .debug_aranges
                0x0000000000000110       0x20 ../temp_test_8_bsp/\libhal_bsp.a(altera_avalon_jtag_uart_write.o)
 .debug_aranges
                0x0000000000000130       0x20 ../temp_test_8_bsp/\libhal_bsp.a(altera_avalon_timer_sc.o)
 .debug_aranges
                0x0000000000000150       0x18 ../temp_test_8_bsp/\libhal_bsp.a(altera_avalon_timer_vars.o)
 .debug_aranges
                0x0000000000000168       0x20 ../temp_test_8_bsp/\libhal_bsp.a(alt_dcache_flush_all.o)
 .debug_aranges
                0x0000000000000188       0x20 ../temp_test_8_bsp/\libhal_bsp.a(alt_dev.o)
 .debug_aranges
                0x00000000000001a8       0x20 ../temp_test_8_bsp/\libhal_bsp.a(alt_dev_llist_insert.o)
 .debug_aranges
                0x00000000000001c8       0x18 ../temp_test_8_bsp/\libhal_bsp.a(alt_errno.o)
 .debug_aranges
                0x00000000000001e0       0x20 ../temp_test_8_bsp/\libhal_bsp.a(alt_icache_flush_all.o)
 .debug_aranges
                0x0000000000000200       0x20 ../temp_test_8_bsp/\libhal_bsp.a(alt_irq_register.o)
 .debug_aranges
                0x0000000000000220       0x18 ../temp_test_8_bsp/\libhal_bsp.a(alt_irq_vars.o)
 .debug_aranges
                0x0000000000000238       0x20 ../temp_test_8_bsp/\libhal_bsp.a(alt_tick.o)
 .debug_aranges
                0x0000000000000258       0x20 ../temp_test_8_bsp/\libhal_bsp.a(altera_nios2_gen2_irq.o)
 .debug_aranges
                0x0000000000000278       0x30 ../temp_test_8_bsp/\libhal_bsp.a(alt_irq_entry.o)
 .debug_aranges
                0x00000000000002a8       0x20 ../temp_test_8_bsp/\libhal_bsp.a(alt_irq_handler.o)
 .debug_aranges
                0x00000000000002c8       0x38 ../temp_test_8_bsp/\libhal_bsp.a(alt_exception_entry.o)
 .debug_aranges
                0x0000000000000300       0x28 ../temp_test_8_bsp/\libhal_bsp.a(alt_instruction_exception_entry.o)
 .debug_aranges
                0x0000000000000328       0x18 c:/intelfpga_lite/18.1/nios2eds/bin/gnu/h-x86_64-mingw32/bin/../lib/gcc/nios2-elf/5.3.0/../../../../../H-x86_64-mingw32/nios2-elf/lib/mno-hw-mul\libsmallc.a(lib_a-int_errno.o)
 .debug_aranges
                0x0000000000000340       0x20 c:/intelfpga_lite/18.1/nios2eds/bin/gnu/h-x86_64-mingw32/bin/../lib/gcc/nios2-elf/5.3.0/../../../../../H-x86_64-mingw32/nios2-elf/lib/mno-hw-mul\libsmallc.a(lib_a-strlen.o)

.debug_pubnames
 *(.debug_pubnames)

.debug_info     0x0000000000000000     0x2a65
 *(.debug_info .gnu.linkonce.wi.*)
 .debug_info    0x0000000000000000       0x98 ../temp_test_8_bsp//obj/HAL/src/crt0.o
 .debug_info    0x0000000000000098      0x3b7 obj/default/hello_world_small.o
 .debug_info    0x000000000000044f      0x1c9 ../temp_test_8_bsp/\libhal_bsp.a(alt_load.o)
 .debug_info    0x0000000000000618      0x18f ../temp_test_8_bsp/\libhal_bsp.a(alt_main.o)
 .debug_info    0x00000000000007a7      0x14d ../temp_test_8_bsp/\libhal_bsp.a(alt_printf.o)
 .debug_info    0x00000000000008f4      0x12a ../temp_test_8_bsp/\libhal_bsp.a(alt_putchar.o)
 .debug_info    0x0000000000000a1e      0x13a ../temp_test_8_bsp/\libhal_bsp.a(alt_putstr.o)
 .debug_info    0x0000000000000b58      0x48b ../temp_test_8_bsp/\libhal_bsp.a(alt_sys_init.o)
 .debug_info    0x0000000000000fe3      0x1ad ../temp_test_8_bsp/\libhal_bsp.a(altera_avalon_jtag_uart_write.o)
 .debug_info    0x0000000000001190      0x28e ../temp_test_8_bsp/\libhal_bsp.a(altera_avalon_timer_sc.o)
 .debug_info    0x000000000000141e       0xe9 ../temp_test_8_bsp/\libhal_bsp.a(altera_avalon_timer_vars.o)
 .debug_info    0x0000000000001507       0x92 ../temp_test_8_bsp/\libhal_bsp.a(alt_dcache_flush_all.o)
 .debug_info    0x0000000000001599      0x499 ../temp_test_8_bsp/\libhal_bsp.a(alt_dev.o)
 .debug_info    0x0000000000001a32      0x1b3 ../temp_test_8_bsp/\libhal_bsp.a(alt_dev_llist_insert.o)
 .debug_info    0x0000000000001be5       0xa6 ../temp_test_8_bsp/\libhal_bsp.a(alt_errno.o)
 .debug_info    0x0000000000001c8b       0x92 ../temp_test_8_bsp/\libhal_bsp.a(alt_icache_flush_all.o)
 .debug_info    0x0000000000001d1d      0x30d ../temp_test_8_bsp/\libhal_bsp.a(alt_irq_register.o)
 .debug_info    0x000000000000202a       0x88 ../temp_test_8_bsp/\libhal_bsp.a(alt_irq_vars.o)
 .debug_info    0x00000000000020b2      0x2bf ../temp_test_8_bsp/\libhal_bsp.a(alt_tick.o)
 .debug_info    0x0000000000002371       0xb8 ../temp_test_8_bsp/\libhal_bsp.a(altera_nios2_gen2_irq.o)
 .debug_info    0x0000000000002429       0xa1 ../temp_test_8_bsp/\libhal_bsp.a(alt_irq_entry.o)
 .debug_info    0x00000000000024ca      0x1a4 ../temp_test_8_bsp/\libhal_bsp.a(alt_irq_handler.o)
 .debug_info    0x000000000000266e       0xa7 ../temp_test_8_bsp/\libhal_bsp.a(alt_exception_entry.o)
 .debug_info    0x0000000000002715      0x1fd ../temp_test_8_bsp/\libhal_bsp.a(alt_instruction_exception_entry.o)
 .debug_info    0x0000000000002912       0x8a c:/intelfpga_lite/18.1/nios2eds/bin/gnu/h-x86_64-mingw32/bin/../lib/gcc/nios2-elf/5.3.0/../../../../../H-x86_64-mingw32/nios2-elf/lib/mno-hw-mul\libsmallc.a(lib_a-int_errno.o)
 .debug_info    0x000000000000299c       0xc9 c:/intelfpga_lite/18.1/nios2eds/bin/gnu/h-x86_64-mingw32/bin/../lib/gcc/nios2-elf/5.3.0/../../../../../H-x86_64-mingw32/nios2-elf/lib/mno-hw-mul\libsmallc.a(lib_a-strlen.o)

.debug_abbrev   0x0000000000000000     0x13b1
 *(.debug_abbrev)
 .debug_abbrev  0x0000000000000000       0x12 ../temp_test_8_bsp//obj/HAL/src/crt0.o
 .debug_abbrev  0x0000000000000012      0x10a obj/default/hello_world_small.o
 .debug_abbrev  0x000000000000011c       0xd8 ../temp_test_8_bsp/\libhal_bsp.a(alt_load.o)
 .debug_abbrev  0x00000000000001f4       0xf5 ../temp_test_8_bsp/\libhal_bsp.a(alt_main.o)
 .debug_abbrev  0x00000000000002e9       0xd5 ../temp_test_8_bsp/\libhal_bsp.a(alt_printf.o)
 .debug_abbrev  0x00000000000003be       0xd2 ../temp_test_8_bsp/\libhal_bsp.a(alt_putchar.o)
 .debug_abbrev  0x0000000000000490       0xd3 ../temp_test_8_bsp/\libhal_bsp.a(alt_putstr.o)
 .debug_abbrev  0x0000000000000563      0x1b2 ../temp_test_8_bsp/\libhal_bsp.a(alt_sys_init.o)
 .debug_abbrev  0x0000000000000715       0xd5 ../temp_test_8_bsp/\libhal_bsp.a(altera_avalon_jtag_uart_write.o)
 .debug_abbrev  0x00000000000007ea      0x194 ../temp_test_8_bsp/\libhal_bsp.a(altera_avalon_timer_sc.o)
 .debug_abbrev  0x000000000000097e       0x83 ../temp_test_8_bsp/\libhal_bsp.a(altera_avalon_timer_vars.o)
 .debug_abbrev  0x0000000000000a01       0x42 ../temp_test_8_bsp/\libhal_bsp.a(alt_dcache_flush_all.o)
 .debug_abbrev  0x0000000000000a43       0xd9 ../temp_test_8_bsp/\libhal_bsp.a(alt_dev.o)
 .debug_abbrev  0x0000000000000b1c      0x11c ../temp_test_8_bsp/\libhal_bsp.a(alt_dev_llist_insert.o)
 .debug_abbrev  0x0000000000000c38       0x5a ../temp_test_8_bsp/\libhal_bsp.a(alt_errno.o)
 .debug_abbrev  0x0000000000000c92       0x42 ../temp_test_8_bsp/\libhal_bsp.a(alt_icache_flush_all.o)
 .debug_abbrev  0x0000000000000cd4      0x1a5 ../temp_test_8_bsp/\libhal_bsp.a(alt_irq_register.o)
 .debug_abbrev  0x0000000000000e79       0x40 ../temp_test_8_bsp/\libhal_bsp.a(alt_irq_vars.o)
 .debug_abbrev  0x0000000000000eb9      0x198 ../temp_test_8_bsp/\libhal_bsp.a(alt_tick.o)
 .debug_abbrev  0x0000000000001051       0x67 ../temp_test_8_bsp/\libhal_bsp.a(altera_nios2_gen2_irq.o)
 .debug_abbrev  0x00000000000010b8       0x12 ../temp_test_8_bsp/\libhal_bsp.a(alt_irq_entry.o)
 .debug_abbrev  0x00000000000010ca      0x138 ../temp_test_8_bsp/\libhal_bsp.a(alt_irq_handler.o)
 .debug_abbrev  0x0000000000001202       0x12 ../temp_test_8_bsp/\libhal_bsp.a(alt_exception_entry.o)
 .debug_abbrev  0x0000000000001214       0xe7 ../temp_test_8_bsp/\libhal_bsp.a(alt_instruction_exception_entry.o)
 .debug_abbrev  0x00000000000012fb       0x37 c:/intelfpga_lite/18.1/nios2eds/bin/gnu/h-x86_64-mingw32/bin/../lib/gcc/nios2-elf/5.3.0/../../../../../H-x86_64-mingw32/nios2-elf/lib/mno-hw-mul\libsmallc.a(lib_a-int_errno.o)
 .debug_abbrev  0x0000000000001332       0x7f c:/intelfpga_lite/18.1/nios2eds/bin/gnu/h-x86_64-mingw32/bin/../lib/gcc/nios2-elf/5.3.0/../../../../../H-x86_64-mingw32/nios2-elf/lib/mno-hw-mul\libsmallc.a(lib_a-strlen.o)

.debug_line     0x0000000000000000     0x1312
 *(.debug_line)
 .debug_line    0x0000000000000000       0x66 ../temp_test_8_bsp//obj/HAL/src/crt0.o
 .debug_line    0x0000000000000066       0xfb obj/default/hello_world_small.o
 .debug_line    0x0000000000000161       0xa4 ../temp_test_8_bsp/\libhal_bsp.a(alt_load.o)
 .debug_line    0x0000000000000205       0xea ../temp_test_8_bsp/\libhal_bsp.a(alt_main.o)
 .debug_line    0x00000000000002ef      0x112 ../temp_test_8_bsp/\libhal_bsp.a(alt_printf.o)
 .debug_line    0x0000000000000401       0x55 ../temp_test_8_bsp/\libhal_bsp.a(alt_putchar.o)
 .debug_line    0x0000000000000456       0xa0 ../temp_test_8_bsp/\libhal_bsp.a(alt_putstr.o)
 .debug_line    0x00000000000004f6      0x17f ../temp_test_8_bsp/\libhal_bsp.a(alt_sys_init.o)
 .debug_line    0x0000000000000675      0x104 ../temp_test_8_bsp/\libhal_bsp.a(altera_avalon_jtag_uart_write.o)
 .debug_line    0x0000000000000779      0x113 ../temp_test_8_bsp/\libhal_bsp.a(altera_avalon_timer_sc.o)
 .debug_line    0x000000000000088c       0x8a ../temp_test_8_bsp/\libhal_bsp.a(altera_avalon_timer_vars.o)
 .debug_line    0x0000000000000916       0x4e ../temp_test_8_bsp/\libhal_bsp.a(alt_dcache_flush_all.o)
 .debug_line    0x0000000000000964       0xf6 ../temp_test_8_bsp/\libhal_bsp.a(alt_dev.o)
 .debug_line    0x0000000000000a5a       0xd8 ../temp_test_8_bsp/\libhal_bsp.a(alt_dev_llist_insert.o)
 .debug_line    0x0000000000000b32       0x51 ../temp_test_8_bsp/\libhal_bsp.a(alt_errno.o)
 .debug_line    0x0000000000000b83       0x4e ../temp_test_8_bsp/\libhal_bsp.a(alt_icache_flush_all.o)
 .debug_line    0x0000000000000bd1       0xed ../temp_test_8_bsp/\libhal_bsp.a(alt_irq_register.o)
 .debug_line    0x0000000000000cbe       0x50 ../temp_test_8_bsp/\libhal_bsp.a(alt_irq_vars.o)
 .debug_line    0x0000000000000d0e      0x118 ../temp_test_8_bsp/\libhal_bsp.a(alt_tick.o)
 .debug_line    0x0000000000000e26       0x8c ../temp_test_8_bsp/\libhal_bsp.a(altera_nios2_gen2_irq.o)
 .debug_line    0x0000000000000eb2       0x6b ../temp_test_8_bsp/\libhal_bsp.a(alt_irq_entry.o)
 .debug_line    0x0000000000000f1d       0xc8 ../temp_test_8_bsp/\libhal_bsp.a(alt_irq_handler.o)
 .debug_line    0x0000000000000fe5       0xb3 ../temp_test_8_bsp/\libhal_bsp.a(alt_exception_entry.o)
 .debug_line    0x0000000000001098       0xbf ../temp_test_8_bsp/\libhal_bsp.a(alt_instruction_exception_entry.o)
 .debug_line    0x0000000000001157       0x5f c:/intelfpga_lite/18.1/nios2eds/bin/gnu/h-x86_64-mingw32/bin/../lib/gcc/nios2-elf/5.3.0/../../../../../H-x86_64-mingw32/nios2-elf/lib/mno-hw-mul\libsmallc.a(lib_a-int_errno.o)
 .debug_line    0x00000000000011b6      0x15c c:/intelfpga_lite/18.1/nios2eds/bin/gnu/h-x86_64-mingw32/bin/../lib/gcc/nios2-elf/5.3.0/../../../../../H-x86_64-mingw32/nios2-elf/lib/mno-hw-mul\libsmallc.a(lib_a-strlen.o)

.debug_frame    0x0000000000000000      0x3bc
 *(.debug_frame)
 .debug_frame   0x0000000000000000       0x64 obj/default/hello_world_small.o
 .debug_frame   0x0000000000000064       0x30 ../temp_test_8_bsp/\libhal_bsp.a(alt_load.o)
 .debug_frame   0x0000000000000094       0x2c ../temp_test_8_bsp/\libhal_bsp.a(alt_main.o)
 .debug_frame   0x00000000000000c0       0x54 ../temp_test_8_bsp/\libhal_bsp.a(alt_printf.o)
 .debug_frame   0x0000000000000114       0x30 ../temp_test_8_bsp/\libhal_bsp.a(alt_putchar.o)
 .debug_frame   0x0000000000000144       0x30 ../temp_test_8_bsp/\libhal_bsp.a(alt_putstr.o)
 .debug_frame   0x0000000000000174       0x48 ../temp_test_8_bsp/\libhal_bsp.a(alt_sys_init.o)
 .debug_frame   0x00000000000001bc       0x20 ../temp_test_8_bsp/\libhal_bsp.a(altera_avalon_jtag_uart_write.o)
 .debug_frame   0x00000000000001dc       0x40 ../temp_test_8_bsp/\libhal_bsp.a(altera_avalon_timer_sc.o)
 .debug_frame   0x000000000000021c       0x20 ../temp_test_8_bsp/\libhal_bsp.a(alt_dcache_flush_all.o)
 .debug_frame   0x000000000000023c       0x20 ../temp_test_8_bsp/\libhal_bsp.a(alt_dev.o)
 .debug_frame   0x000000000000025c       0x2c ../temp_test_8_bsp/\libhal_bsp.a(alt_dev_llist_insert.o)
 .debug_frame   0x0000000000000288       0x20 ../temp_test_8_bsp/\libhal_bsp.a(alt_icache_flush_all.o)
 .debug_frame   0x00000000000002a8       0x20 ../temp_test_8_bsp/\libhal_bsp.a(alt_irq_register.o)
 .debug_frame   0x00000000000002c8       0x50 ../temp_test_8_bsp/\libhal_bsp.a(alt_tick.o)
 .debug_frame   0x0000000000000318       0x20 ../temp_test_8_bsp/\libhal_bsp.a(altera_nios2_gen2_irq.o)
 .debug_frame   0x0000000000000338       0x34 ../temp_test_8_bsp/\libhal_bsp.a(alt_irq_handler.o)
 .debug_frame   0x000000000000036c       0x30 ../temp_test_8_bsp/\libhal_bsp.a(alt_instruction_exception_entry.o)
 .debug_frame   0x000000000000039c       0x20 c:/intelfpga_lite/18.1/nios2eds/bin/gnu/h-x86_64-mingw32/bin/../lib/gcc/nios2-elf/5.3.0/../../../../../H-x86_64-mingw32/nios2-elf/lib/mno-hw-mul\libsmallc.a(lib_a-strlen.o)

.debug_str      0x0000000000000000     0x10a4
 *(.debug_str)
 .debug_str     0x0000000000000000      0x159 obj/default/hello_world_small.o
                                        0x18c (size before relaxing)
 .debug_str     0x0000000000000159      0x194 ../temp_test_8_bsp/\libhal_bsp.a(alt_load.o)
                                        0x266 (size before relaxing)
 .debug_str     0x00000000000002ed       0xb0 ../temp_test_8_bsp/\libhal_bsp.a(alt_main.o)
                                        0x208 (size before relaxing)
 .debug_str     0x000000000000039d       0x59 ../temp_test_8_bsp/\libhal_bsp.a(alt_printf.o)
                                        0x130 (size before relaxing)
 .debug_str     0x00000000000003f6       0x5e ../temp_test_8_bsp/\libhal_bsp.a(alt_putchar.o)
                                        0x1b5 (size before relaxing)
 .debug_str     0x0000000000000454       0x1c ../temp_test_8_bsp/\libhal_bsp.a(alt_putstr.o)
                                        0x1ba (size before relaxing)
 .debug_str     0x0000000000000470      0x187 ../temp_test_8_bsp/\libhal_bsp.a(alt_sys_init.o)
                                        0x38d (size before relaxing)
 .debug_str     0x00000000000005f7       0x32 ../temp_test_8_bsp/\libhal_bsp.a(altera_avalon_jtag_uart_write.o)
                                        0x260 (size before relaxing)
 .debug_str     0x0000000000000629       0xb7 ../temp_test_8_bsp/\libhal_bsp.a(altera_avalon_timer_sc.o)
                                        0x2b0 (size before relaxing)
 .debug_str     0x00000000000006e0       0x27 ../temp_test_8_bsp/\libhal_bsp.a(altera_avalon_timer_vars.o)
                                        0x1e3 (size before relaxing)
 .debug_str     0x0000000000000707       0x1f ../temp_test_8_bsp/\libhal_bsp.a(alt_dcache_flush_all.o)
                                        0x17f (size before relaxing)
 .debug_str     0x0000000000000726      0x125 ../temp_test_8_bsp/\libhal_bsp.a(alt_dev.o)
                                        0x32f (size before relaxing)
 .debug_str     0x000000000000084b       0x48 ../temp_test_8_bsp/\libhal_bsp.a(alt_dev_llist_insert.o)
                                        0x1f6 (size before relaxing)
 .debug_str     0x0000000000000893       0x14 ../temp_test_8_bsp/\libhal_bsp.a(alt_errno.o)
                                        0x16f (size before relaxing)
 .debug_str     0x00000000000008a7       0x1f ../temp_test_8_bsp/\libhal_bsp.a(alt_icache_flush_all.o)
                                        0x17f (size before relaxing)
 .debug_str     0x00000000000008c6       0x66 ../temp_test_8_bsp/\libhal_bsp.a(alt_irq_register.o)
                                        0x232 (size before relaxing)
 .debug_str     0x000000000000092c       0x17 ../temp_test_8_bsp/\libhal_bsp.a(alt_irq_vars.o)
                                        0x164 (size before relaxing)
 .debug_str     0x0000000000000943       0x6f ../temp_test_8_bsp/\libhal_bsp.a(alt_tick.o)
                                        0x29d (size before relaxing)
 .debug_str     0x00000000000009b2       0x20 ../temp_test_8_bsp/\libhal_bsp.a(altera_nios2_gen2_irq.o)
                                        0x1af (size before relaxing)
 .debug_str     0x00000000000009d2       0x3a ../temp_test_8_bsp/\libhal_bsp.a(alt_irq_handler.o)
                                        0x1e2 (size before relaxing)
 .debug_str     0x0000000000000a0c      0x48b ../temp_test_8_bsp/\libhal_bsp.a(alt_instruction_exception_entry.o)
                                        0x5ca (size before relaxing)
 .debug_str     0x0000000000000e97      0x134 c:/intelfpga_lite/18.1/nios2eds/bin/gnu/h-x86_64-mingw32/bin/../lib/gcc/nios2-elf/5.3.0/../../../../../H-x86_64-mingw32/nios2-elf/lib/mno-hw-mul\libsmallc.a(lib_a-int_errno.o)
                                        0x1d8 (size before relaxing)
 .debug_str     0x0000000000000fcb       0xd9 c:/intelfpga_lite/18.1/nios2eds/bin/gnu/h-x86_64-mingw32/bin/../lib/gcc/nios2-elf/5.3.0/../../../../../H-x86_64-mingw32/nios2-elf/lib/mno-hw-mul\libsmallc.a(lib_a-strlen.o)
                                        0x1e5 (size before relaxing)

.debug_loc      0x0000000000000000      0x712
 *(.debug_loc)
 .debug_loc     0x0000000000000000       0x41 obj/default/hello_world_small.o
 .debug_loc     0x0000000000000041      0x1de ../temp_test_8_bsp/\libhal_bsp.a(alt_printf.o)
 .debug_loc     0x000000000000021f       0x2c ../temp_test_8_bsp/\libhal_bsp.a(alt_putchar.o)
 .debug_loc     0x000000000000024b       0x37 ../temp_test_8_bsp/\libhal_bsp.a(alt_putstr.o)
 .debug_loc     0x0000000000000282       0x21 ../temp_test_8_bsp/\libhal_bsp.a(alt_sys_init.o)
 .debug_loc     0x00000000000002a3       0x8b ../temp_test_8_bsp/\libhal_bsp.a(altera_avalon_jtag_uart_write.o)
 .debug_loc     0x000000000000032e      0x102 ../temp_test_8_bsp/\libhal_bsp.a(altera_avalon_timer_sc.o)
 .debug_loc     0x0000000000000430       0x7e ../temp_test_8_bsp/\libhal_bsp.a(alt_dev_llist_insert.o)
 .debug_loc     0x00000000000004ae       0xfa ../temp_test_8_bsp/\libhal_bsp.a(alt_irq_register.o)
 .debug_loc     0x00000000000005a8       0x75 ../temp_test_8_bsp/\libhal_bsp.a(alt_tick.o)
 .debug_loc     0x000000000000061d       0x72 ../temp_test_8_bsp/\libhal_bsp.a(alt_irq_handler.o)
 .debug_loc     0x000000000000068f       0x65 ../temp_test_8_bsp/\libhal_bsp.a(alt_instruction_exception_entry.o)
 .debug_loc     0x00000000000006f4       0x1e c:/intelfpga_lite/18.1/nios2eds/bin/gnu/h-x86_64-mingw32/bin/../lib/gcc/nios2-elf/5.3.0/../../../../../H-x86_64-mingw32/nios2-elf/lib/mno-hw-mul\libsmallc.a(lib_a-strlen.o)

.debug_macinfo
 *(.debug_macinfo)

.debug_weaknames
 *(.debug_weaknames)

.debug_funcnames
 *(.debug_funcnames)

.debug_typenames
 *(.debug_typenames)

.debug_varnames
 *(.debug_varnames)

.debug_alt_sim_info
                0x0000000000000000       0x10
 *(.debug_alt_sim_info)
 .debug_alt_sim_info
                0x0000000000000000       0x10 ../temp_test_8_bsp//obj/HAL/src/crt0.o
                0x0000000000020000                __alt_data_end = 0x20000
                0x0000000000020000                PROVIDE (__alt_stack_pointer, __alt_data_end)
                [!provide]                        PROVIDE (__alt_stack_limit, __alt_stack_base)
                [!provide]                        PROVIDE (__alt_heap_start, end)
                [!provide]                        PROVIDE (__alt_heap_limit, 0x20000)
OUTPUT(temp_test_8.elf elf32-littlenios2)

.debug_ranges   0x0000000000000000      0x190
 .debug_ranges  0x0000000000000000       0x20 ../temp_test_8_bsp//obj/HAL/src/crt0.o
 .debug_ranges  0x0000000000000020       0x30 obj/default/hello_world_small.o
 .debug_ranges  0x0000000000000050       0x48 ../temp_test_8_bsp/\libhal_bsp.a(alt_load.o)
 .debug_ranges  0x0000000000000098       0x18 ../temp_test_8_bsp/\libhal_bsp.a(alt_printf.o)
 .debug_ranges  0x00000000000000b0       0x18 ../temp_test_8_bsp/\libhal_bsp.a(alt_sys_init.o)
 .debug_ranges  0x00000000000000c8       0x18 ../temp_test_8_bsp/\libhal_bsp.a(altera_avalon_timer_sc.o)
 .debug_ranges  0x00000000000000e0       0x20 ../temp_test_8_bsp/\libhal_bsp.a(alt_dev_llist_insert.o)
 .debug_ranges  0x0000000000000100       0x28 ../temp_test_8_bsp/\libhal_bsp.a(alt_irq_entry.o)
 .debug_ranges  0x0000000000000128       0x10 ../temp_test_8_bsp/\libhal_bsp.a(alt_irq_handler.o)
 .debug_ranges  0x0000000000000138       0x30 ../temp_test_8_bsp/\libhal_bsp.a(alt_exception_entry.o)
 .debug_ranges  0x0000000000000168       0x18 ../temp_test_8_bsp/\libhal_bsp.a(alt_instruction_exception_entry.o)
 .debug_ranges  0x0000000000000180       0x10 c:/intelfpga_lite/18.1/nios2eds/bin/gnu/h-x86_64-mingw32/bin/../lib/gcc/nios2-elf/5.3.0/../../../../../H-x86_64-mingw32/nios2-elf/lib/mno-hw-mul\libsmallc.a(lib_a-strlen.o)
