Archive member included to satisfy reference by file (symbol)

c:/intelfpga_lite/18.1/nios2eds/bin/gnu/h-x86_64-mingw32/bin/../lib/gcc/nios2-elf/5.3.0/mno-hw-mul\libgcc.a(lib2-divmod.o)
                              obj/default/hello_world_small.o (__divsi3)
c:/intelfpga_lite/18.1/nios2eds/bin/gnu/h-x86_64-mingw32/bin/../lib/gcc/nios2-elf/5.3.0/../../../../../H-x86_64-mingw32/nios2-elf/lib/mno-hw-mul\libsmallc.a(lib_a-printf.o)
                              obj/default/hello_world_small.o (printf)
c:/intelfpga_lite/18.1/nios2eds/bin/gnu/h-x86_64-mingw32/bin/../lib/gcc/nios2-elf/5.3.0/../../../../../H-x86_64-mingw32/nios2-elf/lib/mno-hw-mul\libsmallc.a(lib_a-vfprintf.o)
                              c:/intelfpga_lite/18.1/nios2eds/bin/gnu/h-x86_64-mingw32/bin/../lib/gcc/nios2-elf/5.3.0/../../../../../H-x86_64-mingw32/nios2-elf/lib/mno-hw-mul\libsmallc.a(lib_a-printf.o) (___vfprintf_internal_r)
c:/intelfpga_lite/18.1/nios2eds/bin/gnu/h-x86_64-mingw32/bin/../lib/gcc/nios2-elf/5.3.0/../../../../../H-x86_64-mingw32/nios2-elf/lib/mno-hw-mul\libsmallc.a(lib_a-fvwrite_small_dev.o)
                              c:/intelfpga_lite/18.1/nios2eds/bin/gnu/h-x86_64-mingw32/bin/../lib/gcc/nios2-elf/5.3.0/../../../../../H-x86_64-mingw32/nios2-elf/lib/mno-hw-mul\libsmallc.a(lib_a-printf.o) (__sfvwrite_small_dev)
c:/intelfpga_lite/18.1/nios2eds/bin/gnu/h-x86_64-mingw32/bin/../lib/gcc/nios2-elf/5.3.0/../../../../../H-x86_64-mingw32/nios2-elf/lib/mno-hw-mul\libsmallc.a(lib_a-impure.o)
                              c:/intelfpga_lite/18.1/nios2eds/bin/gnu/h-x86_64-mingw32/bin/../lib/gcc/nios2-elf/5.3.0/../../../../../H-x86_64-mingw32/nios2-elf/lib/mno-hw-mul\libsmallc.a(lib_a-printf.o) (_impure_ptr)
c:/intelfpga_lite/18.1/nios2eds/bin/gnu/h-x86_64-mingw32/bin/../lib/gcc/nios2-elf/5.3.0/../../../../../H-x86_64-mingw32/nios2-elf/lib/mno-hw-mul\libsmallc.a(lib_a-strlen.o)
                              c:/intelfpga_lite/18.1/nios2eds/bin/gnu/h-x86_64-mingw32/bin/../lib/gcc/nios2-elf/5.3.0/../../../../../H-x86_64-mingw32/nios2-elf/lib/mno-hw-mul\libsmallc.a(lib_a-vfprintf.o) (strlen)
c:/intelfpga_lite/18.1/nios2eds/bin/gnu/h-x86_64-mingw32/bin/../lib/gcc/nios2-elf/5.3.0/../../../../../H-x86_64-mingw32/nios2-elf/lib/mno-hw-mul\libsmallc.a(lib_a-writer.o)
                              c:/intelfpga_lite/18.1/nios2eds/bin/gnu/h-x86_64-mingw32/bin/../lib/gcc/nios2-elf/5.3.0/../../../../../H-x86_64-mingw32/nios2-elf/lib/mno-hw-mul\libsmallc.a(lib_a-fvwrite_small_dev.o) (_write_r)
c:/intelfpga_lite/18.1/nios2eds/bin/gnu/h-x86_64-mingw32/bin/../lib/gcc/nios2-elf/5.3.0/../../../../../H-x86_64-mingw32/nios2-elf/lib/mno-hw-mul\libsmallc.a(lib_a-int_errno.o)
                              c:/intelfpga_lite/18.1/nios2eds/bin/gnu/h-x86_64-mingw32/bin/../lib/gcc/nios2-elf/5.3.0/../../../../../H-x86_64-mingw32/nios2-elf/lib/mno-hw-mul\libsmallc.a(lib_a-writer.o) (errno)
c:/intelfpga_lite/18.1/nios2eds/bin/gnu/h-x86_64-mingw32/bin/../lib/gcc/nios2-elf/5.3.0/mno-hw-mul\libgcc.a(lib2-mul.o)
                              c:/intelfpga_lite/18.1/nios2eds/bin/gnu/h-x86_64-mingw32/bin/../lib/gcc/nios2-elf/5.3.0/../../../../../H-x86_64-mingw32/nios2-elf/lib/mno-hw-mul\libsmallc.a(lib_a-vfprintf.o) (__mulsi3)
../button_and_uart_bsp/\libhal_bsp.a(alt_load.o)
                              ../button_and_uart_bsp//obj/HAL/src/crt0.o (alt_load)
../button_and_uart_bsp/\libhal_bsp.a(alt_main.o)
                              ../button_and_uart_bsp//obj/HAL/src/crt0.o (alt_main)
../button_and_uart_bsp/\libhal_bsp.a(alt_write.o)
                              c:/intelfpga_lite/18.1/nios2eds/bin/gnu/h-x86_64-mingw32/bin/../lib/gcc/nios2-elf/5.3.0/../../../../../H-x86_64-mingw32/nios2-elf/lib/mno-hw-mul\libsmallc.a(lib_a-writer.o) (write)
../button_and_uart_bsp/\libhal_bsp.a(alt_sys_init.o)
                              ../button_and_uart_bsp/\libhal_bsp.a(alt_main.o) (alt_irq_init)
../button_and_uart_bsp/\libhal_bsp.a(altera_avalon_jtag_uart_write.o)
                              ../button_and_uart_bsp/\libhal_bsp.a(alt_write.o) (altera_avalon_jtag_uart_write)
../button_and_uart_bsp/\libhal_bsp.a(altera_avalon_timer_sc.o)
                              ../button_and_uart_bsp/\libhal_bsp.a(alt_sys_init.o) (alt_avalon_timer_sc_init)
../button_and_uart_bsp/\libhal_bsp.a(altera_avalon_timer_ts.o)
                              obj/default/hello_world_small.o (alt_timestamp_start)
../button_and_uart_bsp/\libhal_bsp.a(altera_avalon_timer_vars.o)
                              ../button_and_uart_bsp/\libhal_bsp.a(alt_sys_init.o) (altera_avalon_timer_ts_freq)
../button_and_uart_bsp/\libhal_bsp.a(altera_up_avalon_accelerometer_spi.o)
                              obj/default/hello_world_small.o (alt_up_accelerometer_spi_open_dev)
../button_and_uart_bsp/\libhal_bsp.a(alt_dcache_flush_all.o)
                              ../button_and_uart_bsp/\libhal_bsp.a(alt_load.o) (alt_dcache_flush_all)
../button_and_uart_bsp/\libhal_bsp.a(alt_dev.o)
                              ../button_and_uart_bsp/\libhal_bsp.a(alt_sys_init.o) (alt_dev_list)
../button_and_uart_bsp/\libhal_bsp.a(alt_dev_llist_insert.o)
                              ../button_and_uart_bsp/\libhal_bsp.a(alt_sys_init.o) (alt_dev_llist_insert)
../button_and_uart_bsp/\libhal_bsp.a(alt_errno.o)
                              ../button_and_uart_bsp/\libhal_bsp.a(alt_write.o) (alt_errno)
../button_and_uart_bsp/\libhal_bsp.a(alt_find_dev.o)
                              ../button_and_uart_bsp/\libhal_bsp.a(altera_up_avalon_accelerometer_spi.o) (alt_find_dev)
../button_and_uart_bsp/\libhal_bsp.a(alt_icache_flush_all.o)
                              ../button_and_uart_bsp/\libhal_bsp.a(alt_load.o) (alt_icache_flush_all)
../button_and_uart_bsp/\libhal_bsp.a(alt_irq_register.o)
                              ../button_and_uart_bsp/\libhal_bsp.a(altera_avalon_timer_sc.o) (alt_irq_register)
../button_and_uart_bsp/\libhal_bsp.a(alt_irq_vars.o)
                              ../button_and_uart_bsp/\libhal_bsp.a(alt_irq_register.o) (alt_irq_active)
../button_and_uart_bsp/\libhal_bsp.a(alt_tick.o)
                              ../button_and_uart_bsp/\libhal_bsp.a(altera_avalon_timer_sc.o) (alt_tick)
../button_and_uart_bsp/\libhal_bsp.a(altera_nios2_gen2_irq.o)
                              ../button_and_uart_bsp/\libhal_bsp.a(alt_sys_init.o) (altera_nios2_gen2_irq_init)
../button_and_uart_bsp/\libhal_bsp.a(alt_irq_entry.o)
                              ../button_and_uart_bsp/\libhal_bsp.a(alt_irq_register.o) (alt_irq_entry)
../button_and_uart_bsp/\libhal_bsp.a(alt_irq_handler.o)
                              ../button_and_uart_bsp/\libhal_bsp.a(alt_irq_register.o) (alt_irq_handler)
../button_and_uart_bsp/\libhal_bsp.a(alt_exception_entry.o)
                              ../button_and_uart_bsp/\libhal_bsp.a(alt_irq_entry.o) (alt_exception)
../button_and_uart_bsp/\libhal_bsp.a(alt_instruction_exception_entry.o)
                              ../button_and_uart_bsp/\libhal_bsp.a(alt_exception_entry.o) (alt_instruction_exception_entry)
c:/intelfpga_lite/18.1/nios2eds/bin/gnu/h-x86_64-mingw32/bin/../lib/gcc/nios2-elf/5.3.0/../../../../../H-x86_64-mingw32/nios2-elf/lib/mno-hw-mul\libsmallc.a(lib_a-memcmp.o)
                              ../button_and_uart_bsp/\libhal_bsp.a(alt_find_dev.o) (memcmp)

Allocating common symbols
Common symbol       size              file

alt_irq             0x100             ../button_and_uart_bsp/\libhal_bsp.a(alt_irq_handler.o)
errno               0x4               c:/intelfpga_lite/18.1/nios2eds/bin/gnu/h-x86_64-mingw32/bin/../lib/gcc/nios2-elf/5.3.0/../../../../../H-x86_64-mingw32/nios2-elf/lib/mno-hw-mul\libsmallc.a(lib_a-int_errno.o)

Memory Configuration

Name             Origin             Length             Attributes
reset            0x0000000000010000 0x0000000000000020
onchip_memory    0x0000000000010020 0x000000000000ffe0
*default*        0x0000000000000000 0xffffffffffffffff

Linker script and memory map

LOAD ../button_and_uart_bsp//obj/HAL/src/crt0.o
LOAD obj/default/hello_world_small.o
LOAD c:/intelfpga_lite/18.1/nios2eds/bin/gnu/h-x86_64-mingw32/bin/../lib/gcc/nios2-elf/5.3.0/../../../../../H-x86_64-mingw32/nios2-elf/lib/mno-hw-mul\libstdc++.a
LOAD c:/intelfpga_lite/18.1/nios2eds/bin/gnu/h-x86_64-mingw32/bin/../lib/gcc/nios2-elf/5.3.0/../../../../../H-x86_64-mingw32/nios2-elf/lib/mno-hw-mul\libm.a
LOAD c:/intelfpga_lite/18.1/nios2eds/bin/gnu/h-x86_64-mingw32/bin/../lib/gcc/nios2-elf/5.3.0/mno-hw-mul\libgcc.a
START GROUP
LOAD c:/intelfpga_lite/18.1/nios2eds/bin/gnu/h-x86_64-mingw32/bin/../lib/gcc/nios2-elf/5.3.0/../../../../../H-x86_64-mingw32/nios2-elf/lib/mno-hw-mul\libsmallc.a
LOAD c:/intelfpga_lite/18.1/nios2eds/bin/gnu/h-x86_64-mingw32/bin/../lib/gcc/nios2-elf/5.3.0/mno-hw-mul\libgcc.a
LOAD ../button_and_uart_bsp/\libhal_bsp.a
LOAD c:/intelfpga_lite/18.1/nios2eds/bin/gnu/h-x86_64-mingw32/bin/../lib/gcc/nios2-elf/5.3.0/../../../../../H-x86_64-mingw32/nios2-elf/lib/mno-hw-mul\libm.a
END GROUP
LOAD c:/intelfpga_lite/18.1/nios2eds/bin/gnu/h-x86_64-mingw32/bin/../lib/gcc/nios2-elf/5.3.0/mno-hw-mul\libgcc.a
                0x0000000000010000                __alt_mem_onchip_memory = 0x10000

.entry          0x0000000000010000       0x20
 *(.entry)
 .entry         0x0000000000010000       0x20 ../button_and_uart_bsp//obj/HAL/src/crt0.o
                0x0000000000010000                __reset
                0x000000000001000c                _exit

.exceptions     0x0000000000010020      0x160
                0x0000000000010020                PROVIDE (__ram_exceptions_start, ABSOLUTE (.))
                0x0000000000010020                . = ALIGN (0x20)
 *(.irq)
 *(.exceptions.entry.label)
 .exceptions.entry.label
                0x0000000000010020        0x0 ../button_and_uart_bsp/\libhal_bsp.a(alt_irq_entry.o)
                0x0000000000010020                alt_irq_entry
 .exceptions.entry.label
                0x0000000000010020        0x0 ../button_and_uart_bsp/\libhal_bsp.a(alt_exception_entry.o)
                0x0000000000010020                alt_exception
 *(.exceptions.entry.user)
 *(.exceptions.entry.ecc_fatal)
 *(.exceptions.entry)
 .exceptions.entry
                0x0000000000010020       0x54 ../button_and_uart_bsp/\libhal_bsp.a(alt_exception_entry.o)
 *(.exceptions.irqtest.user)
 *(.exceptions.irqtest)
 .exceptions.irqtest
                0x0000000000010074       0x10 ../button_and_uart_bsp/\libhal_bsp.a(alt_irq_entry.o)
 *(.exceptions.irqhandler.user)
 *(.exceptions.irqhandler)
 .exceptions.irqhandler
                0x0000000000010084        0x4 ../button_and_uart_bsp/\libhal_bsp.a(alt_irq_entry.o)
 *(.exceptions.irqreturn.user)
 *(.exceptions.irqreturn)
 .exceptions.irqreturn
                0x0000000000010088        0x4 ../button_and_uart_bsp/\libhal_bsp.a(alt_irq_entry.o)
 *(.exceptions.notirq.label)
 .exceptions.notirq.label
                0x000000000001008c        0x0 ../button_and_uart_bsp/\libhal_bsp.a(alt_irq_entry.o)
 *(.exceptions.notirq.user)
 *(.exceptions.notirq)
 .exceptions.notirq
                0x000000000001008c        0x8 ../button_and_uart_bsp/\libhal_bsp.a(alt_exception_entry.o)
 *(.exceptions.soft.user)
 *(.exceptions.soft)
 *(.exceptions.unknown.user)
 *(.exceptions.unknown)
 .exceptions.unknown
                0x0000000000010094       0x14 ../button_and_uart_bsp/\libhal_bsp.a(alt_exception_entry.o)
 *(.exceptions.exit.label)
 .exceptions.exit.label
                0x00000000000100a8        0x0 ../button_and_uart_bsp/\libhal_bsp.a(alt_irq_entry.o)
 .exceptions.exit.label
                0x00000000000100a8        0x0 ../button_and_uart_bsp/\libhal_bsp.a(alt_exception_entry.o)
 *(.exceptions.exit.user)
 *(.exceptions.exit)
 .exceptions.exit
                0x00000000000100a8       0x54 ../button_and_uart_bsp/\libhal_bsp.a(alt_exception_entry.o)
 *(.exceptions)
 .exceptions    0x00000000000100fc       0x60 ../button_and_uart_bsp/\libhal_bsp.a(alt_irq_handler.o)
                0x00000000000100fc                alt_irq_handler
 .exceptions    0x000000000001015c       0x24 ../button_and_uart_bsp/\libhal_bsp.a(alt_instruction_exception_entry.o)
                0x000000000001015c                alt_instruction_exception_entry
                0x0000000000010180                PROVIDE (__ram_exceptions_end, ABSOLUTE (.))
                0x0000000000010020                PROVIDE (__flash_exceptions_start, LOADADDR (.exceptions))

.text           0x0000000000010180     0x12a4
                [!provide]                        PROVIDE (stext, ABSOLUTE (.))
 *(.interp)
 *(.hash)
 *(.dynsym)
 *(.dynstr)
 *(.gnu.version)
 *(.gnu.version_d)
 *(.gnu.version_r)
 *(.rel.init)
 *(.rela.init)
 *(.rel.text .rel.text.* .rel.gnu.linkonce.t.*)
 *(.rela.text .rela.text.* .rela.gnu.linkonce.t.*)
 *(.rel.fini)
 *(.rela.fini)
 *(.rel.rodata .rel.rodata.* .rel.gnu.linkonce.r.*)
 *(.rela.rodata .rela.rodata.* .rela.gnu.linkonce.r.*)
 *(.rel.data .rel.data.* .rel.gnu.linkonce.d.*)
 *(.rela.data .rela.data.* .rela.gnu.linkonce.d.*)
 *(.rel.tdata .rel.tdata.* .rel.gnu.linkonce.td.*)
 *(.rela.tdata .rela.tdata.* .rela.gnu.linkonce.td.*)
 *(.rel.tbss .rel.tbss.* .rel.gnu.linkonce.tb.*)
 *(.rela.tbss .rela.tbss.* .rela.gnu.linkonce.tb.*)
 *(.rel.ctors)
 *(.rela.ctors)
 *(.rel.dtors)
 *(.rela.dtors)
 *(.rel.got)
 *(.rela.got)
 *(.rel.sdata .rel.sdata.* .rel.gnu.linkonce.s.*)
 *(.rela.sdata .rela.sdata.* .rela.gnu.linkonce.s.*)
 *(.rel.sbss .rel.sbss.* .rel.gnu.linkonce.sb.*)
 *(.rela.sbss .rela.sbss.* .rela.gnu.linkonce.sb.*)
 *(.rel.sdata2 .rel.sdata2.* .rel.gnu.linkonce.s2.*)
 *(.rela.sdata2 .rela.sdata2.* .rela.gnu.linkonce.s2.*)
 *(.rel.sbss2 .rel.sbss2.* .rel.gnu.linkonce.sb2.*)
 *(.rela.sbss2 .rela.sbss2.* .rela.gnu.linkonce.sb2.*)
 *(.rel.bss .rel.bss.* .rel.gnu.linkonce.b.*)
 *(.rela.bss .rela.bss.* .rela.gnu.linkonce.b.*)
 *(.rel.plt)
 *(.rela.plt)
 *(.rel.dyn)
 *(.init)
 *(.plt)
 *(.text .stub .text.* .gnu.linkonce.t.*)
 .text          0x0000000000010180       0x3c ../button_and_uart_bsp//obj/HAL/src/crt0.o
                0x0000000000010180                _start
 .text          0x00000000000101bc       0xb8 obj/default/hello_world_small.o
                0x00000000000101bc                read_from_fir
                0x0000000000010218                write_to_fir
                0x0000000000010250                bound
 .text.startup  0x0000000000010274      0x104 obj/default/hello_world_small.o
                0x0000000000010274                main
 .text          0x0000000000010378      0x1b4 c:/intelfpga_lite/18.1/nios2eds/bin/gnu/h-x86_64-mingw32/bin/../lib/gcc/nios2-elf/5.3.0/mno-hw-mul\libgcc.a(lib2-divmod.o)
                0x0000000000010378                __divsi3
                0x00000000000103fc                __modsi3
                0x0000000000010470                __udivsi3
                0x00000000000104d4                __umodsi3
 .text          0x000000000001052c        0x0 c:/intelfpga_lite/18.1/nios2eds/bin/gnu/h-x86_64-mingw32/bin/../lib/gcc/nios2-elf/5.3.0/../../../../../H-x86_64-mingw32/nios2-elf/lib/mno-hw-mul\libsmallc.a(lib_a-printf.o)
 .text._printf_r
                0x000000000001052c       0x3c c:/intelfpga_lite/18.1/nios2eds/bin/gnu/h-x86_64-mingw32/bin/../lib/gcc/nios2-elf/5.3.0/../../../../../H-x86_64-mingw32/nios2-elf/lib/mno-hw-mul\libsmallc.a(lib_a-printf.o)
                0x000000000001052c                _printf_r
 .text.printf   0x0000000000010568       0x4c c:/intelfpga_lite/18.1/nios2eds/bin/gnu/h-x86_64-mingw32/bin/../lib/gcc/nios2-elf/5.3.0/../../../../../H-x86_64-mingw32/nios2-elf/lib/mno-hw-mul\libsmallc.a(lib_a-printf.o)
                0x0000000000010568                printf
 .text          0x00000000000105b4        0x0 c:/intelfpga_lite/18.1/nios2eds/bin/gnu/h-x86_64-mingw32/bin/../lib/gcc/nios2-elf/5.3.0/../../../../../H-x86_64-mingw32/nios2-elf/lib/mno-hw-mul\libsmallc.a(lib_a-vfprintf.o)
 .text.print_repeat
                0x00000000000105b4       0x6c c:/intelfpga_lite/18.1/nios2eds/bin/gnu/h-x86_64-mingw32/bin/../lib/gcc/nios2-elf/5.3.0/../../../../../H-x86_64-mingw32/nios2-elf/lib/mno-hw-mul\libsmallc.a(lib_a-vfprintf.o)
 .text.___vfprintf_internal_r
                0x0000000000010620      0x52c c:/intelfpga_lite/18.1/nios2eds/bin/gnu/h-x86_64-mingw32/bin/../lib/gcc/nios2-elf/5.3.0/../../../../../H-x86_64-mingw32/nios2-elf/lib/mno-hw-mul\libsmallc.a(lib_a-vfprintf.o)
                0x0000000000010620                ___vfprintf_internal_r
 .text.__vfprintf_internal
                0x0000000000010b4c       0x1c c:/intelfpga_lite/18.1/nios2eds/bin/gnu/h-x86_64-mingw32/bin/../lib/gcc/nios2-elf/5.3.0/../../../../../H-x86_64-mingw32/nios2-elf/lib/mno-hw-mul\libsmallc.a(lib_a-vfprintf.o)
                0x0000000000010b4c                __vfprintf_internal
 .text          0x0000000000010b68        0x0 c:/intelfpga_lite/18.1/nios2eds/bin/gnu/h-x86_64-mingw32/bin/../lib/gcc/nios2-elf/5.3.0/../../../../../H-x86_64-mingw32/nios2-elf/lib/mno-hw-mul\libsmallc.a(lib_a-fvwrite_small_dev.o)
 .text.__sfvwrite_small_dev
                0x0000000000010b68       0xb8 c:/intelfpga_lite/18.1/nios2eds/bin/gnu/h-x86_64-mingw32/bin/../lib/gcc/nios2-elf/5.3.0/../../../../../H-x86_64-mingw32/nios2-elf/lib/mno-hw-mul\libsmallc.a(lib_a-fvwrite_small_dev.o)
                0x0000000000010b68                __sfvwrite_small_dev
 .text          0x0000000000010c20        0x0 c:/intelfpga_lite/18.1/nios2eds/bin/gnu/h-x86_64-mingw32/bin/../lib/gcc/nios2-elf/5.3.0/../../../../../H-x86_64-mingw32/nios2-elf/lib/mno-hw-mul\libsmallc.a(lib_a-impure.o)
 .text          0x0000000000010c20        0x0 c:/intelfpga_lite/18.1/nios2eds/bin/gnu/h-x86_64-mingw32/bin/../lib/gcc/nios2-elf/5.3.0/../../../../../H-x86_64-mingw32/nios2-elf/lib/mno-hw-mul\libsmallc.a(lib_a-strlen.o)
 .text.strlen   0x0000000000010c20       0x1c c:/intelfpga_lite/18.1/nios2eds/bin/gnu/h-x86_64-mingw32/bin/../lib/gcc/nios2-elf/5.3.0/../../../../../H-x86_64-mingw32/nios2-elf/lib/mno-hw-mul\libsmallc.a(lib_a-strlen.o)
                0x0000000000010c20                strlen
 .text          0x0000000000010c3c        0x0 c:/intelfpga_lite/18.1/nios2eds/bin/gnu/h-x86_64-mingw32/bin/../lib/gcc/nios2-elf/5.3.0/../../../../../H-x86_64-mingw32/nios2-elf/lib/mno-hw-mul\libsmallc.a(lib_a-writer.o)
 .text._write_r
                0x0000000000010c3c       0x58 c:/intelfpga_lite/18.1/nios2eds/bin/gnu/h-x86_64-mingw32/bin/../lib/gcc/nios2-elf/5.3.0/../../../../../H-x86_64-mingw32/nios2-elf/lib/mno-hw-mul\libsmallc.a(lib_a-writer.o)
                0x0000000000010c3c                _write_r
 .text          0x0000000000010c94        0x0 c:/intelfpga_lite/18.1/nios2eds/bin/gnu/h-x86_64-mingw32/bin/../lib/gcc/nios2-elf/5.3.0/../../../../../H-x86_64-mingw32/nios2-elf/lib/mno-hw-mul\libsmallc.a(lib_a-int_errno.o)
 .text          0x0000000000010c94       0x28 c:/intelfpga_lite/18.1/nios2eds/bin/gnu/h-x86_64-mingw32/bin/../lib/gcc/nios2-elf/5.3.0/mno-hw-mul\libgcc.a(lib2-mul.o)
                0x0000000000010c94                __mulsi3
 .text          0x0000000000010cbc       0xe0 ../button_and_uart_bsp/\libhal_bsp.a(alt_load.o)
                0x0000000000010cbc                alt_load
 .text          0x0000000000010d9c       0x2c ../button_and_uart_bsp/\libhal_bsp.a(alt_main.o)
                0x0000000000010d9c                alt_main
 .text          0x0000000000010dc8       0x60 ../button_and_uart_bsp/\libhal_bsp.a(alt_write.o)
                0x0000000000010dc8                write
 .text          0x0000000000010e28       0x70 ../button_and_uart_bsp/\libhal_bsp.a(alt_sys_init.o)
                0x0000000000010e28                alt_irq_init
                0x0000000000010e48                alt_sys_init
 .text          0x0000000000010e98       0x34 ../button_and_uart_bsp/\libhal_bsp.a(altera_avalon_jtag_uart_write.o)
                0x0000000000010e98                altera_avalon_jtag_uart_write
 .text          0x0000000000010ecc       0x64 ../button_and_uart_bsp/\libhal_bsp.a(altera_avalon_timer_sc.o)
                0x0000000000010f08                alt_avalon_timer_sc_init
 .text          0x0000000000010f30       0x78 ../button_and_uart_bsp/\libhal_bsp.a(altera_avalon_timer_ts.o)
                0x0000000000010f30                alt_timestamp_start
                0x0000000000010f6c                alt_timestamp
                0x0000000000010fa0                alt_timestamp_freq
 .text          0x0000000000010fa8        0x0 ../button_and_uart_bsp/\libhal_bsp.a(altera_avalon_timer_vars.o)
 .text          0x0000000000010fa8      0x160 ../button_and_uart_bsp/\libhal_bsp.a(altera_up_avalon_accelerometer_spi.o)
                0x0000000000010fa8                alt_up_accelerometer_spi_open_dev
                0x0000000000010fb0                alt_up_accelerometer_spi_read_address_register
                0x0000000000010fc4                alt_up_accelerometer_spi_read
                0x0000000000010fe4                alt_up_accelerometer_spi_write
                0x0000000000011000                alt_up_accelerometer_spi_read_x_axis
                0x0000000000011058                alt_up_accelerometer_spi_read_y_axis
                0x00000000000110b0                alt_up_accelerometer_spi_read_z_axis
 .text          0x0000000000011108        0x4 ../button_and_uart_bsp/\libhal_bsp.a(alt_dcache_flush_all.o)
                0x0000000000011108                alt_dcache_flush_all
 .text          0x000000000001110c        0x8 ../button_and_uart_bsp/\libhal_bsp.a(alt_dev.o)
 .text          0x0000000000011114       0x6c ../button_and_uart_bsp/\libhal_bsp.a(alt_dev_llist_insert.o)
                0x0000000000011114                alt_dev_llist_insert
 .text          0x0000000000011180        0x0 ../button_and_uart_bsp/\libhal_bsp.a(alt_errno.o)
 .text          0x0000000000011180       0x74 ../button_and_uart_bsp/\libhal_bsp.a(alt_find_dev.o)
                0x0000000000011180                alt_find_dev
 .text          0x00000000000111f4        0x4 ../button_and_uart_bsp/\libhal_bsp.a(alt_icache_flush_all.o)
                0x00000000000111f4                alt_icache_flush_all
 .text          0x00000000000111f8       0x94 ../button_and_uart_bsp/\libhal_bsp.a(alt_irq_register.o)
                0x00000000000111f8                alt_irq_register
 .text          0x000000000001128c        0x0 ../button_and_uart_bsp/\libhal_bsp.a(alt_irq_vars.o)
 .text          0x000000000001128c       0xec ../button_and_uart_bsp/\libhal_bsp.a(alt_tick.o)
                0x000000000001128c                alt_alarm_stop
                0x00000000000112c0                alt_tick
 .text          0x0000000000011378        0x8 ../button_and_uart_bsp/\libhal_bsp.a(altera_nios2_gen2_irq.o)
                0x0000000000011378                altera_nios2_gen2_irq_init
 .text          0x0000000000011380        0x0 ../button_and_uart_bsp/\libhal_bsp.a(alt_irq_entry.o)
 .text          0x0000000000011380        0x0 ../button_and_uart_bsp/\libhal_bsp.a(alt_irq_handler.o)
 .text          0x0000000000011380        0x0 ../button_and_uart_bsp/\libhal_bsp.a(alt_exception_entry.o)
 .text          0x0000000000011380       0x74 ../button_and_uart_bsp/\libhal_bsp.a(alt_instruction_exception_entry.o)
                0x0000000000011380                alt_exception_cause_generated_bad_addr
 .text          0x00000000000113f4        0x0 c:/intelfpga_lite/18.1/nios2eds/bin/gnu/h-x86_64-mingw32/bin/../lib/gcc/nios2-elf/5.3.0/../../../../../H-x86_64-mingw32/nios2-elf/lib/mno-hw-mul\libsmallc.a(lib_a-memcmp.o)
 .text.memcmp   0x00000000000113f4       0x30 c:/intelfpga_lite/18.1/nios2eds/bin/gnu/h-x86_64-mingw32/bin/../lib/gcc/nios2-elf/5.3.0/../../../../../H-x86_64-mingw32/nios2-elf/lib/mno-hw-mul\libsmallc.a(lib_a-memcmp.o)
                0x00000000000113f4                memcmp
 *(.gnu.warning.*)
 *(.fini)
                [!provide]                        PROVIDE (__etext, ABSOLUTE (.))
                [!provide]                        PROVIDE (_etext, ABSOLUTE (.))
                [!provide]                        PROVIDE (etext, ABSOLUTE (.))
 *(.eh_frame_hdr)
                0x0000000000011424                . = ALIGN (0x4)
                [!provide]                        PROVIDE (__preinit_array_start, ABSOLUTE (.))
 *(.preinit_array)
                [!provide]                        PROVIDE (__preinit_array_end, ABSOLUTE (.))
                [!provide]                        PROVIDE (__init_array_start, ABSOLUTE (.))
 *(.init_array)
                [!provide]                        PROVIDE (__init_array_end, ABSOLUTE (.))
                [!provide]                        PROVIDE (__fini_array_start, ABSOLUTE (.))
 *(.fini_array)
                [!provide]                        PROVIDE (__fini_array_end, ABSOLUTE (.))
 *(.eh_frame)
 *(.gcc_except_table .gcc_except_table.*)
 *(.dynamic)
                [!provide]                        PROVIDE (__CTOR_LIST__, ABSOLUTE (.))
 *(.ctors)
 *(SORT(.ctors.*))
                [!provide]                        PROVIDE (__CTOR_END__, ABSOLUTE (.))
                [!provide]                        PROVIDE (__DTOR_LIST__, ABSOLUTE (.))
 *(.dtors)
 *(SORT(.dtors.*))
                [!provide]                        PROVIDE (__DTOR_END__, ABSOLUTE (.))
 *(.jcr)
                0x0000000000011424                . = ALIGN (0x4)

.rodata         0x0000000000011424       0x34
                0x0000000000011424                PROVIDE (__ram_rodata_start, ABSOLUTE (.))
                0x0000000000011424                . = ALIGN (0x4)
 *(.rodata .rodata.* .gnu.linkonce.r.*)
 .rodata.str1.4
                0x0000000000011424       0x27 obj/default/hello_world_small.o
 .rodata.str1.4
                0x000000000001144b       0x17 ../button_and_uart_bsp/\libhal_bsp.a(alt_sys_init.o)
 *fill*         0x000000000001144b        0x1 
 .rodata.str1.4
                0x000000000001144c        0xc ../button_and_uart_bsp/\libhal_bsp.a(alt_dev.o)
                                          0xa (size before relaxing)
 *(.rodata1)
                0x0000000000011458                . = ALIGN (0x4)
                0x0000000000011458                PROVIDE (__ram_rodata_end, ABSOLUTE (.))
                0x0000000000011424                PROVIDE (__flash_rodata_start, LOADADDR (.rodata))

.rwdata         0x0000000000011458      0x194 load address 0x00000000000115ec
                0x0000000000011458                PROVIDE (__ram_rwdata_start, ABSOLUTE (.))
                0x0000000000011458                . = ALIGN (0x4)
 *(.got.plt)
 *(.got)
 *(.data1)
 *(.data .data.* .gnu.linkonce.d.*)
 .data          0x0000000000011458        0x0 ../button_and_uart_bsp//obj/HAL/src/crt0.o
 .data          0x0000000000011458        0x0 obj/default/hello_world_small.o
 .data          0x0000000000011458        0x0 c:/intelfpga_lite/18.1/nios2eds/bin/gnu/h-x86_64-mingw32/bin/../lib/gcc/nios2-elf/5.3.0/mno-hw-mul\libgcc.a(lib2-divmod.o)
 .data          0x0000000000011458        0x0 c:/intelfpga_lite/18.1/nios2eds/bin/gnu/h-x86_64-mingw32/bin/../lib/gcc/nios2-elf/5.3.0/../../../../../H-x86_64-mingw32/nios2-elf/lib/mno-hw-mul\libsmallc.a(lib_a-printf.o)
 .data          0x0000000000011458        0x0 c:/intelfpga_lite/18.1/nios2eds/bin/gnu/h-x86_64-mingw32/bin/../lib/gcc/nios2-elf/5.3.0/../../../../../H-x86_64-mingw32/nios2-elf/lib/mno-hw-mul\libsmallc.a(lib_a-vfprintf.o)
 .data          0x0000000000011458        0x0 c:/intelfpga_lite/18.1/nios2eds/bin/gnu/h-x86_64-mingw32/bin/../lib/gcc/nios2-elf/5.3.0/../../../../../H-x86_64-mingw32/nios2-elf/lib/mno-hw-mul\libsmallc.a(lib_a-fvwrite_small_dev.o)
 .data          0x0000000000011458        0x0 c:/intelfpga_lite/18.1/nios2eds/bin/gnu/h-x86_64-mingw32/bin/../lib/gcc/nios2-elf/5.3.0/../../../../../H-x86_64-mingw32/nios2-elf/lib/mno-hw-mul\libsmallc.a(lib_a-impure.o)
 .data.impure_data
                0x0000000000011458       0xe0 c:/intelfpga_lite/18.1/nios2eds/bin/gnu/h-x86_64-mingw32/bin/../lib/gcc/nios2-elf/5.3.0/../../../../../H-x86_64-mingw32/nios2-elf/lib/mno-hw-mul\libsmallc.a(lib_a-impure.o)
 .data          0x0000000000011538        0x0 c:/intelfpga_lite/18.1/nios2eds/bin/gnu/h-x86_64-mingw32/bin/../lib/gcc/nios2-elf/5.3.0/../../../../../H-x86_64-mingw32/nios2-elf/lib/mno-hw-mul\libsmallc.a(lib_a-strlen.o)
 .data          0x0000000000011538        0x0 c:/intelfpga_lite/18.1/nios2eds/bin/gnu/h-x86_64-mingw32/bin/../lib/gcc/nios2-elf/5.3.0/../../../../../H-x86_64-mingw32/nios2-elf/lib/mno-hw-mul\libsmallc.a(lib_a-writer.o)
 .data          0x0000000000011538        0x0 c:/intelfpga_lite/18.1/nios2eds/bin/gnu/h-x86_64-mingw32/bin/../lib/gcc/nios2-elf/5.3.0/../../../../../H-x86_64-mingw32/nios2-elf/lib/mno-hw-mul\libsmallc.a(lib_a-int_errno.o)
 .data          0x0000000000011538        0x0 c:/intelfpga_lite/18.1/nios2eds/bin/gnu/h-x86_64-mingw32/bin/../lib/gcc/nios2-elf/5.3.0/mno-hw-mul\libgcc.a(lib2-mul.o)
 .data          0x0000000000011538        0x0 ../button_and_uart_bsp/\libhal_bsp.a(alt_load.o)
 .data          0x0000000000011538        0x0 ../button_and_uart_bsp/\libhal_bsp.a(alt_main.o)
 .data          0x0000000000011538        0x0 ../button_and_uart_bsp/\libhal_bsp.a(alt_write.o)
 .data          0x0000000000011538       0x2c ../button_and_uart_bsp/\libhal_bsp.a(alt_sys_init.o)
 .data          0x0000000000011564        0x0 ../button_and_uart_bsp/\libhal_bsp.a(altera_avalon_jtag_uart_write.o)
 .data          0x0000000000011564        0x0 ../button_and_uart_bsp/\libhal_bsp.a(altera_avalon_timer_sc.o)
 .data          0x0000000000011564        0x0 ../button_and_uart_bsp/\libhal_bsp.a(altera_avalon_timer_ts.o)
 .data          0x0000000000011564        0x0 ../button_and_uart_bsp/\libhal_bsp.a(altera_avalon_timer_vars.o)
 .data          0x0000000000011564        0x0 ../button_and_uart_bsp/\libhal_bsp.a(altera_up_avalon_accelerometer_spi.o)
 .data          0x0000000000011564        0x0 ../button_and_uart_bsp/\libhal_bsp.a(alt_dcache_flush_all.o)
 .data          0x0000000000011564       0x58 ../button_and_uart_bsp/\libhal_bsp.a(alt_dev.o)
                0x0000000000011564                alt_fd_list
                0x0000000000011594                alt_dev_null
 .data          0x00000000000115bc        0x0 ../button_and_uart_bsp/\libhal_bsp.a(alt_dev_llist_insert.o)
 .data          0x00000000000115bc        0x0 ../button_and_uart_bsp/\libhal_bsp.a(alt_errno.o)
 .data          0x00000000000115bc        0x0 ../button_and_uart_bsp/\libhal_bsp.a(alt_find_dev.o)
 .data          0x00000000000115bc        0x0 ../button_and_uart_bsp/\libhal_bsp.a(alt_icache_flush_all.o)
 .data          0x00000000000115bc        0x0 ../button_and_uart_bsp/\libhal_bsp.a(alt_irq_register.o)
 .data          0x00000000000115bc        0x0 ../button_and_uart_bsp/\libhal_bsp.a(alt_irq_vars.o)
 .data          0x00000000000115bc        0x0 ../button_and_uart_bsp/\libhal_bsp.a(alt_tick.o)
 .data          0x00000000000115bc        0x0 ../button_and_uart_bsp/\libhal_bsp.a(altera_nios2_gen2_irq.o)
 .data          0x00000000000115bc        0x0 ../button_and_uart_bsp/\libhal_bsp.a(alt_irq_entry.o)
 .data          0x00000000000115bc        0x0 ../button_and_uart_bsp/\libhal_bsp.a(alt_irq_handler.o)
 .data          0x00000000000115bc        0x0 ../button_and_uart_bsp/\libhal_bsp.a(alt_exception_entry.o)
 .data          0x00000000000115bc        0x0 ../button_and_uart_bsp/\libhal_bsp.a(alt_instruction_exception_entry.o)
 .data          0x00000000000115bc        0x0 c:/intelfpga_lite/18.1/nios2eds/bin/gnu/h-x86_64-mingw32/bin/../lib/gcc/nios2-elf/5.3.0/../../../../../H-x86_64-mingw32/nios2-elf/lib/mno-hw-mul\libsmallc.a(lib_a-memcmp.o)
                0x00000000000195bc                _gp = ABSOLUTE ((. + 0x8000))
                [!provide]                        PROVIDE (gp, _gp)
 *(.rwdata .rwdata.*)
 *(.sdata .sdata.* .gnu.linkonce.s.*)
 .sdata._global_impure_ptr
                0x00000000000115bc        0x4 c:/intelfpga_lite/18.1/nios2eds/bin/gnu/h-x86_64-mingw32/bin/../lib/gcc/nios2-elf/5.3.0/../../../../../H-x86_64-mingw32/nios2-elf/lib/mno-hw-mul\libsmallc.a(lib_a-impure.o)
                0x00000000000115bc                _global_impure_ptr
 .sdata._impure_ptr
                0x00000000000115c0        0x4 c:/intelfpga_lite/18.1/nios2eds/bin/gnu/h-x86_64-mingw32/bin/../lib/gcc/nios2-elf/5.3.0/../../../../../H-x86_64-mingw32/nios2-elf/lib/mno-hw-mul\libsmallc.a(lib_a-impure.o)
                0x00000000000115c0                _impure_ptr
 .sdata         0x00000000000115c4        0x4 ../button_and_uart_bsp/\libhal_bsp.a(alt_sys_init.o)
                0x00000000000115c4                jtag_uart
 .sdata         0x00000000000115c8       0x14 ../button_and_uart_bsp/\libhal_bsp.a(alt_dev.o)
                0x00000000000115c8                alt_max_fd
                0x00000000000115cc                alt_dev_list
                0x00000000000115d4                alt_fs_list
 .sdata         0x00000000000115dc        0x4 ../button_and_uart_bsp/\libhal_bsp.a(alt_errno.o)
                0x00000000000115dc                alt_errno
 .sdata         0x00000000000115e0        0x4 ../button_and_uart_bsp/\libhal_bsp.a(alt_irq_vars.o)
                0x00000000000115e0                alt_priority_mask
 .sdata         0x00000000000115e4        0x8 ../button_and_uart_bsp/\libhal_bsp.a(alt_tick.o)
                0x00000000000115e4                alt_alarm_list
 *(.sdata2 .sdata2.* .gnu.linkonce.s2.*)
                0x00000000000115ec                . = ALIGN (0x4)
                0x00000000000115ec                _edata = ABSOLUTE (.)
                [!provide]                        PROVIDE (edata, ABSOLUTE (.))
                0x00000000000115ec                PROVIDE (__ram_rwdata_end, ABSOLUTE (.))
                0x00000000000115ec                PROVIDE (__flash_rwdata_start, LOADADDR (.rwdata))

.bss            0x0000000000011780      0x128
                0x0000000000011780                __bss_start = ABSOLUTE (.)
                [!provide]                        PROVIDE (__sbss_start, ABSOLUTE (.))
                [!provide]                        PROVIDE (___sbss_start, ABSOLUTE (.))
 *(.dynsbss)
 *(.sbss .sbss.* .gnu.linkonce.sb.*)
 .sbss          0x0000000000011780        0x4 c:/intelfpga_lite/18.1/nios2eds/bin/gnu/h-x86_64-mingw32/bin/../lib/gcc/nios2-elf/5.3.0/../../../../../H-x86_64-mingw32/nios2-elf/lib/mno-hw-mul\libsmallc.a(lib_a-int_errno.o)
                0x0000000000011780                errno
 .sbss          0x0000000000011784        0xc ../button_and_uart_bsp/\libhal_bsp.a(alt_main.o)
                0x0000000000011784                alt_envp
                0x0000000000011788                alt_argv
                0x000000000001178c                alt_argc
 .sbss          0x0000000000011790        0x8 ../button_and_uart_bsp/\libhal_bsp.a(altera_avalon_timer_vars.o)
                0x0000000000011790                altera_avalon_timer_ts_freq
                0x0000000000011794                altera_avalon_timer_ts_base
 .sbss          0x0000000000011798        0x4 ../button_and_uart_bsp/\libhal_bsp.a(alt_irq_vars.o)
                0x0000000000011798                alt_irq_active
 .sbss          0x000000000001179c        0x8 ../button_and_uart_bsp/\libhal_bsp.a(alt_tick.o)
                0x000000000001179c                _alt_nticks
                0x00000000000117a0                _alt_tick_rate
 .sbss          0x00000000000117a4        0x4 ../button_and_uart_bsp/\libhal_bsp.a(alt_instruction_exception_entry.o)
                0x00000000000117a4                alt_instruction_exception_handler
 *(.sbss2 .sbss2.* .gnu.linkonce.sb2.*)
 *(.scommon)
                [!provide]                        PROVIDE (__sbss_end, ABSOLUTE (.))
                [!provide]                        PROVIDE (___sbss_end, ABSOLUTE (.))
 *(.dynbss)
 *(.bss .bss.* .gnu.linkonce.b.*)
 .bss           0x00000000000117a8        0x0 ../button_and_uart_bsp//obj/HAL/src/crt0.o
 .bss           0x00000000000117a8        0x0 obj/default/hello_world_small.o
 .bss           0x00000000000117a8        0x0 c:/intelfpga_lite/18.1/nios2eds/bin/gnu/h-x86_64-mingw32/bin/../lib/gcc/nios2-elf/5.3.0/mno-hw-mul\libgcc.a(lib2-divmod.o)
 .bss           0x00000000000117a8        0x0 c:/intelfpga_lite/18.1/nios2eds/bin/gnu/h-x86_64-mingw32/bin/../lib/gcc/nios2-elf/5.3.0/../../../../../H-x86_64-mingw32/nios2-elf/lib/mno-hw-mul\libsmallc.a(lib_a-printf.o)
 .bss           0x00000000000117a8        0x0 c:/intelfpga_lite/18.1/nios2eds/bin/gnu/h-x86_64-mingw32/bin/../lib/gcc/nios2-elf/5.3.0/../../../../../H-x86_64-mingw32/nios2-elf/lib/mno-hw-mul\libsmallc.a(lib_a-vfprintf.o)
 .bss           0x00000000000117a8        0x0 c:/intelfpga_lite/18.1/nios2eds/bin/gnu/h-x86_64-mingw32/bin/../lib/gcc/nios2-elf/5.3.0/../../../../../H-x86_64-mingw32/nios2-elf/lib/mno-hw-mul\libsmallc.a(lib_a-fvwrite_small_dev.o)
 .bss           0x00000000000117a8        0x0 c:/intelfpga_lite/18.1/nios2eds/bin/gnu/h-x86_64-mingw32/bin/../lib/gcc/nios2-elf/5.3.0/../../../../../H-x86_64-mingw32/nios2-elf/lib/mno-hw-mul\libsmallc.a(lib_a-impure.o)
 .bss           0x00000000000117a8        0x0 c:/intelfpga_lite/18.1/nios2eds/bin/gnu/h-x86_64-mingw32/bin/../lib/gcc/nios2-elf/5.3.0/../../../../../H-x86_64-mingw32/nios2-elf/lib/mno-hw-mul\libsmallc.a(lib_a-strlen.o)
 .bss           0x00000000000117a8        0x0 c:/intelfpga_lite/18.1/nios2eds/bin/gnu/h-x86_64-mingw32/bin/../lib/gcc/nios2-elf/5.3.0/../../../../../H-x86_64-mingw32/nios2-elf/lib/mno-hw-mul\libsmallc.a(lib_a-writer.o)
 .bss           0x00000000000117a8        0x0 c:/intelfpga_lite/18.1/nios2eds/bin/gnu/h-x86_64-mingw32/bin/../lib/gcc/nios2-elf/5.3.0/../../../../../H-x86_64-mingw32/nios2-elf/lib/mno-hw-mul\libsmallc.a(lib_a-int_errno.o)
 .bss           0x00000000000117a8        0x0 c:/intelfpga_lite/18.1/nios2eds/bin/gnu/h-x86_64-mingw32/bin/../lib/gcc/nios2-elf/5.3.0/mno-hw-mul\libgcc.a(lib2-mul.o)
 .bss           0x00000000000117a8        0x0 ../button_and_uart_bsp/\libhal_bsp.a(alt_load.o)
 .bss           0x00000000000117a8        0x0 ../button_and_uart_bsp/\libhal_bsp.a(alt_main.o)
 .bss           0x00000000000117a8        0x0 ../button_and_uart_bsp/\libhal_bsp.a(alt_write.o)
 .bss           0x00000000000117a8        0x0 ../button_and_uart_bsp/\libhal_bsp.a(alt_sys_init.o)
 .bss           0x00000000000117a8        0x0 ../button_and_uart_bsp/\libhal_bsp.a(altera_avalon_jtag_uart_write.o)
 .bss           0x00000000000117a8        0x0 ../button_and_uart_bsp/\libhal_bsp.a(altera_avalon_timer_sc.o)
 .bss           0x00000000000117a8        0x0 ../button_and_uart_bsp/\libhal_bsp.a(altera_avalon_timer_ts.o)
 .bss           0x00000000000117a8        0x0 ../button_and_uart_bsp/\libhal_bsp.a(altera_avalon_timer_vars.o)
 .bss           0x00000000000117a8        0x0 ../button_and_uart_bsp/\libhal_bsp.a(altera_up_avalon_accelerometer_spi.o)
 .bss           0x00000000000117a8        0x0 ../button_and_uart_bsp/\libhal_bsp.a(alt_dcache_flush_all.o)
 .bss           0x00000000000117a8        0x0 ../button_and_uart_bsp/\libhal_bsp.a(alt_dev.o)
 .bss           0x00000000000117a8        0x0 ../button_and_uart_bsp/\libhal_bsp.a(alt_dev_llist_insert.o)
 .bss           0x00000000000117a8        0x0 ../button_and_uart_bsp/\libhal_bsp.a(alt_errno.o)
 .bss           0x00000000000117a8        0x0 ../button_and_uart_bsp/\libhal_bsp.a(alt_find_dev.o)
 .bss           0x00000000000117a8        0x0 ../button_and_uart_bsp/\libhal_bsp.a(alt_icache_flush_all.o)
 .bss           0x00000000000117a8        0x0 ../button_and_uart_bsp/\libhal_bsp.a(alt_irq_register.o)
 .bss           0x00000000000117a8        0x0 ../button_and_uart_bsp/\libhal_bsp.a(alt_irq_vars.o)
 .bss           0x00000000000117a8        0x0 ../button_and_uart_bsp/\libhal_bsp.a(alt_tick.o)
 .bss           0x00000000000117a8        0x0 ../button_and_uart_bsp/\libhal_bsp.a(altera_nios2_gen2_irq.o)
 .bss           0x00000000000117a8        0x0 ../button_and_uart_bsp/\libhal_bsp.a(alt_irq_entry.o)
 .bss           0x00000000000117a8        0x0 ../button_and_uart_bsp/\libhal_bsp.a(alt_irq_handler.o)
 .bss           0x00000000000117a8        0x0 ../button_and_uart_bsp/\libhal_bsp.a(alt_exception_entry.o)
 .bss           0x00000000000117a8        0x0 ../button_and_uart_bsp/\libhal_bsp.a(alt_instruction_exception_entry.o)
 .bss           0x00000000000117a8        0x0 c:/intelfpga_lite/18.1/nios2eds/bin/gnu/h-x86_64-mingw32/bin/../lib/gcc/nios2-elf/5.3.0/../../../../../H-x86_64-mingw32/nios2-elf/lib/mno-hw-mul\libsmallc.a(lib_a-memcmp.o)
 *(COMMON)
 COMMON         0x00000000000117a8      0x100 ../button_and_uart_bsp/\libhal_bsp.a(alt_irq_handler.o)
                0x00000000000117a8                alt_irq
                0x00000000000118a8                . = ALIGN (0x4)
                0x00000000000118a8                __bss_end = ABSOLUTE (.)

.onchip_memory  0x00000000000118a8        0x0
                [!provide]                        PROVIDE (_alt_partition_onchip_memory_start, ABSOLUTE (.))
 *(.onchip_memory .onchip_memory. onchip_memory.*)
                0x00000000000118a8                . = ALIGN (0x4)
                [!provide]                        PROVIDE (_alt_partition_onchip_memory_end, ABSOLUTE (.))
                0x00000000000118a8                _end = ABSOLUTE (.)
                0x00000000000118a8                end = ABSOLUTE (.)
                0x00000000000118a8                __alt_stack_base = ABSOLUTE (.)
                [!provide]                        PROVIDE (_alt_partition_onchip_memory_load_addr, LOADADDR (.onchip_memory))

.stab
 *(.stab)

.stabstr
 *(.stabstr)

.stab.excl
 *(.stab.excl)

.stab.exclstr
 *(.stab.exclstr)

.stab.index
 *(.stab.index)

.stab.indexstr
 *(.stab.indexstr)

.comment        0x0000000000000000       0x23
 *(.comment)
 .comment       0x0000000000000000       0x23 obj/default/hello_world_small.o
                                         0x24 (size before relaxing)
 .comment       0x0000000000000023       0x24 c:/intelfpga_lite/18.1/nios2eds/bin/gnu/h-x86_64-mingw32/bin/../lib/gcc/nios2-elf/5.3.0/mno-hw-mul\libgcc.a(lib2-divmod.o)
 .comment       0x0000000000000023       0x24 c:/intelfpga_lite/18.1/nios2eds/bin/gnu/h-x86_64-mingw32/bin/../lib/gcc/nios2-elf/5.3.0/../../../../../H-x86_64-mingw32/nios2-elf/lib/mno-hw-mul\libsmallc.a(lib_a-printf.o)
 .comment       0x0000000000000023       0x24 c:/intelfpga_lite/18.1/nios2eds/bin/gnu/h-x86_64-mingw32/bin/../lib/gcc/nios2-elf/5.3.0/../../../../../H-x86_64-mingw32/nios2-elf/lib/mno-hw-mul\libsmallc.a(lib_a-vfprintf.o)
 .comment       0x0000000000000023       0x24 c:/intelfpga_lite/18.1/nios2eds/bin/gnu/h-x86_64-mingw32/bin/../lib/gcc/nios2-elf/5.3.0/../../../../../H-x86_64-mingw32/nios2-elf/lib/mno-hw-mul\libsmallc.a(lib_a-fvwrite_small_dev.o)
 .comment       0x0000000000000023       0x24 c:/intelfpga_lite/18.1/nios2eds/bin/gnu/h-x86_64-mingw32/bin/../lib/gcc/nios2-elf/5.3.0/../../../../../H-x86_64-mingw32/nios2-elf/lib/mno-hw-mul\libsmallc.a(lib_a-impure.o)
 .comment       0x0000000000000023       0x24 c:/intelfpga_lite/18.1/nios2eds/bin/gnu/h-x86_64-mingw32/bin/../lib/gcc/nios2-elf/5.3.0/../../../../../H-x86_64-mingw32/nios2-elf/lib/mno-hw-mul\libsmallc.a(lib_a-strlen.o)
 .comment       0x0000000000000023       0x24 c:/intelfpga_lite/18.1/nios2eds/bin/gnu/h-x86_64-mingw32/bin/../lib/gcc/nios2-elf/5.3.0/../../../../../H-x86_64-mingw32/nios2-elf/lib/mno-hw-mul\libsmallc.a(lib_a-writer.o)
 .comment       0x0000000000000023       0x24 c:/intelfpga_lite/18.1/nios2eds/bin/gnu/h-x86_64-mingw32/bin/../lib/gcc/nios2-elf/5.3.0/../../../../../H-x86_64-mingw32/nios2-elf/lib/mno-hw-mul\libsmallc.a(lib_a-int_errno.o)
 .comment       0x0000000000000023       0x24 c:/intelfpga_lite/18.1/nios2eds/bin/gnu/h-x86_64-mingw32/bin/../lib/gcc/nios2-elf/5.3.0/mno-hw-mul\libgcc.a(lib2-mul.o)
 .comment       0x0000000000000023       0x24 ../button_and_uart_bsp/\libhal_bsp.a(alt_load.o)
 .comment       0x0000000000000023       0x24 ../button_and_uart_bsp/\libhal_bsp.a(alt_main.o)
 .comment       0x0000000000000023       0x24 ../button_and_uart_bsp/\libhal_bsp.a(alt_write.o)
 .comment       0x0000000000000023       0x24 ../button_and_uart_bsp/\libhal_bsp.a(alt_sys_init.o)
 .comment       0x0000000000000023       0x24 ../button_and_uart_bsp/\libhal_bsp.a(altera_avalon_jtag_uart_write.o)
 .comment       0x0000000000000023       0x24 ../button_and_uart_bsp/\libhal_bsp.a(altera_avalon_timer_sc.o)
 .comment       0x0000000000000023       0x24 ../button_and_uart_bsp/\libhal_bsp.a(altera_avalon_timer_ts.o)
 .comment       0x0000000000000023       0x24 ../button_and_uart_bsp/\libhal_bsp.a(altera_avalon_timer_vars.o)
 .comment       0x0000000000000023       0x24 ../button_and_uart_bsp/\libhal_bsp.a(altera_up_avalon_accelerometer_spi.o)
 .comment       0x0000000000000023       0x24 ../button_and_uart_bsp/\libhal_bsp.a(alt_dcache_flush_all.o)
 .comment       0x0000000000000023       0x24 ../button_and_uart_bsp/\libhal_bsp.a(alt_dev.o)
 .comment       0x0000000000000023       0x24 ../button_and_uart_bsp/\libhal_bsp.a(alt_dev_llist_insert.o)
 .comment       0x0000000000000023       0x24 ../button_and_uart_bsp/\libhal_bsp.a(alt_errno.o)
 .comment       0x0000000000000023       0x24 ../button_and_uart_bsp/\libhal_bsp.a(alt_find_dev.o)
 .comment       0x0000000000000023       0x24 ../button_and_uart_bsp/\libhal_bsp.a(alt_icache_flush_all.o)
 .comment       0x0000000000000023       0x24 ../button_and_uart_bsp/\libhal_bsp.a(alt_irq_register.o)
 .comment       0x0000000000000023       0x24 ../button_and_uart_bsp/\libhal_bsp.a(alt_irq_vars.o)
 .comment       0x0000000000000023       0x24 ../button_and_uart_bsp/\libhal_bsp.a(alt_tick.o)
 .comment       0x0000000000000023       0x24 ../button_and_uart_bsp/\libhal_bsp.a(altera_nios2_gen2_irq.o)
 .comment       0x0000000000000023       0x24 ../button_and_uart_bsp/\libhal_bsp.a(alt_irq_handler.o)
 .comment       0x0000000000000023       0x24 ../button_and_uart_bsp/\libhal_bsp.a(alt_instruction_exception_entry.o)
 .comment       0x0000000000000023       0x24 c:/intelfpga_lite/18.1/nios2eds/bin/gnu/h-x86_64-mingw32/bin/../lib/gcc/nios2-elf/5.3.0/../../../../../H-x86_64-mingw32/nios2-elf/lib/mno-hw-mul\libsmallc.a(lib_a-memcmp.o)

.debug
 *(.debug)

.line
 *(.line)

.debug_srcinfo
 *(.debug_srcinfo)

.debug_sfnames
 *(.debug_sfnames)

.debug_aranges  0x0000000000000000      0x490
 *(.debug_aranges)
 .debug_aranges
                0x0000000000000000       0x28 ../button_and_uart_bsp//obj/HAL/src/crt0.o
 .debug_aranges
                0x0000000000000028       0x28 obj/default/hello_world_small.o
 .debug_aranges
                0x0000000000000050       0x20 c:/intelfpga_lite/18.1/nios2eds/bin/gnu/h-x86_64-mingw32/bin/../lib/gcc/nios2-elf/5.3.0/mno-hw-mul\libgcc.a(lib2-divmod.o)
 .debug_aranges
                0x0000000000000070       0x28 c:/intelfpga_lite/18.1/nios2eds/bin/gnu/h-x86_64-mingw32/bin/../lib/gcc/nios2-elf/5.3.0/../../../../../H-x86_64-mingw32/nios2-elf/lib/mno-hw-mul\libsmallc.a(lib_a-printf.o)
 .debug_aranges
                0x0000000000000098       0x30 c:/intelfpga_lite/18.1/nios2eds/bin/gnu/h-x86_64-mingw32/bin/../lib/gcc/nios2-elf/5.3.0/../../../../../H-x86_64-mingw32/nios2-elf/lib/mno-hw-mul\libsmallc.a(lib_a-vfprintf.o)
 .debug_aranges
                0x00000000000000c8       0x20 c:/intelfpga_lite/18.1/nios2eds/bin/gnu/h-x86_64-mingw32/bin/../lib/gcc/nios2-elf/5.3.0/../../../../../H-x86_64-mingw32/nios2-elf/lib/mno-hw-mul\libsmallc.a(lib_a-fvwrite_small_dev.o)
 .debug_aranges
                0x00000000000000e8       0x18 c:/intelfpga_lite/18.1/nios2eds/bin/gnu/h-x86_64-mingw32/bin/../lib/gcc/nios2-elf/5.3.0/../../../../../H-x86_64-mingw32/nios2-elf/lib/mno-hw-mul\libsmallc.a(lib_a-impure.o)
 .debug_aranges
                0x0000000000000100       0x20 c:/intelfpga_lite/18.1/nios2eds/bin/gnu/h-x86_64-mingw32/bin/../lib/gcc/nios2-elf/5.3.0/../../../../../H-x86_64-mingw32/nios2-elf/lib/mno-hw-mul\libsmallc.a(lib_a-strlen.o)
 .debug_aranges
                0x0000000000000120       0x20 c:/intelfpga_lite/18.1/nios2eds/bin/gnu/h-x86_64-mingw32/bin/../lib/gcc/nios2-elf/5.3.0/../../../../../H-x86_64-mingw32/nios2-elf/lib/mno-hw-mul\libsmallc.a(lib_a-writer.o)
 .debug_aranges
                0x0000000000000140       0x18 c:/intelfpga_lite/18.1/nios2eds/bin/gnu/h-x86_64-mingw32/bin/../lib/gcc/nios2-elf/5.3.0/../../../../../H-x86_64-mingw32/nios2-elf/lib/mno-hw-mul\libsmallc.a(lib_a-int_errno.o)
 .debug_aranges
                0x0000000000000158       0x20 c:/intelfpga_lite/18.1/nios2eds/bin/gnu/h-x86_64-mingw32/bin/../lib/gcc/nios2-elf/5.3.0/mno-hw-mul\libgcc.a(lib2-mul.o)
 .debug_aranges
                0x0000000000000178       0x20 ../button_and_uart_bsp/\libhal_bsp.a(alt_load.o)
 .debug_aranges
                0x0000000000000198       0x20 ../button_and_uart_bsp/\libhal_bsp.a(alt_main.o)
 .debug_aranges
                0x00000000000001b8       0x20 ../button_and_uart_bsp/\libhal_bsp.a(alt_write.o)
 .debug_aranges
                0x00000000000001d8       0x20 ../button_and_uart_bsp/\libhal_bsp.a(alt_sys_init.o)
 .debug_aranges
                0x00000000000001f8       0x20 ../button_and_uart_bsp/\libhal_bsp.a(altera_avalon_jtag_uart_write.o)
 .debug_aranges
                0x0000000000000218       0x20 ../button_and_uart_bsp/\libhal_bsp.a(altera_avalon_timer_sc.o)
 .debug_aranges
                0x0000000000000238       0x20 ../button_and_uart_bsp/\libhal_bsp.a(altera_avalon_timer_ts.o)
 .debug_aranges
                0x0000000000000258       0x18 ../button_and_uart_bsp/\libhal_bsp.a(altera_avalon_timer_vars.o)
 .debug_aranges
                0x0000000000000270       0x20 ../button_and_uart_bsp/\libhal_bsp.a(altera_up_avalon_accelerometer_spi.o)
 .debug_aranges
                0x0000000000000290       0x20 ../button_and_uart_bsp/\libhal_bsp.a(alt_dcache_flush_all.o)
 .debug_aranges
                0x00000000000002b0       0x20 ../button_and_uart_bsp/\libhal_bsp.a(alt_dev.o)
 .debug_aranges
                0x00000000000002d0       0x20 ../button_and_uart_bsp/\libhal_bsp.a(alt_dev_llist_insert.o)
 .debug_aranges
                0x00000000000002f0       0x18 ../button_and_uart_bsp/\libhal_bsp.a(alt_errno.o)
 .debug_aranges
                0x0000000000000308       0x20 ../button_and_uart_bsp/\libhal_bsp.a(alt_find_dev.o)
 .debug_aranges
                0x0000000000000328       0x20 ../button_and_uart_bsp/\libhal_bsp.a(alt_icache_flush_all.o)
 .debug_aranges
                0x0000000000000348       0x20 ../button_and_uart_bsp/\libhal_bsp.a(alt_irq_register.o)
 .debug_aranges
                0x0000000000000368       0x18 ../button_and_uart_bsp/\libhal_bsp.a(alt_irq_vars.o)
 .debug_aranges
                0x0000000000000380       0x20 ../button_and_uart_bsp/\libhal_bsp.a(alt_tick.o)
 .debug_aranges
                0x00000000000003a0       0x20 ../button_and_uart_bsp/\libhal_bsp.a(altera_nios2_gen2_irq.o)
 .debug_aranges
                0x00000000000003c0       0x30 ../button_and_uart_bsp/\libhal_bsp.a(alt_irq_entry.o)
 .debug_aranges
                0x00000000000003f0       0x20 ../button_and_uart_bsp/\libhal_bsp.a(alt_irq_handler.o)
 .debug_aranges
                0x0000000000000410       0x38 ../button_and_uart_bsp/\libhal_bsp.a(alt_exception_entry.o)
 .debug_aranges
                0x0000000000000448       0x28 ../button_and_uart_bsp/\libhal_bsp.a(alt_instruction_exception_entry.o)
 .debug_aranges
                0x0000000000000470       0x20 c:/intelfpga_lite/18.1/nios2eds/bin/gnu/h-x86_64-mingw32/bin/../lib/gcc/nios2-elf/5.3.0/../../../../../H-x86_64-mingw32/nios2-elf/lib/mno-hw-mul\libsmallc.a(lib_a-memcmp.o)

.debug_pubnames
 *(.debug_pubnames)

.debug_info     0x0000000000000000     0x5b6d
 *(.debug_info .gnu.linkonce.wi.*)
 .debug_info    0x0000000000000000       0x9c ../button_and_uart_bsp//obj/HAL/src/crt0.o
 .debug_info    0x000000000000009c      0x546 obj/default/hello_world_small.o
 .debug_info    0x00000000000005e2      0x2c6 c:/intelfpga_lite/18.1/nios2eds/bin/gnu/h-x86_64-mingw32/bin/../lib/gcc/nios2-elf/5.3.0/mno-hw-mul\libgcc.a(lib2-divmod.o)
 .debug_info    0x00000000000008a8      0x699 c:/intelfpga_lite/18.1/nios2eds/bin/gnu/h-x86_64-mingw32/bin/../lib/gcc/nios2-elf/5.3.0/../../../../../H-x86_64-mingw32/nios2-elf/lib/mno-hw-mul\libsmallc.a(lib_a-printf.o)
 .debug_info    0x0000000000000f41      0xb2b c:/intelfpga_lite/18.1/nios2eds/bin/gnu/h-x86_64-mingw32/bin/../lib/gcc/nios2-elf/5.3.0/../../../../../H-x86_64-mingw32/nios2-elf/lib/mno-hw-mul\libsmallc.a(lib_a-vfprintf.o)
 .debug_info    0x0000000000001a6c      0x62b c:/intelfpga_lite/18.1/nios2eds/bin/gnu/h-x86_64-mingw32/bin/../lib/gcc/nios2-elf/5.3.0/../../../../../H-x86_64-mingw32/nios2-elf/lib/mno-hw-mul\libsmallc.a(lib_a-fvwrite_small_dev.o)
 .debug_info    0x0000000000002097      0x5a9 c:/intelfpga_lite/18.1/nios2eds/bin/gnu/h-x86_64-mingw32/bin/../lib/gcc/nios2-elf/5.3.0/../../../../../H-x86_64-mingw32/nios2-elf/lib/mno-hw-mul\libsmallc.a(lib_a-impure.o)
 .debug_info    0x0000000000002640       0xc9 c:/intelfpga_lite/18.1/nios2eds/bin/gnu/h-x86_64-mingw32/bin/../lib/gcc/nios2-elf/5.3.0/../../../../../H-x86_64-mingw32/nios2-elf/lib/mno-hw-mul\libsmallc.a(lib_a-strlen.o)
 .debug_info    0x0000000000002709      0x630 c:/intelfpga_lite/18.1/nios2eds/bin/gnu/h-x86_64-mingw32/bin/../lib/gcc/nios2-elf/5.3.0/../../../../../H-x86_64-mingw32/nios2-elf/lib/mno-hw-mul\libsmallc.a(lib_a-writer.o)
 .debug_info    0x0000000000002d39       0x8a c:/intelfpga_lite/18.1/nios2eds/bin/gnu/h-x86_64-mingw32/bin/../lib/gcc/nios2-elf/5.3.0/../../../../../H-x86_64-mingw32/nios2-elf/lib/mno-hw-mul\libsmallc.a(lib_a-int_errno.o)
 .debug_info    0x0000000000002dc3       0xb4 c:/intelfpga_lite/18.1/nios2eds/bin/gnu/h-x86_64-mingw32/bin/../lib/gcc/nios2-elf/5.3.0/mno-hw-mul\libgcc.a(lib2-mul.o)
 .debug_info    0x0000000000002e77      0x1c9 ../button_and_uart_bsp/\libhal_bsp.a(alt_load.o)
 .debug_info    0x0000000000003040      0x18f ../button_and_uart_bsp/\libhal_bsp.a(alt_main.o)
 .debug_info    0x00000000000031cf      0x1c7 ../button_and_uart_bsp/\libhal_bsp.a(alt_write.o)
 .debug_info    0x0000000000003396      0x48b ../button_and_uart_bsp/\libhal_bsp.a(alt_sys_init.o)
 .debug_info    0x0000000000003821      0x1ad ../button_and_uart_bsp/\libhal_bsp.a(altera_avalon_jtag_uart_write.o)
 .debug_info    0x00000000000039ce      0x28e ../button_and_uart_bsp/\libhal_bsp.a(altera_avalon_timer_sc.o)
 .debug_info    0x0000000000003c5c      0x17b ../button_and_uart_bsp/\libhal_bsp.a(altera_avalon_timer_ts.o)
 .debug_info    0x0000000000003dd7       0xe9 ../button_and_uart_bsp/\libhal_bsp.a(altera_avalon_timer_vars.o)
 .debug_info    0x0000000000003ec0      0x479 ../button_and_uart_bsp/\libhal_bsp.a(altera_up_avalon_accelerometer_spi.o)
 .debug_info    0x0000000000004339       0x92 ../button_and_uart_bsp/\libhal_bsp.a(alt_dcache_flush_all.o)
 .debug_info    0x00000000000043cb      0x499 ../button_and_uart_bsp/\libhal_bsp.a(alt_dev.o)
 .debug_info    0x0000000000004864      0x1b3 ../button_and_uart_bsp/\libhal_bsp.a(alt_dev_llist_insert.o)
 .debug_info    0x0000000000004a17       0xa6 ../button_and_uart_bsp/\libhal_bsp.a(alt_errno.o)
 .debug_info    0x0000000000004abd      0x32d ../button_and_uart_bsp/\libhal_bsp.a(alt_find_dev.o)
 .debug_info    0x0000000000004dea       0x92 ../button_and_uart_bsp/\libhal_bsp.a(alt_icache_flush_all.o)
 .debug_info    0x0000000000004e7c      0x30d ../button_and_uart_bsp/\libhal_bsp.a(alt_irq_register.o)
 .debug_info    0x0000000000005189       0x88 ../button_and_uart_bsp/\libhal_bsp.a(alt_irq_vars.o)
 .debug_info    0x0000000000005211      0x2bf ../button_and_uart_bsp/\libhal_bsp.a(alt_tick.o)
 .debug_info    0x00000000000054d0       0xb8 ../button_and_uart_bsp/\libhal_bsp.a(altera_nios2_gen2_irq.o)
 .debug_info    0x0000000000005588       0xa5 ../button_and_uart_bsp/\libhal_bsp.a(alt_irq_entry.o)
 .debug_info    0x000000000000562d      0x1a4 ../button_and_uart_bsp/\libhal_bsp.a(alt_irq_handler.o)
 .debug_info    0x00000000000057d1       0xab ../button_and_uart_bsp/\libhal_bsp.a(alt_exception_entry.o)
 .debug_info    0x000000000000587c      0x1fd ../button_and_uart_bsp/\libhal_bsp.a(alt_instruction_exception_entry.o)
 .debug_info    0x0000000000005a79       0xf4 c:/intelfpga_lite/18.1/nios2eds/bin/gnu/h-x86_64-mingw32/bin/../lib/gcc/nios2-elf/5.3.0/../../../../../H-x86_64-mingw32/nios2-elf/lib/mno-hw-mul\libsmallc.a(lib_a-memcmp.o)

.debug_abbrev   0x0000000000000000     0x2140
 *(.debug_abbrev)
 .debug_abbrev  0x0000000000000000       0x12 ../button_and_uart_bsp//obj/HAL/src/crt0.o
 .debug_abbrev  0x0000000000000012      0x19f obj/default/hello_world_small.o
 .debug_abbrev  0x00000000000001b1      0x10e c:/intelfpga_lite/18.1/nios2eds/bin/gnu/h-x86_64-mingw32/bin/../lib/gcc/nios2-elf/5.3.0/mno-hw-mul\libgcc.a(lib2-divmod.o)
 .debug_abbrev  0x00000000000002bf      0x1ee c:/intelfpga_lite/18.1/nios2eds/bin/gnu/h-x86_64-mingw32/bin/../lib/gcc/nios2-elf/5.3.0/../../../../../H-x86_64-mingw32/nios2-elf/lib/mno-hw-mul\libsmallc.a(lib_a-printf.o)
 .debug_abbrev  0x00000000000004ad      0x2a1 c:/intelfpga_lite/18.1/nios2eds/bin/gnu/h-x86_64-mingw32/bin/../lib/gcc/nios2-elf/5.3.0/../../../../../H-x86_64-mingw32/nios2-elf/lib/mno-hw-mul\libsmallc.a(lib_a-vfprintf.o)
 .debug_abbrev  0x000000000000074e      0x1bc c:/intelfpga_lite/18.1/nios2eds/bin/gnu/h-x86_64-mingw32/bin/../lib/gcc/nios2-elf/5.3.0/../../../../../H-x86_64-mingw32/nios2-elf/lib/mno-hw-mul\libsmallc.a(lib_a-fvwrite_small_dev.o)
 .debug_abbrev  0x000000000000090a      0x14a c:/intelfpga_lite/18.1/nios2eds/bin/gnu/h-x86_64-mingw32/bin/../lib/gcc/nios2-elf/5.3.0/../../../../../H-x86_64-mingw32/nios2-elf/lib/mno-hw-mul\libsmallc.a(lib_a-impure.o)
 .debug_abbrev  0x0000000000000a54       0x7f c:/intelfpga_lite/18.1/nios2eds/bin/gnu/h-x86_64-mingw32/bin/../lib/gcc/nios2-elf/5.3.0/../../../../../H-x86_64-mingw32/nios2-elf/lib/mno-hw-mul\libsmallc.a(lib_a-strlen.o)
 .debug_abbrev  0x0000000000000ad3      0x1a6 c:/intelfpga_lite/18.1/nios2eds/bin/gnu/h-x86_64-mingw32/bin/../lib/gcc/nios2-elf/5.3.0/../../../../../H-x86_64-mingw32/nios2-elf/lib/mno-hw-mul\libsmallc.a(lib_a-writer.o)
 .debug_abbrev  0x0000000000000c79       0x37 c:/intelfpga_lite/18.1/nios2eds/bin/gnu/h-x86_64-mingw32/bin/../lib/gcc/nios2-elf/5.3.0/../../../../../H-x86_64-mingw32/nios2-elf/lib/mno-hw-mul\libsmallc.a(lib_a-int_errno.o)
 .debug_abbrev  0x0000000000000cb0       0x6f c:/intelfpga_lite/18.1/nios2eds/bin/gnu/h-x86_64-mingw32/bin/../lib/gcc/nios2-elf/5.3.0/mno-hw-mul\libgcc.a(lib2-mul.o)
 .debug_abbrev  0x0000000000000d1f       0xd8 ../button_and_uart_bsp/\libhal_bsp.a(alt_load.o)
 .debug_abbrev  0x0000000000000df7       0xf5 ../button_and_uart_bsp/\libhal_bsp.a(alt_main.o)
 .debug_abbrev  0x0000000000000eec      0x12e ../button_and_uart_bsp/\libhal_bsp.a(alt_write.o)
 .debug_abbrev  0x000000000000101a      0x1b2 ../button_and_uart_bsp/\libhal_bsp.a(alt_sys_init.o)
 .debug_abbrev  0x00000000000011cc       0xd5 ../button_and_uart_bsp/\libhal_bsp.a(altera_avalon_jtag_uart_write.o)
 .debug_abbrev  0x00000000000012a1      0x194 ../button_and_uart_bsp/\libhal_bsp.a(altera_avalon_timer_sc.o)
 .debug_abbrev  0x0000000000001435       0xd1 ../button_and_uart_bsp/\libhal_bsp.a(altera_avalon_timer_ts.o)
 .debug_abbrev  0x0000000000001506       0x83 ../button_and_uart_bsp/\libhal_bsp.a(altera_avalon_timer_vars.o)
 .debug_abbrev  0x0000000000001589      0x119 ../button_and_uart_bsp/\libhal_bsp.a(altera_up_avalon_accelerometer_spi.o)
 .debug_abbrev  0x00000000000016a2       0x42 ../button_and_uart_bsp/\libhal_bsp.a(alt_dcache_flush_all.o)
 .debug_abbrev  0x00000000000016e4       0xd9 ../button_and_uart_bsp/\libhal_bsp.a(alt_dev.o)
 .debug_abbrev  0x00000000000017bd      0x11c ../button_and_uart_bsp/\libhal_bsp.a(alt_dev_llist_insert.o)
 .debug_abbrev  0x00000000000018d9       0x5a ../button_and_uart_bsp/\libhal_bsp.a(alt_errno.o)
 .debug_abbrev  0x0000000000001933      0x125 ../button_and_uart_bsp/\libhal_bsp.a(alt_find_dev.o)
 .debug_abbrev  0x0000000000001a58       0x42 ../button_and_uart_bsp/\libhal_bsp.a(alt_icache_flush_all.o)
 .debug_abbrev  0x0000000000001a9a      0x1a5 ../button_and_uart_bsp/\libhal_bsp.a(alt_irq_register.o)
 .debug_abbrev  0x0000000000001c3f       0x40 ../button_and_uart_bsp/\libhal_bsp.a(alt_irq_vars.o)
 .debug_abbrev  0x0000000000001c7f      0x198 ../button_and_uart_bsp/\libhal_bsp.a(alt_tick.o)
 .debug_abbrev  0x0000000000001e17       0x67 ../button_and_uart_bsp/\libhal_bsp.a(altera_nios2_gen2_irq.o)
 .debug_abbrev  0x0000000000001e7e       0x12 ../button_and_uart_bsp/\libhal_bsp.a(alt_irq_entry.o)
 .debug_abbrev  0x0000000000001e90      0x138 ../button_and_uart_bsp/\libhal_bsp.a(alt_irq_handler.o)
 .debug_abbrev  0x0000000000001fc8       0x12 ../button_and_uart_bsp/\libhal_bsp.a(alt_exception_entry.o)
 .debug_abbrev  0x0000000000001fda       0xe7 ../button_and_uart_bsp/\libhal_bsp.a(alt_instruction_exception_entry.o)
 .debug_abbrev  0x00000000000020c1       0x7f c:/intelfpga_lite/18.1/nios2eds/bin/gnu/h-x86_64-mingw32/bin/../lib/gcc/nios2-elf/5.3.0/../../../../../H-x86_64-mingw32/nios2-elf/lib/mno-hw-mul\libsmallc.a(lib_a-memcmp.o)

.debug_line     0x0000000000000000     0x23ad
 *(.debug_line)
 .debug_line    0x0000000000000000       0x66 ../button_and_uart_bsp//obj/HAL/src/crt0.o
 .debug_line    0x0000000000000066      0x1ad obj/default/hello_world_small.o
 .debug_line    0x0000000000000213      0x105 c:/intelfpga_lite/18.1/nios2eds/bin/gnu/h-x86_64-mingw32/bin/../lib/gcc/nios2-elf/5.3.0/mno-hw-mul\libgcc.a(lib2-divmod.o)
 .debug_line    0x0000000000000318      0x203 c:/intelfpga_lite/18.1/nios2eds/bin/gnu/h-x86_64-mingw32/bin/../lib/gcc/nios2-elf/5.3.0/../../../../../H-x86_64-mingw32/nios2-elf/lib/mno-hw-mul\libsmallc.a(lib_a-printf.o)
 .debug_line    0x000000000000051b      0x351 c:/intelfpga_lite/18.1/nios2eds/bin/gnu/h-x86_64-mingw32/bin/../lib/gcc/nios2-elf/5.3.0/../../../../../H-x86_64-mingw32/nios2-elf/lib/mno-hw-mul\libsmallc.a(lib_a-vfprintf.o)
 .debug_line    0x000000000000086c      0x1f0 c:/intelfpga_lite/18.1/nios2eds/bin/gnu/h-x86_64-mingw32/bin/../lib/gcc/nios2-elf/5.3.0/../../../../../H-x86_64-mingw32/nios2-elf/lib/mno-hw-mul\libsmallc.a(lib_a-fvwrite_small_dev.o)
 .debug_line    0x0000000000000a5c      0x156 c:/intelfpga_lite/18.1/nios2eds/bin/gnu/h-x86_64-mingw32/bin/../lib/gcc/nios2-elf/5.3.0/../../../../../H-x86_64-mingw32/nios2-elf/lib/mno-hw-mul\libsmallc.a(lib_a-impure.o)
 .debug_line    0x0000000000000bb2      0x15c c:/intelfpga_lite/18.1/nios2eds/bin/gnu/h-x86_64-mingw32/bin/../lib/gcc/nios2-elf/5.3.0/../../../../../H-x86_64-mingw32/nios2-elf/lib/mno-hw-mul\libsmallc.a(lib_a-strlen.o)
 .debug_line    0x0000000000000d0e      0x1ed c:/intelfpga_lite/18.1/nios2eds/bin/gnu/h-x86_64-mingw32/bin/../lib/gcc/nios2-elf/5.3.0/../../../../../H-x86_64-mingw32/nios2-elf/lib/mno-hw-mul\libsmallc.a(lib_a-writer.o)
 .debug_line    0x0000000000000efb       0x5f c:/intelfpga_lite/18.1/nios2eds/bin/gnu/h-x86_64-mingw32/bin/../lib/gcc/nios2-elf/5.3.0/../../../../../H-x86_64-mingw32/nios2-elf/lib/mno-hw-mul\libsmallc.a(lib_a-int_errno.o)
 .debug_line    0x0000000000000f5a       0x80 c:/intelfpga_lite/18.1/nios2eds/bin/gnu/h-x86_64-mingw32/bin/../lib/gcc/nios2-elf/5.3.0/mno-hw-mul\libgcc.a(lib2-mul.o)
 .debug_line    0x0000000000000fda       0xa4 ../button_and_uart_bsp/\libhal_bsp.a(alt_load.o)
 .debug_line    0x000000000000107e       0xea ../button_and_uart_bsp/\libhal_bsp.a(alt_main.o)
 .debug_line    0x0000000000001168      0x16a ../button_and_uart_bsp/\libhal_bsp.a(alt_write.o)
 .debug_line    0x00000000000012d2      0x17f ../button_and_uart_bsp/\libhal_bsp.a(alt_sys_init.o)
 .debug_line    0x0000000000001451      0x104 ../button_and_uart_bsp/\libhal_bsp.a(altera_avalon_jtag_uart_write.o)
 .debug_line    0x0000000000001555      0x113 ../button_and_uart_bsp/\libhal_bsp.a(altera_avalon_timer_sc.o)
 .debug_line    0x0000000000001668       0xe2 ../button_and_uart_bsp/\libhal_bsp.a(altera_avalon_timer_ts.o)
 .debug_line    0x000000000000174a       0x8a ../button_and_uart_bsp/\libhal_bsp.a(altera_avalon_timer_vars.o)
 .debug_line    0x00000000000017d4      0x131 ../button_and_uart_bsp/\libhal_bsp.a(altera_up_avalon_accelerometer_spi.o)
 .debug_line    0x0000000000001905       0x4e ../button_and_uart_bsp/\libhal_bsp.a(alt_dcache_flush_all.o)
 .debug_line    0x0000000000001953       0xf6 ../button_and_uart_bsp/\libhal_bsp.a(alt_dev.o)
 .debug_line    0x0000000000001a49       0xd8 ../button_and_uart_bsp/\libhal_bsp.a(alt_dev_llist_insert.o)
 .debug_line    0x0000000000001b21       0x51 ../button_and_uart_bsp/\libhal_bsp.a(alt_errno.o)
 .debug_line    0x0000000000001b72      0x107 ../button_and_uart_bsp/\libhal_bsp.a(alt_find_dev.o)
 .debug_line    0x0000000000001c79       0x4e ../button_and_uart_bsp/\libhal_bsp.a(alt_icache_flush_all.o)
 .debug_line    0x0000000000001cc7       0xed ../button_and_uart_bsp/\libhal_bsp.a(alt_irq_register.o)
 .debug_line    0x0000000000001db4       0x50 ../button_and_uart_bsp/\libhal_bsp.a(alt_irq_vars.o)
 .debug_line    0x0000000000001e04      0x118 ../button_and_uart_bsp/\libhal_bsp.a(alt_tick.o)
 .debug_line    0x0000000000001f1c       0x8c ../button_and_uart_bsp/\libhal_bsp.a(altera_nios2_gen2_irq.o)
 .debug_line    0x0000000000001fa8       0x6b ../button_and_uart_bsp/\libhal_bsp.a(alt_irq_entry.o)
 .debug_line    0x0000000000002013       0xc8 ../button_and_uart_bsp/\libhal_bsp.a(alt_irq_handler.o)
 .debug_line    0x00000000000020db       0xb3 ../button_and_uart_bsp/\libhal_bsp.a(alt_exception_entry.o)
 .debug_line    0x000000000000218e       0xbf ../button_and_uart_bsp/\libhal_bsp.a(alt_instruction_exception_entry.o)
 .debug_line    0x000000000000224d      0x160 c:/intelfpga_lite/18.1/nios2eds/bin/gnu/h-x86_64-mingw32/bin/../lib/gcc/nios2-elf/5.3.0/../../../../../H-x86_64-mingw32/nios2-elf/lib/mno-hw-mul\libsmallc.a(lib_a-memcmp.o)

.debug_frame    0x0000000000000000      0x630
 *(.debug_frame)
 .debug_frame   0x0000000000000000       0x70 obj/default/hello_world_small.o
 .debug_frame   0x0000000000000070       0x50 c:/intelfpga_lite/18.1/nios2eds/bin/gnu/h-x86_64-mingw32/bin/../lib/gcc/nios2-elf/5.3.0/mno-hw-mul\libgcc.a(lib2-divmod.o)
 .debug_frame   0x00000000000000c0       0x48 c:/intelfpga_lite/18.1/nios2eds/bin/gnu/h-x86_64-mingw32/bin/../lib/gcc/nios2-elf/5.3.0/../../../../../H-x86_64-mingw32/nios2-elf/lib/mno-hw-mul\libsmallc.a(lib_a-printf.o)
 .debug_frame   0x0000000000000108       0x8c c:/intelfpga_lite/18.1/nios2eds/bin/gnu/h-x86_64-mingw32/bin/../lib/gcc/nios2-elf/5.3.0/../../../../../H-x86_64-mingw32/nios2-elf/lib/mno-hw-mul\libsmallc.a(lib_a-vfprintf.o)
 .debug_frame   0x0000000000000194       0x58 c:/intelfpga_lite/18.1/nios2eds/bin/gnu/h-x86_64-mingw32/bin/../lib/gcc/nios2-elf/5.3.0/../../../../../H-x86_64-mingw32/nios2-elf/lib/mno-hw-mul\libsmallc.a(lib_a-fvwrite_small_dev.o)
 .debug_frame   0x00000000000001ec       0x20 c:/intelfpga_lite/18.1/nios2eds/bin/gnu/h-x86_64-mingw32/bin/../lib/gcc/nios2-elf/5.3.0/../../../../../H-x86_64-mingw32/nios2-elf/lib/mno-hw-mul\libsmallc.a(lib_a-strlen.o)
 .debug_frame   0x000000000000020c       0x38 c:/intelfpga_lite/18.1/nios2eds/bin/gnu/h-x86_64-mingw32/bin/../lib/gcc/nios2-elf/5.3.0/../../../../../H-x86_64-mingw32/nios2-elf/lib/mno-hw-mul\libsmallc.a(lib_a-writer.o)
 .debug_frame   0x0000000000000244       0x20 c:/intelfpga_lite/18.1/nios2eds/bin/gnu/h-x86_64-mingw32/bin/../lib/gcc/nios2-elf/5.3.0/mno-hw-mul\libgcc.a(lib2-mul.o)
 .debug_frame   0x0000000000000264       0x30 ../button_and_uart_bsp/\libhal_bsp.a(alt_load.o)
 .debug_frame   0x0000000000000294       0x2c ../button_and_uart_bsp/\libhal_bsp.a(alt_main.o)
 .debug_frame   0x00000000000002c0       0x2c ../button_and_uart_bsp/\libhal_bsp.a(alt_write.o)
 .debug_frame   0x00000000000002ec       0x48 ../button_and_uart_bsp/\libhal_bsp.a(alt_sys_init.o)
 .debug_frame   0x0000000000000334       0x20 ../button_and_uart_bsp/\libhal_bsp.a(altera_avalon_jtag_uart_write.o)
 .debug_frame   0x0000000000000354       0x40 ../button_and_uart_bsp/\libhal_bsp.a(altera_avalon_timer_sc.o)
 .debug_frame   0x0000000000000394       0x40 ../button_and_uart_bsp/\libhal_bsp.a(altera_avalon_timer_ts.o)
 .debug_frame   0x00000000000003d4       0x80 ../button_and_uart_bsp/\libhal_bsp.a(altera_up_avalon_accelerometer_spi.o)
 .debug_frame   0x0000000000000454       0x20 ../button_and_uart_bsp/\libhal_bsp.a(alt_dcache_flush_all.o)
 .debug_frame   0x0000000000000474       0x20 ../button_and_uart_bsp/\libhal_bsp.a(alt_dev.o)
 .debug_frame   0x0000000000000494       0x2c ../button_and_uart_bsp/\libhal_bsp.a(alt_dev_llist_insert.o)
 .debug_frame   0x00000000000004c0       0x3c ../button_and_uart_bsp/\libhal_bsp.a(alt_find_dev.o)
 .debug_frame   0x00000000000004fc       0x20 ../button_and_uart_bsp/\libhal_bsp.a(alt_icache_flush_all.o)
 .debug_frame   0x000000000000051c       0x20 ../button_and_uart_bsp/\libhal_bsp.a(alt_irq_register.o)
 .debug_frame   0x000000000000053c       0x50 ../button_and_uart_bsp/\libhal_bsp.a(alt_tick.o)
 .debug_frame   0x000000000000058c       0x20 ../button_and_uart_bsp/\libhal_bsp.a(altera_nios2_gen2_irq.o)
 .debug_frame   0x00000000000005ac       0x34 ../button_and_uart_bsp/\libhal_bsp.a(alt_irq_handler.o)
 .debug_frame   0x00000000000005e0       0x30 ../button_and_uart_bsp/\libhal_bsp.a(alt_instruction_exception_entry.o)
 .debug_frame   0x0000000000000610       0x20 c:/intelfpga_lite/18.1/nios2eds/bin/gnu/h-x86_64-mingw32/bin/../lib/gcc/nios2-elf/5.3.0/../../../../../H-x86_64-mingw32/nios2-elf/lib/mno-hw-mul\libsmallc.a(lib_a-memcmp.o)

.debug_str      0x0000000000000000     0x1b4b
 *(.debug_str)
 .debug_str     0x0000000000000000      0x323 obj/default/hello_world_small.o
                                        0x381 (size before relaxing)
 .debug_str     0x0000000000000323      0x187 c:/intelfpga_lite/18.1/nios2eds/bin/gnu/h-x86_64-mingw32/bin/../lib/gcc/nios2-elf/5.3.0/mno-hw-mul\libgcc.a(lib2-divmod.o)
                                        0x1d2 (size before relaxing)
 .debug_str     0x00000000000004aa      0x422 c:/intelfpga_lite/18.1/nios2eds/bin/gnu/h-x86_64-mingw32/bin/../lib/gcc/nios2-elf/5.3.0/../../../../../H-x86_64-mingw32/nios2-elf/lib/mno-hw-mul\libsmallc.a(lib_a-printf.o)
                                        0x504 (size before relaxing)
 .debug_str     0x00000000000008cc      0x1ff c:/intelfpga_lite/18.1/nios2eds/bin/gnu/h-x86_64-mingw32/bin/../lib/gcc/nios2-elf/5.3.0/../../../../../H-x86_64-mingw32/nios2-elf/lib/mno-hw-mul\libsmallc.a(lib_a-vfprintf.o)
                                        0x67f (size before relaxing)
 .debug_str     0x0000000000000acb       0x78 c:/intelfpga_lite/18.1/nios2eds/bin/gnu/h-x86_64-mingw32/bin/../lib/gcc/nios2-elf/5.3.0/../../../../../H-x86_64-mingw32/nios2-elf/lib/mno-hw-mul\libsmallc.a(lib_a-fvwrite_small_dev.o)
                                        0x4d4 (size before relaxing)
 .debug_str     0x0000000000000b43       0xef c:/intelfpga_lite/18.1/nios2eds/bin/gnu/h-x86_64-mingw32/bin/../lib/gcc/nios2-elf/5.3.0/../../../../../H-x86_64-mingw32/nios2-elf/lib/mno-hw-mul\libsmallc.a(lib_a-impure.o)
                                        0x4be (size before relaxing)
 .debug_str     0x0000000000000c32       0xd2 c:/intelfpga_lite/18.1/nios2eds/bin/gnu/h-x86_64-mingw32/bin/../lib/gcc/nios2-elf/5.3.0/../../../../../H-x86_64-mingw32/nios2-elf/lib/mno-hw-mul\libsmallc.a(lib_a-strlen.o)
                                        0x1e5 (size before relaxing)
 .debug_str     0x0000000000000d04       0x45 c:/intelfpga_lite/18.1/nios2eds/bin/gnu/h-x86_64-mingw32/bin/../lib/gcc/nios2-elf/5.3.0/../../../../../H-x86_64-mingw32/nios2-elf/lib/mno-hw-mul\libsmallc.a(lib_a-writer.o)
                                        0x4b8 (size before relaxing)
 .debug_str     0x0000000000000d49       0x3f c:/intelfpga_lite/18.1/nios2eds/bin/gnu/h-x86_64-mingw32/bin/../lib/gcc/nios2-elf/5.3.0/../../../../../H-x86_64-mingw32/nios2-elf/lib/mno-hw-mul\libsmallc.a(lib_a-int_errno.o)
                                        0x1d8 (size before relaxing)
 .debug_str     0x0000000000000d88       0x40 c:/intelfpga_lite/18.1/nios2eds/bin/gnu/h-x86_64-mingw32/bin/../lib/gcc/nios2-elf/5.3.0/mno-hw-mul\libgcc.a(lib2-mul.o)
                                        0x193 (size before relaxing)
 .debug_str     0x0000000000000dc8      0x183 ../button_and_uart_bsp/\libhal_bsp.a(alt_load.o)
                                        0x26a (size before relaxing)
 .debug_str     0x0000000000000f4b       0x7f ../button_and_uart_bsp/\libhal_bsp.a(alt_main.o)
                                        0x20c (size before relaxing)
 .debug_str     0x0000000000000fca       0x74 ../button_and_uart_bsp/\libhal_bsp.a(alt_write.o)
                                        0x20c (size before relaxing)
 .debug_str     0x000000000000103e      0x113 ../button_and_uart_bsp/\libhal_bsp.a(alt_sys_init.o)
                                        0x391 (size before relaxing)
 .debug_str     0x0000000000001151       0x2c ../button_and_uart_bsp/\libhal_bsp.a(altera_avalon_jtag_uart_write.o)
                                        0x264 (size before relaxing)
 .debug_str     0x000000000000117d       0xb7 ../button_and_uart_bsp/\libhal_bsp.a(altera_avalon_timer_sc.o)
                                        0x2b4 (size before relaxing)
 .debug_str     0x0000000000001234       0x44 ../button_and_uart_bsp/\libhal_bsp.a(altera_avalon_timer_ts.o)
                                        0x232 (size before relaxing)
 .debug_str     0x0000000000001278       0x27 ../button_and_uart_bsp/\libhal_bsp.a(altera_avalon_timer_vars.o)
                                        0x1e7 (size before relaxing)
 .debug_str     0x000000000000129f       0xd9 ../button_and_uart_bsp/\libhal_bsp.a(altera_up_avalon_accelerometer_spi.o)
                                        0x37c (size before relaxing)
 .debug_str     0x0000000000001378       0x1f ../button_and_uart_bsp/\libhal_bsp.a(alt_dcache_flush_all.o)
                                        0x183 (size before relaxing)
 .debug_str     0x0000000000001397      0x125 ../button_and_uart_bsp/\libhal_bsp.a(alt_dev.o)
                                        0x333 (size before relaxing)
 .debug_str     0x00000000000014bc       0x30 ../button_and_uart_bsp/\libhal_bsp.a(alt_dev_llist_insert.o)
                                        0x1fa (size before relaxing)
 .debug_str     0x00000000000014ec       0x14 ../button_and_uart_bsp/\libhal_bsp.a(alt_errno.o)
                                        0x173 (size before relaxing)
 .debug_str     0x0000000000001500       0x1e ../button_and_uart_bsp/\libhal_bsp.a(alt_find_dev.o)
                                        0x228 (size before relaxing)
 .debug_str     0x000000000000151e       0x1f ../button_and_uart_bsp/\libhal_bsp.a(alt_icache_flush_all.o)
                                        0x183 (size before relaxing)
 .debug_str     0x000000000000153d       0x66 ../button_and_uart_bsp/\libhal_bsp.a(alt_irq_register.o)
                                        0x236 (size before relaxing)
 .debug_str     0x00000000000015a3       0x17 ../button_and_uart_bsp/\libhal_bsp.a(alt_irq_vars.o)
                                        0x168 (size before relaxing)
 .debug_str     0x00000000000015ba       0x6f ../button_and_uart_bsp/\libhal_bsp.a(alt_tick.o)
                                        0x2a1 (size before relaxing)
 .debug_str     0x0000000000001629       0x20 ../button_and_uart_bsp/\libhal_bsp.a(altera_nios2_gen2_irq.o)
                                        0x1b3 (size before relaxing)
 .debug_str     0x0000000000001649       0x3a ../button_and_uart_bsp/\libhal_bsp.a(alt_irq_handler.o)
                                        0x1e6 (size before relaxing)
 .debug_str     0x0000000000001683      0x48b ../button_and_uart_bsp/\libhal_bsp.a(alt_instruction_exception_entry.o)
                                        0x5ce (size before relaxing)
 .debug_str     0x0000000000001b0e       0x3d c:/intelfpga_lite/18.1/nios2eds/bin/gnu/h-x86_64-mingw32/bin/../lib/gcc/nios2-elf/5.3.0/../../../../../H-x86_64-mingw32/nios2-elf/lib/mno-hw-mul\libsmallc.a(lib_a-memcmp.o)
                                        0x1df (size before relaxing)

.debug_loc      0x0000000000000000     0x198d
 *(.debug_loc)
 .debug_loc     0x0000000000000000      0x12e obj/default/hello_world_small.o
 .debug_loc     0x000000000000012e      0x4ce c:/intelfpga_lite/18.1/nios2eds/bin/gnu/h-x86_64-mingw32/bin/../lib/gcc/nios2-elf/5.3.0/mno-hw-mul\libgcc.a(lib2-divmod.o)
 .debug_loc     0x00000000000005fc       0xc6 c:/intelfpga_lite/18.1/nios2eds/bin/gnu/h-x86_64-mingw32/bin/../lib/gcc/nios2-elf/5.3.0/../../../../../H-x86_64-mingw32/nios2-elf/lib/mno-hw-mul\libsmallc.a(lib_a-printf.o)
 .debug_loc     0x00000000000006c2      0x954 c:/intelfpga_lite/18.1/nios2eds/bin/gnu/h-x86_64-mingw32/bin/../lib/gcc/nios2-elf/5.3.0/../../../../../H-x86_64-mingw32/nios2-elf/lib/mno-hw-mul\libsmallc.a(lib_a-vfprintf.o)
 .debug_loc     0x0000000000001016      0x110 c:/intelfpga_lite/18.1/nios2eds/bin/gnu/h-x86_64-mingw32/bin/../lib/gcc/nios2-elf/5.3.0/../../../../../H-x86_64-mingw32/nios2-elf/lib/mno-hw-mul\libsmallc.a(lib_a-fvwrite_small_dev.o)
 .debug_loc     0x0000000000001126       0x1e c:/intelfpga_lite/18.1/nios2eds/bin/gnu/h-x86_64-mingw32/bin/../lib/gcc/nios2-elf/5.3.0/../../../../../H-x86_64-mingw32/nios2-elf/lib/mno-hw-mul\libsmallc.a(lib_a-strlen.o)
 .debug_loc     0x0000000000001144       0xa5 c:/intelfpga_lite/18.1/nios2eds/bin/gnu/h-x86_64-mingw32/bin/../lib/gcc/nios2-elf/5.3.0/../../../../../H-x86_64-mingw32/nios2-elf/lib/mno-hw-mul\libsmallc.a(lib_a-writer.o)
 .debug_loc     0x00000000000011e9       0x93 c:/intelfpga_lite/18.1/nios2eds/bin/gnu/h-x86_64-mingw32/bin/../lib/gcc/nios2-elf/5.3.0/mno-hw-mul\libgcc.a(lib2-mul.o)
 .debug_loc     0x000000000000127c       0xcf ../button_and_uart_bsp/\libhal_bsp.a(alt_write.o)
 .debug_loc     0x000000000000134b       0x21 ../button_and_uart_bsp/\libhal_bsp.a(alt_sys_init.o)
 .debug_loc     0x000000000000136c       0x8b ../button_and_uart_bsp/\libhal_bsp.a(altera_avalon_jtag_uart_write.o)
 .debug_loc     0x00000000000013f7      0x102 ../button_and_uart_bsp/\libhal_bsp.a(altera_avalon_timer_sc.o)
 .debug_loc     0x00000000000014f9       0x5b ../button_and_uart_bsp/\libhal_bsp.a(altera_avalon_timer_ts.o)
 .debug_loc     0x0000000000001554       0x63 ../button_and_uart_bsp/\libhal_bsp.a(altera_up_avalon_accelerometer_spi.o)
 .debug_loc     0x00000000000015b7       0x7e ../button_and_uart_bsp/\libhal_bsp.a(alt_dev_llist_insert.o)
 .debug_loc     0x0000000000001635       0x7e ../button_and_uart_bsp/\libhal_bsp.a(alt_find_dev.o)
 .debug_loc     0x00000000000016b3       0xfa ../button_and_uart_bsp/\libhal_bsp.a(alt_irq_register.o)
 .debug_loc     0x00000000000017ad       0x75 ../button_and_uart_bsp/\libhal_bsp.a(alt_tick.o)
 .debug_loc     0x0000000000001822       0x72 ../button_and_uart_bsp/\libhal_bsp.a(alt_irq_handler.o)
 .debug_loc     0x0000000000001894       0x65 ../button_and_uart_bsp/\libhal_bsp.a(alt_instruction_exception_entry.o)
 .debug_loc     0x00000000000018f9       0x94 c:/intelfpga_lite/18.1/nios2eds/bin/gnu/h-x86_64-mingw32/bin/../lib/gcc/nios2-elf/5.3.0/../../../../../H-x86_64-mingw32/nios2-elf/lib/mno-hw-mul\libsmallc.a(lib_a-memcmp.o)

.debug_macinfo
 *(.debug_macinfo)

.debug_weaknames
 *(.debug_weaknames)

.debug_funcnames
 *(.debug_funcnames)

.debug_typenames
 *(.debug_typenames)

.debug_varnames
 *(.debug_varnames)

.debug_alt_sim_info
                0x0000000000000000       0x10
 *(.debug_alt_sim_info)
 .debug_alt_sim_info
                0x0000000000000000       0x10 ../button_and_uart_bsp//obj/HAL/src/crt0.o
                0x0000000000020000                __alt_data_end = 0x20000
                0x0000000000020000                PROVIDE (__alt_stack_pointer, __alt_data_end)
                [!provide]                        PROVIDE (__alt_stack_limit, __alt_stack_base)
                [!provide]                        PROVIDE (__alt_heap_start, end)
                [!provide]                        PROVIDE (__alt_heap_limit, 0x20000)
OUTPUT(button_and_uart.elf elf32-littlenios2)

.debug_ranges   0x0000000000000000      0x308
 .debug_ranges  0x0000000000000000       0x20 ../button_and_uart_bsp//obj/HAL/src/crt0.o
 .debug_ranges  0x0000000000000020       0x18 obj/default/hello_world_small.o
 .debug_ranges  0x0000000000000038       0x60 c:/intelfpga_lite/18.1/nios2eds/bin/gnu/h-x86_64-mingw32/bin/../lib/gcc/nios2-elf/5.3.0/mno-hw-mul\libgcc.a(lib2-divmod.o)
 .debug_ranges  0x0000000000000098       0x18 c:/intelfpga_lite/18.1/nios2eds/bin/gnu/h-x86_64-mingw32/bin/../lib/gcc/nios2-elf/5.3.0/../../../../../H-x86_64-mingw32/nios2-elf/lib/mno-hw-mul\libsmallc.a(lib_a-printf.o)
 .debug_ranges  0x00000000000000b0       0xc8 c:/intelfpga_lite/18.1/nios2eds/bin/gnu/h-x86_64-mingw32/bin/../lib/gcc/nios2-elf/5.3.0/../../../../../H-x86_64-mingw32/nios2-elf/lib/mno-hw-mul\libsmallc.a(lib_a-vfprintf.o)
 .debug_ranges  0x0000000000000178       0x28 c:/intelfpga_lite/18.1/nios2eds/bin/gnu/h-x86_64-mingw32/bin/../lib/gcc/nios2-elf/5.3.0/../../../../../H-x86_64-mingw32/nios2-elf/lib/mno-hw-mul\libsmallc.a(lib_a-fvwrite_small_dev.o)
 .debug_ranges  0x00000000000001a0       0x10 c:/intelfpga_lite/18.1/nios2eds/bin/gnu/h-x86_64-mingw32/bin/../lib/gcc/nios2-elf/5.3.0/../../../../../H-x86_64-mingw32/nios2-elf/lib/mno-hw-mul\libsmallc.a(lib_a-strlen.o)
 .debug_ranges  0x00000000000001b0       0x10 c:/intelfpga_lite/18.1/nios2eds/bin/gnu/h-x86_64-mingw32/bin/../lib/gcc/nios2-elf/5.3.0/../../../../../H-x86_64-mingw32/nios2-elf/lib/mno-hw-mul\libsmallc.a(lib_a-writer.o)
 .debug_ranges  0x00000000000001c0       0x48 ../button_and_uart_bsp/\libhal_bsp.a(alt_load.o)
 .debug_ranges  0x0000000000000208       0x20 ../button_and_uart_bsp/\libhal_bsp.a(alt_write.o)
 .debug_ranges  0x0000000000000228       0x18 ../button_and_uart_bsp/\libhal_bsp.a(alt_sys_init.o)
 .debug_ranges  0x0000000000000240       0x18 ../button_and_uart_bsp/\libhal_bsp.a(altera_avalon_timer_sc.o)
 .debug_ranges  0x0000000000000258       0x20 ../button_and_uart_bsp/\libhal_bsp.a(alt_dev_llist_insert.o)
 .debug_ranges  0x0000000000000278       0x28 ../button_and_uart_bsp/\libhal_bsp.a(alt_irq_entry.o)
 .debug_ranges  0x00000000000002a0       0x10 ../button_and_uart_bsp/\libhal_bsp.a(alt_irq_handler.o)
 .debug_ranges  0x00000000000002b0       0x30 ../button_and_uart_bsp/\libhal_bsp.a(alt_exception_entry.o)
 .debug_ranges  0x00000000000002e0       0x18 ../button_and_uart_bsp/\libhal_bsp.a(alt_instruction_exception_entry.o)
 .debug_ranges  0x00000000000002f8       0x10 c:/intelfpga_lite/18.1/nios2eds/bin/gnu/h-x86_64-mingw32/bin/../lib/gcc/nios2-elf/5.3.0/../../../../../H-x86_64-mingw32/nios2-elf/lib/mno-hw-mul\libsmallc.a(lib_a-memcmp.o)
