Archive member included to satisfy reference by file (symbol)

c:/intelfpga_lite/18.1/nios2eds/bin/gnu/h-x86_64-mingw32/bin/../lib/gcc/nios2-elf/5.3.0/mno-hw-mul\libgcc.a(lib2-divmod.o)
                              obj/default/main.o (__divsi3)
c:/intelfpga_lite/18.1/nios2eds/bin/gnu/h-x86_64-mingw32/bin/../lib/gcc/nios2-elf/5.3.0/mno-hw-mul\libgcc.a(lib2-mul.o)
                              obj/default/main.o (__mulsi3)
c:/intelfpga_lite/18.1/nios2eds/bin/gnu/h-x86_64-mingw32/bin/../lib/gcc/nios2-elf/5.3.0/../../../../../H-x86_64-mingw32/nios2-elf/lib/mno-hw-mul\libsmallc.a(lib_a-memset.o)
                              obj/default/main.o (memset)
c:/intelfpga_lite/18.1/nios2eds/bin/gnu/h-x86_64-mingw32/bin/../lib/gcc/nios2-elf/5.3.0/../../../../../H-x86_64-mingw32/nios2-elf/lib/mno-hw-mul\libsmallc.a(lib_a-printf.o)
                              obj/default/main.o (printf)
c:/intelfpga_lite/18.1/nios2eds/bin/gnu/h-x86_64-mingw32/bin/../lib/gcc/nios2-elf/5.3.0/../../../../../H-x86_64-mingw32/nios2-elf/lib/mno-hw-mul\libsmallc.a(lib_a-vfprintf.o)
                              c:/intelfpga_lite/18.1/nios2eds/bin/gnu/h-x86_64-mingw32/bin/../lib/gcc/nios2-elf/5.3.0/../../../../../H-x86_64-mingw32/nios2-elf/lib/mno-hw-mul\libsmallc.a(lib_a-printf.o) (___vfprintf_internal_r)
c:/intelfpga_lite/18.1/nios2eds/bin/gnu/h-x86_64-mingw32/bin/../lib/gcc/nios2-elf/5.3.0/../../../../../H-x86_64-mingw32/nios2-elf/lib/mno-hw-mul\libsmallc.a(lib_a-fvwrite_small_dev.o)
                              c:/intelfpga_lite/18.1/nios2eds/bin/gnu/h-x86_64-mingw32/bin/../lib/gcc/nios2-elf/5.3.0/../../../../../H-x86_64-mingw32/nios2-elf/lib/mno-hw-mul\libsmallc.a(lib_a-printf.o) (__sfvwrite_small_dev)
c:/intelfpga_lite/18.1/nios2eds/bin/gnu/h-x86_64-mingw32/bin/../lib/gcc/nios2-elf/5.3.0/../../../../../H-x86_64-mingw32/nios2-elf/lib/mno-hw-mul\libsmallc.a(lib_a-impure.o)
                              c:/intelfpga_lite/18.1/nios2eds/bin/gnu/h-x86_64-mingw32/bin/../lib/gcc/nios2-elf/5.3.0/../../../../../H-x86_64-mingw32/nios2-elf/lib/mno-hw-mul\libsmallc.a(lib_a-printf.o) (_impure_ptr)
c:/intelfpga_lite/18.1/nios2eds/bin/gnu/h-x86_64-mingw32/bin/../lib/gcc/nios2-elf/5.3.0/../../../../../H-x86_64-mingw32/nios2-elf/lib/mno-hw-mul\libsmallc.a(lib_a-strlen.o)
                              c:/intelfpga_lite/18.1/nios2eds/bin/gnu/h-x86_64-mingw32/bin/../lib/gcc/nios2-elf/5.3.0/../../../../../H-x86_64-mingw32/nios2-elf/lib/mno-hw-mul\libsmallc.a(lib_a-vfprintf.o) (strlen)
c:/intelfpga_lite/18.1/nios2eds/bin/gnu/h-x86_64-mingw32/bin/../lib/gcc/nios2-elf/5.3.0/../../../../../H-x86_64-mingw32/nios2-elf/lib/mno-hw-mul\libsmallc.a(lib_a-writer.o)
                              c:/intelfpga_lite/18.1/nios2eds/bin/gnu/h-x86_64-mingw32/bin/../lib/gcc/nios2-elf/5.3.0/../../../../../H-x86_64-mingw32/nios2-elf/lib/mno-hw-mul\libsmallc.a(lib_a-fvwrite_small_dev.o) (_write_r)
c:/intelfpga_lite/18.1/nios2eds/bin/gnu/h-x86_64-mingw32/bin/../lib/gcc/nios2-elf/5.3.0/../../../../../H-x86_64-mingw32/nios2-elf/lib/mno-hw-mul\libsmallc.a(lib_a-int_errno.o)
                              c:/intelfpga_lite/18.1/nios2eds/bin/gnu/h-x86_64-mingw32/bin/../lib/gcc/nios2-elf/5.3.0/../../../../../H-x86_64-mingw32/nios2-elf/lib/mno-hw-mul\libsmallc.a(lib_a-writer.o) (errno)
../both_axis_bsp/\libhal_bsp.a(alt_irq_register.o)
                              obj/default/main.o (alt_irq_register)
../both_axis_bsp/\libhal_bsp.a(alt_irq_vars.o)
                              ../both_axis_bsp/\libhal_bsp.a(alt_irq_register.o) (alt_irq_active)
../both_axis_bsp/\libhal_bsp.a(alt_load.o)
                              ../both_axis_bsp//obj/HAL/src/crt0.o (alt_load)
../both_axis_bsp/\libhal_bsp.a(alt_main.o)
                              ../both_axis_bsp//obj/HAL/src/crt0.o (alt_main)
../both_axis_bsp/\libhal_bsp.a(alt_write.o)
                              c:/intelfpga_lite/18.1/nios2eds/bin/gnu/h-x86_64-mingw32/bin/../lib/gcc/nios2-elf/5.3.0/../../../../../H-x86_64-mingw32/nios2-elf/lib/mno-hw-mul\libsmallc.a(lib_a-writer.o) (write)
../both_axis_bsp/\libhal_bsp.a(alt_sys_init.o)
                              ../both_axis_bsp/\libhal_bsp.a(alt_main.o) (alt_irq_init)
../both_axis_bsp/\libhal_bsp.a(altera_avalon_jtag_uart_write.o)
                              ../both_axis_bsp/\libhal_bsp.a(alt_write.o) (altera_avalon_jtag_uart_write)
../both_axis_bsp/\libhal_bsp.a(altera_avalon_timer_sc.o)
                              ../both_axis_bsp/\libhal_bsp.a(alt_sys_init.o) (alt_avalon_timer_sc_init)
../both_axis_bsp/\libhal_bsp.a(altera_avalon_timer_ts.o)
                              obj/default/main.o (alt_timestamp_start)
../both_axis_bsp/\libhal_bsp.a(altera_avalon_timer_vars.o)
                              ../both_axis_bsp/\libhal_bsp.a(alt_sys_init.o) (altera_avalon_timer_ts_freq)
../both_axis_bsp/\libhal_bsp.a(altera_up_avalon_accelerometer_spi.o)
                              obj/default/main.o (alt_up_accelerometer_spi_open_dev)
../both_axis_bsp/\libhal_bsp.a(alt_dcache_flush_all.o)
                              ../both_axis_bsp/\libhal_bsp.a(alt_load.o) (alt_dcache_flush_all)
../both_axis_bsp/\libhal_bsp.a(alt_dev.o)
                              ../both_axis_bsp/\libhal_bsp.a(alt_sys_init.o) (alt_dev_list)
../both_axis_bsp/\libhal_bsp.a(alt_dev_llist_insert.o)
                              ../both_axis_bsp/\libhal_bsp.a(alt_sys_init.o) (alt_dev_llist_insert)
../both_axis_bsp/\libhal_bsp.a(alt_errno.o)
                              ../both_axis_bsp/\libhal_bsp.a(alt_write.o) (alt_errno)
../both_axis_bsp/\libhal_bsp.a(alt_find_dev.o)
                              ../both_axis_bsp/\libhal_bsp.a(altera_up_avalon_accelerometer_spi.o) (alt_find_dev)
../both_axis_bsp/\libhal_bsp.a(alt_icache_flush_all.o)
                              ../both_axis_bsp/\libhal_bsp.a(alt_load.o) (alt_icache_flush_all)
../both_axis_bsp/\libhal_bsp.a(alt_irq_entry.o)
                              ../both_axis_bsp/\libhal_bsp.a(alt_irq_register.o) (alt_irq_entry)
../both_axis_bsp/\libhal_bsp.a(alt_irq_handler.o)
                              ../both_axis_bsp/\libhal_bsp.a(alt_irq_register.o) (alt_irq_handler)
../both_axis_bsp/\libhal_bsp.a(alt_tick.o)
                              ../both_axis_bsp/\libhal_bsp.a(altera_avalon_timer_sc.o) (alt_tick)
../both_axis_bsp/\libhal_bsp.a(altera_nios2_gen2_irq.o)
                              ../both_axis_bsp/\libhal_bsp.a(alt_sys_init.o) (altera_nios2_gen2_irq_init)
../both_axis_bsp/\libhal_bsp.a(alt_exception_entry.o)
                              ../both_axis_bsp/\libhal_bsp.a(alt_irq_entry.o) (alt_exception)
../both_axis_bsp/\libhal_bsp.a(alt_instruction_exception_entry.o)
                              ../both_axis_bsp/\libhal_bsp.a(alt_exception_entry.o) (alt_instruction_exception_entry)
c:/intelfpga_lite/18.1/nios2eds/bin/gnu/h-x86_64-mingw32/bin/../lib/gcc/nios2-elf/5.3.0/../../../../../H-x86_64-mingw32/nios2-elf/lib/mno-hw-mul\libsmallc.a(lib_a-memcmp.o)
                              ../both_axis_bsp/\libhal_bsp.a(alt_find_dev.o) (memcmp)

Allocating common symbols
Common symbol       size              file

alt_irq             0x100             ../both_axis_bsp/\libhal_bsp.a(alt_irq_handler.o)
errno               0x4               c:/intelfpga_lite/18.1/nios2eds/bin/gnu/h-x86_64-mingw32/bin/../lib/gcc/nios2-elf/5.3.0/../../../../../H-x86_64-mingw32/nios2-elf/lib/mno-hw-mul\libsmallc.a(lib_a-int_errno.o)
led                 0x2               obj/default/main.o
level               0x4               obj/default/main.o

Memory Configuration

Name             Origin             Length             Attributes
reset            0x0000000000010000 0x0000000000000020
onchip_memory    0x0000000000010020 0x000000000000ffe0
*default*        0x0000000000000000 0xffffffffffffffff

Linker script and memory map

LOAD ../both_axis_bsp//obj/HAL/src/crt0.o
LOAD obj/default/main.o
LOAD c:/intelfpga_lite/18.1/nios2eds/bin/gnu/h-x86_64-mingw32/bin/../lib/gcc/nios2-elf/5.3.0/../../../../../H-x86_64-mingw32/nios2-elf/lib/mno-hw-mul\libstdc++.a
LOAD c:/intelfpga_lite/18.1/nios2eds/bin/gnu/h-x86_64-mingw32/bin/../lib/gcc/nios2-elf/5.3.0/../../../../../H-x86_64-mingw32/nios2-elf/lib/mno-hw-mul\libm.a
LOAD c:/intelfpga_lite/18.1/nios2eds/bin/gnu/h-x86_64-mingw32/bin/../lib/gcc/nios2-elf/5.3.0/mno-hw-mul\libgcc.a
START GROUP
LOAD c:/intelfpga_lite/18.1/nios2eds/bin/gnu/h-x86_64-mingw32/bin/../lib/gcc/nios2-elf/5.3.0/../../../../../H-x86_64-mingw32/nios2-elf/lib/mno-hw-mul\libsmallc.a
LOAD c:/intelfpga_lite/18.1/nios2eds/bin/gnu/h-x86_64-mingw32/bin/../lib/gcc/nios2-elf/5.3.0/mno-hw-mul\libgcc.a
LOAD ../both_axis_bsp/\libhal_bsp.a
LOAD c:/intelfpga_lite/18.1/nios2eds/bin/gnu/h-x86_64-mingw32/bin/../lib/gcc/nios2-elf/5.3.0/../../../../../H-x86_64-mingw32/nios2-elf/lib/mno-hw-mul\libm.a
END GROUP
LOAD c:/intelfpga_lite/18.1/nios2eds/bin/gnu/h-x86_64-mingw32/bin/../lib/gcc/nios2-elf/5.3.0/mno-hw-mul\libgcc.a
                0x0000000000010000                __alt_mem_onchip_memory = 0x10000

.entry          0x0000000000010000       0x20
 *(.entry)
 .entry         0x0000000000010000       0x20 ../both_axis_bsp//obj/HAL/src/crt0.o
                0x0000000000010000                __reset
                0x000000000001000c                _exit

.exceptions     0x0000000000010020      0x160
                0x0000000000010020                PROVIDE (__ram_exceptions_start, ABSOLUTE (.))
                0x0000000000010020                . = ALIGN (0x20)
 *(.irq)
 *(.exceptions.entry.label)
 .exceptions.entry.label
                0x0000000000010020        0x0 ../both_axis_bsp/\libhal_bsp.a(alt_irq_entry.o)
                0x0000000000010020                alt_irq_entry
 .exceptions.entry.label
                0x0000000000010020        0x0 ../both_axis_bsp/\libhal_bsp.a(alt_exception_entry.o)
                0x0000000000010020                alt_exception
 *(.exceptions.entry.user)
 *(.exceptions.entry.ecc_fatal)
 *(.exceptions.entry)
 .exceptions.entry
                0x0000000000010020       0x54 ../both_axis_bsp/\libhal_bsp.a(alt_exception_entry.o)
 *(.exceptions.irqtest.user)
 *(.exceptions.irqtest)
 .exceptions.irqtest
                0x0000000000010074       0x10 ../both_axis_bsp/\libhal_bsp.a(alt_irq_entry.o)
 *(.exceptions.irqhandler.user)
 *(.exceptions.irqhandler)
 .exceptions.irqhandler
                0x0000000000010084        0x4 ../both_axis_bsp/\libhal_bsp.a(alt_irq_entry.o)
 *(.exceptions.irqreturn.user)
 *(.exceptions.irqreturn)
 .exceptions.irqreturn
                0x0000000000010088        0x4 ../both_axis_bsp/\libhal_bsp.a(alt_irq_entry.o)
 *(.exceptions.notirq.label)
 .exceptions.notirq.label
                0x000000000001008c        0x0 ../both_axis_bsp/\libhal_bsp.a(alt_irq_entry.o)
 *(.exceptions.notirq.user)
 *(.exceptions.notirq)
 .exceptions.notirq
                0x000000000001008c        0x8 ../both_axis_bsp/\libhal_bsp.a(alt_exception_entry.o)
 *(.exceptions.soft.user)
 *(.exceptions.soft)
 *(.exceptions.unknown.user)
 *(.exceptions.unknown)
 .exceptions.unknown
                0x0000000000010094       0x14 ../both_axis_bsp/\libhal_bsp.a(alt_exception_entry.o)
 *(.exceptions.exit.label)
 .exceptions.exit.label
                0x00000000000100a8        0x0 ../both_axis_bsp/\libhal_bsp.a(alt_irq_entry.o)
 .exceptions.exit.label
                0x00000000000100a8        0x0 ../both_axis_bsp/\libhal_bsp.a(alt_exception_entry.o)
 *(.exceptions.exit.user)
 *(.exceptions.exit)
 .exceptions.exit
                0x00000000000100a8       0x54 ../both_axis_bsp/\libhal_bsp.a(alt_exception_entry.o)
 *(.exceptions)
 .exceptions    0x00000000000100fc       0x60 ../both_axis_bsp/\libhal_bsp.a(alt_irq_handler.o)
                0x00000000000100fc                alt_irq_handler
 .exceptions    0x000000000001015c       0x24 ../both_axis_bsp/\libhal_bsp.a(alt_instruction_exception_entry.o)
                0x000000000001015c                alt_instruction_exception_entry
                0x0000000000010180                PROVIDE (__ram_exceptions_end, ABSOLUTE (.))
                0x0000000000010020                PROVIDE (__flash_exceptions_start, LOADADDR (.exceptions))

.text           0x0000000000010180     0x1418
                [!provide]                        PROVIDE (stext, ABSOLUTE (.))
 *(.interp)
 *(.hash)
 *(.dynsym)
 *(.dynstr)
 *(.gnu.version)
 *(.gnu.version_d)
 *(.gnu.version_r)
 *(.rel.init)
 *(.rela.init)
 *(.rel.text .rel.text.* .rel.gnu.linkonce.t.*)
 *(.rela.text .rela.text.* .rela.gnu.linkonce.t.*)
 *(.rel.fini)
 *(.rela.fini)
 *(.rel.rodata .rel.rodata.* .rel.gnu.linkonce.r.*)
 *(.rela.rodata .rela.rodata.* .rela.gnu.linkonce.r.*)
 *(.rel.data .rel.data.* .rel.gnu.linkonce.d.*)
 *(.rela.data .rela.data.* .rela.gnu.linkonce.d.*)
 *(.rel.tdata .rel.tdata.* .rel.gnu.linkonce.td.*)
 *(.rela.tdata .rela.tdata.* .rela.gnu.linkonce.td.*)
 *(.rel.tbss .rel.tbss.* .rel.gnu.linkonce.tb.*)
 *(.rela.tbss .rela.tbss.* .rela.gnu.linkonce.tb.*)
 *(.rel.ctors)
 *(.rela.ctors)
 *(.rel.dtors)
 *(.rela.dtors)
 *(.rel.got)
 *(.rela.got)
 *(.rel.sdata .rel.sdata.* .rel.gnu.linkonce.s.*)
 *(.rela.sdata .rela.sdata.* .rela.gnu.linkonce.s.*)
 *(.rel.sbss .rel.sbss.* .rel.gnu.linkonce.sb.*)
 *(.rela.sbss .rela.sbss.* .rela.gnu.linkonce.sb.*)
 *(.rel.sdata2 .rel.sdata2.* .rel.gnu.linkonce.s2.*)
 *(.rela.sdata2 .rela.sdata2.* .rela.gnu.linkonce.s2.*)
 *(.rel.sbss2 .rel.sbss2.* .rel.gnu.linkonce.sb2.*)
 *(.rela.sbss2 .rela.sbss2.* .rela.gnu.linkonce.sb2.*)
 *(.rel.bss .rel.bss.* .rel.gnu.linkonce.b.*)
 *(.rela.bss .rela.bss.* .rela.gnu.linkonce.b.*)
 *(.rel.plt)
 *(.rela.plt)
 *(.rel.dyn)
 *(.init)
 *(.plt)
 *(.text .stub .text.* .gnu.linkonce.t.*)
 .text          0x0000000000010180       0x3c ../both_axis_bsp//obj/HAL/src/crt0.o
                0x0000000000010180                _start
 .text          0x00000000000101bc      0x1c0 obj/default/main.o
                0x0000000000010278                timer_init
                0x00000000000102e8                read_from_fir
                0x0000000000010344                write_to_fir
 .text.startup  0x000000000001037c      0x150 obj/default/main.o
                0x000000000001037c                main
 .text          0x00000000000104cc      0x1b4 c:/intelfpga_lite/18.1/nios2eds/bin/gnu/h-x86_64-mingw32/bin/../lib/gcc/nios2-elf/5.3.0/mno-hw-mul\libgcc.a(lib2-divmod.o)
                0x00000000000104cc                __divsi3
                0x0000000000010550                __modsi3
                0x00000000000105c4                __udivsi3
                0x0000000000010628                __umodsi3
 .text          0x0000000000010680       0x28 c:/intelfpga_lite/18.1/nios2eds/bin/gnu/h-x86_64-mingw32/bin/../lib/gcc/nios2-elf/5.3.0/mno-hw-mul\libgcc.a(lib2-mul.o)
                0x0000000000010680                __mulsi3
 .text          0x00000000000106a8        0x0 c:/intelfpga_lite/18.1/nios2eds/bin/gnu/h-x86_64-mingw32/bin/../lib/gcc/nios2-elf/5.3.0/../../../../../H-x86_64-mingw32/nios2-elf/lib/mno-hw-mul\libsmallc.a(lib_a-memset.o)
 .text.memset   0x00000000000106a8       0x20 c:/intelfpga_lite/18.1/nios2eds/bin/gnu/h-x86_64-mingw32/bin/../lib/gcc/nios2-elf/5.3.0/../../../../../H-x86_64-mingw32/nios2-elf/lib/mno-hw-mul\libsmallc.a(lib_a-memset.o)
                0x00000000000106a8                memset
 .text          0x00000000000106c8        0x0 c:/intelfpga_lite/18.1/nios2eds/bin/gnu/h-x86_64-mingw32/bin/../lib/gcc/nios2-elf/5.3.0/../../../../../H-x86_64-mingw32/nios2-elf/lib/mno-hw-mul\libsmallc.a(lib_a-printf.o)
 .text._printf_r
                0x00000000000106c8       0x3c c:/intelfpga_lite/18.1/nios2eds/bin/gnu/h-x86_64-mingw32/bin/../lib/gcc/nios2-elf/5.3.0/../../../../../H-x86_64-mingw32/nios2-elf/lib/mno-hw-mul\libsmallc.a(lib_a-printf.o)
                0x00000000000106c8                _printf_r
 .text.printf   0x0000000000010704       0x4c c:/intelfpga_lite/18.1/nios2eds/bin/gnu/h-x86_64-mingw32/bin/../lib/gcc/nios2-elf/5.3.0/../../../../../H-x86_64-mingw32/nios2-elf/lib/mno-hw-mul\libsmallc.a(lib_a-printf.o)
                0x0000000000010704                printf
 .text          0x0000000000010750        0x0 c:/intelfpga_lite/18.1/nios2eds/bin/gnu/h-x86_64-mingw32/bin/../lib/gcc/nios2-elf/5.3.0/../../../../../H-x86_64-mingw32/nios2-elf/lib/mno-hw-mul\libsmallc.a(lib_a-vfprintf.o)
 .text.print_repeat
                0x0000000000010750       0x6c c:/intelfpga_lite/18.1/nios2eds/bin/gnu/h-x86_64-mingw32/bin/../lib/gcc/nios2-elf/5.3.0/../../../../../H-x86_64-mingw32/nios2-elf/lib/mno-hw-mul\libsmallc.a(lib_a-vfprintf.o)
 .text.___vfprintf_internal_r
                0x00000000000107bc      0x52c c:/intelfpga_lite/18.1/nios2eds/bin/gnu/h-x86_64-mingw32/bin/../lib/gcc/nios2-elf/5.3.0/../../../../../H-x86_64-mingw32/nios2-elf/lib/mno-hw-mul\libsmallc.a(lib_a-vfprintf.o)
                0x00000000000107bc                ___vfprintf_internal_r
 .text.__vfprintf_internal
                0x0000000000010ce8       0x1c c:/intelfpga_lite/18.1/nios2eds/bin/gnu/h-x86_64-mingw32/bin/../lib/gcc/nios2-elf/5.3.0/../../../../../H-x86_64-mingw32/nios2-elf/lib/mno-hw-mul\libsmallc.a(lib_a-vfprintf.o)
                0x0000000000010ce8                __vfprintf_internal
 .text          0x0000000000010d04        0x0 c:/intelfpga_lite/18.1/nios2eds/bin/gnu/h-x86_64-mingw32/bin/../lib/gcc/nios2-elf/5.3.0/../../../../../H-x86_64-mingw32/nios2-elf/lib/mno-hw-mul\libsmallc.a(lib_a-fvwrite_small_dev.o)
 .text.__sfvwrite_small_dev
                0x0000000000010d04       0xb8 c:/intelfpga_lite/18.1/nios2eds/bin/gnu/h-x86_64-mingw32/bin/../lib/gcc/nios2-elf/5.3.0/../../../../../H-x86_64-mingw32/nios2-elf/lib/mno-hw-mul\libsmallc.a(lib_a-fvwrite_small_dev.o)
                0x0000000000010d04                __sfvwrite_small_dev
 .text          0x0000000000010dbc        0x0 c:/intelfpga_lite/18.1/nios2eds/bin/gnu/h-x86_64-mingw32/bin/../lib/gcc/nios2-elf/5.3.0/../../../../../H-x86_64-mingw32/nios2-elf/lib/mno-hw-mul\libsmallc.a(lib_a-impure.o)
 .text          0x0000000000010dbc        0x0 c:/intelfpga_lite/18.1/nios2eds/bin/gnu/h-x86_64-mingw32/bin/../lib/gcc/nios2-elf/5.3.0/../../../../../H-x86_64-mingw32/nios2-elf/lib/mno-hw-mul\libsmallc.a(lib_a-strlen.o)
 .text.strlen   0x0000000000010dbc       0x1c c:/intelfpga_lite/18.1/nios2eds/bin/gnu/h-x86_64-mingw32/bin/../lib/gcc/nios2-elf/5.3.0/../../../../../H-x86_64-mingw32/nios2-elf/lib/mno-hw-mul\libsmallc.a(lib_a-strlen.o)
                0x0000000000010dbc                strlen
 .text          0x0000000000010dd8        0x0 c:/intelfpga_lite/18.1/nios2eds/bin/gnu/h-x86_64-mingw32/bin/../lib/gcc/nios2-elf/5.3.0/../../../../../H-x86_64-mingw32/nios2-elf/lib/mno-hw-mul\libsmallc.a(lib_a-writer.o)
 .text._write_r
                0x0000000000010dd8       0x58 c:/intelfpga_lite/18.1/nios2eds/bin/gnu/h-x86_64-mingw32/bin/../lib/gcc/nios2-elf/5.3.0/../../../../../H-x86_64-mingw32/nios2-elf/lib/mno-hw-mul\libsmallc.a(lib_a-writer.o)
                0x0000000000010dd8                _write_r
 .text          0x0000000000010e30        0x0 c:/intelfpga_lite/18.1/nios2eds/bin/gnu/h-x86_64-mingw32/bin/../lib/gcc/nios2-elf/5.3.0/../../../../../H-x86_64-mingw32/nios2-elf/lib/mno-hw-mul\libsmallc.a(lib_a-int_errno.o)
 .text          0x0000000000010e30       0x94 ../both_axis_bsp/\libhal_bsp.a(alt_irq_register.o)
                0x0000000000010e30                alt_irq_register
 .text          0x0000000000010ec4        0x0 ../both_axis_bsp/\libhal_bsp.a(alt_irq_vars.o)
 .text          0x0000000000010ec4       0xe0 ../both_axis_bsp/\libhal_bsp.a(alt_load.o)
                0x0000000000010ec4                alt_load
 .text          0x0000000000010fa4       0x2c ../both_axis_bsp/\libhal_bsp.a(alt_main.o)
                0x0000000000010fa4                alt_main
 .text          0x0000000000010fd0       0x60 ../both_axis_bsp/\libhal_bsp.a(alt_write.o)
                0x0000000000010fd0                write
 .text          0x0000000000011030       0x70 ../both_axis_bsp/\libhal_bsp.a(alt_sys_init.o)
                0x0000000000011030                alt_irq_init
                0x0000000000011050                alt_sys_init
 .text          0x00000000000110a0       0x34 ../both_axis_bsp/\libhal_bsp.a(altera_avalon_jtag_uart_write.o)
                0x00000000000110a0                altera_avalon_jtag_uart_write
 .text          0x00000000000110d4       0x64 ../both_axis_bsp/\libhal_bsp.a(altera_avalon_timer_sc.o)
                0x0000000000011110                alt_avalon_timer_sc_init
 .text          0x0000000000011138       0x78 ../both_axis_bsp/\libhal_bsp.a(altera_avalon_timer_ts.o)
                0x0000000000011138                alt_timestamp_start
                0x0000000000011174                alt_timestamp
                0x00000000000111a8                alt_timestamp_freq
 .text          0x00000000000111b0        0x0 ../both_axis_bsp/\libhal_bsp.a(altera_avalon_timer_vars.o)
 .text          0x00000000000111b0      0x160 ../both_axis_bsp/\libhal_bsp.a(altera_up_avalon_accelerometer_spi.o)
                0x00000000000111b0                alt_up_accelerometer_spi_open_dev
                0x00000000000111b8                alt_up_accelerometer_spi_read_address_register
                0x00000000000111cc                alt_up_accelerometer_spi_read
                0x00000000000111ec                alt_up_accelerometer_spi_write
                0x0000000000011208                alt_up_accelerometer_spi_read_x_axis
                0x0000000000011260                alt_up_accelerometer_spi_read_y_axis
                0x00000000000112b8                alt_up_accelerometer_spi_read_z_axis
 .text          0x0000000000011310        0x4 ../both_axis_bsp/\libhal_bsp.a(alt_dcache_flush_all.o)
                0x0000000000011310                alt_dcache_flush_all
 .text          0x0000000000011314        0x8 ../both_axis_bsp/\libhal_bsp.a(alt_dev.o)
 .text          0x000000000001131c       0x6c ../both_axis_bsp/\libhal_bsp.a(alt_dev_llist_insert.o)
                0x000000000001131c                alt_dev_llist_insert
 .text          0x0000000000011388        0x0 ../both_axis_bsp/\libhal_bsp.a(alt_errno.o)
 .text          0x0000000000011388       0x74 ../both_axis_bsp/\libhal_bsp.a(alt_find_dev.o)
                0x0000000000011388                alt_find_dev
 .text          0x00000000000113fc        0x4 ../both_axis_bsp/\libhal_bsp.a(alt_icache_flush_all.o)
                0x00000000000113fc                alt_icache_flush_all
 .text          0x0000000000011400        0x0 ../both_axis_bsp/\libhal_bsp.a(alt_irq_entry.o)
 .text          0x0000000000011400        0x0 ../both_axis_bsp/\libhal_bsp.a(alt_irq_handler.o)
 .text          0x0000000000011400       0xec ../both_axis_bsp/\libhal_bsp.a(alt_tick.o)
                0x0000000000011400                alt_alarm_stop
                0x0000000000011434                alt_tick
 .text          0x00000000000114ec        0x8 ../both_axis_bsp/\libhal_bsp.a(altera_nios2_gen2_irq.o)
                0x00000000000114ec                altera_nios2_gen2_irq_init
 .text          0x00000000000114f4        0x0 ../both_axis_bsp/\libhal_bsp.a(alt_exception_entry.o)
 .text          0x00000000000114f4       0x74 ../both_axis_bsp/\libhal_bsp.a(alt_instruction_exception_entry.o)
                0x00000000000114f4                alt_exception_cause_generated_bad_addr
 .text          0x0000000000011568        0x0 c:/intelfpga_lite/18.1/nios2eds/bin/gnu/h-x86_64-mingw32/bin/../lib/gcc/nios2-elf/5.3.0/../../../../../H-x86_64-mingw32/nios2-elf/lib/mno-hw-mul\libsmallc.a(lib_a-memcmp.o)
 .text.memcmp   0x0000000000011568       0x30 c:/intelfpga_lite/18.1/nios2eds/bin/gnu/h-x86_64-mingw32/bin/../lib/gcc/nios2-elf/5.3.0/../../../../../H-x86_64-mingw32/nios2-elf/lib/mno-hw-mul\libsmallc.a(lib_a-memcmp.o)
                0x0000000000011568                memcmp
 *(.gnu.warning.*)
 *(.fini)
                [!provide]                        PROVIDE (__etext, ABSOLUTE (.))
                [!provide]                        PROVIDE (_etext, ABSOLUTE (.))
                [!provide]                        PROVIDE (etext, ABSOLUTE (.))
 *(.eh_frame_hdr)
                0x0000000000011598                . = ALIGN (0x4)
                [!provide]                        PROVIDE (__preinit_array_start, ABSOLUTE (.))
 *(.preinit_array)
                [!provide]                        PROVIDE (__preinit_array_end, ABSOLUTE (.))
                [!provide]                        PROVIDE (__init_array_start, ABSOLUTE (.))
 *(.init_array)
                [!provide]                        PROVIDE (__init_array_end, ABSOLUTE (.))
                [!provide]                        PROVIDE (__fini_array_start, ABSOLUTE (.))
 *(.fini_array)
                [!provide]                        PROVIDE (__fini_array_end, ABSOLUTE (.))
 *(.eh_frame)
 *(.gcc_except_table .gcc_except_table.*)
 *(.dynamic)
                [!provide]                        PROVIDE (__CTOR_LIST__, ABSOLUTE (.))
 *(.ctors)
 *(SORT(.ctors.*))
                [!provide]                        PROVIDE (__CTOR_END__, ABSOLUTE (.))
                [!provide]                        PROVIDE (__DTOR_LIST__, ABSOLUTE (.))
 *(.dtors)
 *(SORT(.dtors.*))
                [!provide]                        PROVIDE (__DTOR_END__, ABSOLUTE (.))
 *(.jcr)
                0x0000000000011598                . = ALIGN (0x4)

.rodata         0x0000000000011598       0xac
                0x0000000000011598                PROVIDE (__ram_rodata_start, ABSOLUTE (.))
                0x0000000000011598                . = ALIGN (0x4)
 *(.rodata .rodata.* .gnu.linkonce.r.*)
 .rodata.str1.4
                0x0000000000011598       0x50 obj/default/main.o
 .rodata        0x00000000000115e8       0x50 obj/default/main.o
                0x00000000000115e8                fixed_coeffs
 .rodata.str1.4
                0x0000000000011638       0x17 ../both_axis_bsp/\libhal_bsp.a(alt_sys_init.o)
 .rodata.str1.4
                0x0000000000011638        0xc ../both_axis_bsp/\libhal_bsp.a(alt_dev.o)
                                          0xa (size before relaxing)
 *(.rodata1)
                0x0000000000011650                . = ALIGN (0x4)
                0x0000000000011650                PROVIDE (__ram_rodata_end, ABSOLUTE (.))
                0x0000000000011598                PROVIDE (__flash_rodata_start, LOADADDR (.rodata))

.rwdata         0x0000000000011644      0x194 load address 0x00000000000117d8
                0x0000000000011644                PROVIDE (__ram_rwdata_start, ABSOLUTE (.))
                0x0000000000011644                . = ALIGN (0x4)
 *(.got.plt)
 *(.got)
 *(.data1)
 *(.data .data.* .gnu.linkonce.d.*)
 .data          0x0000000000011644        0x0 ../both_axis_bsp//obj/HAL/src/crt0.o
 .data          0x0000000000011644        0x0 obj/default/main.o
 .data          0x0000000000011644        0x0 c:/intelfpga_lite/18.1/nios2eds/bin/gnu/h-x86_64-mingw32/bin/../lib/gcc/nios2-elf/5.3.0/mno-hw-mul\libgcc.a(lib2-divmod.o)
 .data          0x0000000000011644        0x0 c:/intelfpga_lite/18.1/nios2eds/bin/gnu/h-x86_64-mingw32/bin/../lib/gcc/nios2-elf/5.3.0/mno-hw-mul\libgcc.a(lib2-mul.o)
 .data          0x0000000000011644        0x0 c:/intelfpga_lite/18.1/nios2eds/bin/gnu/h-x86_64-mingw32/bin/../lib/gcc/nios2-elf/5.3.0/../../../../../H-x86_64-mingw32/nios2-elf/lib/mno-hw-mul\libsmallc.a(lib_a-memset.o)
 .data          0x0000000000011644        0x0 c:/intelfpga_lite/18.1/nios2eds/bin/gnu/h-x86_64-mingw32/bin/../lib/gcc/nios2-elf/5.3.0/../../../../../H-x86_64-mingw32/nios2-elf/lib/mno-hw-mul\libsmallc.a(lib_a-printf.o)
 .data          0x0000000000011644        0x0 c:/intelfpga_lite/18.1/nios2eds/bin/gnu/h-x86_64-mingw32/bin/../lib/gcc/nios2-elf/5.3.0/../../../../../H-x86_64-mingw32/nios2-elf/lib/mno-hw-mul\libsmallc.a(lib_a-vfprintf.o)
 .data          0x0000000000011644        0x0 c:/intelfpga_lite/18.1/nios2eds/bin/gnu/h-x86_64-mingw32/bin/../lib/gcc/nios2-elf/5.3.0/../../../../../H-x86_64-mingw32/nios2-elf/lib/mno-hw-mul\libsmallc.a(lib_a-fvwrite_small_dev.o)
 .data          0x0000000000011644        0x0 c:/intelfpga_lite/18.1/nios2eds/bin/gnu/h-x86_64-mingw32/bin/../lib/gcc/nios2-elf/5.3.0/../../../../../H-x86_64-mingw32/nios2-elf/lib/mno-hw-mul\libsmallc.a(lib_a-impure.o)
 .data.impure_data
                0x0000000000011644       0xe0 c:/intelfpga_lite/18.1/nios2eds/bin/gnu/h-x86_64-mingw32/bin/../lib/gcc/nios2-elf/5.3.0/../../../../../H-x86_64-mingw32/nios2-elf/lib/mno-hw-mul\libsmallc.a(lib_a-impure.o)
 .data          0x0000000000011724        0x0 c:/intelfpga_lite/18.1/nios2eds/bin/gnu/h-x86_64-mingw32/bin/../lib/gcc/nios2-elf/5.3.0/../../../../../H-x86_64-mingw32/nios2-elf/lib/mno-hw-mul\libsmallc.a(lib_a-strlen.o)
 .data          0x0000000000011724        0x0 c:/intelfpga_lite/18.1/nios2eds/bin/gnu/h-x86_64-mingw32/bin/../lib/gcc/nios2-elf/5.3.0/../../../../../H-x86_64-mingw32/nios2-elf/lib/mno-hw-mul\libsmallc.a(lib_a-writer.o)
 .data          0x0000000000011724        0x0 c:/intelfpga_lite/18.1/nios2eds/bin/gnu/h-x86_64-mingw32/bin/../lib/gcc/nios2-elf/5.3.0/../../../../../H-x86_64-mingw32/nios2-elf/lib/mno-hw-mul\libsmallc.a(lib_a-int_errno.o)
 .data          0x0000000000011724        0x0 ../both_axis_bsp/\libhal_bsp.a(alt_irq_register.o)
 .data          0x0000000000011724        0x0 ../both_axis_bsp/\libhal_bsp.a(alt_irq_vars.o)
 .data          0x0000000000011724        0x0 ../both_axis_bsp/\libhal_bsp.a(alt_load.o)
 .data          0x0000000000011724        0x0 ../both_axis_bsp/\libhal_bsp.a(alt_main.o)
 .data          0x0000000000011724        0x0 ../both_axis_bsp/\libhal_bsp.a(alt_write.o)
 .data          0x0000000000011724       0x2c ../both_axis_bsp/\libhal_bsp.a(alt_sys_init.o)
 .data          0x0000000000011750        0x0 ../both_axis_bsp/\libhal_bsp.a(altera_avalon_jtag_uart_write.o)
 .data          0x0000000000011750        0x0 ../both_axis_bsp/\libhal_bsp.a(altera_avalon_timer_sc.o)
 .data          0x0000000000011750        0x0 ../both_axis_bsp/\libhal_bsp.a(altera_avalon_timer_ts.o)
 .data          0x0000000000011750        0x0 ../both_axis_bsp/\libhal_bsp.a(altera_avalon_timer_vars.o)
 .data          0x0000000000011750        0x0 ../both_axis_bsp/\libhal_bsp.a(altera_up_avalon_accelerometer_spi.o)
 .data          0x0000000000011750        0x0 ../both_axis_bsp/\libhal_bsp.a(alt_dcache_flush_all.o)
 .data          0x0000000000011750       0x58 ../both_axis_bsp/\libhal_bsp.a(alt_dev.o)
                0x0000000000011750                alt_fd_list
                0x0000000000011780                alt_dev_null
 .data          0x00000000000117a8        0x0 ../both_axis_bsp/\libhal_bsp.a(alt_dev_llist_insert.o)
 .data          0x00000000000117a8        0x0 ../both_axis_bsp/\libhal_bsp.a(alt_errno.o)
 .data          0x00000000000117a8        0x0 ../both_axis_bsp/\libhal_bsp.a(alt_find_dev.o)
 .data          0x00000000000117a8        0x0 ../both_axis_bsp/\libhal_bsp.a(alt_icache_flush_all.o)
 .data          0x00000000000117a8        0x0 ../both_axis_bsp/\libhal_bsp.a(alt_irq_entry.o)
 .data          0x00000000000117a8        0x0 ../both_axis_bsp/\libhal_bsp.a(alt_irq_handler.o)
 .data          0x00000000000117a8        0x0 ../both_axis_bsp/\libhal_bsp.a(alt_tick.o)
 .data          0x00000000000117a8        0x0 ../both_axis_bsp/\libhal_bsp.a(altera_nios2_gen2_irq.o)
 .data          0x00000000000117a8        0x0 ../both_axis_bsp/\libhal_bsp.a(alt_exception_entry.o)
 .data          0x00000000000117a8        0x0 ../both_axis_bsp/\libhal_bsp.a(alt_instruction_exception_entry.o)
 .data          0x00000000000117a8        0x0 c:/intelfpga_lite/18.1/nios2eds/bin/gnu/h-x86_64-mingw32/bin/../lib/gcc/nios2-elf/5.3.0/../../../../../H-x86_64-mingw32/nios2-elf/lib/mno-hw-mul\libsmallc.a(lib_a-memcmp.o)
                0x00000000000197a8                _gp = ABSOLUTE ((. + 0x8000))
                [!provide]                        PROVIDE (gp, _gp)
 *(.rwdata .rwdata.*)
 *(.sdata .sdata.* .gnu.linkonce.s.*)
 .sdata._global_impure_ptr
                0x00000000000117a8        0x4 c:/intelfpga_lite/18.1/nios2eds/bin/gnu/h-x86_64-mingw32/bin/../lib/gcc/nios2-elf/5.3.0/../../../../../H-x86_64-mingw32/nios2-elf/lib/mno-hw-mul\libsmallc.a(lib_a-impure.o)
                0x00000000000117a8                _global_impure_ptr
 .sdata._impure_ptr
                0x00000000000117ac        0x4 c:/intelfpga_lite/18.1/nios2eds/bin/gnu/h-x86_64-mingw32/bin/../lib/gcc/nios2-elf/5.3.0/../../../../../H-x86_64-mingw32/nios2-elf/lib/mno-hw-mul\libsmallc.a(lib_a-impure.o)
                0x00000000000117ac                _impure_ptr
 .sdata         0x00000000000117b0        0x4 ../both_axis_bsp/\libhal_bsp.a(alt_irq_vars.o)
                0x00000000000117b0                alt_priority_mask
 .sdata         0x00000000000117b4        0x4 ../both_axis_bsp/\libhal_bsp.a(alt_sys_init.o)
                0x00000000000117b4                jtag_uart
 .sdata         0x00000000000117b8       0x14 ../both_axis_bsp/\libhal_bsp.a(alt_dev.o)
                0x00000000000117b8                alt_max_fd
                0x00000000000117bc                alt_dev_list
                0x00000000000117c4                alt_fs_list
 .sdata         0x00000000000117cc        0x4 ../both_axis_bsp/\libhal_bsp.a(alt_errno.o)
                0x00000000000117cc                alt_errno
 .sdata         0x00000000000117d0        0x8 ../both_axis_bsp/\libhal_bsp.a(alt_tick.o)
                0x00000000000117d0                alt_alarm_list
 *(.sdata2 .sdata2.* .gnu.linkonce.s2.*)
                0x00000000000117d8                . = ALIGN (0x4)
                0x00000000000117d8                _edata = ABSOLUTE (.)
                [!provide]                        PROVIDE (edata, ABSOLUTE (.))
                0x00000000000117d8                PROVIDE (__ram_rwdata_end, ABSOLUTE (.))
                0x00000000000117d8                PROVIDE (__flash_rwdata_start, LOADADDR (.rwdata))

.bss            0x000000000001196c      0x134
                0x000000000001196c                __bss_start = ABSOLUTE (.)
                [!provide]                        PROVIDE (__sbss_start, ABSOLUTE (.))
                [!provide]                        PROVIDE (___sbss_start, ABSOLUTE (.))
 *(.dynsbss)
 *(.sbss .sbss.* .gnu.linkonce.sb.*)
 .sbss          0x000000000001196c        0x1 obj/default/main.o
                0x000000000001196c                pwm
 *fill*         0x000000000001196d        0x3 
 .sbss          0x0000000000011970        0x8 obj/default/main.o
                0x0000000000011970                led
                0x0000000000011974                level
 .sbss          0x0000000000011978        0x4 c:/intelfpga_lite/18.1/nios2eds/bin/gnu/h-x86_64-mingw32/bin/../lib/gcc/nios2-elf/5.3.0/../../../../../H-x86_64-mingw32/nios2-elf/lib/mno-hw-mul\libsmallc.a(lib_a-int_errno.o)
                0x0000000000011978                errno
 .sbss          0x000000000001197c        0x4 ../both_axis_bsp/\libhal_bsp.a(alt_irq_vars.o)
                0x000000000001197c                alt_irq_active
 .sbss          0x0000000000011980        0xc ../both_axis_bsp/\libhal_bsp.a(alt_main.o)
                0x0000000000011980                alt_envp
                0x0000000000011984                alt_argv
                0x0000000000011988                alt_argc
 .sbss          0x000000000001198c        0x8 ../both_axis_bsp/\libhal_bsp.a(altera_avalon_timer_vars.o)
                0x000000000001198c                altera_avalon_timer_ts_freq
                0x0000000000011990                altera_avalon_timer_ts_base
 .sbss          0x0000000000011994        0x8 ../both_axis_bsp/\libhal_bsp.a(alt_tick.o)
                0x0000000000011994                _alt_nticks
                0x0000000000011998                _alt_tick_rate
 .sbss          0x000000000001199c        0x4 ../both_axis_bsp/\libhal_bsp.a(alt_instruction_exception_entry.o)
                0x000000000001199c                alt_instruction_exception_handler
 *(.sbss2 .sbss2.* .gnu.linkonce.sb2.*)
 *(.scommon)
                [!provide]                        PROVIDE (__sbss_end, ABSOLUTE (.))
                [!provide]                        PROVIDE (___sbss_end, ABSOLUTE (.))
 *(.dynbss)
 *(.bss .bss.* .gnu.linkonce.b.*)
 .bss           0x00000000000119a0        0x0 ../both_axis_bsp//obj/HAL/src/crt0.o
 .bss           0x00000000000119a0        0x0 obj/default/main.o
 .bss           0x00000000000119a0        0x0 c:/intelfpga_lite/18.1/nios2eds/bin/gnu/h-x86_64-mingw32/bin/../lib/gcc/nios2-elf/5.3.0/mno-hw-mul\libgcc.a(lib2-divmod.o)
 .bss           0x00000000000119a0        0x0 c:/intelfpga_lite/18.1/nios2eds/bin/gnu/h-x86_64-mingw32/bin/../lib/gcc/nios2-elf/5.3.0/mno-hw-mul\libgcc.a(lib2-mul.o)
 .bss           0x00000000000119a0        0x0 c:/intelfpga_lite/18.1/nios2eds/bin/gnu/h-x86_64-mingw32/bin/../lib/gcc/nios2-elf/5.3.0/../../../../../H-x86_64-mingw32/nios2-elf/lib/mno-hw-mul\libsmallc.a(lib_a-memset.o)
 .bss           0x00000000000119a0        0x0 c:/intelfpga_lite/18.1/nios2eds/bin/gnu/h-x86_64-mingw32/bin/../lib/gcc/nios2-elf/5.3.0/../../../../../H-x86_64-mingw32/nios2-elf/lib/mno-hw-mul\libsmallc.a(lib_a-printf.o)
 .bss           0x00000000000119a0        0x0 c:/intelfpga_lite/18.1/nios2eds/bin/gnu/h-x86_64-mingw32/bin/../lib/gcc/nios2-elf/5.3.0/../../../../../H-x86_64-mingw32/nios2-elf/lib/mno-hw-mul\libsmallc.a(lib_a-vfprintf.o)
 .bss           0x00000000000119a0        0x0 c:/intelfpga_lite/18.1/nios2eds/bin/gnu/h-x86_64-mingw32/bin/../lib/gcc/nios2-elf/5.3.0/../../../../../H-x86_64-mingw32/nios2-elf/lib/mno-hw-mul\libsmallc.a(lib_a-fvwrite_small_dev.o)
 .bss           0x00000000000119a0        0x0 c:/intelfpga_lite/18.1/nios2eds/bin/gnu/h-x86_64-mingw32/bin/../lib/gcc/nios2-elf/5.3.0/../../../../../H-x86_64-mingw32/nios2-elf/lib/mno-hw-mul\libsmallc.a(lib_a-impure.o)
 .bss           0x00000000000119a0        0x0 c:/intelfpga_lite/18.1/nios2eds/bin/gnu/h-x86_64-mingw32/bin/../lib/gcc/nios2-elf/5.3.0/../../../../../H-x86_64-mingw32/nios2-elf/lib/mno-hw-mul\libsmallc.a(lib_a-strlen.o)
 .bss           0x00000000000119a0        0x0 c:/intelfpga_lite/18.1/nios2eds/bin/gnu/h-x86_64-mingw32/bin/../lib/gcc/nios2-elf/5.3.0/../../../../../H-x86_64-mingw32/nios2-elf/lib/mno-hw-mul\libsmallc.a(lib_a-writer.o)
 .bss           0x00000000000119a0        0x0 c:/intelfpga_lite/18.1/nios2eds/bin/gnu/h-x86_64-mingw32/bin/../lib/gcc/nios2-elf/5.3.0/../../../../../H-x86_64-mingw32/nios2-elf/lib/mno-hw-mul\libsmallc.a(lib_a-int_errno.o)
 .bss           0x00000000000119a0        0x0 ../both_axis_bsp/\libhal_bsp.a(alt_irq_register.o)
 .bss           0x00000000000119a0        0x0 ../both_axis_bsp/\libhal_bsp.a(alt_irq_vars.o)
 .bss           0x00000000000119a0        0x0 ../both_axis_bsp/\libhal_bsp.a(alt_load.o)
 .bss           0x00000000000119a0        0x0 ../both_axis_bsp/\libhal_bsp.a(alt_main.o)
 .bss           0x00000000000119a0        0x0 ../both_axis_bsp/\libhal_bsp.a(alt_write.o)
 .bss           0x00000000000119a0        0x0 ../both_axis_bsp/\libhal_bsp.a(alt_sys_init.o)
 .bss           0x00000000000119a0        0x0 ../both_axis_bsp/\libhal_bsp.a(altera_avalon_jtag_uart_write.o)
 .bss           0x00000000000119a0        0x0 ../both_axis_bsp/\libhal_bsp.a(altera_avalon_timer_sc.o)
 .bss           0x00000000000119a0        0x0 ../both_axis_bsp/\libhal_bsp.a(altera_avalon_timer_ts.o)
 .bss           0x00000000000119a0        0x0 ../both_axis_bsp/\libhal_bsp.a(altera_avalon_timer_vars.o)
 .bss           0x00000000000119a0        0x0 ../both_axis_bsp/\libhal_bsp.a(altera_up_avalon_accelerometer_spi.o)
 .bss           0x00000000000119a0        0x0 ../both_axis_bsp/\libhal_bsp.a(alt_dcache_flush_all.o)
 .bss           0x00000000000119a0        0x0 ../both_axis_bsp/\libhal_bsp.a(alt_dev.o)
 .bss           0x00000000000119a0        0x0 ../both_axis_bsp/\libhal_bsp.a(alt_dev_llist_insert.o)
 .bss           0x00000000000119a0        0x0 ../both_axis_bsp/\libhal_bsp.a(alt_errno.o)
 .bss           0x00000000000119a0        0x0 ../both_axis_bsp/\libhal_bsp.a(alt_find_dev.o)
 .bss           0x00000000000119a0        0x0 ../both_axis_bsp/\libhal_bsp.a(alt_icache_flush_all.o)
 .bss           0x00000000000119a0        0x0 ../both_axis_bsp/\libhal_bsp.a(alt_irq_entry.o)
 .bss           0x00000000000119a0        0x0 ../both_axis_bsp/\libhal_bsp.a(alt_irq_handler.o)
 .bss           0x00000000000119a0        0x0 ../both_axis_bsp/\libhal_bsp.a(alt_tick.o)
 .bss           0x00000000000119a0        0x0 ../both_axis_bsp/\libhal_bsp.a(altera_nios2_gen2_irq.o)
 .bss           0x00000000000119a0        0x0 ../both_axis_bsp/\libhal_bsp.a(alt_exception_entry.o)
 .bss           0x00000000000119a0        0x0 ../both_axis_bsp/\libhal_bsp.a(alt_instruction_exception_entry.o)
 .bss           0x00000000000119a0        0x0 c:/intelfpga_lite/18.1/nios2eds/bin/gnu/h-x86_64-mingw32/bin/../lib/gcc/nios2-elf/5.3.0/../../../../../H-x86_64-mingw32/nios2-elf/lib/mno-hw-mul\libsmallc.a(lib_a-memcmp.o)
 *(COMMON)
 COMMON         0x00000000000119a0      0x100 ../both_axis_bsp/\libhal_bsp.a(alt_irq_handler.o)
                0x00000000000119a0                alt_irq
                0x0000000000011aa0                . = ALIGN (0x4)
                0x0000000000011aa0                __bss_end = ABSOLUTE (.)

.onchip_memory  0x0000000000011aa0        0x0
                [!provide]                        PROVIDE (_alt_partition_onchip_memory_start, ABSOLUTE (.))
 *(.onchip_memory .onchip_memory. onchip_memory.*)
                0x0000000000011aa0                . = ALIGN (0x4)
                [!provide]                        PROVIDE (_alt_partition_onchip_memory_end, ABSOLUTE (.))
                0x0000000000011aa0                _end = ABSOLUTE (.)
                0x0000000000011aa0                end = ABSOLUTE (.)
                0x0000000000011aa0                __alt_stack_base = ABSOLUTE (.)
                [!provide]                        PROVIDE (_alt_partition_onchip_memory_load_addr, LOADADDR (.onchip_memory))

.stab
 *(.stab)

.stabstr
 *(.stabstr)

.stab.excl
 *(.stab.excl)

.stab.exclstr
 *(.stab.exclstr)

.stab.index
 *(.stab.index)

.stab.indexstr
 *(.stab.indexstr)

.comment        0x0000000000000000       0x23
 *(.comment)
 .comment       0x0000000000000000       0x23 obj/default/main.o
                                         0x24 (size before relaxing)
 .comment       0x0000000000000023       0x24 c:/intelfpga_lite/18.1/nios2eds/bin/gnu/h-x86_64-mingw32/bin/../lib/gcc/nios2-elf/5.3.0/mno-hw-mul\libgcc.a(lib2-divmod.o)
 .comment       0x0000000000000023       0x24 c:/intelfpga_lite/18.1/nios2eds/bin/gnu/h-x86_64-mingw32/bin/../lib/gcc/nios2-elf/5.3.0/mno-hw-mul\libgcc.a(lib2-mul.o)
 .comment       0x0000000000000023       0x24 c:/intelfpga_lite/18.1/nios2eds/bin/gnu/h-x86_64-mingw32/bin/../lib/gcc/nios2-elf/5.3.0/../../../../../H-x86_64-mingw32/nios2-elf/lib/mno-hw-mul\libsmallc.a(lib_a-memset.o)
 .comment       0x0000000000000023       0x24 c:/intelfpga_lite/18.1/nios2eds/bin/gnu/h-x86_64-mingw32/bin/../lib/gcc/nios2-elf/5.3.0/../../../../../H-x86_64-mingw32/nios2-elf/lib/mno-hw-mul\libsmallc.a(lib_a-printf.o)
 .comment       0x0000000000000023       0x24 c:/intelfpga_lite/18.1/nios2eds/bin/gnu/h-x86_64-mingw32/bin/../lib/gcc/nios2-elf/5.3.0/../../../../../H-x86_64-mingw32/nios2-elf/lib/mno-hw-mul\libsmallc.a(lib_a-vfprintf.o)
 .comment       0x0000000000000023       0x24 c:/intelfpga_lite/18.1/nios2eds/bin/gnu/h-x86_64-mingw32/bin/../lib/gcc/nios2-elf/5.3.0/../../../../../H-x86_64-mingw32/nios2-elf/lib/mno-hw-mul\libsmallc.a(lib_a-fvwrite_small_dev.o)
 .comment       0x0000000000000023       0x24 c:/intelfpga_lite/18.1/nios2eds/bin/gnu/h-x86_64-mingw32/bin/../lib/gcc/nios2-elf/5.3.0/../../../../../H-x86_64-mingw32/nios2-elf/lib/mno-hw-mul\libsmallc.a(lib_a-impure.o)
 .comment       0x0000000000000023       0x24 c:/intelfpga_lite/18.1/nios2eds/bin/gnu/h-x86_64-mingw32/bin/../lib/gcc/nios2-elf/5.3.0/../../../../../H-x86_64-mingw32/nios2-elf/lib/mno-hw-mul\libsmallc.a(lib_a-strlen.o)
 .comment       0x0000000000000023       0x24 c:/intelfpga_lite/18.1/nios2eds/bin/gnu/h-x86_64-mingw32/bin/../lib/gcc/nios2-elf/5.3.0/../../../../../H-x86_64-mingw32/nios2-elf/lib/mno-hw-mul\libsmallc.a(lib_a-writer.o)
 .comment       0x0000000000000023       0x24 c:/intelfpga_lite/18.1/nios2eds/bin/gnu/h-x86_64-mingw32/bin/../lib/gcc/nios2-elf/5.3.0/../../../../../H-x86_64-mingw32/nios2-elf/lib/mno-hw-mul\libsmallc.a(lib_a-int_errno.o)
 .comment       0x0000000000000023       0x24 ../both_axis_bsp/\libhal_bsp.a(alt_irq_register.o)
 .comment       0x0000000000000023       0x24 ../both_axis_bsp/\libhal_bsp.a(alt_irq_vars.o)
 .comment       0x0000000000000023       0x24 ../both_axis_bsp/\libhal_bsp.a(alt_load.o)
 .comment       0x0000000000000023       0x24 ../both_axis_bsp/\libhal_bsp.a(alt_main.o)
 .comment       0x0000000000000023       0x24 ../both_axis_bsp/\libhal_bsp.a(alt_write.o)
 .comment       0x0000000000000023       0x24 ../both_axis_bsp/\libhal_bsp.a(alt_sys_init.o)
 .comment       0x0000000000000023       0x24 ../both_axis_bsp/\libhal_bsp.a(altera_avalon_jtag_uart_write.o)
 .comment       0x0000000000000023       0x24 ../both_axis_bsp/\libhal_bsp.a(altera_avalon_timer_sc.o)
 .comment       0x0000000000000023       0x24 ../both_axis_bsp/\libhal_bsp.a(altera_avalon_timer_ts.o)
 .comment       0x0000000000000023       0x24 ../both_axis_bsp/\libhal_bsp.a(altera_avalon_timer_vars.o)
 .comment       0x0000000000000023       0x24 ../both_axis_bsp/\libhal_bsp.a(altera_up_avalon_accelerometer_spi.o)
 .comment       0x0000000000000023       0x24 ../both_axis_bsp/\libhal_bsp.a(alt_dcache_flush_all.o)
 .comment       0x0000000000000023       0x24 ../both_axis_bsp/\libhal_bsp.a(alt_dev.o)
 .comment       0x0000000000000023       0x24 ../both_axis_bsp/\libhal_bsp.a(alt_dev_llist_insert.o)
 .comment       0x0000000000000023       0x24 ../both_axis_bsp/\libhal_bsp.a(alt_errno.o)
 .comment       0x0000000000000023       0x24 ../both_axis_bsp/\libhal_bsp.a(alt_find_dev.o)
 .comment       0x0000000000000023       0x24 ../both_axis_bsp/\libhal_bsp.a(alt_icache_flush_all.o)
 .comment       0x0000000000000023       0x24 ../both_axis_bsp/\libhal_bsp.a(alt_irq_handler.o)
 .comment       0x0000000000000023       0x24 ../both_axis_bsp/\libhal_bsp.a(alt_tick.o)
 .comment       0x0000000000000023       0x24 ../both_axis_bsp/\libhal_bsp.a(altera_nios2_gen2_irq.o)
 .comment       0x0000000000000023       0x24 ../both_axis_bsp/\libhal_bsp.a(alt_instruction_exception_entry.o)
 .comment       0x0000000000000023       0x24 c:/intelfpga_lite/18.1/nios2eds/bin/gnu/h-x86_64-mingw32/bin/../lib/gcc/nios2-elf/5.3.0/../../../../../H-x86_64-mingw32/nios2-elf/lib/mno-hw-mul\libsmallc.a(lib_a-memcmp.o)

.debug
 *(.debug)

.line
 *(.line)

.debug_srcinfo
 *(.debug_srcinfo)

.debug_sfnames
 *(.debug_sfnames)

.debug_aranges  0x0000000000000000      0x4b0
 *(.debug_aranges)
 .debug_aranges
                0x0000000000000000       0x28 ../both_axis_bsp//obj/HAL/src/crt0.o
 .debug_aranges
                0x0000000000000028       0x28 obj/default/main.o
 .debug_aranges
                0x0000000000000050       0x20 c:/intelfpga_lite/18.1/nios2eds/bin/gnu/h-x86_64-mingw32/bin/../lib/gcc/nios2-elf/5.3.0/mno-hw-mul\libgcc.a(lib2-divmod.o)
 .debug_aranges
                0x0000000000000070       0x20 c:/intelfpga_lite/18.1/nios2eds/bin/gnu/h-x86_64-mingw32/bin/../lib/gcc/nios2-elf/5.3.0/mno-hw-mul\libgcc.a(lib2-mul.o)
 .debug_aranges
                0x0000000000000090       0x20 c:/intelfpga_lite/18.1/nios2eds/bin/gnu/h-x86_64-mingw32/bin/../lib/gcc/nios2-elf/5.3.0/../../../../../H-x86_64-mingw32/nios2-elf/lib/mno-hw-mul\libsmallc.a(lib_a-memset.o)
 .debug_aranges
                0x00000000000000b0       0x28 c:/intelfpga_lite/18.1/nios2eds/bin/gnu/h-x86_64-mingw32/bin/../lib/gcc/nios2-elf/5.3.0/../../../../../H-x86_64-mingw32/nios2-elf/lib/mno-hw-mul\libsmallc.a(lib_a-printf.o)
 .debug_aranges
                0x00000000000000d8       0x30 c:/intelfpga_lite/18.1/nios2eds/bin/gnu/h-x86_64-mingw32/bin/../lib/gcc/nios2-elf/5.3.0/../../../../../H-x86_64-mingw32/nios2-elf/lib/mno-hw-mul\libsmallc.a(lib_a-vfprintf.o)
 .debug_aranges
                0x0000000000000108       0x20 c:/intelfpga_lite/18.1/nios2eds/bin/gnu/h-x86_64-mingw32/bin/../lib/gcc/nios2-elf/5.3.0/../../../../../H-x86_64-mingw32/nios2-elf/lib/mno-hw-mul\libsmallc.a(lib_a-fvwrite_small_dev.o)
 .debug_aranges
                0x0000000000000128       0x18 c:/intelfpga_lite/18.1/nios2eds/bin/gnu/h-x86_64-mingw32/bin/../lib/gcc/nios2-elf/5.3.0/../../../../../H-x86_64-mingw32/nios2-elf/lib/mno-hw-mul\libsmallc.a(lib_a-impure.o)
 .debug_aranges
                0x0000000000000140       0x20 c:/intelfpga_lite/18.1/nios2eds/bin/gnu/h-x86_64-mingw32/bin/../lib/gcc/nios2-elf/5.3.0/../../../../../H-x86_64-mingw32/nios2-elf/lib/mno-hw-mul\libsmallc.a(lib_a-strlen.o)
 .debug_aranges
                0x0000000000000160       0x20 c:/intelfpga_lite/18.1/nios2eds/bin/gnu/h-x86_64-mingw32/bin/../lib/gcc/nios2-elf/5.3.0/../../../../../H-x86_64-mingw32/nios2-elf/lib/mno-hw-mul\libsmallc.a(lib_a-writer.o)
 .debug_aranges
                0x0000000000000180       0x18 c:/intelfpga_lite/18.1/nios2eds/bin/gnu/h-x86_64-mingw32/bin/../lib/gcc/nios2-elf/5.3.0/../../../../../H-x86_64-mingw32/nios2-elf/lib/mno-hw-mul\libsmallc.a(lib_a-int_errno.o)
 .debug_aranges
                0x0000000000000198       0x20 ../both_axis_bsp/\libhal_bsp.a(alt_irq_register.o)
 .debug_aranges
                0x00000000000001b8       0x18 ../both_axis_bsp/\libhal_bsp.a(alt_irq_vars.o)
 .debug_aranges
                0x00000000000001d0       0x20 ../both_axis_bsp/\libhal_bsp.a(alt_load.o)
 .debug_aranges
                0x00000000000001f0       0x20 ../both_axis_bsp/\libhal_bsp.a(alt_main.o)
 .debug_aranges
                0x0000000000000210       0x20 ../both_axis_bsp/\libhal_bsp.a(alt_write.o)
 .debug_aranges
                0x0000000000000230       0x20 ../both_axis_bsp/\libhal_bsp.a(alt_sys_init.o)
 .debug_aranges
                0x0000000000000250       0x20 ../both_axis_bsp/\libhal_bsp.a(altera_avalon_jtag_uart_write.o)
 .debug_aranges
                0x0000000000000270       0x20 ../both_axis_bsp/\libhal_bsp.a(altera_avalon_timer_sc.o)
 .debug_aranges
                0x0000000000000290       0x20 ../both_axis_bsp/\libhal_bsp.a(altera_avalon_timer_ts.o)
 .debug_aranges
                0x00000000000002b0       0x18 ../both_axis_bsp/\libhal_bsp.a(altera_avalon_timer_vars.o)
 .debug_aranges
                0x00000000000002c8       0x20 ../both_axis_bsp/\libhal_bsp.a(altera_up_avalon_accelerometer_spi.o)
 .debug_aranges
                0x00000000000002e8       0x20 ../both_axis_bsp/\libhal_bsp.a(alt_dcache_flush_all.o)
 .debug_aranges
                0x0000000000000308       0x20 ../both_axis_bsp/\libhal_bsp.a(alt_dev.o)
 .debug_aranges
                0x0000000000000328       0x20 ../both_axis_bsp/\libhal_bsp.a(alt_dev_llist_insert.o)
 .debug_aranges
                0x0000000000000348       0x18 ../both_axis_bsp/\libhal_bsp.a(alt_errno.o)
 .debug_aranges
                0x0000000000000360       0x20 ../both_axis_bsp/\libhal_bsp.a(alt_find_dev.o)
 .debug_aranges
                0x0000000000000380       0x20 ../both_axis_bsp/\libhal_bsp.a(alt_icache_flush_all.o)
 .debug_aranges
                0x00000000000003a0       0x30 ../both_axis_bsp/\libhal_bsp.a(alt_irq_entry.o)
 .debug_aranges
                0x00000000000003d0       0x20 ../both_axis_bsp/\libhal_bsp.a(alt_irq_handler.o)
 .debug_aranges
                0x00000000000003f0       0x20 ../both_axis_bsp/\libhal_bsp.a(alt_tick.o)
 .debug_aranges
                0x0000000000000410       0x20 ../both_axis_bsp/\libhal_bsp.a(altera_nios2_gen2_irq.o)
 .debug_aranges
                0x0000000000000430       0x38 ../both_axis_bsp/\libhal_bsp.a(alt_exception_entry.o)
 .debug_aranges
                0x0000000000000468       0x28 ../both_axis_bsp/\libhal_bsp.a(alt_instruction_exception_entry.o)
 .debug_aranges
                0x0000000000000490       0x20 c:/intelfpga_lite/18.1/nios2eds/bin/gnu/h-x86_64-mingw32/bin/../lib/gcc/nios2-elf/5.3.0/../../../../../H-x86_64-mingw32/nios2-elf/lib/mno-hw-mul\libsmallc.a(lib_a-memcmp.o)

.debug_pubnames
 *(.debug_pubnames)

.debug_info     0x0000000000000000     0x5da2
 *(.debug_info .gnu.linkonce.wi.*)
 .debug_info    0x0000000000000000       0x96 ../both_axis_bsp//obj/HAL/src/crt0.o
 .debug_info    0x0000000000000096      0x6b1 obj/default/main.o
 .debug_info    0x0000000000000747      0x2c6 c:/intelfpga_lite/18.1/nios2eds/bin/gnu/h-x86_64-mingw32/bin/../lib/gcc/nios2-elf/5.3.0/mno-hw-mul\libgcc.a(lib2-divmod.o)
 .debug_info    0x0000000000000a0d       0xb4 c:/intelfpga_lite/18.1/nios2eds/bin/gnu/h-x86_64-mingw32/bin/../lib/gcc/nios2-elf/5.3.0/mno-hw-mul\libgcc.a(lib2-mul.o)
 .debug_info    0x0000000000000ac1       0xdc c:/intelfpga_lite/18.1/nios2eds/bin/gnu/h-x86_64-mingw32/bin/../lib/gcc/nios2-elf/5.3.0/../../../../../H-x86_64-mingw32/nios2-elf/lib/mno-hw-mul\libsmallc.a(lib_a-memset.o)
 .debug_info    0x0000000000000b9d      0x699 c:/intelfpga_lite/18.1/nios2eds/bin/gnu/h-x86_64-mingw32/bin/../lib/gcc/nios2-elf/5.3.0/../../../../../H-x86_64-mingw32/nios2-elf/lib/mno-hw-mul\libsmallc.a(lib_a-printf.o)
 .debug_info    0x0000000000001236      0xb2b c:/intelfpga_lite/18.1/nios2eds/bin/gnu/h-x86_64-mingw32/bin/../lib/gcc/nios2-elf/5.3.0/../../../../../H-x86_64-mingw32/nios2-elf/lib/mno-hw-mul\libsmallc.a(lib_a-vfprintf.o)
 .debug_info    0x0000000000001d61      0x62b c:/intelfpga_lite/18.1/nios2eds/bin/gnu/h-x86_64-mingw32/bin/../lib/gcc/nios2-elf/5.3.0/../../../../../H-x86_64-mingw32/nios2-elf/lib/mno-hw-mul\libsmallc.a(lib_a-fvwrite_small_dev.o)
 .debug_info    0x000000000000238c      0x5a9 c:/intelfpga_lite/18.1/nios2eds/bin/gnu/h-x86_64-mingw32/bin/../lib/gcc/nios2-elf/5.3.0/../../../../../H-x86_64-mingw32/nios2-elf/lib/mno-hw-mul\libsmallc.a(lib_a-impure.o)
 .debug_info    0x0000000000002935       0xc9 c:/intelfpga_lite/18.1/nios2eds/bin/gnu/h-x86_64-mingw32/bin/../lib/gcc/nios2-elf/5.3.0/../../../../../H-x86_64-mingw32/nios2-elf/lib/mno-hw-mul\libsmallc.a(lib_a-strlen.o)
 .debug_info    0x00000000000029fe      0x630 c:/intelfpga_lite/18.1/nios2eds/bin/gnu/h-x86_64-mingw32/bin/../lib/gcc/nios2-elf/5.3.0/../../../../../H-x86_64-mingw32/nios2-elf/lib/mno-hw-mul\libsmallc.a(lib_a-writer.o)
 .debug_info    0x000000000000302e       0x8a c:/intelfpga_lite/18.1/nios2eds/bin/gnu/h-x86_64-mingw32/bin/../lib/gcc/nios2-elf/5.3.0/../../../../../H-x86_64-mingw32/nios2-elf/lib/mno-hw-mul\libsmallc.a(lib_a-int_errno.o)
 .debug_info    0x00000000000030b8      0x30d ../both_axis_bsp/\libhal_bsp.a(alt_irq_register.o)
 .debug_info    0x00000000000033c5       0x88 ../both_axis_bsp/\libhal_bsp.a(alt_irq_vars.o)
 .debug_info    0x000000000000344d      0x1c9 ../both_axis_bsp/\libhal_bsp.a(alt_load.o)
 .debug_info    0x0000000000003616      0x18f ../both_axis_bsp/\libhal_bsp.a(alt_main.o)
 .debug_info    0x00000000000037a5      0x1c7 ../both_axis_bsp/\libhal_bsp.a(alt_write.o)
 .debug_info    0x000000000000396c      0x48b ../both_axis_bsp/\libhal_bsp.a(alt_sys_init.o)
 .debug_info    0x0000000000003df7      0x1ad ../both_axis_bsp/\libhal_bsp.a(altera_avalon_jtag_uart_write.o)
 .debug_info    0x0000000000003fa4      0x28e ../both_axis_bsp/\libhal_bsp.a(altera_avalon_timer_sc.o)
 .debug_info    0x0000000000004232      0x17b ../both_axis_bsp/\libhal_bsp.a(altera_avalon_timer_ts.o)
 .debug_info    0x00000000000043ad       0xe9 ../both_axis_bsp/\libhal_bsp.a(altera_avalon_timer_vars.o)
 .debug_info    0x0000000000004496      0x479 ../both_axis_bsp/\libhal_bsp.a(altera_up_avalon_accelerometer_spi.o)
 .debug_info    0x000000000000490f       0x92 ../both_axis_bsp/\libhal_bsp.a(alt_dcache_flush_all.o)
 .debug_info    0x00000000000049a1      0x499 ../both_axis_bsp/\libhal_bsp.a(alt_dev.o)
 .debug_info    0x0000000000004e3a      0x1b3 ../both_axis_bsp/\libhal_bsp.a(alt_dev_llist_insert.o)
 .debug_info    0x0000000000004fed       0xa6 ../both_axis_bsp/\libhal_bsp.a(alt_errno.o)
 .debug_info    0x0000000000005093      0x32d ../both_axis_bsp/\libhal_bsp.a(alt_find_dev.o)
 .debug_info    0x00000000000053c0       0x92 ../both_axis_bsp/\libhal_bsp.a(alt_icache_flush_all.o)
 .debug_info    0x0000000000005452       0x9f ../both_axis_bsp/\libhal_bsp.a(alt_irq_entry.o)
 .debug_info    0x00000000000054f1      0x1a4 ../both_axis_bsp/\libhal_bsp.a(alt_irq_handler.o)
 .debug_info    0x0000000000005695      0x2bf ../both_axis_bsp/\libhal_bsp.a(alt_tick.o)
 .debug_info    0x0000000000005954       0xb8 ../both_axis_bsp/\libhal_bsp.a(altera_nios2_gen2_irq.o)
 .debug_info    0x0000000000005a0c       0xa5 ../both_axis_bsp/\libhal_bsp.a(alt_exception_entry.o)
 .debug_info    0x0000000000005ab1      0x1fd ../both_axis_bsp/\libhal_bsp.a(alt_instruction_exception_entry.o)
 .debug_info    0x0000000000005cae       0xf4 c:/intelfpga_lite/18.1/nios2eds/bin/gnu/h-x86_64-mingw32/bin/../lib/gcc/nios2-elf/5.3.0/../../../../../H-x86_64-mingw32/nios2-elf/lib/mno-hw-mul\libsmallc.a(lib_a-memcmp.o)

.debug_abbrev   0x0000000000000000     0x2234
 *(.debug_abbrev)
 .debug_abbrev  0x0000000000000000       0x12 ../both_axis_bsp//obj/HAL/src/crt0.o
 .debug_abbrev  0x0000000000000012      0x205 obj/default/main.o
 .debug_abbrev  0x0000000000000217      0x10e c:/intelfpga_lite/18.1/nios2eds/bin/gnu/h-x86_64-mingw32/bin/../lib/gcc/nios2-elf/5.3.0/mno-hw-mul\libgcc.a(lib2-divmod.o)
 .debug_abbrev  0x0000000000000325       0x6f c:/intelfpga_lite/18.1/nios2eds/bin/gnu/h-x86_64-mingw32/bin/../lib/gcc/nios2-elf/5.3.0/mno-hw-mul\libgcc.a(lib2-mul.o)
 .debug_abbrev  0x0000000000000394       0x8e c:/intelfpga_lite/18.1/nios2eds/bin/gnu/h-x86_64-mingw32/bin/../lib/gcc/nios2-elf/5.3.0/../../../../../H-x86_64-mingw32/nios2-elf/lib/mno-hw-mul\libsmallc.a(lib_a-memset.o)
 .debug_abbrev  0x0000000000000422      0x1ee c:/intelfpga_lite/18.1/nios2eds/bin/gnu/h-x86_64-mingw32/bin/../lib/gcc/nios2-elf/5.3.0/../../../../../H-x86_64-mingw32/nios2-elf/lib/mno-hw-mul\libsmallc.a(lib_a-printf.o)
 .debug_abbrev  0x0000000000000610      0x2a1 c:/intelfpga_lite/18.1/nios2eds/bin/gnu/h-x86_64-mingw32/bin/../lib/gcc/nios2-elf/5.3.0/../../../../../H-x86_64-mingw32/nios2-elf/lib/mno-hw-mul\libsmallc.a(lib_a-vfprintf.o)
 .debug_abbrev  0x00000000000008b1      0x1bc c:/intelfpga_lite/18.1/nios2eds/bin/gnu/h-x86_64-mingw32/bin/../lib/gcc/nios2-elf/5.3.0/../../../../../H-x86_64-mingw32/nios2-elf/lib/mno-hw-mul\libsmallc.a(lib_a-fvwrite_small_dev.o)
 .debug_abbrev  0x0000000000000a6d      0x14a c:/intelfpga_lite/18.1/nios2eds/bin/gnu/h-x86_64-mingw32/bin/../lib/gcc/nios2-elf/5.3.0/../../../../../H-x86_64-mingw32/nios2-elf/lib/mno-hw-mul\libsmallc.a(lib_a-impure.o)
 .debug_abbrev  0x0000000000000bb7       0x7f c:/intelfpga_lite/18.1/nios2eds/bin/gnu/h-x86_64-mingw32/bin/../lib/gcc/nios2-elf/5.3.0/../../../../../H-x86_64-mingw32/nios2-elf/lib/mno-hw-mul\libsmallc.a(lib_a-strlen.o)
 .debug_abbrev  0x0000000000000c36      0x1a6 c:/intelfpga_lite/18.1/nios2eds/bin/gnu/h-x86_64-mingw32/bin/../lib/gcc/nios2-elf/5.3.0/../../../../../H-x86_64-mingw32/nios2-elf/lib/mno-hw-mul\libsmallc.a(lib_a-writer.o)
 .debug_abbrev  0x0000000000000ddc       0x37 c:/intelfpga_lite/18.1/nios2eds/bin/gnu/h-x86_64-mingw32/bin/../lib/gcc/nios2-elf/5.3.0/../../../../../H-x86_64-mingw32/nios2-elf/lib/mno-hw-mul\libsmallc.a(lib_a-int_errno.o)
 .debug_abbrev  0x0000000000000e13      0x1a5 ../both_axis_bsp/\libhal_bsp.a(alt_irq_register.o)
 .debug_abbrev  0x0000000000000fb8       0x40 ../both_axis_bsp/\libhal_bsp.a(alt_irq_vars.o)
 .debug_abbrev  0x0000000000000ff8       0xd8 ../both_axis_bsp/\libhal_bsp.a(alt_load.o)
 .debug_abbrev  0x00000000000010d0       0xf5 ../both_axis_bsp/\libhal_bsp.a(alt_main.o)
 .debug_abbrev  0x00000000000011c5      0x12e ../both_axis_bsp/\libhal_bsp.a(alt_write.o)
 .debug_abbrev  0x00000000000012f3      0x1b2 ../both_axis_bsp/\libhal_bsp.a(alt_sys_init.o)
 .debug_abbrev  0x00000000000014a5       0xd5 ../both_axis_bsp/\libhal_bsp.a(altera_avalon_jtag_uart_write.o)
 .debug_abbrev  0x000000000000157a      0x194 ../both_axis_bsp/\libhal_bsp.a(altera_avalon_timer_sc.o)
 .debug_abbrev  0x000000000000170e       0xd1 ../both_axis_bsp/\libhal_bsp.a(altera_avalon_timer_ts.o)
 .debug_abbrev  0x00000000000017df       0x83 ../both_axis_bsp/\libhal_bsp.a(altera_avalon_timer_vars.o)
 .debug_abbrev  0x0000000000001862      0x119 ../both_axis_bsp/\libhal_bsp.a(altera_up_avalon_accelerometer_spi.o)
 .debug_abbrev  0x000000000000197b       0x42 ../both_axis_bsp/\libhal_bsp.a(alt_dcache_flush_all.o)
 .debug_abbrev  0x00000000000019bd       0xd9 ../both_axis_bsp/\libhal_bsp.a(alt_dev.o)
 .debug_abbrev  0x0000000000001a96      0x11c ../both_axis_bsp/\libhal_bsp.a(alt_dev_llist_insert.o)
 .debug_abbrev  0x0000000000001bb2       0x5a ../both_axis_bsp/\libhal_bsp.a(alt_errno.o)
 .debug_abbrev  0x0000000000001c0c      0x125 ../both_axis_bsp/\libhal_bsp.a(alt_find_dev.o)
 .debug_abbrev  0x0000000000001d31       0x42 ../both_axis_bsp/\libhal_bsp.a(alt_icache_flush_all.o)
 .debug_abbrev  0x0000000000001d73       0x12 ../both_axis_bsp/\libhal_bsp.a(alt_irq_entry.o)
 .debug_abbrev  0x0000000000001d85      0x138 ../both_axis_bsp/\libhal_bsp.a(alt_irq_handler.o)
 .debug_abbrev  0x0000000000001ebd      0x198 ../both_axis_bsp/\libhal_bsp.a(alt_tick.o)
 .debug_abbrev  0x0000000000002055       0x67 ../both_axis_bsp/\libhal_bsp.a(altera_nios2_gen2_irq.o)
 .debug_abbrev  0x00000000000020bc       0x12 ../both_axis_bsp/\libhal_bsp.a(alt_exception_entry.o)
 .debug_abbrev  0x00000000000020ce       0xe7 ../both_axis_bsp/\libhal_bsp.a(alt_instruction_exception_entry.o)
 .debug_abbrev  0x00000000000021b5       0x7f c:/intelfpga_lite/18.1/nios2eds/bin/gnu/h-x86_64-mingw32/bin/../lib/gcc/nios2-elf/5.3.0/../../../../../H-x86_64-mingw32/nios2-elf/lib/mno-hw-mul\libsmallc.a(lib_a-memcmp.o)

.debug_line     0x0000000000000000     0x254e
 *(.debug_line)
 .debug_line    0x0000000000000000       0x66 ../both_axis_bsp//obj/HAL/src/crt0.o
 .debug_line    0x0000000000000066      0x1f1 obj/default/main.o
 .debug_line    0x0000000000000257      0x105 c:/intelfpga_lite/18.1/nios2eds/bin/gnu/h-x86_64-mingw32/bin/../lib/gcc/nios2-elf/5.3.0/mno-hw-mul\libgcc.a(lib2-divmod.o)
 .debug_line    0x000000000000035c       0x80 c:/intelfpga_lite/18.1/nios2eds/bin/gnu/h-x86_64-mingw32/bin/../lib/gcc/nios2-elf/5.3.0/mno-hw-mul\libgcc.a(lib2-mul.o)
 .debug_line    0x00000000000003dc      0x15d c:/intelfpga_lite/18.1/nios2eds/bin/gnu/h-x86_64-mingw32/bin/../lib/gcc/nios2-elf/5.3.0/../../../../../H-x86_64-mingw32/nios2-elf/lib/mno-hw-mul\libsmallc.a(lib_a-memset.o)
 .debug_line    0x0000000000000539      0x203 c:/intelfpga_lite/18.1/nios2eds/bin/gnu/h-x86_64-mingw32/bin/../lib/gcc/nios2-elf/5.3.0/../../../../../H-x86_64-mingw32/nios2-elf/lib/mno-hw-mul\libsmallc.a(lib_a-printf.o)
 .debug_line    0x000000000000073c      0x351 c:/intelfpga_lite/18.1/nios2eds/bin/gnu/h-x86_64-mingw32/bin/../lib/gcc/nios2-elf/5.3.0/../../../../../H-x86_64-mingw32/nios2-elf/lib/mno-hw-mul\libsmallc.a(lib_a-vfprintf.o)
 .debug_line    0x0000000000000a8d      0x1f0 c:/intelfpga_lite/18.1/nios2eds/bin/gnu/h-x86_64-mingw32/bin/../lib/gcc/nios2-elf/5.3.0/../../../../../H-x86_64-mingw32/nios2-elf/lib/mno-hw-mul\libsmallc.a(lib_a-fvwrite_small_dev.o)
 .debug_line    0x0000000000000c7d      0x156 c:/intelfpga_lite/18.1/nios2eds/bin/gnu/h-x86_64-mingw32/bin/../lib/gcc/nios2-elf/5.3.0/../../../../../H-x86_64-mingw32/nios2-elf/lib/mno-hw-mul\libsmallc.a(lib_a-impure.o)
 .debug_line    0x0000000000000dd3      0x15c c:/intelfpga_lite/18.1/nios2eds/bin/gnu/h-x86_64-mingw32/bin/../lib/gcc/nios2-elf/5.3.0/../../../../../H-x86_64-mingw32/nios2-elf/lib/mno-hw-mul\libsmallc.a(lib_a-strlen.o)
 .debug_line    0x0000000000000f2f      0x1ed c:/intelfpga_lite/18.1/nios2eds/bin/gnu/h-x86_64-mingw32/bin/../lib/gcc/nios2-elf/5.3.0/../../../../../H-x86_64-mingw32/nios2-elf/lib/mno-hw-mul\libsmallc.a(lib_a-writer.o)
 .debug_line    0x000000000000111c       0x5f c:/intelfpga_lite/18.1/nios2eds/bin/gnu/h-x86_64-mingw32/bin/../lib/gcc/nios2-elf/5.3.0/../../../../../H-x86_64-mingw32/nios2-elf/lib/mno-hw-mul\libsmallc.a(lib_a-int_errno.o)
 .debug_line    0x000000000000117b       0xed ../both_axis_bsp/\libhal_bsp.a(alt_irq_register.o)
 .debug_line    0x0000000000001268       0x50 ../both_axis_bsp/\libhal_bsp.a(alt_irq_vars.o)
 .debug_line    0x00000000000012b8       0xa4 ../both_axis_bsp/\libhal_bsp.a(alt_load.o)
 .debug_line    0x000000000000135c       0xea ../both_axis_bsp/\libhal_bsp.a(alt_main.o)
 .debug_line    0x0000000000001446      0x16a ../both_axis_bsp/\libhal_bsp.a(alt_write.o)
 .debug_line    0x00000000000015b0      0x17f ../both_axis_bsp/\libhal_bsp.a(alt_sys_init.o)
 .debug_line    0x000000000000172f      0x104 ../both_axis_bsp/\libhal_bsp.a(altera_avalon_jtag_uart_write.o)
 .debug_line    0x0000000000001833      0x113 ../both_axis_bsp/\libhal_bsp.a(altera_avalon_timer_sc.o)
 .debug_line    0x0000000000001946       0xe2 ../both_axis_bsp/\libhal_bsp.a(altera_avalon_timer_ts.o)
 .debug_line    0x0000000000001a28       0x8a ../both_axis_bsp/\libhal_bsp.a(altera_avalon_timer_vars.o)
 .debug_line    0x0000000000001ab2      0x131 ../both_axis_bsp/\libhal_bsp.a(altera_up_avalon_accelerometer_spi.o)
 .debug_line    0x0000000000001be3       0x4e ../both_axis_bsp/\libhal_bsp.a(alt_dcache_flush_all.o)
 .debug_line    0x0000000000001c31       0xf6 ../both_axis_bsp/\libhal_bsp.a(alt_dev.o)
 .debug_line    0x0000000000001d27       0xd8 ../both_axis_bsp/\libhal_bsp.a(alt_dev_llist_insert.o)
 .debug_line    0x0000000000001dff       0x51 ../both_axis_bsp/\libhal_bsp.a(alt_errno.o)
 .debug_line    0x0000000000001e50      0x107 ../both_axis_bsp/\libhal_bsp.a(alt_find_dev.o)
 .debug_line    0x0000000000001f57       0x4e ../both_axis_bsp/\libhal_bsp.a(alt_icache_flush_all.o)
 .debug_line    0x0000000000001fa5       0x6b ../both_axis_bsp/\libhal_bsp.a(alt_irq_entry.o)
 .debug_line    0x0000000000002010       0xc8 ../both_axis_bsp/\libhal_bsp.a(alt_irq_handler.o)
 .debug_line    0x00000000000020d8      0x118 ../both_axis_bsp/\libhal_bsp.a(alt_tick.o)
 .debug_line    0x00000000000021f0       0x8c ../both_axis_bsp/\libhal_bsp.a(altera_nios2_gen2_irq.o)
 .debug_line    0x000000000000227c       0xb3 ../both_axis_bsp/\libhal_bsp.a(alt_exception_entry.o)
 .debug_line    0x000000000000232f       0xbf ../both_axis_bsp/\libhal_bsp.a(alt_instruction_exception_entry.o)
 .debug_line    0x00000000000023ee      0x160 c:/intelfpga_lite/18.1/nios2eds/bin/gnu/h-x86_64-mingw32/bin/../lib/gcc/nios2-elf/5.3.0/../../../../../H-x86_64-mingw32/nios2-elf/lib/mno-hw-mul\libsmallc.a(lib_a-memcmp.o)

.debug_frame    0x0000000000000000      0x6b4
 *(.debug_frame)
 .debug_frame   0x0000000000000000       0xd4 obj/default/main.o
 .debug_frame   0x00000000000000d4       0x50 c:/intelfpga_lite/18.1/nios2eds/bin/gnu/h-x86_64-mingw32/bin/../lib/gcc/nios2-elf/5.3.0/mno-hw-mul\libgcc.a(lib2-divmod.o)
 .debug_frame   0x0000000000000124       0x20 c:/intelfpga_lite/18.1/nios2eds/bin/gnu/h-x86_64-mingw32/bin/../lib/gcc/nios2-elf/5.3.0/mno-hw-mul\libgcc.a(lib2-mul.o)
 .debug_frame   0x0000000000000144       0x20 c:/intelfpga_lite/18.1/nios2eds/bin/gnu/h-x86_64-mingw32/bin/../lib/gcc/nios2-elf/5.3.0/../../../../../H-x86_64-mingw32/nios2-elf/lib/mno-hw-mul\libsmallc.a(lib_a-memset.o)
 .debug_frame   0x0000000000000164       0x48 c:/intelfpga_lite/18.1/nios2eds/bin/gnu/h-x86_64-mingw32/bin/../lib/gcc/nios2-elf/5.3.0/../../../../../H-x86_64-mingw32/nios2-elf/lib/mno-hw-mul\libsmallc.a(lib_a-printf.o)
 .debug_frame   0x00000000000001ac       0x8c c:/intelfpga_lite/18.1/nios2eds/bin/gnu/h-x86_64-mingw32/bin/../lib/gcc/nios2-elf/5.3.0/../../../../../H-x86_64-mingw32/nios2-elf/lib/mno-hw-mul\libsmallc.a(lib_a-vfprintf.o)
 .debug_frame   0x0000000000000238       0x58 c:/intelfpga_lite/18.1/nios2eds/bin/gnu/h-x86_64-mingw32/bin/../lib/gcc/nios2-elf/5.3.0/../../../../../H-x86_64-mingw32/nios2-elf/lib/mno-hw-mul\libsmallc.a(lib_a-fvwrite_small_dev.o)
 .debug_frame   0x0000000000000290       0x20 c:/intelfpga_lite/18.1/nios2eds/bin/gnu/h-x86_64-mingw32/bin/../lib/gcc/nios2-elf/5.3.0/../../../../../H-x86_64-mingw32/nios2-elf/lib/mno-hw-mul\libsmallc.a(lib_a-strlen.o)
 .debug_frame   0x00000000000002b0       0x38 c:/intelfpga_lite/18.1/nios2eds/bin/gnu/h-x86_64-mingw32/bin/../lib/gcc/nios2-elf/5.3.0/../../../../../H-x86_64-mingw32/nios2-elf/lib/mno-hw-mul\libsmallc.a(lib_a-writer.o)
 .debug_frame   0x00000000000002e8       0x20 ../both_axis_bsp/\libhal_bsp.a(alt_irq_register.o)
 .debug_frame   0x0000000000000308       0x30 ../both_axis_bsp/\libhal_bsp.a(alt_load.o)
 .debug_frame   0x0000000000000338       0x2c ../both_axis_bsp/\libhal_bsp.a(alt_main.o)
 .debug_frame   0x0000000000000364       0x2c ../both_axis_bsp/\libhal_bsp.a(alt_write.o)
 .debug_frame   0x0000000000000390       0x48 ../both_axis_bsp/\libhal_bsp.a(alt_sys_init.o)
 .debug_frame   0x00000000000003d8       0x20 ../both_axis_bsp/\libhal_bsp.a(altera_avalon_jtag_uart_write.o)
 .debug_frame   0x00000000000003f8       0x40 ../both_axis_bsp/\libhal_bsp.a(altera_avalon_timer_sc.o)
 .debug_frame   0x0000000000000438       0x40 ../both_axis_bsp/\libhal_bsp.a(altera_avalon_timer_ts.o)
 .debug_frame   0x0000000000000478       0x80 ../both_axis_bsp/\libhal_bsp.a(altera_up_avalon_accelerometer_spi.o)
 .debug_frame   0x00000000000004f8       0x20 ../both_axis_bsp/\libhal_bsp.a(alt_dcache_flush_all.o)
 .debug_frame   0x0000000000000518       0x20 ../both_axis_bsp/\libhal_bsp.a(alt_dev.o)
 .debug_frame   0x0000000000000538       0x2c ../both_axis_bsp/\libhal_bsp.a(alt_dev_llist_insert.o)
 .debug_frame   0x0000000000000564       0x3c ../both_axis_bsp/\libhal_bsp.a(alt_find_dev.o)
 .debug_frame   0x00000000000005a0       0x20 ../both_axis_bsp/\libhal_bsp.a(alt_icache_flush_all.o)
 .debug_frame   0x00000000000005c0       0x34 ../both_axis_bsp/\libhal_bsp.a(alt_irq_handler.o)
 .debug_frame   0x00000000000005f4       0x50 ../both_axis_bsp/\libhal_bsp.a(alt_tick.o)
 .debug_frame   0x0000000000000644       0x20 ../both_axis_bsp/\libhal_bsp.a(altera_nios2_gen2_irq.o)
 .debug_frame   0x0000000000000664       0x30 ../both_axis_bsp/\libhal_bsp.a(alt_instruction_exception_entry.o)
 .debug_frame   0x0000000000000694       0x20 c:/intelfpga_lite/18.1/nios2eds/bin/gnu/h-x86_64-mingw32/bin/../lib/gcc/nios2-elf/5.3.0/../../../../../H-x86_64-mingw32/nios2-elf/lib/mno-hw-mul\libsmallc.a(lib_a-memcmp.o)

.debug_str      0x0000000000000000     0x1bc0
 *(.debug_str)
 .debug_str     0x0000000000000000      0x39b obj/default/main.o
                                        0x40f (size before relaxing)
 .debug_str     0x000000000000039b      0x187 c:/intelfpga_lite/18.1/nios2eds/bin/gnu/h-x86_64-mingw32/bin/../lib/gcc/nios2-elf/5.3.0/mno-hw-mul\libgcc.a(lib2-divmod.o)
                                        0x1d2 (size before relaxing)
 .debug_str     0x0000000000000522       0x40 c:/intelfpga_lite/18.1/nios2eds/bin/gnu/h-x86_64-mingw32/bin/../lib/gcc/nios2-elf/5.3.0/mno-hw-mul\libgcc.a(lib2-mul.o)
                                        0x193 (size before relaxing)
 .debug_str     0x0000000000000562      0x133 c:/intelfpga_lite/18.1/nios2eds/bin/gnu/h-x86_64-mingw32/bin/../lib/gcc/nios2-elf/5.3.0/../../../../../H-x86_64-mingw32/nios2-elf/lib/mno-hw-mul\libsmallc.a(lib_a-memset.o)
                                        0x1df (size before relaxing)
 .debug_str     0x0000000000000695      0x3c1 c:/intelfpga_lite/18.1/nios2eds/bin/gnu/h-x86_64-mingw32/bin/../lib/gcc/nios2-elf/5.3.0/../../../../../H-x86_64-mingw32/nios2-elf/lib/mno-hw-mul\libsmallc.a(lib_a-printf.o)
                                        0x504 (size before relaxing)
 .debug_str     0x0000000000000a56      0x1ff c:/intelfpga_lite/18.1/nios2eds/bin/gnu/h-x86_64-mingw32/bin/../lib/gcc/nios2-elf/5.3.0/../../../../../H-x86_64-mingw32/nios2-elf/lib/mno-hw-mul\libsmallc.a(lib_a-vfprintf.o)
                                        0x67f (size before relaxing)
 .debug_str     0x0000000000000c55       0x78 c:/intelfpga_lite/18.1/nios2eds/bin/gnu/h-x86_64-mingw32/bin/../lib/gcc/nios2-elf/5.3.0/../../../../../H-x86_64-mingw32/nios2-elf/lib/mno-hw-mul\libsmallc.a(lib_a-fvwrite_small_dev.o)
                                        0x4d4 (size before relaxing)
 .debug_str     0x0000000000000ccd       0xef c:/intelfpga_lite/18.1/nios2eds/bin/gnu/h-x86_64-mingw32/bin/../lib/gcc/nios2-elf/5.3.0/../../../../../H-x86_64-mingw32/nios2-elf/lib/mno-hw-mul\libsmallc.a(lib_a-impure.o)
                                        0x4be (size before relaxing)
 .debug_str     0x0000000000000dbc       0x3d c:/intelfpga_lite/18.1/nios2eds/bin/gnu/h-x86_64-mingw32/bin/../lib/gcc/nios2-elf/5.3.0/../../../../../H-x86_64-mingw32/nios2-elf/lib/mno-hw-mul\libsmallc.a(lib_a-strlen.o)
                                        0x1e5 (size before relaxing)
 .debug_str     0x0000000000000df9       0x45 c:/intelfpga_lite/18.1/nios2eds/bin/gnu/h-x86_64-mingw32/bin/../lib/gcc/nios2-elf/5.3.0/../../../../../H-x86_64-mingw32/nios2-elf/lib/mno-hw-mul\libsmallc.a(lib_a-writer.o)
                                        0x4b8 (size before relaxing)
 .debug_str     0x0000000000000e3e       0x3f c:/intelfpga_lite/18.1/nios2eds/bin/gnu/h-x86_64-mingw32/bin/../lib/gcc/nios2-elf/5.3.0/../../../../../H-x86_64-mingw32/nios2-elf/lib/mno-hw-mul\libsmallc.a(lib_a-int_errno.o)
                                        0x1d8 (size before relaxing)
 .debug_str     0x0000000000000e7d       0xff ../both_axis_bsp/\libhal_bsp.a(alt_irq_register.o)
                                        0x230 (size before relaxing)
 .debug_str     0x0000000000000f7c       0x17 ../both_axis_bsp/\libhal_bsp.a(alt_irq_vars.o)
                                        0x162 (size before relaxing)
 .debug_str     0x0000000000000f93      0x113 ../both_axis_bsp/\libhal_bsp.a(alt_load.o)
                                        0x264 (size before relaxing)
 .debug_str     0x00000000000010a6       0x5e ../both_axis_bsp/\libhal_bsp.a(alt_main.o)
                                        0x206 (size before relaxing)
 .debug_str     0x0000000000001104       0x74 ../both_axis_bsp/\libhal_bsp.a(alt_write.o)
                                        0x206 (size before relaxing)
 .debug_str     0x0000000000001178      0x113 ../both_axis_bsp/\libhal_bsp.a(alt_sys_init.o)
                                        0x38b (size before relaxing)
 .debug_str     0x000000000000128b       0x2c ../both_axis_bsp/\libhal_bsp.a(altera_avalon_jtag_uart_write.o)
                                        0x25e (size before relaxing)
 .debug_str     0x00000000000012b7       0x6f ../both_axis_bsp/\libhal_bsp.a(altera_avalon_timer_sc.o)
                                        0x2ae (size before relaxing)
 .debug_str     0x0000000000001326       0x44 ../both_axis_bsp/\libhal_bsp.a(altera_avalon_timer_ts.o)
                                        0x22c (size before relaxing)
 .debug_str     0x000000000000136a       0x27 ../both_axis_bsp/\libhal_bsp.a(altera_avalon_timer_vars.o)
                                        0x1e1 (size before relaxing)
 .debug_str     0x0000000000001391       0xd9 ../both_axis_bsp/\libhal_bsp.a(altera_up_avalon_accelerometer_spi.o)
                                        0x376 (size before relaxing)
 .debug_str     0x000000000000146a       0x1f ../both_axis_bsp/\libhal_bsp.a(alt_dcache_flush_all.o)
                                        0x17d (size before relaxing)
 .debug_str     0x0000000000001489      0x125 ../both_axis_bsp/\libhal_bsp.a(alt_dev.o)
                                        0x32d (size before relaxing)
 .debug_str     0x00000000000015ae       0x30 ../both_axis_bsp/\libhal_bsp.a(alt_dev_llist_insert.o)
                                        0x1f4 (size before relaxing)
 .debug_str     0x00000000000015de       0x14 ../both_axis_bsp/\libhal_bsp.a(alt_errno.o)
                                        0x16d (size before relaxing)
 .debug_str     0x00000000000015f2       0x1e ../both_axis_bsp/\libhal_bsp.a(alt_find_dev.o)
                                        0x222 (size before relaxing)
 .debug_str     0x0000000000001610       0x1f ../both_axis_bsp/\libhal_bsp.a(alt_icache_flush_all.o)
                                        0x17d (size before relaxing)
 .debug_str     0x000000000000162f       0x3a ../both_axis_bsp/\libhal_bsp.a(alt_irq_handler.o)
                                        0x1e0 (size before relaxing)
 .debug_str     0x0000000000001669       0x6f ../both_axis_bsp/\libhal_bsp.a(alt_tick.o)
                                        0x29b (size before relaxing)
 .debug_str     0x00000000000016d8       0x20 ../both_axis_bsp/\libhal_bsp.a(altera_nios2_gen2_irq.o)
                                        0x1ad (size before relaxing)
 .debug_str     0x00000000000016f8      0x48b ../both_axis_bsp/\libhal_bsp.a(alt_instruction_exception_entry.o)
                                        0x5c8 (size before relaxing)
 .debug_str     0x0000000000001b83       0x3d c:/intelfpga_lite/18.1/nios2eds/bin/gnu/h-x86_64-mingw32/bin/../lib/gcc/nios2-elf/5.3.0/../../../../../H-x86_64-mingw32/nios2-elf/lib/mno-hw-mul\libsmallc.a(lib_a-memcmp.o)
                                        0x1df (size before relaxing)

.debug_loc      0x0000000000000000     0x1b09
 *(.debug_loc)
 .debug_loc     0x0000000000000000      0x205 obj/default/main.o
 .debug_loc     0x0000000000000205      0x4ce c:/intelfpga_lite/18.1/nios2eds/bin/gnu/h-x86_64-mingw32/bin/../lib/gcc/nios2-elf/5.3.0/mno-hw-mul\libgcc.a(lib2-divmod.o)
 .debug_loc     0x00000000000006d3       0x93 c:/intelfpga_lite/18.1/nios2eds/bin/gnu/h-x86_64-mingw32/bin/../lib/gcc/nios2-elf/5.3.0/mno-hw-mul\libgcc.a(lib2-mul.o)
 .debug_loc     0x0000000000000766       0xa5 c:/intelfpga_lite/18.1/nios2eds/bin/gnu/h-x86_64-mingw32/bin/../lib/gcc/nios2-elf/5.3.0/../../../../../H-x86_64-mingw32/nios2-elf/lib/mno-hw-mul\libsmallc.a(lib_a-memset.o)
 .debug_loc     0x000000000000080b       0xc6 c:/intelfpga_lite/18.1/nios2eds/bin/gnu/h-x86_64-mingw32/bin/../lib/gcc/nios2-elf/5.3.0/../../../../../H-x86_64-mingw32/nios2-elf/lib/mno-hw-mul\libsmallc.a(lib_a-printf.o)
 .debug_loc     0x00000000000008d1      0x954 c:/intelfpga_lite/18.1/nios2eds/bin/gnu/h-x86_64-mingw32/bin/../lib/gcc/nios2-elf/5.3.0/../../../../../H-x86_64-mingw32/nios2-elf/lib/mno-hw-mul\libsmallc.a(lib_a-vfprintf.o)
 .debug_loc     0x0000000000001225      0x110 c:/intelfpga_lite/18.1/nios2eds/bin/gnu/h-x86_64-mingw32/bin/../lib/gcc/nios2-elf/5.3.0/../../../../../H-x86_64-mingw32/nios2-elf/lib/mno-hw-mul\libsmallc.a(lib_a-fvwrite_small_dev.o)
 .debug_loc     0x0000000000001335       0x1e c:/intelfpga_lite/18.1/nios2eds/bin/gnu/h-x86_64-mingw32/bin/../lib/gcc/nios2-elf/5.3.0/../../../../../H-x86_64-mingw32/nios2-elf/lib/mno-hw-mul\libsmallc.a(lib_a-strlen.o)
 .debug_loc     0x0000000000001353       0xa5 c:/intelfpga_lite/18.1/nios2eds/bin/gnu/h-x86_64-mingw32/bin/../lib/gcc/nios2-elf/5.3.0/../../../../../H-x86_64-mingw32/nios2-elf/lib/mno-hw-mul\libsmallc.a(lib_a-writer.o)
 .debug_loc     0x00000000000013f8       0xfa ../both_axis_bsp/\libhal_bsp.a(alt_irq_register.o)
 .debug_loc     0x00000000000014f2       0xcf ../both_axis_bsp/\libhal_bsp.a(alt_write.o)
 .debug_loc     0x00000000000015c1       0x21 ../both_axis_bsp/\libhal_bsp.a(alt_sys_init.o)
 .debug_loc     0x00000000000015e2       0x8b ../both_axis_bsp/\libhal_bsp.a(altera_avalon_jtag_uart_write.o)
 .debug_loc     0x000000000000166d      0x102 ../both_axis_bsp/\libhal_bsp.a(altera_avalon_timer_sc.o)
 .debug_loc     0x000000000000176f       0x5b ../both_axis_bsp/\libhal_bsp.a(altera_avalon_timer_ts.o)
 .debug_loc     0x00000000000017ca       0x63 ../both_axis_bsp/\libhal_bsp.a(altera_up_avalon_accelerometer_spi.o)
 .debug_loc     0x000000000000182d       0x7e ../both_axis_bsp/\libhal_bsp.a(alt_dev_llist_insert.o)
 .debug_loc     0x00000000000018ab       0x7e ../both_axis_bsp/\libhal_bsp.a(alt_find_dev.o)
 .debug_loc     0x0000000000001929       0x72 ../both_axis_bsp/\libhal_bsp.a(alt_irq_handler.o)
 .debug_loc     0x000000000000199b       0x75 ../both_axis_bsp/\libhal_bsp.a(alt_tick.o)
 .debug_loc     0x0000000000001a10       0x65 ../both_axis_bsp/\libhal_bsp.a(alt_instruction_exception_entry.o)
 .debug_loc     0x0000000000001a75       0x94 c:/intelfpga_lite/18.1/nios2eds/bin/gnu/h-x86_64-mingw32/bin/../lib/gcc/nios2-elf/5.3.0/../../../../../H-x86_64-mingw32/nios2-elf/lib/mno-hw-mul\libsmallc.a(lib_a-memcmp.o)

.debug_macinfo
 *(.debug_macinfo)

.debug_weaknames
 *(.debug_weaknames)

.debug_funcnames
 *(.debug_funcnames)

.debug_typenames
 *(.debug_typenames)

.debug_varnames
 *(.debug_varnames)

.debug_alt_sim_info
                0x0000000000000000       0x10
 *(.debug_alt_sim_info)
 .debug_alt_sim_info
                0x0000000000000000       0x10 ../both_axis_bsp//obj/HAL/src/crt0.o
                0x0000000000020000                __alt_data_end = 0x20000
                0x0000000000020000                PROVIDE (__alt_stack_pointer, __alt_data_end)
                [!provide]                        PROVIDE (__alt_stack_limit, __alt_stack_base)
                [!provide]                        PROVIDE (__alt_heap_start, end)
                [!provide]                        PROVIDE (__alt_heap_limit, 0x20000)
OUTPUT(both_axis.elf elf32-littlenios2)

.debug_ranges   0x0000000000000000      0x358
 .debug_ranges  0x0000000000000000       0x20 ../both_axis_bsp//obj/HAL/src/crt0.o
 .debug_ranges  0x0000000000000020       0x58 obj/default/main.o
 .debug_ranges  0x0000000000000078       0x60 c:/intelfpga_lite/18.1/nios2eds/bin/gnu/h-x86_64-mingw32/bin/../lib/gcc/nios2-elf/5.3.0/mno-hw-mul\libgcc.a(lib2-divmod.o)
 .debug_ranges  0x00000000000000d8       0x10 c:/intelfpga_lite/18.1/nios2eds/bin/gnu/h-x86_64-mingw32/bin/../lib/gcc/nios2-elf/5.3.0/../../../../../H-x86_64-mingw32/nios2-elf/lib/mno-hw-mul\libsmallc.a(lib_a-memset.o)
 .debug_ranges  0x00000000000000e8       0x18 c:/intelfpga_lite/18.1/nios2eds/bin/gnu/h-x86_64-mingw32/bin/../lib/gcc/nios2-elf/5.3.0/../../../../../H-x86_64-mingw32/nios2-elf/lib/mno-hw-mul\libsmallc.a(lib_a-printf.o)
 .debug_ranges  0x0000000000000100       0xc8 c:/intelfpga_lite/18.1/nios2eds/bin/gnu/h-x86_64-mingw32/bin/../lib/gcc/nios2-elf/5.3.0/../../../../../H-x86_64-mingw32/nios2-elf/lib/mno-hw-mul\libsmallc.a(lib_a-vfprintf.o)
 .debug_ranges  0x00000000000001c8       0x28 c:/intelfpga_lite/18.1/nios2eds/bin/gnu/h-x86_64-mingw32/bin/../lib/gcc/nios2-elf/5.3.0/../../../../../H-x86_64-mingw32/nios2-elf/lib/mno-hw-mul\libsmallc.a(lib_a-fvwrite_small_dev.o)
 .debug_ranges  0x00000000000001f0       0x10 c:/intelfpga_lite/18.1/nios2eds/bin/gnu/h-x86_64-mingw32/bin/../lib/gcc/nios2-elf/5.3.0/../../../../../H-x86_64-mingw32/nios2-elf/lib/mno-hw-mul\libsmallc.a(lib_a-strlen.o)
 .debug_ranges  0x0000000000000200       0x10 c:/intelfpga_lite/18.1/nios2eds/bin/gnu/h-x86_64-mingw32/bin/../lib/gcc/nios2-elf/5.3.0/../../../../../H-x86_64-mingw32/nios2-elf/lib/mno-hw-mul\libsmallc.a(lib_a-writer.o)
 .debug_ranges  0x0000000000000210       0x48 ../both_axis_bsp/\libhal_bsp.a(alt_load.o)
 .debug_ranges  0x0000000000000258       0x20 ../both_axis_bsp/\libhal_bsp.a(alt_write.o)
 .debug_ranges  0x0000000000000278       0x18 ../both_axis_bsp/\libhal_bsp.a(alt_sys_init.o)
 .debug_ranges  0x0000000000000290       0x18 ../both_axis_bsp/\libhal_bsp.a(altera_avalon_timer_sc.o)
 .debug_ranges  0x00000000000002a8       0x20 ../both_axis_bsp/\libhal_bsp.a(alt_dev_llist_insert.o)
 .debug_ranges  0x00000000000002c8       0x28 ../both_axis_bsp/\libhal_bsp.a(alt_irq_entry.o)
 .debug_ranges  0x00000000000002f0       0x10 ../both_axis_bsp/\libhal_bsp.a(alt_irq_handler.o)
 .debug_ranges  0x0000000000000300       0x30 ../both_axis_bsp/\libhal_bsp.a(alt_exception_entry.o)
 .debug_ranges  0x0000000000000330       0x18 ../both_axis_bsp/\libhal_bsp.a(alt_instruction_exception_entry.o)
 .debug_ranges  0x0000000000000348       0x10 c:/intelfpga_lite/18.1/nios2eds/bin/gnu/h-x86_64-mingw32/bin/../lib/gcc/nios2-elf/5.3.0/../../../../../H-x86_64-mingw32/nios2-elf/lib/mno-hw-mul\libsmallc.a(lib_a-memcmp.o)
