Archive member included to satisfy reference by file (symbol)

../temp_test_bsp/\libhal_bsp.a(alt_irq_register.o)
                              obj/default/hello_world_small.o (alt_irq_register)
../temp_test_bsp/\libhal_bsp.a(alt_irq_vars.o)
                              ../temp_test_bsp/\libhal_bsp.a(alt_irq_register.o) (alt_irq_active)
../temp_test_bsp/\libhal_bsp.a(alt_load.o)
                              ../temp_test_bsp//obj/HAL/src/crt0.o (alt_load)
../temp_test_bsp/\libhal_bsp.a(alt_main.o)
                              ../temp_test_bsp//obj/HAL/src/crt0.o (alt_main)
../temp_test_bsp/\libhal_bsp.a(alt_printf.o)
                              obj/default/hello_world_small.o (alt_printf)
../temp_test_bsp/\libhal_bsp.a(alt_putchar.o)
                              ../temp_test_bsp/\libhal_bsp.a(alt_printf.o) (alt_putchar)
../temp_test_bsp/\libhal_bsp.a(alt_sys_init.o)
                              ../temp_test_bsp/\libhal_bsp.a(alt_main.o) (alt_irq_init)
../temp_test_bsp/\libhal_bsp.a(altera_avalon_jtag_uart_write.o)
                              ../temp_test_bsp/\libhal_bsp.a(alt_putchar.o) (altera_avalon_jtag_uart_write)
../temp_test_bsp/\libhal_bsp.a(alt_dcache_flush_all.o)
                              ../temp_test_bsp/\libhal_bsp.a(alt_load.o) (alt_dcache_flush_all)
../temp_test_bsp/\libhal_bsp.a(alt_dev.o)
                              ../temp_test_bsp/\libhal_bsp.a(alt_sys_init.o) (alt_dev_list)
../temp_test_bsp/\libhal_bsp.a(alt_dev_llist_insert.o)
                              ../temp_test_bsp/\libhal_bsp.a(alt_sys_init.o) (alt_dev_llist_insert)
../temp_test_bsp/\libhal_bsp.a(alt_errno.o)
                              ../temp_test_bsp/\libhal_bsp.a(alt_dev_llist_insert.o) (alt_errno)
../temp_test_bsp/\libhal_bsp.a(alt_icache_flush_all.o)
                              ../temp_test_bsp/\libhal_bsp.a(alt_load.o) (alt_icache_flush_all)
../temp_test_bsp/\libhal_bsp.a(alt_irq_entry.o)
                              ../temp_test_bsp/\libhal_bsp.a(alt_irq_register.o) (alt_irq_entry)
../temp_test_bsp/\libhal_bsp.a(alt_irq_handler.o)
                              ../temp_test_bsp/\libhal_bsp.a(alt_irq_register.o) (alt_irq_handler)
../temp_test_bsp/\libhal_bsp.a(altera_nios2_gen2_irq.o)
                              ../temp_test_bsp/\libhal_bsp.a(alt_sys_init.o) (altera_nios2_gen2_irq_init)
../temp_test_bsp/\libhal_bsp.a(alt_exception_entry.o)
                              ../temp_test_bsp/\libhal_bsp.a(alt_irq_entry.o) (alt_exception)
../temp_test_bsp/\libhal_bsp.a(alt_instruction_exception_entry.o)
                              ../temp_test_bsp/\libhal_bsp.a(alt_exception_entry.o) (alt_instruction_exception_entry)
c:/intelfpga_lite/18.1/nios2eds/bin/gnu/h-x86_64-mingw32/bin/../lib/gcc/nios2-elf/5.3.0/../../../../../H-x86_64-mingw32/nios2-elf/lib/mno-hw-mul\libsmallc.a(lib_a-int_errno.o)
                              ../temp_test_bsp/\libhal_bsp.a(alt_dev_llist_insert.o) (errno)

Allocating common symbols
Common symbol       size              file

alt_irq             0x100             ../temp_test_bsp/\libhal_bsp.a(alt_irq_handler.o)
errno               0x4               c:/intelfpga_lite/18.1/nios2eds/bin/gnu/h-x86_64-mingw32/bin/../lib/gcc/nios2-elf/5.3.0/../../../../../H-x86_64-mingw32/nios2-elf/lib/mno-hw-mul\libsmallc.a(lib_a-int_errno.o)
led                 0x2               obj/default/hello_world_small.o
level               0x4               obj/default/hello_world_small.o

Memory Configuration

Name             Origin             Length             Attributes
reset            0x0000000000010000 0x0000000000000020
onchip_memory    0x0000000000010020 0x000000000000ffe0
*default*        0x0000000000000000 0xffffffffffffffff

Linker script and memory map

LOAD ../temp_test_bsp//obj/HAL/src/crt0.o
LOAD obj/default/hello_world_small.o
LOAD c:/intelfpga_lite/18.1/nios2eds/bin/gnu/h-x86_64-mingw32/bin/../lib/gcc/nios2-elf/5.3.0/../../../../../H-x86_64-mingw32/nios2-elf/lib/mno-hw-mul\libstdc++.a
LOAD c:/intelfpga_lite/18.1/nios2eds/bin/gnu/h-x86_64-mingw32/bin/../lib/gcc/nios2-elf/5.3.0/../../../../../H-x86_64-mingw32/nios2-elf/lib/mno-hw-mul\libm.a
LOAD c:/intelfpga_lite/18.1/nios2eds/bin/gnu/h-x86_64-mingw32/bin/../lib/gcc/nios2-elf/5.3.0/mno-hw-mul\libgcc.a
START GROUP
LOAD c:/intelfpga_lite/18.1/nios2eds/bin/gnu/h-x86_64-mingw32/bin/../lib/gcc/nios2-elf/5.3.0/../../../../../H-x86_64-mingw32/nios2-elf/lib/mno-hw-mul\libsmallc.a
LOAD c:/intelfpga_lite/18.1/nios2eds/bin/gnu/h-x86_64-mingw32/bin/../lib/gcc/nios2-elf/5.3.0/mno-hw-mul\libgcc.a
LOAD ../temp_test_bsp/\libhal_bsp.a
LOAD c:/intelfpga_lite/18.1/nios2eds/bin/gnu/h-x86_64-mingw32/bin/../lib/gcc/nios2-elf/5.3.0/../../../../../H-x86_64-mingw32/nios2-elf/lib/mno-hw-mul\libm.a
END GROUP
LOAD c:/intelfpga_lite/18.1/nios2eds/bin/gnu/h-x86_64-mingw32/bin/../lib/gcc/nios2-elf/5.3.0/mno-hw-mul\libgcc.a
                0x0000000000010000                __alt_mem_onchip_memory = 0x10000

.entry          0x0000000000010000       0x20
 *(.entry)
 .entry         0x0000000000010000       0x20 ../temp_test_bsp//obj/HAL/src/crt0.o
                0x0000000000010000                __reset
                0x000000000001000c                _exit

.exceptions     0x0000000000010020      0x160
                0x0000000000010020                PROVIDE (__ram_exceptions_start, ABSOLUTE (.))
                0x0000000000010020                . = ALIGN (0x20)
 *(.irq)
 *(.exceptions.entry.label)
 .exceptions.entry.label
                0x0000000000010020        0x0 ../temp_test_bsp/\libhal_bsp.a(alt_irq_entry.o)
                0x0000000000010020                alt_irq_entry
 .exceptions.entry.label
                0x0000000000010020        0x0 ../temp_test_bsp/\libhal_bsp.a(alt_exception_entry.o)
                0x0000000000010020                alt_exception
 *(.exceptions.entry.user)
 *(.exceptions.entry.ecc_fatal)
 *(.exceptions.entry)
 .exceptions.entry
                0x0000000000010020       0x54 ../temp_test_bsp/\libhal_bsp.a(alt_exception_entry.o)
 *(.exceptions.irqtest.user)
 *(.exceptions.irqtest)
 .exceptions.irqtest
                0x0000000000010074       0x10 ../temp_test_bsp/\libhal_bsp.a(alt_irq_entry.o)
 *(.exceptions.irqhandler.user)
 *(.exceptions.irqhandler)
 .exceptions.irqhandler
                0x0000000000010084        0x4 ../temp_test_bsp/\libhal_bsp.a(alt_irq_entry.o)
 *(.exceptions.irqreturn.user)
 *(.exceptions.irqreturn)
 .exceptions.irqreturn
                0x0000000000010088        0x4 ../temp_test_bsp/\libhal_bsp.a(alt_irq_entry.o)
 *(.exceptions.notirq.label)
 .exceptions.notirq.label
                0x000000000001008c        0x0 ../temp_test_bsp/\libhal_bsp.a(alt_irq_entry.o)
 *(.exceptions.notirq.user)
 *(.exceptions.notirq)
 .exceptions.notirq
                0x000000000001008c        0x8 ../temp_test_bsp/\libhal_bsp.a(alt_exception_entry.o)
 *(.exceptions.soft.user)
 *(.exceptions.soft)
 *(.exceptions.unknown.user)
 *(.exceptions.unknown)
 .exceptions.unknown
                0x0000000000010094       0x14 ../temp_test_bsp/\libhal_bsp.a(alt_exception_entry.o)
 *(.exceptions.exit.label)
 .exceptions.exit.label
                0x00000000000100a8        0x0 ../temp_test_bsp/\libhal_bsp.a(alt_irq_entry.o)
 .exceptions.exit.label
                0x00000000000100a8        0x0 ../temp_test_bsp/\libhal_bsp.a(alt_exception_entry.o)
 *(.exceptions.exit.user)
 *(.exceptions.exit)
 .exceptions.exit
                0x00000000000100a8       0x54 ../temp_test_bsp/\libhal_bsp.a(alt_exception_entry.o)
 *(.exceptions)
 .exceptions    0x00000000000100fc       0x60 ../temp_test_bsp/\libhal_bsp.a(alt_irq_handler.o)
                0x00000000000100fc                alt_irq_handler
 .exceptions    0x000000000001015c       0x24 ../temp_test_bsp/\libhal_bsp.a(alt_instruction_exception_entry.o)
                0x000000000001015c                alt_instruction_exception_entry
                0x0000000000010180                PROVIDE (__ram_exceptions_end, ABSOLUTE (.))
                0x0000000000010020                PROVIDE (__flash_exceptions_start, LOADADDR (.exceptions))

.text           0x0000000000010180      0x6a0
                [!provide]                        PROVIDE (stext, ABSOLUTE (.))
 *(.interp)
 *(.hash)
 *(.dynsym)
 *(.dynstr)
 *(.gnu.version)
 *(.gnu.version_d)
 *(.gnu.version_r)
 *(.rel.init)
 *(.rela.init)
 *(.rel.text .rel.text.* .rel.gnu.linkonce.t.*)
 *(.rela.text .rela.text.* .rela.gnu.linkonce.t.*)
 *(.rel.fini)
 *(.rela.fini)
 *(.rel.rodata .rel.rodata.* .rel.gnu.linkonce.r.*)
 *(.rela.rodata .rela.rodata.* .rela.gnu.linkonce.r.*)
 *(.rel.data .rel.data.* .rel.gnu.linkonce.d.*)
 *(.rela.data .rela.data.* .rela.gnu.linkonce.d.*)
 *(.rel.tdata .rel.tdata.* .rel.gnu.linkonce.td.*)
 *(.rela.tdata .rela.tdata.* .rela.gnu.linkonce.td.*)
 *(.rel.tbss .rel.tbss.* .rel.gnu.linkonce.tb.*)
 *(.rela.tbss .rela.tbss.* .rela.gnu.linkonce.tb.*)
 *(.rel.ctors)
 *(.rela.ctors)
 *(.rel.dtors)
 *(.rela.dtors)
 *(.rel.got)
 *(.rela.got)
 *(.rel.sdata .rel.sdata.* .rel.gnu.linkonce.s.*)
 *(.rela.sdata .rela.sdata.* .rela.gnu.linkonce.s.*)
 *(.rel.sbss .rel.sbss.* .rel.gnu.linkonce.sb.*)
 *(.rela.sbss .rela.sbss.* .rela.gnu.linkonce.sb.*)
 *(.rel.sdata2 .rel.sdata2.* .rel.gnu.linkonce.s2.*)
 *(.rela.sdata2 .rela.sdata2.* .rela.gnu.linkonce.s2.*)
 *(.rel.sbss2 .rel.sbss2.* .rel.gnu.linkonce.sb2.*)
 *(.rela.sbss2 .rela.sbss2.* .rela.gnu.linkonce.sb2.*)
 *(.rel.bss .rel.bss.* .rel.gnu.linkonce.b.*)
 *(.rela.bss .rela.bss.* .rela.gnu.linkonce.b.*)
 *(.rel.plt)
 *(.rela.plt)
 *(.rel.dyn)
 *(.init)
 *(.plt)
 *(.text .stub .text.* .gnu.linkonce.t.*)
 .text          0x0000000000010180       0x3c ../temp_test_bsp//obj/HAL/src/crt0.o
                0x0000000000010180                _start
 .text          0x00000000000101bc      0x110 obj/default/hello_world_small.o
                0x00000000000101bc                sys_timer_isr
                0x000000000001023c                timer_init
                0x00000000000102ac                fir_x_read
                0x00000000000102bc                fir_x_write
 .text.startup  0x00000000000102cc       0xa0 obj/default/hello_world_small.o
                0x00000000000102cc                main
 .text          0x000000000001036c       0x94 ../temp_test_bsp/\libhal_bsp.a(alt_irq_register.o)
                0x000000000001036c                alt_irq_register
 .text          0x0000000000010400        0x0 ../temp_test_bsp/\libhal_bsp.a(alt_irq_vars.o)
 .text          0x0000000000010400       0xe0 ../temp_test_bsp/\libhal_bsp.a(alt_load.o)
                0x0000000000010400                alt_load
 .text          0x00000000000104e0       0x2c ../temp_test_bsp/\libhal_bsp.a(alt_main.o)
                0x00000000000104e0                alt_main
 .text          0x000000000001050c      0x170 ../temp_test_bsp/\libhal_bsp.a(alt_printf.o)
                0x000000000001050c                alt_printf
 .text          0x000000000001067c       0x48 ../temp_test_bsp/\libhal_bsp.a(alt_putchar.o)
                0x000000000001067c                alt_putchar
 .text          0x00000000000106c4       0x30 ../temp_test_bsp/\libhal_bsp.a(alt_sys_init.o)
                0x00000000000106c4                alt_irq_init
                0x00000000000106e4                alt_sys_init
 .text          0x00000000000106f4       0x34 ../temp_test_bsp/\libhal_bsp.a(altera_avalon_jtag_uart_write.o)
                0x00000000000106f4                altera_avalon_jtag_uart_write
 .text          0x0000000000010728        0x4 ../temp_test_bsp/\libhal_bsp.a(alt_dcache_flush_all.o)
                0x0000000000010728                alt_dcache_flush_all
 .text          0x000000000001072c        0x8 ../temp_test_bsp/\libhal_bsp.a(alt_dev.o)
 .text          0x0000000000010734       0x6c ../temp_test_bsp/\libhal_bsp.a(alt_dev_llist_insert.o)
                0x0000000000010734                alt_dev_llist_insert
 .text          0x00000000000107a0        0x0 ../temp_test_bsp/\libhal_bsp.a(alt_errno.o)
 .text          0x00000000000107a0        0x4 ../temp_test_bsp/\libhal_bsp.a(alt_icache_flush_all.o)
                0x00000000000107a0                alt_icache_flush_all
 .text          0x00000000000107a4        0x0 ../temp_test_bsp/\libhal_bsp.a(alt_irq_entry.o)
 .text          0x00000000000107a4        0x0 ../temp_test_bsp/\libhal_bsp.a(alt_irq_handler.o)
 .text          0x00000000000107a4        0x8 ../temp_test_bsp/\libhal_bsp.a(altera_nios2_gen2_irq.o)
                0x00000000000107a4                altera_nios2_gen2_irq_init
 .text          0x00000000000107ac        0x0 ../temp_test_bsp/\libhal_bsp.a(alt_exception_entry.o)
 .text          0x00000000000107ac       0x74 ../temp_test_bsp/\libhal_bsp.a(alt_instruction_exception_entry.o)
                0x00000000000107ac                alt_exception_cause_generated_bad_addr
 .text          0x0000000000010820        0x0 c:/intelfpga_lite/18.1/nios2eds/bin/gnu/h-x86_64-mingw32/bin/../lib/gcc/nios2-elf/5.3.0/../../../../../H-x86_64-mingw32/nios2-elf/lib/mno-hw-mul\libsmallc.a(lib_a-int_errno.o)
 *(.gnu.warning.*)
 *(.fini)
                [!provide]                        PROVIDE (__etext, ABSOLUTE (.))
                [!provide]                        PROVIDE (_etext, ABSOLUTE (.))
                [!provide]                        PROVIDE (etext, ABSOLUTE (.))
 *(.eh_frame_hdr)
                0x0000000000010820                . = ALIGN (0x4)
                [!provide]                        PROVIDE (__preinit_array_start, ABSOLUTE (.))
 *(.preinit_array)
                [!provide]                        PROVIDE (__preinit_array_end, ABSOLUTE (.))
                [!provide]                        PROVIDE (__init_array_start, ABSOLUTE (.))
 *(.init_array)
                [!provide]                        PROVIDE (__init_array_end, ABSOLUTE (.))
                [!provide]                        PROVIDE (__fini_array_start, ABSOLUTE (.))
 *(.fini_array)
                [!provide]                        PROVIDE (__fini_array_end, ABSOLUTE (.))
 *(.eh_frame)
 *(.gcc_except_table .gcc_except_table.*)
 *(.dynamic)
                [!provide]                        PROVIDE (__CTOR_LIST__, ABSOLUTE (.))
 *(.ctors)
 *(SORT(.ctors.*))
                [!provide]                        PROVIDE (__CTOR_END__, ABSOLUTE (.))
                [!provide]                        PROVIDE (__DTOR_LIST__, ABSOLUTE (.))
 *(.dtors)
 *(SORT(.dtors.*))
                [!provide]                        PROVIDE (__DTOR_END__, ABSOLUTE (.))
 *(.jcr)
                0x0000000000010820                . = ALIGN (0x4)

.rodata         0x0000000000010820       0x9c
                0x0000000000010820                PROVIDE (__ram_rodata_start, ABSOLUTE (.))
                0x0000000000010820                . = ALIGN (0x4)
 *(.rodata .rodata.* .gnu.linkonce.r.*)
 .rodata.str1.4
                0x0000000000010820       0x27 obj/default/hello_world_small.o
 *fill*         0x0000000000010847        0x1 
 .rodata        0x0000000000010848       0x50 obj/default/hello_world_small.o
                0x0000000000010848                fixed_coeffs
 .rodata.str1.4
                0x0000000000010898       0x17 ../temp_test_bsp/\libhal_bsp.a(alt_sys_init.o)
 *fill*         0x00000000000108af        0x1 
 .rodata.str1.4
                0x00000000000108b0        0xc ../temp_test_bsp/\libhal_bsp.a(alt_dev.o)
                                          0xa (size before relaxing)
 *(.rodata1)
                0x00000000000108bc                . = ALIGN (0x4)
                0x00000000000108bc                PROVIDE (__ram_rodata_end, ABSOLUTE (.))
                0x0000000000010820                PROVIDE (__flash_rodata_start, LOADADDR (.rodata))

.rwdata         0x00000000000108bc       0xa4 load address 0x0000000000010960
                0x00000000000108bc                PROVIDE (__ram_rwdata_start, ABSOLUTE (.))
                0x00000000000108bc                . = ALIGN (0x4)
 *(.got.plt)
 *(.got)
 *(.data1)
 *(.data .data.* .gnu.linkonce.d.*)
 .data          0x00000000000108bc        0x0 ../temp_test_bsp//obj/HAL/src/crt0.o
 .data          0x00000000000108bc        0x0 obj/default/hello_world_small.o
 .data          0x00000000000108bc        0x0 ../temp_test_bsp/\libhal_bsp.a(alt_irq_register.o)
 .data          0x00000000000108bc        0x0 ../temp_test_bsp/\libhal_bsp.a(alt_irq_vars.o)
 .data          0x00000000000108bc        0x0 ../temp_test_bsp/\libhal_bsp.a(alt_load.o)
 .data          0x00000000000108bc        0x0 ../temp_test_bsp/\libhal_bsp.a(alt_main.o)
 .data          0x00000000000108bc        0x0 ../temp_test_bsp/\libhal_bsp.a(alt_printf.o)
 .data          0x00000000000108bc        0x0 ../temp_test_bsp/\libhal_bsp.a(alt_putchar.o)
 .data          0x00000000000108bc       0x2c ../temp_test_bsp/\libhal_bsp.a(alt_sys_init.o)
 .data          0x00000000000108e8        0x0 ../temp_test_bsp/\libhal_bsp.a(altera_avalon_jtag_uart_write.o)
 .data          0x00000000000108e8        0x0 ../temp_test_bsp/\libhal_bsp.a(alt_dcache_flush_all.o)
 .data          0x00000000000108e8       0x58 ../temp_test_bsp/\libhal_bsp.a(alt_dev.o)
                0x00000000000108e8                alt_fd_list
                0x0000000000010918                alt_dev_null
 .data          0x0000000000010940        0x0 ../temp_test_bsp/\libhal_bsp.a(alt_dev_llist_insert.o)
 .data          0x0000000000010940        0x0 ../temp_test_bsp/\libhal_bsp.a(alt_errno.o)
 .data          0x0000000000010940        0x0 ../temp_test_bsp/\libhal_bsp.a(alt_icache_flush_all.o)
 .data          0x0000000000010940        0x0 ../temp_test_bsp/\libhal_bsp.a(alt_irq_entry.o)
 .data          0x0000000000010940        0x0 ../temp_test_bsp/\libhal_bsp.a(alt_irq_handler.o)
 .data          0x0000000000010940        0x0 ../temp_test_bsp/\libhal_bsp.a(altera_nios2_gen2_irq.o)
 .data          0x0000000000010940        0x0 ../temp_test_bsp/\libhal_bsp.a(alt_exception_entry.o)
 .data          0x0000000000010940        0x0 ../temp_test_bsp/\libhal_bsp.a(alt_instruction_exception_entry.o)
 .data          0x0000000000010940        0x0 c:/intelfpga_lite/18.1/nios2eds/bin/gnu/h-x86_64-mingw32/bin/../lib/gcc/nios2-elf/5.3.0/../../../../../H-x86_64-mingw32/nios2-elf/lib/mno-hw-mul\libsmallc.a(lib_a-int_errno.o)
                0x0000000000018940                _gp = ABSOLUTE ((. + 0x8000))
                [!provide]                        PROVIDE (gp, _gp)
 *(.rwdata .rwdata.*)
 *(.sdata .sdata.* .gnu.linkonce.s.*)
 .sdata         0x0000000000010940        0x4 ../temp_test_bsp/\libhal_bsp.a(alt_irq_vars.o)
                0x0000000000010940                alt_priority_mask
 .sdata         0x0000000000010944        0x4 ../temp_test_bsp/\libhal_bsp.a(alt_sys_init.o)
                0x0000000000010944                jtag_uart
 .sdata         0x0000000000010948       0x14 ../temp_test_bsp/\libhal_bsp.a(alt_dev.o)
                0x0000000000010948                alt_max_fd
                0x000000000001094c                alt_dev_list
                0x0000000000010954                alt_fs_list
 .sdata         0x000000000001095c        0x4 ../temp_test_bsp/\libhal_bsp.a(alt_errno.o)
                0x000000000001095c                alt_errno
 *(.sdata2 .sdata2.* .gnu.linkonce.s2.*)
                0x0000000000010960                . = ALIGN (0x4)
                0x0000000000010960                _edata = ABSOLUTE (.)
                [!provide]                        PROVIDE (edata, ABSOLUTE (.))
                0x0000000000010960                PROVIDE (__ram_rwdata_end, ABSOLUTE (.))
                0x0000000000010960                PROVIDE (__flash_rwdata_start, LOADADDR (.rwdata))

.bss            0x0000000000010a04      0x124
                0x0000000000010a04                __bss_start = ABSOLUTE (.)
                [!provide]                        PROVIDE (__sbss_start, ABSOLUTE (.))
                [!provide]                        PROVIDE (___sbss_start, ABSOLUTE (.))
 *(.dynsbss)
 *(.sbss .sbss.* .gnu.linkonce.sb.*)
 .sbss          0x0000000000010a04        0x1 obj/default/hello_world_small.o
                0x0000000000010a04                pwm
 *fill*         0x0000000000010a05        0x3 
 .sbss          0x0000000000010a08        0x8 obj/default/hello_world_small.o
                0x0000000000010a08                led
                0x0000000000010a0c                level
 .sbss          0x0000000000010a10        0x4 ../temp_test_bsp/\libhal_bsp.a(alt_irq_vars.o)
                0x0000000000010a10                alt_irq_active
 .sbss          0x0000000000010a14        0xc ../temp_test_bsp/\libhal_bsp.a(alt_main.o)
                0x0000000000010a14                alt_envp
                0x0000000000010a18                alt_argv
                0x0000000000010a1c                alt_argc
 .sbss          0x0000000000010a20        0x4 ../temp_test_bsp/\libhal_bsp.a(alt_instruction_exception_entry.o)
                0x0000000000010a20                alt_instruction_exception_handler
 .sbss          0x0000000000010a24        0x4 c:/intelfpga_lite/18.1/nios2eds/bin/gnu/h-x86_64-mingw32/bin/../lib/gcc/nios2-elf/5.3.0/../../../../../H-x86_64-mingw32/nios2-elf/lib/mno-hw-mul\libsmallc.a(lib_a-int_errno.o)
                0x0000000000010a24                errno
 *(.sbss2 .sbss2.* .gnu.linkonce.sb2.*)
 *(.scommon)
                [!provide]                        PROVIDE (__sbss_end, ABSOLUTE (.))
                [!provide]                        PROVIDE (___sbss_end, ABSOLUTE (.))
 *(.dynbss)
 *(.bss .bss.* .gnu.linkonce.b.*)
 .bss           0x0000000000010a28        0x0 ../temp_test_bsp//obj/HAL/src/crt0.o
 .bss           0x0000000000010a28        0x0 obj/default/hello_world_small.o
 .bss           0x0000000000010a28        0x0 ../temp_test_bsp/\libhal_bsp.a(alt_irq_register.o)
 .bss           0x0000000000010a28        0x0 ../temp_test_bsp/\libhal_bsp.a(alt_irq_vars.o)
 .bss           0x0000000000010a28        0x0 ../temp_test_bsp/\libhal_bsp.a(alt_load.o)
 .bss           0x0000000000010a28        0x0 ../temp_test_bsp/\libhal_bsp.a(alt_main.o)
 .bss           0x0000000000010a28        0x0 ../temp_test_bsp/\libhal_bsp.a(alt_printf.o)
 .bss           0x0000000000010a28        0x0 ../temp_test_bsp/\libhal_bsp.a(alt_putchar.o)
 .bss           0x0000000000010a28        0x0 ../temp_test_bsp/\libhal_bsp.a(alt_sys_init.o)
 .bss           0x0000000000010a28        0x0 ../temp_test_bsp/\libhal_bsp.a(altera_avalon_jtag_uart_write.o)
 .bss           0x0000000000010a28        0x0 ../temp_test_bsp/\libhal_bsp.a(alt_dcache_flush_all.o)
 .bss           0x0000000000010a28        0x0 ../temp_test_bsp/\libhal_bsp.a(alt_dev.o)
 .bss           0x0000000000010a28        0x0 ../temp_test_bsp/\libhal_bsp.a(alt_dev_llist_insert.o)
 .bss           0x0000000000010a28        0x0 ../temp_test_bsp/\libhal_bsp.a(alt_errno.o)
 .bss           0x0000000000010a28        0x0 ../temp_test_bsp/\libhal_bsp.a(alt_icache_flush_all.o)
 .bss           0x0000000000010a28        0x0 ../temp_test_bsp/\libhal_bsp.a(alt_irq_entry.o)
 .bss           0x0000000000010a28        0x0 ../temp_test_bsp/\libhal_bsp.a(alt_irq_handler.o)
 .bss           0x0000000000010a28        0x0 ../temp_test_bsp/\libhal_bsp.a(altera_nios2_gen2_irq.o)
 .bss           0x0000000000010a28        0x0 ../temp_test_bsp/\libhal_bsp.a(alt_exception_entry.o)
 .bss           0x0000000000010a28        0x0 ../temp_test_bsp/\libhal_bsp.a(alt_instruction_exception_entry.o)
 .bss           0x0000000000010a28        0x0 c:/intelfpga_lite/18.1/nios2eds/bin/gnu/h-x86_64-mingw32/bin/../lib/gcc/nios2-elf/5.3.0/../../../../../H-x86_64-mingw32/nios2-elf/lib/mno-hw-mul\libsmallc.a(lib_a-int_errno.o)
 *(COMMON)
 COMMON         0x0000000000010a28      0x100 ../temp_test_bsp/\libhal_bsp.a(alt_irq_handler.o)
                0x0000000000010a28                alt_irq
                0x0000000000010b28                . = ALIGN (0x4)
                0x0000000000010b28                __bss_end = ABSOLUTE (.)

.onchip_memory  0x0000000000010b28        0x0
                [!provide]                        PROVIDE (_alt_partition_onchip_memory_start, ABSOLUTE (.))
 *(.onchip_memory .onchip_memory. onchip_memory.*)
                0x0000000000010b28                . = ALIGN (0x4)
                [!provide]                        PROVIDE (_alt_partition_onchip_memory_end, ABSOLUTE (.))
                0x0000000000010b28                _end = ABSOLUTE (.)
                0x0000000000010b28                end = ABSOLUTE (.)
                0x0000000000010b28                __alt_stack_base = ABSOLUTE (.)
                [!provide]                        PROVIDE (_alt_partition_onchip_memory_load_addr, LOADADDR (.onchip_memory))

.stab
 *(.stab)

.stabstr
 *(.stabstr)

.stab.excl
 *(.stab.excl)

.stab.exclstr
 *(.stab.exclstr)

.stab.index
 *(.stab.index)

.stab.indexstr
 *(.stab.indexstr)

.comment        0x0000000000000000       0x23
 *(.comment)
 .comment       0x0000000000000000       0x23 obj/default/hello_world_small.o
                                         0x24 (size before relaxing)
 .comment       0x0000000000000023       0x24 ../temp_test_bsp/\libhal_bsp.a(alt_irq_register.o)
 .comment       0x0000000000000023       0x24 ../temp_test_bsp/\libhal_bsp.a(alt_irq_vars.o)
 .comment       0x0000000000000023       0x24 ../temp_test_bsp/\libhal_bsp.a(alt_load.o)
 .comment       0x0000000000000023       0x24 ../temp_test_bsp/\libhal_bsp.a(alt_main.o)
 .comment       0x0000000000000023       0x24 ../temp_test_bsp/\libhal_bsp.a(alt_printf.o)
 .comment       0x0000000000000023       0x24 ../temp_test_bsp/\libhal_bsp.a(alt_putchar.o)
 .comment       0x0000000000000023       0x24 ../temp_test_bsp/\libhal_bsp.a(alt_sys_init.o)
 .comment       0x0000000000000023       0x24 ../temp_test_bsp/\libhal_bsp.a(altera_avalon_jtag_uart_write.o)
 .comment       0x0000000000000023       0x24 ../temp_test_bsp/\libhal_bsp.a(alt_dcache_flush_all.o)
 .comment       0x0000000000000023       0x24 ../temp_test_bsp/\libhal_bsp.a(alt_dev.o)
 .comment       0x0000000000000023       0x24 ../temp_test_bsp/\libhal_bsp.a(alt_dev_llist_insert.o)
 .comment       0x0000000000000023       0x24 ../temp_test_bsp/\libhal_bsp.a(alt_errno.o)
 .comment       0x0000000000000023       0x24 ../temp_test_bsp/\libhal_bsp.a(alt_icache_flush_all.o)
 .comment       0x0000000000000023       0x24 ../temp_test_bsp/\libhal_bsp.a(alt_irq_handler.o)
 .comment       0x0000000000000023       0x24 ../temp_test_bsp/\libhal_bsp.a(altera_nios2_gen2_irq.o)
 .comment       0x0000000000000023       0x24 ../temp_test_bsp/\libhal_bsp.a(alt_instruction_exception_entry.o)
 .comment       0x0000000000000023       0x24 c:/intelfpga_lite/18.1/nios2eds/bin/gnu/h-x86_64-mingw32/bin/../lib/gcc/nios2-elf/5.3.0/../../../../../H-x86_64-mingw32/nios2-elf/lib/mno-hw-mul\libsmallc.a(lib_a-int_errno.o)

.debug
 *(.debug)

.line
 *(.line)

.debug_srcinfo
 *(.debug_srcinfo)

.debug_sfnames
 *(.debug_sfnames)

.debug_aranges  0x0000000000000000      0x2c8
 *(.debug_aranges)
 .debug_aranges
                0x0000000000000000       0x28 ../temp_test_bsp//obj/HAL/src/crt0.o
 .debug_aranges
                0x0000000000000028       0x28 obj/default/hello_world_small.o
 .debug_aranges
                0x0000000000000050       0x20 ../temp_test_bsp/\libhal_bsp.a(alt_irq_register.o)
 .debug_aranges
                0x0000000000000070       0x18 ../temp_test_bsp/\libhal_bsp.a(alt_irq_vars.o)
 .debug_aranges
                0x0000000000000088       0x20 ../temp_test_bsp/\libhal_bsp.a(alt_load.o)
 .debug_aranges
                0x00000000000000a8       0x20 ../temp_test_bsp/\libhal_bsp.a(alt_main.o)
 .debug_aranges
                0x00000000000000c8       0x20 ../temp_test_bsp/\libhal_bsp.a(alt_printf.o)
 .debug_aranges
                0x00000000000000e8       0x20 ../temp_test_bsp/\libhal_bsp.a(alt_putchar.o)
 .debug_aranges
                0x0000000000000108       0x20 ../temp_test_bsp/\libhal_bsp.a(alt_sys_init.o)
 .debug_aranges
                0x0000000000000128       0x20 ../temp_test_bsp/\libhal_bsp.a(altera_avalon_jtag_uart_write.o)
 .debug_aranges
                0x0000000000000148       0x20 ../temp_test_bsp/\libhal_bsp.a(alt_dcache_flush_all.o)
 .debug_aranges
                0x0000000000000168       0x20 ../temp_test_bsp/\libhal_bsp.a(alt_dev.o)
 .debug_aranges
                0x0000000000000188       0x20 ../temp_test_bsp/\libhal_bsp.a(alt_dev_llist_insert.o)
 .debug_aranges
                0x00000000000001a8       0x18 ../temp_test_bsp/\libhal_bsp.a(alt_errno.o)
 .debug_aranges
                0x00000000000001c0       0x20 ../temp_test_bsp/\libhal_bsp.a(alt_icache_flush_all.o)
 .debug_aranges
                0x00000000000001e0       0x30 ../temp_test_bsp/\libhal_bsp.a(alt_irq_entry.o)
 .debug_aranges
                0x0000000000000210       0x20 ../temp_test_bsp/\libhal_bsp.a(alt_irq_handler.o)
 .debug_aranges
                0x0000000000000230       0x20 ../temp_test_bsp/\libhal_bsp.a(altera_nios2_gen2_irq.o)
 .debug_aranges
                0x0000000000000250       0x38 ../temp_test_bsp/\libhal_bsp.a(alt_exception_entry.o)
 .debug_aranges
                0x0000000000000288       0x28 ../temp_test_bsp/\libhal_bsp.a(alt_instruction_exception_entry.o)
 .debug_aranges
                0x00000000000002b0       0x18 c:/intelfpga_lite/18.1/nios2eds/bin/gnu/h-x86_64-mingw32/bin/../lib/gcc/nios2-elf/5.3.0/../../../../../H-x86_64-mingw32/nios2-elf/lib/mno-hw-mul\libsmallc.a(lib_a-int_errno.o)

.debug_pubnames
 *(.debug_pubnames)

.debug_info     0x0000000000000000     0x21d0
 *(.debug_info .gnu.linkonce.wi.*)
 .debug_info    0x0000000000000000       0x96 ../temp_test_bsp//obj/HAL/src/crt0.o
 .debug_info    0x0000000000000096      0x393 obj/default/hello_world_small.o
 .debug_info    0x0000000000000429      0x30d ../temp_test_bsp/\libhal_bsp.a(alt_irq_register.o)
 .debug_info    0x0000000000000736       0x88 ../temp_test_bsp/\libhal_bsp.a(alt_irq_vars.o)
 .debug_info    0x00000000000007be      0x1c9 ../temp_test_bsp/\libhal_bsp.a(alt_load.o)
 .debug_info    0x0000000000000987      0x18f ../temp_test_bsp/\libhal_bsp.a(alt_main.o)
 .debug_info    0x0000000000000b16      0x14d ../temp_test_bsp/\libhal_bsp.a(alt_printf.o)
 .debug_info    0x0000000000000c63      0x12a ../temp_test_bsp/\libhal_bsp.a(alt_putchar.o)
 .debug_info    0x0000000000000d8d      0x459 ../temp_test_bsp/\libhal_bsp.a(alt_sys_init.o)
 .debug_info    0x00000000000011e6      0x1ad ../temp_test_bsp/\libhal_bsp.a(altera_avalon_jtag_uart_write.o)
 .debug_info    0x0000000000001393       0x92 ../temp_test_bsp/\libhal_bsp.a(alt_dcache_flush_all.o)
 .debug_info    0x0000000000001425      0x499 ../temp_test_bsp/\libhal_bsp.a(alt_dev.o)
 .debug_info    0x00000000000018be      0x1b3 ../temp_test_bsp/\libhal_bsp.a(alt_dev_llist_insert.o)
 .debug_info    0x0000000000001a71       0xa6 ../temp_test_bsp/\libhal_bsp.a(alt_errno.o)
 .debug_info    0x0000000000001b17       0x92 ../temp_test_bsp/\libhal_bsp.a(alt_icache_flush_all.o)
 .debug_info    0x0000000000001ba9       0x9f ../temp_test_bsp/\libhal_bsp.a(alt_irq_entry.o)
 .debug_info    0x0000000000001c48      0x1a4 ../temp_test_bsp/\libhal_bsp.a(alt_irq_handler.o)
 .debug_info    0x0000000000001dec       0xb8 ../temp_test_bsp/\libhal_bsp.a(altera_nios2_gen2_irq.o)
 .debug_info    0x0000000000001ea4       0xa5 ../temp_test_bsp/\libhal_bsp.a(alt_exception_entry.o)
 .debug_info    0x0000000000001f49      0x1fd ../temp_test_bsp/\libhal_bsp.a(alt_instruction_exception_entry.o)
 .debug_info    0x0000000000002146       0x8a c:/intelfpga_lite/18.1/nios2eds/bin/gnu/h-x86_64-mingw32/bin/../lib/gcc/nios2-elf/5.3.0/../../../../../H-x86_64-mingw32/nios2-elf/lib/mno-hw-mul\libsmallc.a(lib_a-int_errno.o)

.debug_abbrev   0x0000000000000000      0xfba
 *(.debug_abbrev)
 .debug_abbrev  0x0000000000000000       0x12 ../temp_test_bsp//obj/HAL/src/crt0.o
 .debug_abbrev  0x0000000000000012      0x221 obj/default/hello_world_small.o
 .debug_abbrev  0x0000000000000233      0x1a5 ../temp_test_bsp/\libhal_bsp.a(alt_irq_register.o)
 .debug_abbrev  0x00000000000003d8       0x40 ../temp_test_bsp/\libhal_bsp.a(alt_irq_vars.o)
 .debug_abbrev  0x0000000000000418       0xd8 ../temp_test_bsp/\libhal_bsp.a(alt_load.o)
 .debug_abbrev  0x00000000000004f0       0xf5 ../temp_test_bsp/\libhal_bsp.a(alt_main.o)
 .debug_abbrev  0x00000000000005e5       0xd5 ../temp_test_bsp/\libhal_bsp.a(alt_printf.o)
 .debug_abbrev  0x00000000000006ba       0xd2 ../temp_test_bsp/\libhal_bsp.a(alt_putchar.o)
 .debug_abbrev  0x000000000000078c      0x1a5 ../temp_test_bsp/\libhal_bsp.a(alt_sys_init.o)
 .debug_abbrev  0x0000000000000931       0xd5 ../temp_test_bsp/\libhal_bsp.a(altera_avalon_jtag_uart_write.o)
 .debug_abbrev  0x0000000000000a06       0x42 ../temp_test_bsp/\libhal_bsp.a(alt_dcache_flush_all.o)
 .debug_abbrev  0x0000000000000a48       0xd9 ../temp_test_bsp/\libhal_bsp.a(alt_dev.o)
 .debug_abbrev  0x0000000000000b21      0x11c ../temp_test_bsp/\libhal_bsp.a(alt_dev_llist_insert.o)
 .debug_abbrev  0x0000000000000c3d       0x5a ../temp_test_bsp/\libhal_bsp.a(alt_errno.o)
 .debug_abbrev  0x0000000000000c97       0x42 ../temp_test_bsp/\libhal_bsp.a(alt_icache_flush_all.o)
 .debug_abbrev  0x0000000000000cd9       0x12 ../temp_test_bsp/\libhal_bsp.a(alt_irq_entry.o)
 .debug_abbrev  0x0000000000000ceb      0x138 ../temp_test_bsp/\libhal_bsp.a(alt_irq_handler.o)
 .debug_abbrev  0x0000000000000e23       0x67 ../temp_test_bsp/\libhal_bsp.a(altera_nios2_gen2_irq.o)
 .debug_abbrev  0x0000000000000e8a       0x12 ../temp_test_bsp/\libhal_bsp.a(alt_exception_entry.o)
 .debug_abbrev  0x0000000000000e9c       0xe7 ../temp_test_bsp/\libhal_bsp.a(alt_instruction_exception_entry.o)
 .debug_abbrev  0x0000000000000f83       0x37 c:/intelfpga_lite/18.1/nios2eds/bin/gnu/h-x86_64-mingw32/bin/../lib/gcc/nios2-elf/5.3.0/../../../../../H-x86_64-mingw32/nios2-elf/lib/mno-hw-mul\libsmallc.a(lib_a-int_errno.o)

.debug_line     0x0000000000000000      0xe76
 *(.debug_line)
 .debug_line    0x0000000000000000       0x66 ../temp_test_bsp//obj/HAL/src/crt0.o
 .debug_line    0x0000000000000066      0x119 obj/default/hello_world_small.o
 .debug_line    0x000000000000017f       0xed ../temp_test_bsp/\libhal_bsp.a(alt_irq_register.o)
 .debug_line    0x000000000000026c       0x50 ../temp_test_bsp/\libhal_bsp.a(alt_irq_vars.o)
 .debug_line    0x00000000000002bc       0xa4 ../temp_test_bsp/\libhal_bsp.a(alt_load.o)
 .debug_line    0x0000000000000360       0xea ../temp_test_bsp/\libhal_bsp.a(alt_main.o)
 .debug_line    0x000000000000044a      0x112 ../temp_test_bsp/\libhal_bsp.a(alt_printf.o)
 .debug_line    0x000000000000055c       0x55 ../temp_test_bsp/\libhal_bsp.a(alt_putchar.o)
 .debug_line    0x00000000000005b1      0x176 ../temp_test_bsp/\libhal_bsp.a(alt_sys_init.o)
 .debug_line    0x0000000000000727      0x104 ../temp_test_bsp/\libhal_bsp.a(altera_avalon_jtag_uart_write.o)
 .debug_line    0x000000000000082b       0x4e ../temp_test_bsp/\libhal_bsp.a(alt_dcache_flush_all.o)
 .debug_line    0x0000000000000879       0xf6 ../temp_test_bsp/\libhal_bsp.a(alt_dev.o)
 .debug_line    0x000000000000096f       0xd8 ../temp_test_bsp/\libhal_bsp.a(alt_dev_llist_insert.o)
 .debug_line    0x0000000000000a47       0x51 ../temp_test_bsp/\libhal_bsp.a(alt_errno.o)
 .debug_line    0x0000000000000a98       0x4e ../temp_test_bsp/\libhal_bsp.a(alt_icache_flush_all.o)
 .debug_line    0x0000000000000ae6       0x6b ../temp_test_bsp/\libhal_bsp.a(alt_irq_entry.o)
 .debug_line    0x0000000000000b51       0xc8 ../temp_test_bsp/\libhal_bsp.a(alt_irq_handler.o)
 .debug_line    0x0000000000000c19       0x8c ../temp_test_bsp/\libhal_bsp.a(altera_nios2_gen2_irq.o)
 .debug_line    0x0000000000000ca5       0xb3 ../temp_test_bsp/\libhal_bsp.a(alt_exception_entry.o)
 .debug_line    0x0000000000000d58       0xbf ../temp_test_bsp/\libhal_bsp.a(alt_instruction_exception_entry.o)
 .debug_line    0x0000000000000e17       0x5f c:/intelfpga_lite/18.1/nios2eds/bin/gnu/h-x86_64-mingw32/bin/../lib/gcc/nios2-elf/5.3.0/../../../../../H-x86_64-mingw32/nios2-elf/lib/mno-hw-mul\libsmallc.a(lib_a-int_errno.o)

.debug_frame    0x0000000000000000      0x2f8
 *(.debug_frame)
 .debug_frame   0x0000000000000000       0x8c obj/default/hello_world_small.o
 .debug_frame   0x000000000000008c       0x20 ../temp_test_bsp/\libhal_bsp.a(alt_irq_register.o)
 .debug_frame   0x00000000000000ac       0x30 ../temp_test_bsp/\libhal_bsp.a(alt_load.o)
 .debug_frame   0x00000000000000dc       0x2c ../temp_test_bsp/\libhal_bsp.a(alt_main.o)
 .debug_frame   0x0000000000000108       0x54 ../temp_test_bsp/\libhal_bsp.a(alt_printf.o)
 .debug_frame   0x000000000000015c       0x30 ../temp_test_bsp/\libhal_bsp.a(alt_putchar.o)
 .debug_frame   0x000000000000018c       0x3c ../temp_test_bsp/\libhal_bsp.a(alt_sys_init.o)
 .debug_frame   0x00000000000001c8       0x20 ../temp_test_bsp/\libhal_bsp.a(altera_avalon_jtag_uart_write.o)
 .debug_frame   0x00000000000001e8       0x20 ../temp_test_bsp/\libhal_bsp.a(alt_dcache_flush_all.o)
 .debug_frame   0x0000000000000208       0x20 ../temp_test_bsp/\libhal_bsp.a(alt_dev.o)
 .debug_frame   0x0000000000000228       0x2c ../temp_test_bsp/\libhal_bsp.a(alt_dev_llist_insert.o)
 .debug_frame   0x0000000000000254       0x20 ../temp_test_bsp/\libhal_bsp.a(alt_icache_flush_all.o)
 .debug_frame   0x0000000000000274       0x34 ../temp_test_bsp/\libhal_bsp.a(alt_irq_handler.o)
 .debug_frame   0x00000000000002a8       0x20 ../temp_test_bsp/\libhal_bsp.a(altera_nios2_gen2_irq.o)
 .debug_frame   0x00000000000002c8       0x30 ../temp_test_bsp/\libhal_bsp.a(alt_instruction_exception_entry.o)

.debug_str      0x0000000000000000      0xec7
 *(.debug_str)
 .debug_str     0x0000000000000000      0x216 obj/default/hello_world_small.o
                                        0x254 (size before relaxing)
 .debug_str     0x0000000000000216       0xff ../temp_test_bsp/\libhal_bsp.a(alt_irq_register.o)
                                        0x230 (size before relaxing)
 .debug_str     0x0000000000000315       0x17 ../temp_test_bsp/\libhal_bsp.a(alt_irq_vars.o)
                                        0x162 (size before relaxing)
 .debug_str     0x000000000000032c      0x113 ../temp_test_bsp/\libhal_bsp.a(alt_load.o)
                                        0x264 (size before relaxing)
 .debug_str     0x000000000000043f       0x5e ../temp_test_bsp/\libhal_bsp.a(alt_main.o)
                                        0x206 (size before relaxing)
 .debug_str     0x000000000000049d       0x59 ../temp_test_bsp/\libhal_bsp.a(alt_printf.o)
                                        0x12e (size before relaxing)
 .debug_str     0x00000000000004f6       0x5e ../temp_test_bsp/\libhal_bsp.a(alt_putchar.o)
                                        0x1b3 (size before relaxing)
 .debug_str     0x0000000000000554      0x169 ../temp_test_bsp/\libhal_bsp.a(alt_sys_init.o)
                                        0x372 (size before relaxing)
 .debug_str     0x00000000000006bd       0x32 ../temp_test_bsp/\libhal_bsp.a(altera_avalon_jtag_uart_write.o)
                                        0x25e (size before relaxing)
 .debug_str     0x00000000000006ef       0x1f ../temp_test_bsp/\libhal_bsp.a(alt_dcache_flush_all.o)
                                        0x17d (size before relaxing)
 .debug_str     0x000000000000070e      0x125 ../temp_test_bsp/\libhal_bsp.a(alt_dev.o)
                                        0x32d (size before relaxing)
 .debug_str     0x0000000000000833       0x48 ../temp_test_bsp/\libhal_bsp.a(alt_dev_llist_insert.o)
                                        0x1f4 (size before relaxing)
 .debug_str     0x000000000000087b       0x14 ../temp_test_bsp/\libhal_bsp.a(alt_errno.o)
                                        0x16d (size before relaxing)
 .debug_str     0x000000000000088f       0x1f ../temp_test_bsp/\libhal_bsp.a(alt_icache_flush_all.o)
                                        0x17d (size before relaxing)
 .debug_str     0x00000000000008ae       0x3a ../temp_test_bsp/\libhal_bsp.a(alt_irq_handler.o)
                                        0x1e0 (size before relaxing)
 .debug_str     0x00000000000008e8       0x20 ../temp_test_bsp/\libhal_bsp.a(altera_nios2_gen2_irq.o)
                                        0x1ad (size before relaxing)
 .debug_str     0x0000000000000908      0x48b ../temp_test_bsp/\libhal_bsp.a(alt_instruction_exception_entry.o)
                                        0x5c8 (size before relaxing)
 .debug_str     0x0000000000000d93      0x134 c:/intelfpga_lite/18.1/nios2eds/bin/gnu/h-x86_64-mingw32/bin/../lib/gcc/nios2-elf/5.3.0/../../../../../H-x86_64-mingw32/nios2-elf/lib/mno-hw-mul\libsmallc.a(lib_a-int_errno.o)
                                        0x1d8 (size before relaxing)

.debug_loc      0x0000000000000000      0x594
 *(.debug_loc)
 .debug_loc     0x0000000000000000       0x8f obj/default/hello_world_small.o
 .debug_loc     0x000000000000008f       0xfa ../temp_test_bsp/\libhal_bsp.a(alt_irq_register.o)
 .debug_loc     0x0000000000000189      0x1de ../temp_test_bsp/\libhal_bsp.a(alt_printf.o)
 .debug_loc     0x0000000000000367       0x2c ../temp_test_bsp/\libhal_bsp.a(alt_putchar.o)
 .debug_loc     0x0000000000000393       0x21 ../temp_test_bsp/\libhal_bsp.a(alt_sys_init.o)
 .debug_loc     0x00000000000003b4       0x8b ../temp_test_bsp/\libhal_bsp.a(altera_avalon_jtag_uart_write.o)
 .debug_loc     0x000000000000043f       0x7e ../temp_test_bsp/\libhal_bsp.a(alt_dev_llist_insert.o)
 .debug_loc     0x00000000000004bd       0x72 ../temp_test_bsp/\libhal_bsp.a(alt_irq_handler.o)
 .debug_loc     0x000000000000052f       0x65 ../temp_test_bsp/\libhal_bsp.a(alt_instruction_exception_entry.o)

.debug_macinfo
 *(.debug_macinfo)

.debug_weaknames
 *(.debug_weaknames)

.debug_funcnames
 *(.debug_funcnames)

.debug_typenames
 *(.debug_typenames)

.debug_varnames
 *(.debug_varnames)

.debug_alt_sim_info
                0x0000000000000000       0x10
 *(.debug_alt_sim_info)
 .debug_alt_sim_info
                0x0000000000000000       0x10 ../temp_test_bsp//obj/HAL/src/crt0.o
                0x0000000000020000                __alt_data_end = 0x20000
                0x0000000000020000                PROVIDE (__alt_stack_pointer, __alt_data_end)
                [!provide]                        PROVIDE (__alt_stack_limit, __alt_stack_base)
                [!provide]                        PROVIDE (__alt_heap_start, end)
                [!provide]                        PROVIDE (__alt_heap_limit, 0x20000)
OUTPUT(temp_test.elf elf32-littlenios2)

.debug_ranges   0x0000000000000000      0x150
 .debug_ranges  0x0000000000000000       0x20 ../temp_test_bsp//obj/HAL/src/crt0.o
 .debug_ranges  0x0000000000000020       0x18 obj/default/hello_world_small.o
 .debug_ranges  0x0000000000000038       0x48 ../temp_test_bsp/\libhal_bsp.a(alt_load.o)
 .debug_ranges  0x0000000000000080       0x18 ../temp_test_bsp/\libhal_bsp.a(alt_printf.o)
 .debug_ranges  0x0000000000000098       0x18 ../temp_test_bsp/\libhal_bsp.a(alt_sys_init.o)
 .debug_ranges  0x00000000000000b0       0x20 ../temp_test_bsp/\libhal_bsp.a(alt_dev_llist_insert.o)
 .debug_ranges  0x00000000000000d0       0x28 ../temp_test_bsp/\libhal_bsp.a(alt_irq_entry.o)
 .debug_ranges  0x00000000000000f8       0x10 ../temp_test_bsp/\libhal_bsp.a(alt_irq_handler.o)
 .debug_ranges  0x0000000000000108       0x30 ../temp_test_bsp/\libhal_bsp.a(alt_exception_entry.o)
 .debug_ranges  0x0000000000000138       0x18 ../temp_test_bsp/\libhal_bsp.a(alt_instruction_exception_entry.o)
