Archive member included to satisfy reference by file (symbol)

c:/intelfpga_lite/18.1/nios2eds/bin/gnu/h-x86_64-mingw32/bin/../lib/gcc/nios2-elf/5.3.0/mno-hw-mul\libgcc.a(lib2-divmod.o)
                              obj/default/main.o (__divsi3)
c:/intelfpga_lite/18.1/nios2eds/bin/gnu/h-x86_64-mingw32/bin/../lib/gcc/nios2-elf/5.3.0/../../../../../H-x86_64-mingw32/nios2-elf/lib/mno-hw-mul\libsmallc.a(lib_a-printf.o)
                              obj/default/main.o (printf)
c:/intelfpga_lite/18.1/nios2eds/bin/gnu/h-x86_64-mingw32/bin/../lib/gcc/nios2-elf/5.3.0/../../../../../H-x86_64-mingw32/nios2-elf/lib/mno-hw-mul\libsmallc.a(lib_a-vfprintf.o)
                              c:/intelfpga_lite/18.1/nios2eds/bin/gnu/h-x86_64-mingw32/bin/../lib/gcc/nios2-elf/5.3.0/../../../../../H-x86_64-mingw32/nios2-elf/lib/mno-hw-mul\libsmallc.a(lib_a-printf.o) (___vfprintf_internal_r)
c:/intelfpga_lite/18.1/nios2eds/bin/gnu/h-x86_64-mingw32/bin/../lib/gcc/nios2-elf/5.3.0/../../../../../H-x86_64-mingw32/nios2-elf/lib/mno-hw-mul\libsmallc.a(lib_a-fvwrite_small_dev.o)
                              c:/intelfpga_lite/18.1/nios2eds/bin/gnu/h-x86_64-mingw32/bin/../lib/gcc/nios2-elf/5.3.0/../../../../../H-x86_64-mingw32/nios2-elf/lib/mno-hw-mul\libsmallc.a(lib_a-printf.o) (__sfvwrite_small_dev)
c:/intelfpga_lite/18.1/nios2eds/bin/gnu/h-x86_64-mingw32/bin/../lib/gcc/nios2-elf/5.3.0/../../../../../H-x86_64-mingw32/nios2-elf/lib/mno-hw-mul\libsmallc.a(lib_a-impure.o)
                              c:/intelfpga_lite/18.1/nios2eds/bin/gnu/h-x86_64-mingw32/bin/../lib/gcc/nios2-elf/5.3.0/../../../../../H-x86_64-mingw32/nios2-elf/lib/mno-hw-mul\libsmallc.a(lib_a-printf.o) (_impure_ptr)
c:/intelfpga_lite/18.1/nios2eds/bin/gnu/h-x86_64-mingw32/bin/../lib/gcc/nios2-elf/5.3.0/../../../../../H-x86_64-mingw32/nios2-elf/lib/mno-hw-mul\libsmallc.a(lib_a-strlen.o)
                              c:/intelfpga_lite/18.1/nios2eds/bin/gnu/h-x86_64-mingw32/bin/../lib/gcc/nios2-elf/5.3.0/../../../../../H-x86_64-mingw32/nios2-elf/lib/mno-hw-mul\libsmallc.a(lib_a-vfprintf.o) (strlen)
c:/intelfpga_lite/18.1/nios2eds/bin/gnu/h-x86_64-mingw32/bin/../lib/gcc/nios2-elf/5.3.0/../../../../../H-x86_64-mingw32/nios2-elf/lib/mno-hw-mul\libsmallc.a(lib_a-writer.o)
                              c:/intelfpga_lite/18.1/nios2eds/bin/gnu/h-x86_64-mingw32/bin/../lib/gcc/nios2-elf/5.3.0/../../../../../H-x86_64-mingw32/nios2-elf/lib/mno-hw-mul\libsmallc.a(lib_a-fvwrite_small_dev.o) (_write_r)
c:/intelfpga_lite/18.1/nios2eds/bin/gnu/h-x86_64-mingw32/bin/../lib/gcc/nios2-elf/5.3.0/../../../../../H-x86_64-mingw32/nios2-elf/lib/mno-hw-mul\libsmallc.a(lib_a-int_errno.o)
                              c:/intelfpga_lite/18.1/nios2eds/bin/gnu/h-x86_64-mingw32/bin/../lib/gcc/nios2-elf/5.3.0/../../../../../H-x86_64-mingw32/nios2-elf/lib/mno-hw-mul\libsmallc.a(lib_a-writer.o) (errno)
c:/intelfpga_lite/18.1/nios2eds/bin/gnu/h-x86_64-mingw32/bin/../lib/gcc/nios2-elf/5.3.0/mno-hw-mul\libgcc.a(lib2-mul.o)
                              c:/intelfpga_lite/18.1/nios2eds/bin/gnu/h-x86_64-mingw32/bin/../lib/gcc/nios2-elf/5.3.0/../../../../../H-x86_64-mingw32/nios2-elf/lib/mno-hw-mul\libsmallc.a(lib_a-vfprintf.o) (__mulsi3)
../final_uart_comm_bsp/\libhal_bsp.a(alt_load.o)
                              ../final_uart_comm_bsp//obj/HAL/src/crt0.o (alt_load)
../final_uart_comm_bsp/\libhal_bsp.a(alt_main.o)
                              ../final_uart_comm_bsp//obj/HAL/src/crt0.o (alt_main)
../final_uart_comm_bsp/\libhal_bsp.a(alt_write.o)
                              c:/intelfpga_lite/18.1/nios2eds/bin/gnu/h-x86_64-mingw32/bin/../lib/gcc/nios2-elf/5.3.0/../../../../../H-x86_64-mingw32/nios2-elf/lib/mno-hw-mul\libsmallc.a(lib_a-writer.o) (write)
../final_uart_comm_bsp/\libhal_bsp.a(alt_sys_init.o)
                              ../final_uart_comm_bsp/\libhal_bsp.a(alt_main.o) (alt_irq_init)
../final_uart_comm_bsp/\libhal_bsp.a(altera_avalon_jtag_uart_write.o)
                              ../final_uart_comm_bsp/\libhal_bsp.a(alt_write.o) (altera_avalon_jtag_uart_write)
../final_uart_comm_bsp/\libhal_bsp.a(altera_avalon_timer_sc.o)
                              ../final_uart_comm_bsp/\libhal_bsp.a(alt_sys_init.o) (alt_avalon_timer_sc_init)
../final_uart_comm_bsp/\libhal_bsp.a(altera_avalon_timer_vars.o)
                              ../final_uart_comm_bsp/\libhal_bsp.a(alt_sys_init.o) (altera_avalon_timer_ts_freq)
../final_uart_comm_bsp/\libhal_bsp.a(altera_up_avalon_accelerometer_spi.o)
                              obj/default/main.o (alt_up_accelerometer_spi_open_dev)
../final_uart_comm_bsp/\libhal_bsp.a(alt_dcache_flush_all.o)
                              ../final_uart_comm_bsp/\libhal_bsp.a(alt_load.o) (alt_dcache_flush_all)
../final_uart_comm_bsp/\libhal_bsp.a(alt_dev.o)
                              ../final_uart_comm_bsp/\libhal_bsp.a(alt_sys_init.o) (alt_dev_list)
../final_uart_comm_bsp/\libhal_bsp.a(alt_dev_llist_insert.o)
                              ../final_uart_comm_bsp/\libhal_bsp.a(alt_sys_init.o) (alt_dev_llist_insert)
../final_uart_comm_bsp/\libhal_bsp.a(alt_errno.o)
                              ../final_uart_comm_bsp/\libhal_bsp.a(alt_write.o) (alt_errno)
../final_uart_comm_bsp/\libhal_bsp.a(alt_find_dev.o)
                              ../final_uart_comm_bsp/\libhal_bsp.a(altera_up_avalon_accelerometer_spi.o) (alt_find_dev)
../final_uart_comm_bsp/\libhal_bsp.a(alt_icache_flush_all.o)
                              ../final_uart_comm_bsp/\libhal_bsp.a(alt_load.o) (alt_icache_flush_all)
../final_uart_comm_bsp/\libhal_bsp.a(alt_irq_register.o)
                              ../final_uart_comm_bsp/\libhal_bsp.a(altera_avalon_timer_sc.o) (alt_irq_register)
../final_uart_comm_bsp/\libhal_bsp.a(alt_irq_vars.o)
                              ../final_uart_comm_bsp/\libhal_bsp.a(alt_irq_register.o) (alt_irq_active)
../final_uart_comm_bsp/\libhal_bsp.a(alt_tick.o)
                              ../final_uart_comm_bsp/\libhal_bsp.a(altera_avalon_timer_sc.o) (alt_tick)
../final_uart_comm_bsp/\libhal_bsp.a(altera_nios2_gen2_irq.o)
                              ../final_uart_comm_bsp/\libhal_bsp.a(alt_sys_init.o) (altera_nios2_gen2_irq_init)
../final_uart_comm_bsp/\libhal_bsp.a(alt_irq_entry.o)
                              ../final_uart_comm_bsp/\libhal_bsp.a(alt_irq_register.o) (alt_irq_entry)
../final_uart_comm_bsp/\libhal_bsp.a(alt_irq_handler.o)
                              ../final_uart_comm_bsp/\libhal_bsp.a(alt_irq_register.o) (alt_irq_handler)
../final_uart_comm_bsp/\libhal_bsp.a(alt_exception_entry.o)
                              ../final_uart_comm_bsp/\libhal_bsp.a(alt_irq_entry.o) (alt_exception)
../final_uart_comm_bsp/\libhal_bsp.a(alt_instruction_exception_entry.o)
                              ../final_uart_comm_bsp/\libhal_bsp.a(alt_exception_entry.o) (alt_instruction_exception_entry)
c:/intelfpga_lite/18.1/nios2eds/bin/gnu/h-x86_64-mingw32/bin/../lib/gcc/nios2-elf/5.3.0/../../../../../H-x86_64-mingw32/nios2-elf/lib/mno-hw-mul\libsmallc.a(lib_a-memcmp.o)
                              ../final_uart_comm_bsp/\libhal_bsp.a(alt_find_dev.o) (memcmp)

Allocating common symbols
Common symbol       size              file

alt_irq             0x100             ../final_uart_comm_bsp/\libhal_bsp.a(alt_irq_handler.o)
errno               0x4               c:/intelfpga_lite/18.1/nios2eds/bin/gnu/h-x86_64-mingw32/bin/../lib/gcc/nios2-elf/5.3.0/../../../../../H-x86_64-mingw32/nios2-elf/lib/mno-hw-mul\libsmallc.a(lib_a-int_errno.o)

Memory Configuration

Name             Origin             Length             Attributes
reset            0x0000000000010000 0x0000000000000020
onchip_memory    0x0000000000010020 0x000000000000ffe0
*default*        0x0000000000000000 0xffffffffffffffff

Linker script and memory map

LOAD ../final_uart_comm_bsp//obj/HAL/src/crt0.o
LOAD obj/default/main.o
LOAD c:/intelfpga_lite/18.1/nios2eds/bin/gnu/h-x86_64-mingw32/bin/../lib/gcc/nios2-elf/5.3.0/../../../../../H-x86_64-mingw32/nios2-elf/lib/mno-hw-mul\libstdc++.a
LOAD c:/intelfpga_lite/18.1/nios2eds/bin/gnu/h-x86_64-mingw32/bin/../lib/gcc/nios2-elf/5.3.0/../../../../../H-x86_64-mingw32/nios2-elf/lib/mno-hw-mul\libm.a
LOAD c:/intelfpga_lite/18.1/nios2eds/bin/gnu/h-x86_64-mingw32/bin/../lib/gcc/nios2-elf/5.3.0/mno-hw-mul\libgcc.a
START GROUP
LOAD c:/intelfpga_lite/18.1/nios2eds/bin/gnu/h-x86_64-mingw32/bin/../lib/gcc/nios2-elf/5.3.0/../../../../../H-x86_64-mingw32/nios2-elf/lib/mno-hw-mul\libsmallc.a
LOAD c:/intelfpga_lite/18.1/nios2eds/bin/gnu/h-x86_64-mingw32/bin/../lib/gcc/nios2-elf/5.3.0/mno-hw-mul\libgcc.a
LOAD ../final_uart_comm_bsp/\libhal_bsp.a
LOAD c:/intelfpga_lite/18.1/nios2eds/bin/gnu/h-x86_64-mingw32/bin/../lib/gcc/nios2-elf/5.3.0/../../../../../H-x86_64-mingw32/nios2-elf/lib/mno-hw-mul\libm.a
END GROUP
LOAD c:/intelfpga_lite/18.1/nios2eds/bin/gnu/h-x86_64-mingw32/bin/../lib/gcc/nios2-elf/5.3.0/mno-hw-mul\libgcc.a
                0x0000000000010000                __alt_mem_onchip_memory = 0x10000

.entry          0x0000000000010000       0x20
 *(.entry)
 .entry         0x0000000000010000       0x20 ../final_uart_comm_bsp//obj/HAL/src/crt0.o
                0x0000000000010000                __reset
                0x000000000001000c                _exit

.exceptions     0x0000000000010020      0x160
                0x0000000000010020                PROVIDE (__ram_exceptions_start, ABSOLUTE (.))
                0x0000000000010020                . = ALIGN (0x20)
 *(.irq)
 *(.exceptions.entry.label)
 .exceptions.entry.label
                0x0000000000010020        0x0 ../final_uart_comm_bsp/\libhal_bsp.a(alt_irq_entry.o)
                0x0000000000010020                alt_irq_entry
 .exceptions.entry.label
                0x0000000000010020        0x0 ../final_uart_comm_bsp/\libhal_bsp.a(alt_exception_entry.o)
                0x0000000000010020                alt_exception
 *(.exceptions.entry.user)
 *(.exceptions.entry.ecc_fatal)
 *(.exceptions.entry)
 .exceptions.entry
                0x0000000000010020       0x54 ../final_uart_comm_bsp/\libhal_bsp.a(alt_exception_entry.o)
 *(.exceptions.irqtest.user)
 *(.exceptions.irqtest)
 .exceptions.irqtest
                0x0000000000010074       0x10 ../final_uart_comm_bsp/\libhal_bsp.a(alt_irq_entry.o)
 *(.exceptions.irqhandler.user)
 *(.exceptions.irqhandler)
 .exceptions.irqhandler
                0x0000000000010084        0x4 ../final_uart_comm_bsp/\libhal_bsp.a(alt_irq_entry.o)
 *(.exceptions.irqreturn.user)
 *(.exceptions.irqreturn)
 .exceptions.irqreturn
                0x0000000000010088        0x4 ../final_uart_comm_bsp/\libhal_bsp.a(alt_irq_entry.o)
 *(.exceptions.notirq.label)
 .exceptions.notirq.label
                0x000000000001008c        0x0 ../final_uart_comm_bsp/\libhal_bsp.a(alt_irq_entry.o)
 *(.exceptions.notirq.user)
 *(.exceptions.notirq)
 .exceptions.notirq
                0x000000000001008c        0x8 ../final_uart_comm_bsp/\libhal_bsp.a(alt_exception_entry.o)
 *(.exceptions.soft.user)
 *(.exceptions.soft)
 *(.exceptions.unknown.user)
 *(.exceptions.unknown)
 .exceptions.unknown
                0x0000000000010094       0x14 ../final_uart_comm_bsp/\libhal_bsp.a(alt_exception_entry.o)
 *(.exceptions.exit.label)
 .exceptions.exit.label
                0x00000000000100a8        0x0 ../final_uart_comm_bsp/\libhal_bsp.a(alt_irq_entry.o)
 .exceptions.exit.label
                0x00000000000100a8        0x0 ../final_uart_comm_bsp/\libhal_bsp.a(alt_exception_entry.o)
 *(.exceptions.exit.user)
 *(.exceptions.exit)
 .exceptions.exit
                0x00000000000100a8       0x54 ../final_uart_comm_bsp/\libhal_bsp.a(alt_exception_entry.o)
 *(.exceptions)
 .exceptions    0x00000000000100fc       0x60 ../final_uart_comm_bsp/\libhal_bsp.a(alt_irq_handler.o)
                0x00000000000100fc                alt_irq_handler
 .exceptions    0x000000000001015c       0x24 ../final_uart_comm_bsp/\libhal_bsp.a(alt_instruction_exception_entry.o)
                0x000000000001015c                alt_instruction_exception_entry
                0x0000000000010180                PROVIDE (__ram_exceptions_end, ABSOLUTE (.))
                0x0000000000010020                PROVIDE (__flash_exceptions_start, LOADADDR (.exceptions))

.text           0x0000000000010180     0x1208
                [!provide]                        PROVIDE (stext, ABSOLUTE (.))
 *(.interp)
 *(.hash)
 *(.dynsym)
 *(.dynstr)
 *(.gnu.version)
 *(.gnu.version_d)
 *(.gnu.version_r)
 *(.rel.init)
 *(.rela.init)
 *(.rel.text .rel.text.* .rel.gnu.linkonce.t.*)
 *(.rela.text .rela.text.* .rela.gnu.linkonce.t.*)
 *(.rel.fini)
 *(.rela.fini)
 *(.rel.rodata .rel.rodata.* .rel.gnu.linkonce.r.*)
 *(.rela.rodata .rela.rodata.* .rela.gnu.linkonce.r.*)
 *(.rel.data .rel.data.* .rel.gnu.linkonce.d.*)
 *(.rela.data .rela.data.* .rela.gnu.linkonce.d.*)
 *(.rel.tdata .rel.tdata.* .rel.gnu.linkonce.td.*)
 *(.rela.tdata .rela.tdata.* .rela.gnu.linkonce.td.*)
 *(.rel.tbss .rel.tbss.* .rel.gnu.linkonce.tb.*)
 *(.rela.tbss .rela.tbss.* .rela.gnu.linkonce.tb.*)
 *(.rel.ctors)
 *(.rela.ctors)
 *(.rel.dtors)
 *(.rela.dtors)
 *(.rel.got)
 *(.rela.got)
 *(.rel.sdata .rel.sdata.* .rel.gnu.linkonce.s.*)
 *(.rela.sdata .rela.sdata.* .rela.gnu.linkonce.s.*)
 *(.rel.sbss .rel.sbss.* .rel.gnu.linkonce.sb.*)
 *(.rela.sbss .rela.sbss.* .rela.gnu.linkonce.sb.*)
 *(.rel.sdata2 .rel.sdata2.* .rel.gnu.linkonce.s2.*)
 *(.rela.sdata2 .rela.sdata2.* .rela.gnu.linkonce.s2.*)
 *(.rel.sbss2 .rel.sbss2.* .rel.gnu.linkonce.sb2.*)
 *(.rela.sbss2 .rela.sbss2.* .rela.gnu.linkonce.sb2.*)
 *(.rel.bss .rel.bss.* .rel.gnu.linkonce.b.*)
 *(.rela.bss .rela.bss.* .rela.gnu.linkonce.b.*)
 *(.rel.plt)
 *(.rela.plt)
 *(.rel.dyn)
 *(.init)
 *(.plt)
 *(.text .stub .text.* .gnu.linkonce.t.*)
 .text          0x0000000000010180       0x3c ../final_uart_comm_bsp//obj/HAL/src/crt0.o
                0x0000000000010180                _start
 .text          0x00000000000101bc       0xb8 obj/default/main.o
                0x00000000000101bc                read_from_fir
                0x0000000000010218                write_to_fir
                0x0000000000010250                bound
 .text.startup  0x0000000000010274       0xe0 obj/default/main.o
                0x0000000000010274                main
 .text          0x0000000000010354      0x1b4 c:/intelfpga_lite/18.1/nios2eds/bin/gnu/h-x86_64-mingw32/bin/../lib/gcc/nios2-elf/5.3.0/mno-hw-mul\libgcc.a(lib2-divmod.o)
                0x0000000000010354                __divsi3
                0x00000000000103d8                __modsi3
                0x000000000001044c                __udivsi3
                0x00000000000104b0                __umodsi3
 .text          0x0000000000010508        0x0 c:/intelfpga_lite/18.1/nios2eds/bin/gnu/h-x86_64-mingw32/bin/../lib/gcc/nios2-elf/5.3.0/../../../../../H-x86_64-mingw32/nios2-elf/lib/mno-hw-mul\libsmallc.a(lib_a-printf.o)
 .text._printf_r
                0x0000000000010508       0x3c c:/intelfpga_lite/18.1/nios2eds/bin/gnu/h-x86_64-mingw32/bin/../lib/gcc/nios2-elf/5.3.0/../../../../../H-x86_64-mingw32/nios2-elf/lib/mno-hw-mul\libsmallc.a(lib_a-printf.o)
                0x0000000000010508                _printf_r
 .text.printf   0x0000000000010544       0x4c c:/intelfpga_lite/18.1/nios2eds/bin/gnu/h-x86_64-mingw32/bin/../lib/gcc/nios2-elf/5.3.0/../../../../../H-x86_64-mingw32/nios2-elf/lib/mno-hw-mul\libsmallc.a(lib_a-printf.o)
                0x0000000000010544                printf
 .text          0x0000000000010590        0x0 c:/intelfpga_lite/18.1/nios2eds/bin/gnu/h-x86_64-mingw32/bin/../lib/gcc/nios2-elf/5.3.0/../../../../../H-x86_64-mingw32/nios2-elf/lib/mno-hw-mul\libsmallc.a(lib_a-vfprintf.o)
 .text.print_repeat
                0x0000000000010590       0x6c c:/intelfpga_lite/18.1/nios2eds/bin/gnu/h-x86_64-mingw32/bin/../lib/gcc/nios2-elf/5.3.0/../../../../../H-x86_64-mingw32/nios2-elf/lib/mno-hw-mul\libsmallc.a(lib_a-vfprintf.o)
 .text.___vfprintf_internal_r
                0x00000000000105fc      0x52c c:/intelfpga_lite/18.1/nios2eds/bin/gnu/h-x86_64-mingw32/bin/../lib/gcc/nios2-elf/5.3.0/../../../../../H-x86_64-mingw32/nios2-elf/lib/mno-hw-mul\libsmallc.a(lib_a-vfprintf.o)
                0x00000000000105fc                ___vfprintf_internal_r
 .text.__vfprintf_internal
                0x0000000000010b28       0x1c c:/intelfpga_lite/18.1/nios2eds/bin/gnu/h-x86_64-mingw32/bin/../lib/gcc/nios2-elf/5.3.0/../../../../../H-x86_64-mingw32/nios2-elf/lib/mno-hw-mul\libsmallc.a(lib_a-vfprintf.o)
                0x0000000000010b28                __vfprintf_internal
 .text          0x0000000000010b44        0x0 c:/intelfpga_lite/18.1/nios2eds/bin/gnu/h-x86_64-mingw32/bin/../lib/gcc/nios2-elf/5.3.0/../../../../../H-x86_64-mingw32/nios2-elf/lib/mno-hw-mul\libsmallc.a(lib_a-fvwrite_small_dev.o)
 .text.__sfvwrite_small_dev
                0x0000000000010b44       0xb8 c:/intelfpga_lite/18.1/nios2eds/bin/gnu/h-x86_64-mingw32/bin/../lib/gcc/nios2-elf/5.3.0/../../../../../H-x86_64-mingw32/nios2-elf/lib/mno-hw-mul\libsmallc.a(lib_a-fvwrite_small_dev.o)
                0x0000000000010b44                __sfvwrite_small_dev
 .text          0x0000000000010bfc        0x0 c:/intelfpga_lite/18.1/nios2eds/bin/gnu/h-x86_64-mingw32/bin/../lib/gcc/nios2-elf/5.3.0/../../../../../H-x86_64-mingw32/nios2-elf/lib/mno-hw-mul\libsmallc.a(lib_a-impure.o)
 .text          0x0000000000010bfc        0x0 c:/intelfpga_lite/18.1/nios2eds/bin/gnu/h-x86_64-mingw32/bin/../lib/gcc/nios2-elf/5.3.0/../../../../../H-x86_64-mingw32/nios2-elf/lib/mno-hw-mul\libsmallc.a(lib_a-strlen.o)
 .text.strlen   0x0000000000010bfc       0x1c c:/intelfpga_lite/18.1/nios2eds/bin/gnu/h-x86_64-mingw32/bin/../lib/gcc/nios2-elf/5.3.0/../../../../../H-x86_64-mingw32/nios2-elf/lib/mno-hw-mul\libsmallc.a(lib_a-strlen.o)
                0x0000000000010bfc                strlen
 .text          0x0000000000010c18        0x0 c:/intelfpga_lite/18.1/nios2eds/bin/gnu/h-x86_64-mingw32/bin/../lib/gcc/nios2-elf/5.3.0/../../../../../H-x86_64-mingw32/nios2-elf/lib/mno-hw-mul\libsmallc.a(lib_a-writer.o)
 .text._write_r
                0x0000000000010c18       0x58 c:/intelfpga_lite/18.1/nios2eds/bin/gnu/h-x86_64-mingw32/bin/../lib/gcc/nios2-elf/5.3.0/../../../../../H-x86_64-mingw32/nios2-elf/lib/mno-hw-mul\libsmallc.a(lib_a-writer.o)
                0x0000000000010c18                _write_r
 .text          0x0000000000010c70        0x0 c:/intelfpga_lite/18.1/nios2eds/bin/gnu/h-x86_64-mingw32/bin/../lib/gcc/nios2-elf/5.3.0/../../../../../H-x86_64-mingw32/nios2-elf/lib/mno-hw-mul\libsmallc.a(lib_a-int_errno.o)
 .text          0x0000000000010c70       0x28 c:/intelfpga_lite/18.1/nios2eds/bin/gnu/h-x86_64-mingw32/bin/../lib/gcc/nios2-elf/5.3.0/mno-hw-mul\libgcc.a(lib2-mul.o)
                0x0000000000010c70                __mulsi3
 .text          0x0000000000010c98       0xe0 ../final_uart_comm_bsp/\libhal_bsp.a(alt_load.o)
                0x0000000000010c98                alt_load
 .text          0x0000000000010d78       0x2c ../final_uart_comm_bsp/\libhal_bsp.a(alt_main.o)
                0x0000000000010d78                alt_main
 .text          0x0000000000010da4       0x60 ../final_uart_comm_bsp/\libhal_bsp.a(alt_write.o)
                0x0000000000010da4                write
 .text          0x0000000000010e04       0x70 ../final_uart_comm_bsp/\libhal_bsp.a(alt_sys_init.o)
                0x0000000000010e04                alt_irq_init
                0x0000000000010e24                alt_sys_init
 .text          0x0000000000010e74       0x34 ../final_uart_comm_bsp/\libhal_bsp.a(altera_avalon_jtag_uart_write.o)
                0x0000000000010e74                altera_avalon_jtag_uart_write
 .text          0x0000000000010ea8       0x64 ../final_uart_comm_bsp/\libhal_bsp.a(altera_avalon_timer_sc.o)
                0x0000000000010ee4                alt_avalon_timer_sc_init
 .text          0x0000000000010f0c        0x0 ../final_uart_comm_bsp/\libhal_bsp.a(altera_avalon_timer_vars.o)
 .text          0x0000000000010f0c      0x160 ../final_uart_comm_bsp/\libhal_bsp.a(altera_up_avalon_accelerometer_spi.o)
                0x0000000000010f0c                alt_up_accelerometer_spi_open_dev
                0x0000000000010f14                alt_up_accelerometer_spi_read_address_register
                0x0000000000010f28                alt_up_accelerometer_spi_read
                0x0000000000010f48                alt_up_accelerometer_spi_write
                0x0000000000010f64                alt_up_accelerometer_spi_read_x_axis
                0x0000000000010fbc                alt_up_accelerometer_spi_read_y_axis
                0x0000000000011014                alt_up_accelerometer_spi_read_z_axis
 .text          0x000000000001106c        0x4 ../final_uart_comm_bsp/\libhal_bsp.a(alt_dcache_flush_all.o)
                0x000000000001106c                alt_dcache_flush_all
 .text          0x0000000000011070        0x8 ../final_uart_comm_bsp/\libhal_bsp.a(alt_dev.o)
 .text          0x0000000000011078       0x6c ../final_uart_comm_bsp/\libhal_bsp.a(alt_dev_llist_insert.o)
                0x0000000000011078                alt_dev_llist_insert
 .text          0x00000000000110e4        0x0 ../final_uart_comm_bsp/\libhal_bsp.a(alt_errno.o)
 .text          0x00000000000110e4       0x74 ../final_uart_comm_bsp/\libhal_bsp.a(alt_find_dev.o)
                0x00000000000110e4                alt_find_dev
 .text          0x0000000000011158        0x4 ../final_uart_comm_bsp/\libhal_bsp.a(alt_icache_flush_all.o)
                0x0000000000011158                alt_icache_flush_all
 .text          0x000000000001115c       0x94 ../final_uart_comm_bsp/\libhal_bsp.a(alt_irq_register.o)
                0x000000000001115c                alt_irq_register
 .text          0x00000000000111f0        0x0 ../final_uart_comm_bsp/\libhal_bsp.a(alt_irq_vars.o)
 .text          0x00000000000111f0       0xec ../final_uart_comm_bsp/\libhal_bsp.a(alt_tick.o)
                0x00000000000111f0                alt_alarm_stop
                0x0000000000011224                alt_tick
 .text          0x00000000000112dc        0x8 ../final_uart_comm_bsp/\libhal_bsp.a(altera_nios2_gen2_irq.o)
                0x00000000000112dc                altera_nios2_gen2_irq_init
 .text          0x00000000000112e4        0x0 ../final_uart_comm_bsp/\libhal_bsp.a(alt_irq_entry.o)
 .text          0x00000000000112e4        0x0 ../final_uart_comm_bsp/\libhal_bsp.a(alt_irq_handler.o)
 .text          0x00000000000112e4        0x0 ../final_uart_comm_bsp/\libhal_bsp.a(alt_exception_entry.o)
 .text          0x00000000000112e4       0x74 ../final_uart_comm_bsp/\libhal_bsp.a(alt_instruction_exception_entry.o)
                0x00000000000112e4                alt_exception_cause_generated_bad_addr
 .text          0x0000000000011358        0x0 c:/intelfpga_lite/18.1/nios2eds/bin/gnu/h-x86_64-mingw32/bin/../lib/gcc/nios2-elf/5.3.0/../../../../../H-x86_64-mingw32/nios2-elf/lib/mno-hw-mul\libsmallc.a(lib_a-memcmp.o)
 .text.memcmp   0x0000000000011358       0x30 c:/intelfpga_lite/18.1/nios2eds/bin/gnu/h-x86_64-mingw32/bin/../lib/gcc/nios2-elf/5.3.0/../../../../../H-x86_64-mingw32/nios2-elf/lib/mno-hw-mul\libsmallc.a(lib_a-memcmp.o)
                0x0000000000011358                memcmp
 *(.gnu.warning.*)
 *(.fini)
                [!provide]                        PROVIDE (__etext, ABSOLUTE (.))
                [!provide]                        PROVIDE (_etext, ABSOLUTE (.))
                [!provide]                        PROVIDE (etext, ABSOLUTE (.))
 *(.eh_frame_hdr)
                0x0000000000011388                . = ALIGN (0x4)
                [!provide]                        PROVIDE (__preinit_array_start, ABSOLUTE (.))
 *(.preinit_array)
                [!provide]                        PROVIDE (__preinit_array_end, ABSOLUTE (.))
                [!provide]                        PROVIDE (__init_array_start, ABSOLUTE (.))
 *(.init_array)
                [!provide]                        PROVIDE (__init_array_end, ABSOLUTE (.))
                [!provide]                        PROVIDE (__fini_array_start, ABSOLUTE (.))
 *(.fini_array)
                [!provide]                        PROVIDE (__fini_array_end, ABSOLUTE (.))
 *(.eh_frame)
 *(.gcc_except_table .gcc_except_table.*)
 *(.dynamic)
                [!provide]                        PROVIDE (__CTOR_LIST__, ABSOLUTE (.))
 *(.ctors)
 *(SORT(.ctors.*))
                [!provide]                        PROVIDE (__CTOR_END__, ABSOLUTE (.))
                [!provide]                        PROVIDE (__DTOR_LIST__, ABSOLUTE (.))
 *(.dtors)
 *(SORT(.dtors.*))
                [!provide]                        PROVIDE (__DTOR_END__, ABSOLUTE (.))
 *(.jcr)
                0x0000000000011388                . = ALIGN (0x4)

.rodata         0x0000000000011388       0x34
                0x0000000000011388                PROVIDE (__ram_rodata_start, ABSOLUTE (.))
                0x0000000000011388                . = ALIGN (0x4)
 *(.rodata .rodata.* .gnu.linkonce.r.*)
 .rodata.str1.4
                0x0000000000011388       0x25 obj/default/main.o
 .rodata.str1.4
                0x00000000000113ad       0x17 ../final_uart_comm_bsp/\libhal_bsp.a(alt_sys_init.o)
 *fill*         0x00000000000113ad        0x3 
 .rodata.str1.4
                0x00000000000113b0        0xc ../final_uart_comm_bsp/\libhal_bsp.a(alt_dev.o)
                                          0xa (size before relaxing)
 *(.rodata1)
                0x00000000000113bc                . = ALIGN (0x4)
                0x00000000000113bc                PROVIDE (__ram_rodata_end, ABSOLUTE (.))
                0x0000000000011388                PROVIDE (__flash_rodata_start, LOADADDR (.rodata))

.rwdata         0x00000000000113bc      0x194 load address 0x0000000000011550
                0x00000000000113bc                PROVIDE (__ram_rwdata_start, ABSOLUTE (.))
                0x00000000000113bc                . = ALIGN (0x4)
 *(.got.plt)
 *(.got)
 *(.data1)
 *(.data .data.* .gnu.linkonce.d.*)
 .data          0x00000000000113bc        0x0 ../final_uart_comm_bsp//obj/HAL/src/crt0.o
 .data          0x00000000000113bc        0x0 obj/default/main.o
 .data          0x00000000000113bc        0x0 c:/intelfpga_lite/18.1/nios2eds/bin/gnu/h-x86_64-mingw32/bin/../lib/gcc/nios2-elf/5.3.0/mno-hw-mul\libgcc.a(lib2-divmod.o)
 .data          0x00000000000113bc        0x0 c:/intelfpga_lite/18.1/nios2eds/bin/gnu/h-x86_64-mingw32/bin/../lib/gcc/nios2-elf/5.3.0/../../../../../H-x86_64-mingw32/nios2-elf/lib/mno-hw-mul\libsmallc.a(lib_a-printf.o)
 .data          0x00000000000113bc        0x0 c:/intelfpga_lite/18.1/nios2eds/bin/gnu/h-x86_64-mingw32/bin/../lib/gcc/nios2-elf/5.3.0/../../../../../H-x86_64-mingw32/nios2-elf/lib/mno-hw-mul\libsmallc.a(lib_a-vfprintf.o)
 .data          0x00000000000113bc        0x0 c:/intelfpga_lite/18.1/nios2eds/bin/gnu/h-x86_64-mingw32/bin/../lib/gcc/nios2-elf/5.3.0/../../../../../H-x86_64-mingw32/nios2-elf/lib/mno-hw-mul\libsmallc.a(lib_a-fvwrite_small_dev.o)
 .data          0x00000000000113bc        0x0 c:/intelfpga_lite/18.1/nios2eds/bin/gnu/h-x86_64-mingw32/bin/../lib/gcc/nios2-elf/5.3.0/../../../../../H-x86_64-mingw32/nios2-elf/lib/mno-hw-mul\libsmallc.a(lib_a-impure.o)
 .data.impure_data
                0x00000000000113bc       0xe0 c:/intelfpga_lite/18.1/nios2eds/bin/gnu/h-x86_64-mingw32/bin/../lib/gcc/nios2-elf/5.3.0/../../../../../H-x86_64-mingw32/nios2-elf/lib/mno-hw-mul\libsmallc.a(lib_a-impure.o)
 .data          0x000000000001149c        0x0 c:/intelfpga_lite/18.1/nios2eds/bin/gnu/h-x86_64-mingw32/bin/../lib/gcc/nios2-elf/5.3.0/../../../../../H-x86_64-mingw32/nios2-elf/lib/mno-hw-mul\libsmallc.a(lib_a-strlen.o)
 .data          0x000000000001149c        0x0 c:/intelfpga_lite/18.1/nios2eds/bin/gnu/h-x86_64-mingw32/bin/../lib/gcc/nios2-elf/5.3.0/../../../../../H-x86_64-mingw32/nios2-elf/lib/mno-hw-mul\libsmallc.a(lib_a-writer.o)
 .data          0x000000000001149c        0x0 c:/intelfpga_lite/18.1/nios2eds/bin/gnu/h-x86_64-mingw32/bin/../lib/gcc/nios2-elf/5.3.0/../../../../../H-x86_64-mingw32/nios2-elf/lib/mno-hw-mul\libsmallc.a(lib_a-int_errno.o)
 .data          0x000000000001149c        0x0 c:/intelfpga_lite/18.1/nios2eds/bin/gnu/h-x86_64-mingw32/bin/../lib/gcc/nios2-elf/5.3.0/mno-hw-mul\libgcc.a(lib2-mul.o)
 .data          0x000000000001149c        0x0 ../final_uart_comm_bsp/\libhal_bsp.a(alt_load.o)
 .data          0x000000000001149c        0x0 ../final_uart_comm_bsp/\libhal_bsp.a(alt_main.o)
 .data          0x000000000001149c        0x0 ../final_uart_comm_bsp/\libhal_bsp.a(alt_write.o)
 .data          0x000000000001149c       0x2c ../final_uart_comm_bsp/\libhal_bsp.a(alt_sys_init.o)
 .data          0x00000000000114c8        0x0 ../final_uart_comm_bsp/\libhal_bsp.a(altera_avalon_jtag_uart_write.o)
 .data          0x00000000000114c8        0x0 ../final_uart_comm_bsp/\libhal_bsp.a(altera_avalon_timer_sc.o)
 .data          0x00000000000114c8        0x0 ../final_uart_comm_bsp/\libhal_bsp.a(altera_avalon_timer_vars.o)
 .data          0x00000000000114c8        0x0 ../final_uart_comm_bsp/\libhal_bsp.a(altera_up_avalon_accelerometer_spi.o)
 .data          0x00000000000114c8        0x0 ../final_uart_comm_bsp/\libhal_bsp.a(alt_dcache_flush_all.o)
 .data          0x00000000000114c8       0x58 ../final_uart_comm_bsp/\libhal_bsp.a(alt_dev.o)
                0x00000000000114c8                alt_fd_list
                0x00000000000114f8                alt_dev_null
 .data          0x0000000000011520        0x0 ../final_uart_comm_bsp/\libhal_bsp.a(alt_dev_llist_insert.o)
 .data          0x0000000000011520        0x0 ../final_uart_comm_bsp/\libhal_bsp.a(alt_errno.o)
 .data          0x0000000000011520        0x0 ../final_uart_comm_bsp/\libhal_bsp.a(alt_find_dev.o)
 .data          0x0000000000011520        0x0 ../final_uart_comm_bsp/\libhal_bsp.a(alt_icache_flush_all.o)
 .data          0x0000000000011520        0x0 ../final_uart_comm_bsp/\libhal_bsp.a(alt_irq_register.o)
 .data          0x0000000000011520        0x0 ../final_uart_comm_bsp/\libhal_bsp.a(alt_irq_vars.o)
 .data          0x0000000000011520        0x0 ../final_uart_comm_bsp/\libhal_bsp.a(alt_tick.o)
 .data          0x0000000000011520        0x0 ../final_uart_comm_bsp/\libhal_bsp.a(altera_nios2_gen2_irq.o)
 .data          0x0000000000011520        0x0 ../final_uart_comm_bsp/\libhal_bsp.a(alt_irq_entry.o)
 .data          0x0000000000011520        0x0 ../final_uart_comm_bsp/\libhal_bsp.a(alt_irq_handler.o)
 .data          0x0000000000011520        0x0 ../final_uart_comm_bsp/\libhal_bsp.a(alt_exception_entry.o)
 .data          0x0000000000011520        0x0 ../final_uart_comm_bsp/\libhal_bsp.a(alt_instruction_exception_entry.o)
 .data          0x0000000000011520        0x0 c:/intelfpga_lite/18.1/nios2eds/bin/gnu/h-x86_64-mingw32/bin/../lib/gcc/nios2-elf/5.3.0/../../../../../H-x86_64-mingw32/nios2-elf/lib/mno-hw-mul\libsmallc.a(lib_a-memcmp.o)
                0x0000000000019520                _gp = ABSOLUTE ((. + 0x8000))
                [!provide]                        PROVIDE (gp, _gp)
 *(.rwdata .rwdata.*)
 *(.sdata .sdata.* .gnu.linkonce.s.*)
 .sdata._global_impure_ptr
                0x0000000000011520        0x4 c:/intelfpga_lite/18.1/nios2eds/bin/gnu/h-x86_64-mingw32/bin/../lib/gcc/nios2-elf/5.3.0/../../../../../H-x86_64-mingw32/nios2-elf/lib/mno-hw-mul\libsmallc.a(lib_a-impure.o)
                0x0000000000011520                _global_impure_ptr
 .sdata._impure_ptr
                0x0000000000011524        0x4 c:/intelfpga_lite/18.1/nios2eds/bin/gnu/h-x86_64-mingw32/bin/../lib/gcc/nios2-elf/5.3.0/../../../../../H-x86_64-mingw32/nios2-elf/lib/mno-hw-mul\libsmallc.a(lib_a-impure.o)
                0x0000000000011524                _impure_ptr
 .sdata         0x0000000000011528        0x4 ../final_uart_comm_bsp/\libhal_bsp.a(alt_sys_init.o)
                0x0000000000011528                jtag_uart
 .sdata         0x000000000001152c       0x14 ../final_uart_comm_bsp/\libhal_bsp.a(alt_dev.o)
                0x000000000001152c                alt_max_fd
                0x0000000000011530                alt_dev_list
                0x0000000000011538                alt_fs_list
 .sdata         0x0000000000011540        0x4 ../final_uart_comm_bsp/\libhal_bsp.a(alt_errno.o)
                0x0000000000011540                alt_errno
 .sdata         0x0000000000011544        0x4 ../final_uart_comm_bsp/\libhal_bsp.a(alt_irq_vars.o)
                0x0000000000011544                alt_priority_mask
 .sdata         0x0000000000011548        0x8 ../final_uart_comm_bsp/\libhal_bsp.a(alt_tick.o)
                0x0000000000011548                alt_alarm_list
 *(.sdata2 .sdata2.* .gnu.linkonce.s2.*)
                0x0000000000011550                . = ALIGN (0x4)
                0x0000000000011550                _edata = ABSOLUTE (.)
                [!provide]                        PROVIDE (edata, ABSOLUTE (.))
                0x0000000000011550                PROVIDE (__ram_rwdata_end, ABSOLUTE (.))
                0x0000000000011550                PROVIDE (__flash_rwdata_start, LOADADDR (.rwdata))

.bss            0x00000000000116e4      0x128
                0x00000000000116e4                __bss_start = ABSOLUTE (.)
                [!provide]                        PROVIDE (__sbss_start, ABSOLUTE (.))
                [!provide]                        PROVIDE (___sbss_start, ABSOLUTE (.))
 *(.dynsbss)
 *(.sbss .sbss.* .gnu.linkonce.sb.*)
 .sbss          0x00000000000116e4        0x4 c:/intelfpga_lite/18.1/nios2eds/bin/gnu/h-x86_64-mingw32/bin/../lib/gcc/nios2-elf/5.3.0/../../../../../H-x86_64-mingw32/nios2-elf/lib/mno-hw-mul\libsmallc.a(lib_a-int_errno.o)
                0x00000000000116e4                errno
 .sbss          0x00000000000116e8        0xc ../final_uart_comm_bsp/\libhal_bsp.a(alt_main.o)
                0x00000000000116e8                alt_envp
                0x00000000000116ec                alt_argv
                0x00000000000116f0                alt_argc
 .sbss          0x00000000000116f4        0x8 ../final_uart_comm_bsp/\libhal_bsp.a(altera_avalon_timer_vars.o)
                0x00000000000116f4                altera_avalon_timer_ts_freq
                0x00000000000116f8                altera_avalon_timer_ts_base
 .sbss          0x00000000000116fc        0x4 ../final_uart_comm_bsp/\libhal_bsp.a(alt_irq_vars.o)
                0x00000000000116fc                alt_irq_active
 .sbss          0x0000000000011700        0x8 ../final_uart_comm_bsp/\libhal_bsp.a(alt_tick.o)
                0x0000000000011700                _alt_nticks
                0x0000000000011704                _alt_tick_rate
 .sbss          0x0000000000011708        0x4 ../final_uart_comm_bsp/\libhal_bsp.a(alt_instruction_exception_entry.o)
                0x0000000000011708                alt_instruction_exception_handler
 *(.sbss2 .sbss2.* .gnu.linkonce.sb2.*)
 *(.scommon)
                [!provide]                        PROVIDE (__sbss_end, ABSOLUTE (.))
                [!provide]                        PROVIDE (___sbss_end, ABSOLUTE (.))
 *(.dynbss)
 *(.bss .bss.* .gnu.linkonce.b.*)
 .bss           0x000000000001170c        0x0 ../final_uart_comm_bsp//obj/HAL/src/crt0.o
 .bss           0x000000000001170c        0x0 obj/default/main.o
 .bss           0x000000000001170c        0x0 c:/intelfpga_lite/18.1/nios2eds/bin/gnu/h-x86_64-mingw32/bin/../lib/gcc/nios2-elf/5.3.0/mno-hw-mul\libgcc.a(lib2-divmod.o)
 .bss           0x000000000001170c        0x0 c:/intelfpga_lite/18.1/nios2eds/bin/gnu/h-x86_64-mingw32/bin/../lib/gcc/nios2-elf/5.3.0/../../../../../H-x86_64-mingw32/nios2-elf/lib/mno-hw-mul\libsmallc.a(lib_a-printf.o)
 .bss           0x000000000001170c        0x0 c:/intelfpga_lite/18.1/nios2eds/bin/gnu/h-x86_64-mingw32/bin/../lib/gcc/nios2-elf/5.3.0/../../../../../H-x86_64-mingw32/nios2-elf/lib/mno-hw-mul\libsmallc.a(lib_a-vfprintf.o)
 .bss           0x000000000001170c        0x0 c:/intelfpga_lite/18.1/nios2eds/bin/gnu/h-x86_64-mingw32/bin/../lib/gcc/nios2-elf/5.3.0/../../../../../H-x86_64-mingw32/nios2-elf/lib/mno-hw-mul\libsmallc.a(lib_a-fvwrite_small_dev.o)
 .bss           0x000000000001170c        0x0 c:/intelfpga_lite/18.1/nios2eds/bin/gnu/h-x86_64-mingw32/bin/../lib/gcc/nios2-elf/5.3.0/../../../../../H-x86_64-mingw32/nios2-elf/lib/mno-hw-mul\libsmallc.a(lib_a-impure.o)
 .bss           0x000000000001170c        0x0 c:/intelfpga_lite/18.1/nios2eds/bin/gnu/h-x86_64-mingw32/bin/../lib/gcc/nios2-elf/5.3.0/../../../../../H-x86_64-mingw32/nios2-elf/lib/mno-hw-mul\libsmallc.a(lib_a-strlen.o)
 .bss           0x000000000001170c        0x0 c:/intelfpga_lite/18.1/nios2eds/bin/gnu/h-x86_64-mingw32/bin/../lib/gcc/nios2-elf/5.3.0/../../../../../H-x86_64-mingw32/nios2-elf/lib/mno-hw-mul\libsmallc.a(lib_a-writer.o)
 .bss           0x000000000001170c        0x0 c:/intelfpga_lite/18.1/nios2eds/bin/gnu/h-x86_64-mingw32/bin/../lib/gcc/nios2-elf/5.3.0/../../../../../H-x86_64-mingw32/nios2-elf/lib/mno-hw-mul\libsmallc.a(lib_a-int_errno.o)
 .bss           0x000000000001170c        0x0 c:/intelfpga_lite/18.1/nios2eds/bin/gnu/h-x86_64-mingw32/bin/../lib/gcc/nios2-elf/5.3.0/mno-hw-mul\libgcc.a(lib2-mul.o)
 .bss           0x000000000001170c        0x0 ../final_uart_comm_bsp/\libhal_bsp.a(alt_load.o)
 .bss           0x000000000001170c        0x0 ../final_uart_comm_bsp/\libhal_bsp.a(alt_main.o)
 .bss           0x000000000001170c        0x0 ../final_uart_comm_bsp/\libhal_bsp.a(alt_write.o)
 .bss           0x000000000001170c        0x0 ../final_uart_comm_bsp/\libhal_bsp.a(alt_sys_init.o)
 .bss           0x000000000001170c        0x0 ../final_uart_comm_bsp/\libhal_bsp.a(altera_avalon_jtag_uart_write.o)
 .bss           0x000000000001170c        0x0 ../final_uart_comm_bsp/\libhal_bsp.a(altera_avalon_timer_sc.o)
 .bss           0x000000000001170c        0x0 ../final_uart_comm_bsp/\libhal_bsp.a(altera_avalon_timer_vars.o)
 .bss           0x000000000001170c        0x0 ../final_uart_comm_bsp/\libhal_bsp.a(altera_up_avalon_accelerometer_spi.o)
 .bss           0x000000000001170c        0x0 ../final_uart_comm_bsp/\libhal_bsp.a(alt_dcache_flush_all.o)
 .bss           0x000000000001170c        0x0 ../final_uart_comm_bsp/\libhal_bsp.a(alt_dev.o)
 .bss           0x000000000001170c        0x0 ../final_uart_comm_bsp/\libhal_bsp.a(alt_dev_llist_insert.o)
 .bss           0x000000000001170c        0x0 ../final_uart_comm_bsp/\libhal_bsp.a(alt_errno.o)
 .bss           0x000000000001170c        0x0 ../final_uart_comm_bsp/\libhal_bsp.a(alt_find_dev.o)
 .bss           0x000000000001170c        0x0 ../final_uart_comm_bsp/\libhal_bsp.a(alt_icache_flush_all.o)
 .bss           0x000000000001170c        0x0 ../final_uart_comm_bsp/\libhal_bsp.a(alt_irq_register.o)
 .bss           0x000000000001170c        0x0 ../final_uart_comm_bsp/\libhal_bsp.a(alt_irq_vars.o)
 .bss           0x000000000001170c        0x0 ../final_uart_comm_bsp/\libhal_bsp.a(alt_tick.o)
 .bss           0x000000000001170c        0x0 ../final_uart_comm_bsp/\libhal_bsp.a(altera_nios2_gen2_irq.o)
 .bss           0x000000000001170c        0x0 ../final_uart_comm_bsp/\libhal_bsp.a(alt_irq_entry.o)
 .bss           0x000000000001170c        0x0 ../final_uart_comm_bsp/\libhal_bsp.a(alt_irq_handler.o)
 .bss           0x000000000001170c        0x0 ../final_uart_comm_bsp/\libhal_bsp.a(alt_exception_entry.o)
 .bss           0x000000000001170c        0x0 ../final_uart_comm_bsp/\libhal_bsp.a(alt_instruction_exception_entry.o)
 .bss           0x000000000001170c        0x0 c:/intelfpga_lite/18.1/nios2eds/bin/gnu/h-x86_64-mingw32/bin/../lib/gcc/nios2-elf/5.3.0/../../../../../H-x86_64-mingw32/nios2-elf/lib/mno-hw-mul\libsmallc.a(lib_a-memcmp.o)
 *(COMMON)
 COMMON         0x000000000001170c      0x100 ../final_uart_comm_bsp/\libhal_bsp.a(alt_irq_handler.o)
                0x000000000001170c                alt_irq
                0x000000000001180c                . = ALIGN (0x4)
                0x000000000001180c                __bss_end = ABSOLUTE (.)

.onchip_memory  0x000000000001180c        0x0
                [!provide]                        PROVIDE (_alt_partition_onchip_memory_start, ABSOLUTE (.))
 *(.onchip_memory .onchip_memory. onchip_memory.*)
                0x000000000001180c                . = ALIGN (0x4)
                [!provide]                        PROVIDE (_alt_partition_onchip_memory_end, ABSOLUTE (.))
                0x000000000001180c                _end = ABSOLUTE (.)
                0x000000000001180c                end = ABSOLUTE (.)
                0x000000000001180c                __alt_stack_base = ABSOLUTE (.)
                [!provide]                        PROVIDE (_alt_partition_onchip_memory_load_addr, LOADADDR (.onchip_memory))

.stab
 *(.stab)

.stabstr
 *(.stabstr)

.stab.excl
 *(.stab.excl)

.stab.exclstr
 *(.stab.exclstr)

.stab.index
 *(.stab.index)

.stab.indexstr
 *(.stab.indexstr)

.comment        0x0000000000000000       0x23
 *(.comment)
 .comment       0x0000000000000000       0x23 obj/default/main.o
                                         0x24 (size before relaxing)
 .comment       0x0000000000000023       0x24 c:/intelfpga_lite/18.1/nios2eds/bin/gnu/h-x86_64-mingw32/bin/../lib/gcc/nios2-elf/5.3.0/mno-hw-mul\libgcc.a(lib2-divmod.o)
 .comment       0x0000000000000023       0x24 c:/intelfpga_lite/18.1/nios2eds/bin/gnu/h-x86_64-mingw32/bin/../lib/gcc/nios2-elf/5.3.0/../../../../../H-x86_64-mingw32/nios2-elf/lib/mno-hw-mul\libsmallc.a(lib_a-printf.o)
 .comment       0x0000000000000023       0x24 c:/intelfpga_lite/18.1/nios2eds/bin/gnu/h-x86_64-mingw32/bin/../lib/gcc/nios2-elf/5.3.0/../../../../../H-x86_64-mingw32/nios2-elf/lib/mno-hw-mul\libsmallc.a(lib_a-vfprintf.o)
 .comment       0x0000000000000023       0x24 c:/intelfpga_lite/18.1/nios2eds/bin/gnu/h-x86_64-mingw32/bin/../lib/gcc/nios2-elf/5.3.0/../../../../../H-x86_64-mingw32/nios2-elf/lib/mno-hw-mul\libsmallc.a(lib_a-fvwrite_small_dev.o)
 .comment       0x0000000000000023       0x24 c:/intelfpga_lite/18.1/nios2eds/bin/gnu/h-x86_64-mingw32/bin/../lib/gcc/nios2-elf/5.3.0/../../../../../H-x86_64-mingw32/nios2-elf/lib/mno-hw-mul\libsmallc.a(lib_a-impure.o)
 .comment       0x0000000000000023       0x24 c:/intelfpga_lite/18.1/nios2eds/bin/gnu/h-x86_64-mingw32/bin/../lib/gcc/nios2-elf/5.3.0/../../../../../H-x86_64-mingw32/nios2-elf/lib/mno-hw-mul\libsmallc.a(lib_a-strlen.o)
 .comment       0x0000000000000023       0x24 c:/intelfpga_lite/18.1/nios2eds/bin/gnu/h-x86_64-mingw32/bin/../lib/gcc/nios2-elf/5.3.0/../../../../../H-x86_64-mingw32/nios2-elf/lib/mno-hw-mul\libsmallc.a(lib_a-writer.o)
 .comment       0x0000000000000023       0x24 c:/intelfpga_lite/18.1/nios2eds/bin/gnu/h-x86_64-mingw32/bin/../lib/gcc/nios2-elf/5.3.0/../../../../../H-x86_64-mingw32/nios2-elf/lib/mno-hw-mul\libsmallc.a(lib_a-int_errno.o)
 .comment       0x0000000000000023       0x24 c:/intelfpga_lite/18.1/nios2eds/bin/gnu/h-x86_64-mingw32/bin/../lib/gcc/nios2-elf/5.3.0/mno-hw-mul\libgcc.a(lib2-mul.o)
 .comment       0x0000000000000023       0x24 ../final_uart_comm_bsp/\libhal_bsp.a(alt_load.o)
 .comment       0x0000000000000023       0x24 ../final_uart_comm_bsp/\libhal_bsp.a(alt_main.o)
 .comment       0x0000000000000023       0x24 ../final_uart_comm_bsp/\libhal_bsp.a(alt_write.o)
 .comment       0x0000000000000023       0x24 ../final_uart_comm_bsp/\libhal_bsp.a(alt_sys_init.o)
 .comment       0x0000000000000023       0x24 ../final_uart_comm_bsp/\libhal_bsp.a(altera_avalon_jtag_uart_write.o)
 .comment       0x0000000000000023       0x24 ../final_uart_comm_bsp/\libhal_bsp.a(altera_avalon_timer_sc.o)
 .comment       0x0000000000000023       0x24 ../final_uart_comm_bsp/\libhal_bsp.a(altera_avalon_timer_vars.o)
 .comment       0x0000000000000023       0x24 ../final_uart_comm_bsp/\libhal_bsp.a(altera_up_avalon_accelerometer_spi.o)
 .comment       0x0000000000000023       0x24 ../final_uart_comm_bsp/\libhal_bsp.a(alt_dcache_flush_all.o)
 .comment       0x0000000000000023       0x24 ../final_uart_comm_bsp/\libhal_bsp.a(alt_dev.o)
 .comment       0x0000000000000023       0x24 ../final_uart_comm_bsp/\libhal_bsp.a(alt_dev_llist_insert.o)
 .comment       0x0000000000000023       0x24 ../final_uart_comm_bsp/\libhal_bsp.a(alt_errno.o)
 .comment       0x0000000000000023       0x24 ../final_uart_comm_bsp/\libhal_bsp.a(alt_find_dev.o)
 .comment       0x0000000000000023       0x24 ../final_uart_comm_bsp/\libhal_bsp.a(alt_icache_flush_all.o)
 .comment       0x0000000000000023       0x24 ../final_uart_comm_bsp/\libhal_bsp.a(alt_irq_register.o)
 .comment       0x0000000000000023       0x24 ../final_uart_comm_bsp/\libhal_bsp.a(alt_irq_vars.o)
 .comment       0x0000000000000023       0x24 ../final_uart_comm_bsp/\libhal_bsp.a(alt_tick.o)
 .comment       0x0000000000000023       0x24 ../final_uart_comm_bsp/\libhal_bsp.a(altera_nios2_gen2_irq.o)
 .comment       0x0000000000000023       0x24 ../final_uart_comm_bsp/\libhal_bsp.a(alt_irq_handler.o)
 .comment       0x0000000000000023       0x24 ../final_uart_comm_bsp/\libhal_bsp.a(alt_instruction_exception_entry.o)
 .comment       0x0000000000000023       0x24 c:/intelfpga_lite/18.1/nios2eds/bin/gnu/h-x86_64-mingw32/bin/../lib/gcc/nios2-elf/5.3.0/../../../../../H-x86_64-mingw32/nios2-elf/lib/mno-hw-mul\libsmallc.a(lib_a-memcmp.o)

.debug
 *(.debug)

.line
 *(.line)

.debug_srcinfo
 *(.debug_srcinfo)

.debug_sfnames
 *(.debug_sfnames)

.debug_aranges  0x0000000000000000      0x470
 *(.debug_aranges)
 .debug_aranges
                0x0000000000000000       0x28 ../final_uart_comm_bsp//obj/HAL/src/crt0.o
 .debug_aranges
                0x0000000000000028       0x28 obj/default/main.o
 .debug_aranges
                0x0000000000000050       0x20 c:/intelfpga_lite/18.1/nios2eds/bin/gnu/h-x86_64-mingw32/bin/../lib/gcc/nios2-elf/5.3.0/mno-hw-mul\libgcc.a(lib2-divmod.o)
 .debug_aranges
                0x0000000000000070       0x28 c:/intelfpga_lite/18.1/nios2eds/bin/gnu/h-x86_64-mingw32/bin/../lib/gcc/nios2-elf/5.3.0/../../../../../H-x86_64-mingw32/nios2-elf/lib/mno-hw-mul\libsmallc.a(lib_a-printf.o)
 .debug_aranges
                0x0000000000000098       0x30 c:/intelfpga_lite/18.1/nios2eds/bin/gnu/h-x86_64-mingw32/bin/../lib/gcc/nios2-elf/5.3.0/../../../../../H-x86_64-mingw32/nios2-elf/lib/mno-hw-mul\libsmallc.a(lib_a-vfprintf.o)
 .debug_aranges
                0x00000000000000c8       0x20 c:/intelfpga_lite/18.1/nios2eds/bin/gnu/h-x86_64-mingw32/bin/../lib/gcc/nios2-elf/5.3.0/../../../../../H-x86_64-mingw32/nios2-elf/lib/mno-hw-mul\libsmallc.a(lib_a-fvwrite_small_dev.o)
 .debug_aranges
                0x00000000000000e8       0x18 c:/intelfpga_lite/18.1/nios2eds/bin/gnu/h-x86_64-mingw32/bin/../lib/gcc/nios2-elf/5.3.0/../../../../../H-x86_64-mingw32/nios2-elf/lib/mno-hw-mul\libsmallc.a(lib_a-impure.o)
 .debug_aranges
                0x0000000000000100       0x20 c:/intelfpga_lite/18.1/nios2eds/bin/gnu/h-x86_64-mingw32/bin/../lib/gcc/nios2-elf/5.3.0/../../../../../H-x86_64-mingw32/nios2-elf/lib/mno-hw-mul\libsmallc.a(lib_a-strlen.o)
 .debug_aranges
                0x0000000000000120       0x20 c:/intelfpga_lite/18.1/nios2eds/bin/gnu/h-x86_64-mingw32/bin/../lib/gcc/nios2-elf/5.3.0/../../../../../H-x86_64-mingw32/nios2-elf/lib/mno-hw-mul\libsmallc.a(lib_a-writer.o)
 .debug_aranges
                0x0000000000000140       0x18 c:/intelfpga_lite/18.1/nios2eds/bin/gnu/h-x86_64-mingw32/bin/../lib/gcc/nios2-elf/5.3.0/../../../../../H-x86_64-mingw32/nios2-elf/lib/mno-hw-mul\libsmallc.a(lib_a-int_errno.o)
 .debug_aranges
                0x0000000000000158       0x20 c:/intelfpga_lite/18.1/nios2eds/bin/gnu/h-x86_64-mingw32/bin/../lib/gcc/nios2-elf/5.3.0/mno-hw-mul\libgcc.a(lib2-mul.o)
 .debug_aranges
                0x0000000000000178       0x20 ../final_uart_comm_bsp/\libhal_bsp.a(alt_load.o)
 .debug_aranges
                0x0000000000000198       0x20 ../final_uart_comm_bsp/\libhal_bsp.a(alt_main.o)
 .debug_aranges
                0x00000000000001b8       0x20 ../final_uart_comm_bsp/\libhal_bsp.a(alt_write.o)
 .debug_aranges
                0x00000000000001d8       0x20 ../final_uart_comm_bsp/\libhal_bsp.a(alt_sys_init.o)
 .debug_aranges
                0x00000000000001f8       0x20 ../final_uart_comm_bsp/\libhal_bsp.a(altera_avalon_jtag_uart_write.o)
 .debug_aranges
                0x0000000000000218       0x20 ../final_uart_comm_bsp/\libhal_bsp.a(altera_avalon_timer_sc.o)
 .debug_aranges
                0x0000000000000238       0x18 ../final_uart_comm_bsp/\libhal_bsp.a(altera_avalon_timer_vars.o)
 .debug_aranges
                0x0000000000000250       0x20 ../final_uart_comm_bsp/\libhal_bsp.a(altera_up_avalon_accelerometer_spi.o)
 .debug_aranges
                0x0000000000000270       0x20 ../final_uart_comm_bsp/\libhal_bsp.a(alt_dcache_flush_all.o)
 .debug_aranges
                0x0000000000000290       0x20 ../final_uart_comm_bsp/\libhal_bsp.a(alt_dev.o)
 .debug_aranges
                0x00000000000002b0       0x20 ../final_uart_comm_bsp/\libhal_bsp.a(alt_dev_llist_insert.o)
 .debug_aranges
                0x00000000000002d0       0x18 ../final_uart_comm_bsp/\libhal_bsp.a(alt_errno.o)
 .debug_aranges
                0x00000000000002e8       0x20 ../final_uart_comm_bsp/\libhal_bsp.a(alt_find_dev.o)
 .debug_aranges
                0x0000000000000308       0x20 ../final_uart_comm_bsp/\libhal_bsp.a(alt_icache_flush_all.o)
 .debug_aranges
                0x0000000000000328       0x20 ../final_uart_comm_bsp/\libhal_bsp.a(alt_irq_register.o)
 .debug_aranges
                0x0000000000000348       0x18 ../final_uart_comm_bsp/\libhal_bsp.a(alt_irq_vars.o)
 .debug_aranges
                0x0000000000000360       0x20 ../final_uart_comm_bsp/\libhal_bsp.a(alt_tick.o)
 .debug_aranges
                0x0000000000000380       0x20 ../final_uart_comm_bsp/\libhal_bsp.a(altera_nios2_gen2_irq.o)
 .debug_aranges
                0x00000000000003a0       0x30 ../final_uart_comm_bsp/\libhal_bsp.a(alt_irq_entry.o)
 .debug_aranges
                0x00000000000003d0       0x20 ../final_uart_comm_bsp/\libhal_bsp.a(alt_irq_handler.o)
 .debug_aranges
                0x00000000000003f0       0x38 ../final_uart_comm_bsp/\libhal_bsp.a(alt_exception_entry.o)
 .debug_aranges
                0x0000000000000428       0x28 ../final_uart_comm_bsp/\libhal_bsp.a(alt_instruction_exception_entry.o)
 .debug_aranges
                0x0000000000000450       0x20 c:/intelfpga_lite/18.1/nios2eds/bin/gnu/h-x86_64-mingw32/bin/../lib/gcc/nios2-elf/5.3.0/../../../../../H-x86_64-mingw32/nios2-elf/lib/mno-hw-mul\libsmallc.a(lib_a-memcmp.o)

.debug_pubnames
 *(.debug_pubnames)

.debug_info     0x0000000000000000     0x59cf
 *(.debug_info .gnu.linkonce.wi.*)
 .debug_info    0x0000000000000000       0x9c ../final_uart_comm_bsp//obj/HAL/src/crt0.o
 .debug_info    0x000000000000009c      0x523 obj/default/main.o
 .debug_info    0x00000000000005bf      0x2c6 c:/intelfpga_lite/18.1/nios2eds/bin/gnu/h-x86_64-mingw32/bin/../lib/gcc/nios2-elf/5.3.0/mno-hw-mul\libgcc.a(lib2-divmod.o)
 .debug_info    0x0000000000000885      0x699 c:/intelfpga_lite/18.1/nios2eds/bin/gnu/h-x86_64-mingw32/bin/../lib/gcc/nios2-elf/5.3.0/../../../../../H-x86_64-mingw32/nios2-elf/lib/mno-hw-mul\libsmallc.a(lib_a-printf.o)
 .debug_info    0x0000000000000f1e      0xb2b c:/intelfpga_lite/18.1/nios2eds/bin/gnu/h-x86_64-mingw32/bin/../lib/gcc/nios2-elf/5.3.0/../../../../../H-x86_64-mingw32/nios2-elf/lib/mno-hw-mul\libsmallc.a(lib_a-vfprintf.o)
 .debug_info    0x0000000000001a49      0x62b c:/intelfpga_lite/18.1/nios2eds/bin/gnu/h-x86_64-mingw32/bin/../lib/gcc/nios2-elf/5.3.0/../../../../../H-x86_64-mingw32/nios2-elf/lib/mno-hw-mul\libsmallc.a(lib_a-fvwrite_small_dev.o)
 .debug_info    0x0000000000002074      0x5a9 c:/intelfpga_lite/18.1/nios2eds/bin/gnu/h-x86_64-mingw32/bin/../lib/gcc/nios2-elf/5.3.0/../../../../../H-x86_64-mingw32/nios2-elf/lib/mno-hw-mul\libsmallc.a(lib_a-impure.o)
 .debug_info    0x000000000000261d       0xc9 c:/intelfpga_lite/18.1/nios2eds/bin/gnu/h-x86_64-mingw32/bin/../lib/gcc/nios2-elf/5.3.0/../../../../../H-x86_64-mingw32/nios2-elf/lib/mno-hw-mul\libsmallc.a(lib_a-strlen.o)
 .debug_info    0x00000000000026e6      0x630 c:/intelfpga_lite/18.1/nios2eds/bin/gnu/h-x86_64-mingw32/bin/../lib/gcc/nios2-elf/5.3.0/../../../../../H-x86_64-mingw32/nios2-elf/lib/mno-hw-mul\libsmallc.a(lib_a-writer.o)
 .debug_info    0x0000000000002d16       0x8a c:/intelfpga_lite/18.1/nios2eds/bin/gnu/h-x86_64-mingw32/bin/../lib/gcc/nios2-elf/5.3.0/../../../../../H-x86_64-mingw32/nios2-elf/lib/mno-hw-mul\libsmallc.a(lib_a-int_errno.o)
 .debug_info    0x0000000000002da0       0xb4 c:/intelfpga_lite/18.1/nios2eds/bin/gnu/h-x86_64-mingw32/bin/../lib/gcc/nios2-elf/5.3.0/mno-hw-mul\libgcc.a(lib2-mul.o)
 .debug_info    0x0000000000002e54      0x1c9 ../final_uart_comm_bsp/\libhal_bsp.a(alt_load.o)
 .debug_info    0x000000000000301d      0x18f ../final_uart_comm_bsp/\libhal_bsp.a(alt_main.o)
 .debug_info    0x00000000000031ac      0x1c7 ../final_uart_comm_bsp/\libhal_bsp.a(alt_write.o)
 .debug_info    0x0000000000003373      0x48b ../final_uart_comm_bsp/\libhal_bsp.a(alt_sys_init.o)
 .debug_info    0x00000000000037fe      0x1ad ../final_uart_comm_bsp/\libhal_bsp.a(altera_avalon_jtag_uart_write.o)
 .debug_info    0x00000000000039ab      0x28e ../final_uart_comm_bsp/\libhal_bsp.a(altera_avalon_timer_sc.o)
 .debug_info    0x0000000000003c39       0xe9 ../final_uart_comm_bsp/\libhal_bsp.a(altera_avalon_timer_vars.o)
 .debug_info    0x0000000000003d22      0x479 ../final_uart_comm_bsp/\libhal_bsp.a(altera_up_avalon_accelerometer_spi.o)
 .debug_info    0x000000000000419b       0x92 ../final_uart_comm_bsp/\libhal_bsp.a(alt_dcache_flush_all.o)
 .debug_info    0x000000000000422d      0x499 ../final_uart_comm_bsp/\libhal_bsp.a(alt_dev.o)
 .debug_info    0x00000000000046c6      0x1b3 ../final_uart_comm_bsp/\libhal_bsp.a(alt_dev_llist_insert.o)
 .debug_info    0x0000000000004879       0xa6 ../final_uart_comm_bsp/\libhal_bsp.a(alt_errno.o)
 .debug_info    0x000000000000491f      0x32d ../final_uart_comm_bsp/\libhal_bsp.a(alt_find_dev.o)
 .debug_info    0x0000000000004c4c       0x92 ../final_uart_comm_bsp/\libhal_bsp.a(alt_icache_flush_all.o)
 .debug_info    0x0000000000004cde      0x30d ../final_uart_comm_bsp/\libhal_bsp.a(alt_irq_register.o)
 .debug_info    0x0000000000004feb       0x88 ../final_uart_comm_bsp/\libhal_bsp.a(alt_irq_vars.o)
 .debug_info    0x0000000000005073      0x2bf ../final_uart_comm_bsp/\libhal_bsp.a(alt_tick.o)
 .debug_info    0x0000000000005332       0xb8 ../final_uart_comm_bsp/\libhal_bsp.a(altera_nios2_gen2_irq.o)
 .debug_info    0x00000000000053ea       0xa5 ../final_uart_comm_bsp/\libhal_bsp.a(alt_irq_entry.o)
 .debug_info    0x000000000000548f      0x1a4 ../final_uart_comm_bsp/\libhal_bsp.a(alt_irq_handler.o)
 .debug_info    0x0000000000005633       0xab ../final_uart_comm_bsp/\libhal_bsp.a(alt_exception_entry.o)
 .debug_info    0x00000000000056de      0x1fd ../final_uart_comm_bsp/\libhal_bsp.a(alt_instruction_exception_entry.o)
 .debug_info    0x00000000000058db       0xf4 c:/intelfpga_lite/18.1/nios2eds/bin/gnu/h-x86_64-mingw32/bin/../lib/gcc/nios2-elf/5.3.0/../../../../../H-x86_64-mingw32/nios2-elf/lib/mno-hw-mul\libsmallc.a(lib_a-memcmp.o)

.debug_abbrev   0x0000000000000000     0x207c
 *(.debug_abbrev)
 .debug_abbrev  0x0000000000000000       0x12 ../final_uart_comm_bsp//obj/HAL/src/crt0.o
 .debug_abbrev  0x0000000000000012      0x1ac obj/default/main.o
 .debug_abbrev  0x00000000000001be      0x10e c:/intelfpga_lite/18.1/nios2eds/bin/gnu/h-x86_64-mingw32/bin/../lib/gcc/nios2-elf/5.3.0/mno-hw-mul\libgcc.a(lib2-divmod.o)
 .debug_abbrev  0x00000000000002cc      0x1ee c:/intelfpga_lite/18.1/nios2eds/bin/gnu/h-x86_64-mingw32/bin/../lib/gcc/nios2-elf/5.3.0/../../../../../H-x86_64-mingw32/nios2-elf/lib/mno-hw-mul\libsmallc.a(lib_a-printf.o)
 .debug_abbrev  0x00000000000004ba      0x2a1 c:/intelfpga_lite/18.1/nios2eds/bin/gnu/h-x86_64-mingw32/bin/../lib/gcc/nios2-elf/5.3.0/../../../../../H-x86_64-mingw32/nios2-elf/lib/mno-hw-mul\libsmallc.a(lib_a-vfprintf.o)
 .debug_abbrev  0x000000000000075b      0x1bc c:/intelfpga_lite/18.1/nios2eds/bin/gnu/h-x86_64-mingw32/bin/../lib/gcc/nios2-elf/5.3.0/../../../../../H-x86_64-mingw32/nios2-elf/lib/mno-hw-mul\libsmallc.a(lib_a-fvwrite_small_dev.o)
 .debug_abbrev  0x0000000000000917      0x14a c:/intelfpga_lite/18.1/nios2eds/bin/gnu/h-x86_64-mingw32/bin/../lib/gcc/nios2-elf/5.3.0/../../../../../H-x86_64-mingw32/nios2-elf/lib/mno-hw-mul\libsmallc.a(lib_a-impure.o)
 .debug_abbrev  0x0000000000000a61       0x7f c:/intelfpga_lite/18.1/nios2eds/bin/gnu/h-x86_64-mingw32/bin/../lib/gcc/nios2-elf/5.3.0/../../../../../H-x86_64-mingw32/nios2-elf/lib/mno-hw-mul\libsmallc.a(lib_a-strlen.o)
 .debug_abbrev  0x0000000000000ae0      0x1a6 c:/intelfpga_lite/18.1/nios2eds/bin/gnu/h-x86_64-mingw32/bin/../lib/gcc/nios2-elf/5.3.0/../../../../../H-x86_64-mingw32/nios2-elf/lib/mno-hw-mul\libsmallc.a(lib_a-writer.o)
 .debug_abbrev  0x0000000000000c86       0x37 c:/intelfpga_lite/18.1/nios2eds/bin/gnu/h-x86_64-mingw32/bin/../lib/gcc/nios2-elf/5.3.0/../../../../../H-x86_64-mingw32/nios2-elf/lib/mno-hw-mul\libsmallc.a(lib_a-int_errno.o)
 .debug_abbrev  0x0000000000000cbd       0x6f c:/intelfpga_lite/18.1/nios2eds/bin/gnu/h-x86_64-mingw32/bin/../lib/gcc/nios2-elf/5.3.0/mno-hw-mul\libgcc.a(lib2-mul.o)
 .debug_abbrev  0x0000000000000d2c       0xd8 ../final_uart_comm_bsp/\libhal_bsp.a(alt_load.o)
 .debug_abbrev  0x0000000000000e04       0xf5 ../final_uart_comm_bsp/\libhal_bsp.a(alt_main.o)
 .debug_abbrev  0x0000000000000ef9      0x12e ../final_uart_comm_bsp/\libhal_bsp.a(alt_write.o)
 .debug_abbrev  0x0000000000001027      0x1b2 ../final_uart_comm_bsp/\libhal_bsp.a(alt_sys_init.o)
 .debug_abbrev  0x00000000000011d9       0xd5 ../final_uart_comm_bsp/\libhal_bsp.a(altera_avalon_jtag_uart_write.o)
 .debug_abbrev  0x00000000000012ae      0x194 ../final_uart_comm_bsp/\libhal_bsp.a(altera_avalon_timer_sc.o)
 .debug_abbrev  0x0000000000001442       0x83 ../final_uart_comm_bsp/\libhal_bsp.a(altera_avalon_timer_vars.o)
 .debug_abbrev  0x00000000000014c5      0x119 ../final_uart_comm_bsp/\libhal_bsp.a(altera_up_avalon_accelerometer_spi.o)
 .debug_abbrev  0x00000000000015de       0x42 ../final_uart_comm_bsp/\libhal_bsp.a(alt_dcache_flush_all.o)
 .debug_abbrev  0x0000000000001620       0xd9 ../final_uart_comm_bsp/\libhal_bsp.a(alt_dev.o)
 .debug_abbrev  0x00000000000016f9      0x11c ../final_uart_comm_bsp/\libhal_bsp.a(alt_dev_llist_insert.o)
 .debug_abbrev  0x0000000000001815       0x5a ../final_uart_comm_bsp/\libhal_bsp.a(alt_errno.o)
 .debug_abbrev  0x000000000000186f      0x125 ../final_uart_comm_bsp/\libhal_bsp.a(alt_find_dev.o)
 .debug_abbrev  0x0000000000001994       0x42 ../final_uart_comm_bsp/\libhal_bsp.a(alt_icache_flush_all.o)
 .debug_abbrev  0x00000000000019d6      0x1a5 ../final_uart_comm_bsp/\libhal_bsp.a(alt_irq_register.o)
 .debug_abbrev  0x0000000000001b7b       0x40 ../final_uart_comm_bsp/\libhal_bsp.a(alt_irq_vars.o)
 .debug_abbrev  0x0000000000001bbb      0x198 ../final_uart_comm_bsp/\libhal_bsp.a(alt_tick.o)
 .debug_abbrev  0x0000000000001d53       0x67 ../final_uart_comm_bsp/\libhal_bsp.a(altera_nios2_gen2_irq.o)
 .debug_abbrev  0x0000000000001dba       0x12 ../final_uart_comm_bsp/\libhal_bsp.a(alt_irq_entry.o)
 .debug_abbrev  0x0000000000001dcc      0x138 ../final_uart_comm_bsp/\libhal_bsp.a(alt_irq_handler.o)
 .debug_abbrev  0x0000000000001f04       0x12 ../final_uart_comm_bsp/\libhal_bsp.a(alt_exception_entry.o)
 .debug_abbrev  0x0000000000001f16       0xe7 ../final_uart_comm_bsp/\libhal_bsp.a(alt_instruction_exception_entry.o)
 .debug_abbrev  0x0000000000001ffd       0x7f c:/intelfpga_lite/18.1/nios2eds/bin/gnu/h-x86_64-mingw32/bin/../lib/gcc/nios2-elf/5.3.0/../../../../../H-x86_64-mingw32/nios2-elf/lib/mno-hw-mul\libsmallc.a(lib_a-memcmp.o)

.debug_line     0x0000000000000000     0x22aa
 *(.debug_line)
 .debug_line    0x0000000000000000       0x66 ../final_uart_comm_bsp//obj/HAL/src/crt0.o
 .debug_line    0x0000000000000066      0x18c obj/default/main.o
 .debug_line    0x00000000000001f2      0x105 c:/intelfpga_lite/18.1/nios2eds/bin/gnu/h-x86_64-mingw32/bin/../lib/gcc/nios2-elf/5.3.0/mno-hw-mul\libgcc.a(lib2-divmod.o)
 .debug_line    0x00000000000002f7      0x203 c:/intelfpga_lite/18.1/nios2eds/bin/gnu/h-x86_64-mingw32/bin/../lib/gcc/nios2-elf/5.3.0/../../../../../H-x86_64-mingw32/nios2-elf/lib/mno-hw-mul\libsmallc.a(lib_a-printf.o)
 .debug_line    0x00000000000004fa      0x351 c:/intelfpga_lite/18.1/nios2eds/bin/gnu/h-x86_64-mingw32/bin/../lib/gcc/nios2-elf/5.3.0/../../../../../H-x86_64-mingw32/nios2-elf/lib/mno-hw-mul\libsmallc.a(lib_a-vfprintf.o)
 .debug_line    0x000000000000084b      0x1f0 c:/intelfpga_lite/18.1/nios2eds/bin/gnu/h-x86_64-mingw32/bin/../lib/gcc/nios2-elf/5.3.0/../../../../../H-x86_64-mingw32/nios2-elf/lib/mno-hw-mul\libsmallc.a(lib_a-fvwrite_small_dev.o)
 .debug_line    0x0000000000000a3b      0x156 c:/intelfpga_lite/18.1/nios2eds/bin/gnu/h-x86_64-mingw32/bin/../lib/gcc/nios2-elf/5.3.0/../../../../../H-x86_64-mingw32/nios2-elf/lib/mno-hw-mul\libsmallc.a(lib_a-impure.o)
 .debug_line    0x0000000000000b91      0x15c c:/intelfpga_lite/18.1/nios2eds/bin/gnu/h-x86_64-mingw32/bin/../lib/gcc/nios2-elf/5.3.0/../../../../../H-x86_64-mingw32/nios2-elf/lib/mno-hw-mul\libsmallc.a(lib_a-strlen.o)
 .debug_line    0x0000000000000ced      0x1ed c:/intelfpga_lite/18.1/nios2eds/bin/gnu/h-x86_64-mingw32/bin/../lib/gcc/nios2-elf/5.3.0/../../../../../H-x86_64-mingw32/nios2-elf/lib/mno-hw-mul\libsmallc.a(lib_a-writer.o)
 .debug_line    0x0000000000000eda       0x5f c:/intelfpga_lite/18.1/nios2eds/bin/gnu/h-x86_64-mingw32/bin/../lib/gcc/nios2-elf/5.3.0/../../../../../H-x86_64-mingw32/nios2-elf/lib/mno-hw-mul\libsmallc.a(lib_a-int_errno.o)
 .debug_line    0x0000000000000f39       0x80 c:/intelfpga_lite/18.1/nios2eds/bin/gnu/h-x86_64-mingw32/bin/../lib/gcc/nios2-elf/5.3.0/mno-hw-mul\libgcc.a(lib2-mul.o)
 .debug_line    0x0000000000000fb9       0xa4 ../final_uart_comm_bsp/\libhal_bsp.a(alt_load.o)
 .debug_line    0x000000000000105d       0xea ../final_uart_comm_bsp/\libhal_bsp.a(alt_main.o)
 .debug_line    0x0000000000001147      0x16a ../final_uart_comm_bsp/\libhal_bsp.a(alt_write.o)
 .debug_line    0x00000000000012b1      0x17f ../final_uart_comm_bsp/\libhal_bsp.a(alt_sys_init.o)
 .debug_line    0x0000000000001430      0x104 ../final_uart_comm_bsp/\libhal_bsp.a(altera_avalon_jtag_uart_write.o)
 .debug_line    0x0000000000001534      0x113 ../final_uart_comm_bsp/\libhal_bsp.a(altera_avalon_timer_sc.o)
 .debug_line    0x0000000000001647       0x8a ../final_uart_comm_bsp/\libhal_bsp.a(altera_avalon_timer_vars.o)
 .debug_line    0x00000000000016d1      0x131 ../final_uart_comm_bsp/\libhal_bsp.a(altera_up_avalon_accelerometer_spi.o)
 .debug_line    0x0000000000001802       0x4e ../final_uart_comm_bsp/\libhal_bsp.a(alt_dcache_flush_all.o)
 .debug_line    0x0000000000001850       0xf6 ../final_uart_comm_bsp/\libhal_bsp.a(alt_dev.o)
 .debug_line    0x0000000000001946       0xd8 ../final_uart_comm_bsp/\libhal_bsp.a(alt_dev_llist_insert.o)
 .debug_line    0x0000000000001a1e       0x51 ../final_uart_comm_bsp/\libhal_bsp.a(alt_errno.o)
 .debug_line    0x0000000000001a6f      0x107 ../final_uart_comm_bsp/\libhal_bsp.a(alt_find_dev.o)
 .debug_line    0x0000000000001b76       0x4e ../final_uart_comm_bsp/\libhal_bsp.a(alt_icache_flush_all.o)
 .debug_line    0x0000000000001bc4       0xed ../final_uart_comm_bsp/\libhal_bsp.a(alt_irq_register.o)
 .debug_line    0x0000000000001cb1       0x50 ../final_uart_comm_bsp/\libhal_bsp.a(alt_irq_vars.o)
 .debug_line    0x0000000000001d01      0x118 ../final_uart_comm_bsp/\libhal_bsp.a(alt_tick.o)
 .debug_line    0x0000000000001e19       0x8c ../final_uart_comm_bsp/\libhal_bsp.a(altera_nios2_gen2_irq.o)
 .debug_line    0x0000000000001ea5       0x6b ../final_uart_comm_bsp/\libhal_bsp.a(alt_irq_entry.o)
 .debug_line    0x0000000000001f10       0xc8 ../final_uart_comm_bsp/\libhal_bsp.a(alt_irq_handler.o)
 .debug_line    0x0000000000001fd8       0xb3 ../final_uart_comm_bsp/\libhal_bsp.a(alt_exception_entry.o)
 .debug_line    0x000000000000208b       0xbf ../final_uart_comm_bsp/\libhal_bsp.a(alt_instruction_exception_entry.o)
 .debug_line    0x000000000000214a      0x160 c:/intelfpga_lite/18.1/nios2eds/bin/gnu/h-x86_64-mingw32/bin/../lib/gcc/nios2-elf/5.3.0/../../../../../H-x86_64-mingw32/nios2-elf/lib/mno-hw-mul\libsmallc.a(lib_a-memcmp.o)

.debug_frame    0x0000000000000000      0x5f0
 *(.debug_frame)
 .debug_frame   0x0000000000000000       0x70 obj/default/main.o
 .debug_frame   0x0000000000000070       0x50 c:/intelfpga_lite/18.1/nios2eds/bin/gnu/h-x86_64-mingw32/bin/../lib/gcc/nios2-elf/5.3.0/mno-hw-mul\libgcc.a(lib2-divmod.o)
 .debug_frame   0x00000000000000c0       0x48 c:/intelfpga_lite/18.1/nios2eds/bin/gnu/h-x86_64-mingw32/bin/../lib/gcc/nios2-elf/5.3.0/../../../../../H-x86_64-mingw32/nios2-elf/lib/mno-hw-mul\libsmallc.a(lib_a-printf.o)
 .debug_frame   0x0000000000000108       0x8c c:/intelfpga_lite/18.1/nios2eds/bin/gnu/h-x86_64-mingw32/bin/../lib/gcc/nios2-elf/5.3.0/../../../../../H-x86_64-mingw32/nios2-elf/lib/mno-hw-mul\libsmallc.a(lib_a-vfprintf.o)
 .debug_frame   0x0000000000000194       0x58 c:/intelfpga_lite/18.1/nios2eds/bin/gnu/h-x86_64-mingw32/bin/../lib/gcc/nios2-elf/5.3.0/../../../../../H-x86_64-mingw32/nios2-elf/lib/mno-hw-mul\libsmallc.a(lib_a-fvwrite_small_dev.o)
 .debug_frame   0x00000000000001ec       0x20 c:/intelfpga_lite/18.1/nios2eds/bin/gnu/h-x86_64-mingw32/bin/../lib/gcc/nios2-elf/5.3.0/../../../../../H-x86_64-mingw32/nios2-elf/lib/mno-hw-mul\libsmallc.a(lib_a-strlen.o)
 .debug_frame   0x000000000000020c       0x38 c:/intelfpga_lite/18.1/nios2eds/bin/gnu/h-x86_64-mingw32/bin/../lib/gcc/nios2-elf/5.3.0/../../../../../H-x86_64-mingw32/nios2-elf/lib/mno-hw-mul\libsmallc.a(lib_a-writer.o)
 .debug_frame   0x0000000000000244       0x20 c:/intelfpga_lite/18.1/nios2eds/bin/gnu/h-x86_64-mingw32/bin/../lib/gcc/nios2-elf/5.3.0/mno-hw-mul\libgcc.a(lib2-mul.o)
 .debug_frame   0x0000000000000264       0x30 ../final_uart_comm_bsp/\libhal_bsp.a(alt_load.o)
 .debug_frame   0x0000000000000294       0x2c ../final_uart_comm_bsp/\libhal_bsp.a(alt_main.o)
 .debug_frame   0x00000000000002c0       0x2c ../final_uart_comm_bsp/\libhal_bsp.a(alt_write.o)
 .debug_frame   0x00000000000002ec       0x48 ../final_uart_comm_bsp/\libhal_bsp.a(alt_sys_init.o)
 .debug_frame   0x0000000000000334       0x20 ../final_uart_comm_bsp/\libhal_bsp.a(altera_avalon_jtag_uart_write.o)
 .debug_frame   0x0000000000000354       0x40 ../final_uart_comm_bsp/\libhal_bsp.a(altera_avalon_timer_sc.o)
 .debug_frame   0x0000000000000394       0x80 ../final_uart_comm_bsp/\libhal_bsp.a(altera_up_avalon_accelerometer_spi.o)
 .debug_frame   0x0000000000000414       0x20 ../final_uart_comm_bsp/\libhal_bsp.a(alt_dcache_flush_all.o)
 .debug_frame   0x0000000000000434       0x20 ../final_uart_comm_bsp/\libhal_bsp.a(alt_dev.o)
 .debug_frame   0x0000000000000454       0x2c ../final_uart_comm_bsp/\libhal_bsp.a(alt_dev_llist_insert.o)
 .debug_frame   0x0000000000000480       0x3c ../final_uart_comm_bsp/\libhal_bsp.a(alt_find_dev.o)
 .debug_frame   0x00000000000004bc       0x20 ../final_uart_comm_bsp/\libhal_bsp.a(alt_icache_flush_all.o)
 .debug_frame   0x00000000000004dc       0x20 ../final_uart_comm_bsp/\libhal_bsp.a(alt_irq_register.o)
 .debug_frame   0x00000000000004fc       0x50 ../final_uart_comm_bsp/\libhal_bsp.a(alt_tick.o)
 .debug_frame   0x000000000000054c       0x20 ../final_uart_comm_bsp/\libhal_bsp.a(altera_nios2_gen2_irq.o)
 .debug_frame   0x000000000000056c       0x34 ../final_uart_comm_bsp/\libhal_bsp.a(alt_irq_handler.o)
 .debug_frame   0x00000000000005a0       0x30 ../final_uart_comm_bsp/\libhal_bsp.a(alt_instruction_exception_entry.o)
 .debug_frame   0x00000000000005d0       0x20 c:/intelfpga_lite/18.1/nios2eds/bin/gnu/h-x86_64-mingw32/bin/../lib/gcc/nios2-elf/5.3.0/../../../../../H-x86_64-mingw32/nios2-elf/lib/mno-hw-mul\libsmallc.a(lib_a-memcmp.o)

.debug_str      0x0000000000000000     0x1abc
 *(.debug_str)
 .debug_str     0x0000000000000000      0x2d8 obj/default/main.o
                                        0x33d (size before relaxing)
 .debug_str     0x00000000000002d8      0x187 c:/intelfpga_lite/18.1/nios2eds/bin/gnu/h-x86_64-mingw32/bin/../lib/gcc/nios2-elf/5.3.0/mno-hw-mul\libgcc.a(lib2-divmod.o)
                                        0x1d2 (size before relaxing)
 .debug_str     0x000000000000045f      0x422 c:/intelfpga_lite/18.1/nios2eds/bin/gnu/h-x86_64-mingw32/bin/../lib/gcc/nios2-elf/5.3.0/../../../../../H-x86_64-mingw32/nios2-elf/lib/mno-hw-mul\libsmallc.a(lib_a-printf.o)
                                        0x504 (size before relaxing)
 .debug_str     0x0000000000000881      0x1ff c:/intelfpga_lite/18.1/nios2eds/bin/gnu/h-x86_64-mingw32/bin/../lib/gcc/nios2-elf/5.3.0/../../../../../H-x86_64-mingw32/nios2-elf/lib/mno-hw-mul\libsmallc.a(lib_a-vfprintf.o)
                                        0x67f (size before relaxing)
 .debug_str     0x0000000000000a80       0x78 c:/intelfpga_lite/18.1/nios2eds/bin/gnu/h-x86_64-mingw32/bin/../lib/gcc/nios2-elf/5.3.0/../../../../../H-x86_64-mingw32/nios2-elf/lib/mno-hw-mul\libsmallc.a(lib_a-fvwrite_small_dev.o)
                                        0x4d4 (size before relaxing)
 .debug_str     0x0000000000000af8       0xef c:/intelfpga_lite/18.1/nios2eds/bin/gnu/h-x86_64-mingw32/bin/../lib/gcc/nios2-elf/5.3.0/../../../../../H-x86_64-mingw32/nios2-elf/lib/mno-hw-mul\libsmallc.a(lib_a-impure.o)
                                        0x4be (size before relaxing)
 .debug_str     0x0000000000000be7       0xd2 c:/intelfpga_lite/18.1/nios2eds/bin/gnu/h-x86_64-mingw32/bin/../lib/gcc/nios2-elf/5.3.0/../../../../../H-x86_64-mingw32/nios2-elf/lib/mno-hw-mul\libsmallc.a(lib_a-strlen.o)
                                        0x1e5 (size before relaxing)
 .debug_str     0x0000000000000cb9       0x45 c:/intelfpga_lite/18.1/nios2eds/bin/gnu/h-x86_64-mingw32/bin/../lib/gcc/nios2-elf/5.3.0/../../../../../H-x86_64-mingw32/nios2-elf/lib/mno-hw-mul\libsmallc.a(lib_a-writer.o)
                                        0x4b8 (size before relaxing)
 .debug_str     0x0000000000000cfe       0x3f c:/intelfpga_lite/18.1/nios2eds/bin/gnu/h-x86_64-mingw32/bin/../lib/gcc/nios2-elf/5.3.0/../../../../../H-x86_64-mingw32/nios2-elf/lib/mno-hw-mul\libsmallc.a(lib_a-int_errno.o)
                                        0x1d8 (size before relaxing)
 .debug_str     0x0000000000000d3d       0x40 c:/intelfpga_lite/18.1/nios2eds/bin/gnu/h-x86_64-mingw32/bin/../lib/gcc/nios2-elf/5.3.0/mno-hw-mul\libgcc.a(lib2-mul.o)
                                        0x193 (size before relaxing)
 .debug_str     0x0000000000000d7d      0x183 ../final_uart_comm_bsp/\libhal_bsp.a(alt_load.o)
                                        0x26a (size before relaxing)
 .debug_str     0x0000000000000f00       0x7f ../final_uart_comm_bsp/\libhal_bsp.a(alt_main.o)
                                        0x20c (size before relaxing)
 .debug_str     0x0000000000000f7f       0x74 ../final_uart_comm_bsp/\libhal_bsp.a(alt_write.o)
                                        0x20c (size before relaxing)
 .debug_str     0x0000000000000ff3      0x113 ../final_uart_comm_bsp/\libhal_bsp.a(alt_sys_init.o)
                                        0x391 (size before relaxing)
 .debug_str     0x0000000000001106       0x2c ../final_uart_comm_bsp/\libhal_bsp.a(altera_avalon_jtag_uart_write.o)
                                        0x264 (size before relaxing)
 .debug_str     0x0000000000001132       0xb7 ../final_uart_comm_bsp/\libhal_bsp.a(altera_avalon_timer_sc.o)
                                        0x2b4 (size before relaxing)
 .debug_str     0x00000000000011e9       0x27 ../final_uart_comm_bsp/\libhal_bsp.a(altera_avalon_timer_vars.o)
                                        0x1e7 (size before relaxing)
 .debug_str     0x0000000000001210       0xd9 ../final_uart_comm_bsp/\libhal_bsp.a(altera_up_avalon_accelerometer_spi.o)
                                        0x37c (size before relaxing)
 .debug_str     0x00000000000012e9       0x1f ../final_uart_comm_bsp/\libhal_bsp.a(alt_dcache_flush_all.o)
                                        0x183 (size before relaxing)
 .debug_str     0x0000000000001308      0x125 ../final_uart_comm_bsp/\libhal_bsp.a(alt_dev.o)
                                        0x333 (size before relaxing)
 .debug_str     0x000000000000142d       0x30 ../final_uart_comm_bsp/\libhal_bsp.a(alt_dev_llist_insert.o)
                                        0x1fa (size before relaxing)
 .debug_str     0x000000000000145d       0x14 ../final_uart_comm_bsp/\libhal_bsp.a(alt_errno.o)
                                        0x173 (size before relaxing)
 .debug_str     0x0000000000001471       0x1e ../final_uart_comm_bsp/\libhal_bsp.a(alt_find_dev.o)
                                        0x228 (size before relaxing)
 .debug_str     0x000000000000148f       0x1f ../final_uart_comm_bsp/\libhal_bsp.a(alt_icache_flush_all.o)
                                        0x183 (size before relaxing)
 .debug_str     0x00000000000014ae       0x66 ../final_uart_comm_bsp/\libhal_bsp.a(alt_irq_register.o)
                                        0x236 (size before relaxing)
 .debug_str     0x0000000000001514       0x17 ../final_uart_comm_bsp/\libhal_bsp.a(alt_irq_vars.o)
                                        0x168 (size before relaxing)
 .debug_str     0x000000000000152b       0x6f ../final_uart_comm_bsp/\libhal_bsp.a(alt_tick.o)
                                        0x2a1 (size before relaxing)
 .debug_str     0x000000000000159a       0x20 ../final_uart_comm_bsp/\libhal_bsp.a(altera_nios2_gen2_irq.o)
                                        0x1b3 (size before relaxing)
 .debug_str     0x00000000000015ba       0x3a ../final_uart_comm_bsp/\libhal_bsp.a(alt_irq_handler.o)
                                        0x1e6 (size before relaxing)
 .debug_str     0x00000000000015f4      0x48b ../final_uart_comm_bsp/\libhal_bsp.a(alt_instruction_exception_entry.o)
                                        0x5ce (size before relaxing)
 .debug_str     0x0000000000001a7f       0x3d c:/intelfpga_lite/18.1/nios2eds/bin/gnu/h-x86_64-mingw32/bin/../lib/gcc/nios2-elf/5.3.0/../../../../../H-x86_64-mingw32/nios2-elf/lib/mno-hw-mul\libsmallc.a(lib_a-memcmp.o)
                                        0x1df (size before relaxing)

.debug_loc      0x0000000000000000     0x192b
 *(.debug_loc)
 .debug_loc     0x0000000000000000      0x127 obj/default/main.o
 .debug_loc     0x0000000000000127      0x4ce c:/intelfpga_lite/18.1/nios2eds/bin/gnu/h-x86_64-mingw32/bin/../lib/gcc/nios2-elf/5.3.0/mno-hw-mul\libgcc.a(lib2-divmod.o)
 .debug_loc     0x00000000000005f5       0xc6 c:/intelfpga_lite/18.1/nios2eds/bin/gnu/h-x86_64-mingw32/bin/../lib/gcc/nios2-elf/5.3.0/../../../../../H-x86_64-mingw32/nios2-elf/lib/mno-hw-mul\libsmallc.a(lib_a-printf.o)
 .debug_loc     0x00000000000006bb      0x954 c:/intelfpga_lite/18.1/nios2eds/bin/gnu/h-x86_64-mingw32/bin/../lib/gcc/nios2-elf/5.3.0/../../../../../H-x86_64-mingw32/nios2-elf/lib/mno-hw-mul\libsmallc.a(lib_a-vfprintf.o)
 .debug_loc     0x000000000000100f      0x110 c:/intelfpga_lite/18.1/nios2eds/bin/gnu/h-x86_64-mingw32/bin/../lib/gcc/nios2-elf/5.3.0/../../../../../H-x86_64-mingw32/nios2-elf/lib/mno-hw-mul\libsmallc.a(lib_a-fvwrite_small_dev.o)
 .debug_loc     0x000000000000111f       0x1e c:/intelfpga_lite/18.1/nios2eds/bin/gnu/h-x86_64-mingw32/bin/../lib/gcc/nios2-elf/5.3.0/../../../../../H-x86_64-mingw32/nios2-elf/lib/mno-hw-mul\libsmallc.a(lib_a-strlen.o)
 .debug_loc     0x000000000000113d       0xa5 c:/intelfpga_lite/18.1/nios2eds/bin/gnu/h-x86_64-mingw32/bin/../lib/gcc/nios2-elf/5.3.0/../../../../../H-x86_64-mingw32/nios2-elf/lib/mno-hw-mul\libsmallc.a(lib_a-writer.o)
 .debug_loc     0x00000000000011e2       0x93 c:/intelfpga_lite/18.1/nios2eds/bin/gnu/h-x86_64-mingw32/bin/../lib/gcc/nios2-elf/5.3.0/mno-hw-mul\libgcc.a(lib2-mul.o)
 .debug_loc     0x0000000000001275       0xcf ../final_uart_comm_bsp/\libhal_bsp.a(alt_write.o)
 .debug_loc     0x0000000000001344       0x21 ../final_uart_comm_bsp/\libhal_bsp.a(alt_sys_init.o)
 .debug_loc     0x0000000000001365       0x8b ../final_uart_comm_bsp/\libhal_bsp.a(altera_avalon_jtag_uart_write.o)
 .debug_loc     0x00000000000013f0      0x102 ../final_uart_comm_bsp/\libhal_bsp.a(altera_avalon_timer_sc.o)
 .debug_loc     0x00000000000014f2       0x63 ../final_uart_comm_bsp/\libhal_bsp.a(altera_up_avalon_accelerometer_spi.o)
 .debug_loc     0x0000000000001555       0x7e ../final_uart_comm_bsp/\libhal_bsp.a(alt_dev_llist_insert.o)
 .debug_loc     0x00000000000015d3       0x7e ../final_uart_comm_bsp/\libhal_bsp.a(alt_find_dev.o)
 .debug_loc     0x0000000000001651       0xfa ../final_uart_comm_bsp/\libhal_bsp.a(alt_irq_register.o)
 .debug_loc     0x000000000000174b       0x75 ../final_uart_comm_bsp/\libhal_bsp.a(alt_tick.o)
 .debug_loc     0x00000000000017c0       0x72 ../final_uart_comm_bsp/\libhal_bsp.a(alt_irq_handler.o)
 .debug_loc     0x0000000000001832       0x65 ../final_uart_comm_bsp/\libhal_bsp.a(alt_instruction_exception_entry.o)
 .debug_loc     0x0000000000001897       0x94 c:/intelfpga_lite/18.1/nios2eds/bin/gnu/h-x86_64-mingw32/bin/../lib/gcc/nios2-elf/5.3.0/../../../../../H-x86_64-mingw32/nios2-elf/lib/mno-hw-mul\libsmallc.a(lib_a-memcmp.o)

.debug_macinfo
 *(.debug_macinfo)

.debug_weaknames
 *(.debug_weaknames)

.debug_funcnames
 *(.debug_funcnames)

.debug_typenames
 *(.debug_typenames)

.debug_varnames
 *(.debug_varnames)

.debug_alt_sim_info
                0x0000000000000000       0x10
 *(.debug_alt_sim_info)
 .debug_alt_sim_info
                0x0000000000000000       0x10 ../final_uart_comm_bsp//obj/HAL/src/crt0.o
                0x0000000000020000                __alt_data_end = 0x20000
                0x0000000000020000                PROVIDE (__alt_stack_pointer, __alt_data_end)
                [!provide]                        PROVIDE (__alt_stack_limit, __alt_stack_base)
                [!provide]                        PROVIDE (__alt_heap_start, end)
                [!provide]                        PROVIDE (__alt_heap_limit, 0x20000)
OUTPUT(final_uart_comm.elf elf32-littlenios2)

.debug_ranges   0x0000000000000000      0x308
 .debug_ranges  0x0000000000000000       0x20 ../final_uart_comm_bsp//obj/HAL/src/crt0.o
 .debug_ranges  0x0000000000000020       0x18 obj/default/main.o
 .debug_ranges  0x0000000000000038       0x60 c:/intelfpga_lite/18.1/nios2eds/bin/gnu/h-x86_64-mingw32/bin/../lib/gcc/nios2-elf/5.3.0/mno-hw-mul\libgcc.a(lib2-divmod.o)
 .debug_ranges  0x0000000000000098       0x18 c:/intelfpga_lite/18.1/nios2eds/bin/gnu/h-x86_64-mingw32/bin/../lib/gcc/nios2-elf/5.3.0/../../../../../H-x86_64-mingw32/nios2-elf/lib/mno-hw-mul\libsmallc.a(lib_a-printf.o)
 .debug_ranges  0x00000000000000b0       0xc8 c:/intelfpga_lite/18.1/nios2eds/bin/gnu/h-x86_64-mingw32/bin/../lib/gcc/nios2-elf/5.3.0/../../../../../H-x86_64-mingw32/nios2-elf/lib/mno-hw-mul\libsmallc.a(lib_a-vfprintf.o)
 .debug_ranges  0x0000000000000178       0x28 c:/intelfpga_lite/18.1/nios2eds/bin/gnu/h-x86_64-mingw32/bin/../lib/gcc/nios2-elf/5.3.0/../../../../../H-x86_64-mingw32/nios2-elf/lib/mno-hw-mul\libsmallc.a(lib_a-fvwrite_small_dev.o)
 .debug_ranges  0x00000000000001a0       0x10 c:/intelfpga_lite/18.1/nios2eds/bin/gnu/h-x86_64-mingw32/bin/../lib/gcc/nios2-elf/5.3.0/../../../../../H-x86_64-mingw32/nios2-elf/lib/mno-hw-mul\libsmallc.a(lib_a-strlen.o)
 .debug_ranges  0x00000000000001b0       0x10 c:/intelfpga_lite/18.1/nios2eds/bin/gnu/h-x86_64-mingw32/bin/../lib/gcc/nios2-elf/5.3.0/../../../../../H-x86_64-mingw32/nios2-elf/lib/mno-hw-mul\libsmallc.a(lib_a-writer.o)
 .debug_ranges  0x00000000000001c0       0x48 ../final_uart_comm_bsp/\libhal_bsp.a(alt_load.o)
 .debug_ranges  0x0000000000000208       0x20 ../final_uart_comm_bsp/\libhal_bsp.a(alt_write.o)
 .debug_ranges  0x0000000000000228       0x18 ../final_uart_comm_bsp/\libhal_bsp.a(alt_sys_init.o)
 .debug_ranges  0x0000000000000240       0x18 ../final_uart_comm_bsp/\libhal_bsp.a(altera_avalon_timer_sc.o)
 .debug_ranges  0x0000000000000258       0x20 ../final_uart_comm_bsp/\libhal_bsp.a(alt_dev_llist_insert.o)
 .debug_ranges  0x0000000000000278       0x28 ../final_uart_comm_bsp/\libhal_bsp.a(alt_irq_entry.o)
 .debug_ranges  0x00000000000002a0       0x10 ../final_uart_comm_bsp/\libhal_bsp.a(alt_irq_handler.o)
 .debug_ranges  0x00000000000002b0       0x30 ../final_uart_comm_bsp/\libhal_bsp.a(alt_exception_entry.o)
 .debug_ranges  0x00000000000002e0       0x18 ../final_uart_comm_bsp/\libhal_bsp.a(alt_instruction_exception_entry.o)
 .debug_ranges  0x00000000000002f8       0x10 c:/intelfpga_lite/18.1/nios2eds/bin/gnu/h-x86_64-mingw32/bin/../lib/gcc/nios2-elf/5.3.0/../../../../../H-x86_64-mingw32/nios2-elf/lib/mno-hw-mul\libsmallc.a(lib_a-memcmp.o)
