Archive member included to satisfy reference by file (symbol)

../temp_test_2_bsp/\libhal_bsp.a(alt_irq_register.o)
                              obj/default/hello_world_small.o (alt_irq_register)
../temp_test_2_bsp/\libhal_bsp.a(alt_irq_vars.o)
                              ../temp_test_2_bsp/\libhal_bsp.a(alt_irq_register.o) (alt_irq_active)
../temp_test_2_bsp/\libhal_bsp.a(alt_load.o)
                              ../temp_test_2_bsp//obj/HAL/src/crt0.o (alt_load)
../temp_test_2_bsp/\libhal_bsp.a(alt_main.o)
                              ../temp_test_2_bsp//obj/HAL/src/crt0.o (alt_main)
../temp_test_2_bsp/\libhal_bsp.a(alt_printf.o)
                              obj/default/hello_world_small.o (alt_printf)
../temp_test_2_bsp/\libhal_bsp.a(alt_putchar.o)
                              ../temp_test_2_bsp/\libhal_bsp.a(alt_printf.o) (alt_putchar)
../temp_test_2_bsp/\libhal_bsp.a(alt_sys_init.o)
                              ../temp_test_2_bsp/\libhal_bsp.a(alt_main.o) (alt_irq_init)
../temp_test_2_bsp/\libhal_bsp.a(altera_avalon_jtag_uart_write.o)
                              ../temp_test_2_bsp/\libhal_bsp.a(alt_putchar.o) (altera_avalon_jtag_uart_write)
../temp_test_2_bsp/\libhal_bsp.a(alt_dcache_flush_all.o)
                              ../temp_test_2_bsp/\libhal_bsp.a(alt_load.o) (alt_dcache_flush_all)
../temp_test_2_bsp/\libhal_bsp.a(alt_dev.o)
                              ../temp_test_2_bsp/\libhal_bsp.a(alt_sys_init.o) (alt_dev_list)
../temp_test_2_bsp/\libhal_bsp.a(alt_dev_llist_insert.o)
                              ../temp_test_2_bsp/\libhal_bsp.a(alt_sys_init.o) (alt_dev_llist_insert)
../temp_test_2_bsp/\libhal_bsp.a(alt_errno.o)
                              ../temp_test_2_bsp/\libhal_bsp.a(alt_dev_llist_insert.o) (alt_errno)
../temp_test_2_bsp/\libhal_bsp.a(alt_icache_flush_all.o)
                              ../temp_test_2_bsp/\libhal_bsp.a(alt_load.o) (alt_icache_flush_all)
../temp_test_2_bsp/\libhal_bsp.a(alt_irq_entry.o)
                              ../temp_test_2_bsp/\libhal_bsp.a(alt_irq_register.o) (alt_irq_entry)
../temp_test_2_bsp/\libhal_bsp.a(alt_irq_handler.o)
                              ../temp_test_2_bsp/\libhal_bsp.a(alt_irq_register.o) (alt_irq_handler)
../temp_test_2_bsp/\libhal_bsp.a(altera_nios2_gen2_irq.o)
                              ../temp_test_2_bsp/\libhal_bsp.a(alt_sys_init.o) (altera_nios2_gen2_irq_init)
../temp_test_2_bsp/\libhal_bsp.a(alt_exception_entry.o)
                              ../temp_test_2_bsp/\libhal_bsp.a(alt_irq_entry.o) (alt_exception)
../temp_test_2_bsp/\libhal_bsp.a(alt_instruction_exception_entry.o)
                              ../temp_test_2_bsp/\libhal_bsp.a(alt_exception_entry.o) (alt_instruction_exception_entry)
c:/intelfpga_lite/18.1/nios2eds/bin/gnu/h-x86_64-mingw32/bin/../lib/gcc/nios2-elf/5.3.0/../../../../../H-x86_64-mingw32/nios2-elf/lib/mno-hw-mul\libsmallc.a(lib_a-int_errno.o)
                              ../temp_test_2_bsp/\libhal_bsp.a(alt_dev_llist_insert.o) (errno)

Allocating common symbols
Common symbol       size              file

alt_irq             0x100             ../temp_test_2_bsp/\libhal_bsp.a(alt_irq_handler.o)
errno               0x4               c:/intelfpga_lite/18.1/nios2eds/bin/gnu/h-x86_64-mingw32/bin/../lib/gcc/nios2-elf/5.3.0/../../../../../H-x86_64-mingw32/nios2-elf/lib/mno-hw-mul\libsmallc.a(lib_a-int_errno.o)
led                 0x2               obj/default/hello_world_small.o
level               0x4               obj/default/hello_world_small.o

Memory Configuration

Name             Origin             Length             Attributes
reset            0x0000000000010000 0x0000000000000020
onchip_memory    0x0000000000010020 0x000000000000ffe0
*default*        0x0000000000000000 0xffffffffffffffff

Linker script and memory map

LOAD ../temp_test_2_bsp//obj/HAL/src/crt0.o
LOAD obj/default/hello_world_small.o
LOAD c:/intelfpga_lite/18.1/nios2eds/bin/gnu/h-x86_64-mingw32/bin/../lib/gcc/nios2-elf/5.3.0/../../../../../H-x86_64-mingw32/nios2-elf/lib/mno-hw-mul\libstdc++.a
LOAD c:/intelfpga_lite/18.1/nios2eds/bin/gnu/h-x86_64-mingw32/bin/../lib/gcc/nios2-elf/5.3.0/../../../../../H-x86_64-mingw32/nios2-elf/lib/mno-hw-mul\libm.a
LOAD c:/intelfpga_lite/18.1/nios2eds/bin/gnu/h-x86_64-mingw32/bin/../lib/gcc/nios2-elf/5.3.0/mno-hw-mul\libgcc.a
START GROUP
LOAD c:/intelfpga_lite/18.1/nios2eds/bin/gnu/h-x86_64-mingw32/bin/../lib/gcc/nios2-elf/5.3.0/../../../../../H-x86_64-mingw32/nios2-elf/lib/mno-hw-mul\libsmallc.a
LOAD c:/intelfpga_lite/18.1/nios2eds/bin/gnu/h-x86_64-mingw32/bin/../lib/gcc/nios2-elf/5.3.0/mno-hw-mul\libgcc.a
LOAD ../temp_test_2_bsp/\libhal_bsp.a
LOAD c:/intelfpga_lite/18.1/nios2eds/bin/gnu/h-x86_64-mingw32/bin/../lib/gcc/nios2-elf/5.3.0/../../../../../H-x86_64-mingw32/nios2-elf/lib/mno-hw-mul\libm.a
END GROUP
LOAD c:/intelfpga_lite/18.1/nios2eds/bin/gnu/h-x86_64-mingw32/bin/../lib/gcc/nios2-elf/5.3.0/mno-hw-mul\libgcc.a
                0x0000000000010000                __alt_mem_onchip_memory = 0x10000

.entry          0x0000000000010000       0x20
 *(.entry)
 .entry         0x0000000000010000       0x20 ../temp_test_2_bsp//obj/HAL/src/crt0.o
                0x0000000000010000                __reset
                0x000000000001000c                _exit

.exceptions     0x0000000000010020      0x160
                0x0000000000010020                PROVIDE (__ram_exceptions_start, ABSOLUTE (.))
                0x0000000000010020                . = ALIGN (0x20)
 *(.irq)
 *(.exceptions.entry.label)
 .exceptions.entry.label
                0x0000000000010020        0x0 ../temp_test_2_bsp/\libhal_bsp.a(alt_irq_entry.o)
                0x0000000000010020                alt_irq_entry
 .exceptions.entry.label
                0x0000000000010020        0x0 ../temp_test_2_bsp/\libhal_bsp.a(alt_exception_entry.o)
                0x0000000000010020                alt_exception
 *(.exceptions.entry.user)
 *(.exceptions.entry.ecc_fatal)
 *(.exceptions.entry)
 .exceptions.entry
                0x0000000000010020       0x54 ../temp_test_2_bsp/\libhal_bsp.a(alt_exception_entry.o)
 *(.exceptions.irqtest.user)
 *(.exceptions.irqtest)
 .exceptions.irqtest
                0x0000000000010074       0x10 ../temp_test_2_bsp/\libhal_bsp.a(alt_irq_entry.o)
 *(.exceptions.irqhandler.user)
 *(.exceptions.irqhandler)
 .exceptions.irqhandler
                0x0000000000010084        0x4 ../temp_test_2_bsp/\libhal_bsp.a(alt_irq_entry.o)
 *(.exceptions.irqreturn.user)
 *(.exceptions.irqreturn)
 .exceptions.irqreturn
                0x0000000000010088        0x4 ../temp_test_2_bsp/\libhal_bsp.a(alt_irq_entry.o)
 *(.exceptions.notirq.label)
 .exceptions.notirq.label
                0x000000000001008c        0x0 ../temp_test_2_bsp/\libhal_bsp.a(alt_irq_entry.o)
 *(.exceptions.notirq.user)
 *(.exceptions.notirq)
 .exceptions.notirq
                0x000000000001008c        0x8 ../temp_test_2_bsp/\libhal_bsp.a(alt_exception_entry.o)
 *(.exceptions.soft.user)
 *(.exceptions.soft)
 *(.exceptions.unknown.user)
 *(.exceptions.unknown)
 .exceptions.unknown
                0x0000000000010094       0x14 ../temp_test_2_bsp/\libhal_bsp.a(alt_exception_entry.o)
 *(.exceptions.exit.label)
 .exceptions.exit.label
                0x00000000000100a8        0x0 ../temp_test_2_bsp/\libhal_bsp.a(alt_irq_entry.o)
 .exceptions.exit.label
                0x00000000000100a8        0x0 ../temp_test_2_bsp/\libhal_bsp.a(alt_exception_entry.o)
 *(.exceptions.exit.user)
 *(.exceptions.exit)
 .exceptions.exit
                0x00000000000100a8       0x54 ../temp_test_2_bsp/\libhal_bsp.a(alt_exception_entry.o)
 *(.exceptions)
 .exceptions    0x00000000000100fc       0x60 ../temp_test_2_bsp/\libhal_bsp.a(alt_irq_handler.o)
                0x00000000000100fc                alt_irq_handler
 .exceptions    0x000000000001015c       0x24 ../temp_test_2_bsp/\libhal_bsp.a(alt_instruction_exception_entry.o)
                0x000000000001015c                alt_instruction_exception_entry
                0x0000000000010180                PROVIDE (__ram_exceptions_end, ABSOLUTE (.))
                0x0000000000010020                PROVIDE (__flash_exceptions_start, LOADADDR (.exceptions))

.text           0x0000000000010180      0x6c0
                [!provide]                        PROVIDE (stext, ABSOLUTE (.))
 *(.interp)
 *(.hash)
 *(.dynsym)
 *(.dynstr)
 *(.gnu.version)
 *(.gnu.version_d)
 *(.gnu.version_r)
 *(.rel.init)
 *(.rela.init)
 *(.rel.text .rel.text.* .rel.gnu.linkonce.t.*)
 *(.rela.text .rela.text.* .rela.gnu.linkonce.t.*)
 *(.rel.fini)
 *(.rela.fini)
 *(.rel.rodata .rel.rodata.* .rel.gnu.linkonce.r.*)
 *(.rela.rodata .rela.rodata.* .rela.gnu.linkonce.r.*)
 *(.rel.data .rel.data.* .rel.gnu.linkonce.d.*)
 *(.rela.data .rela.data.* .rela.gnu.linkonce.d.*)
 *(.rel.tdata .rel.tdata.* .rel.gnu.linkonce.td.*)
 *(.rela.tdata .rela.tdata.* .rela.gnu.linkonce.td.*)
 *(.rel.tbss .rel.tbss.* .rel.gnu.linkonce.tb.*)
 *(.rela.tbss .rela.tbss.* .rela.gnu.linkonce.tb.*)
 *(.rel.ctors)
 *(.rela.ctors)
 *(.rel.dtors)
 *(.rela.dtors)
 *(.rel.got)
 *(.rela.got)
 *(.rel.sdata .rel.sdata.* .rel.gnu.linkonce.s.*)
 *(.rela.sdata .rela.sdata.* .rela.gnu.linkonce.s.*)
 *(.rel.sbss .rel.sbss.* .rel.gnu.linkonce.sb.*)
 *(.rela.sbss .rela.sbss.* .rela.gnu.linkonce.sb.*)
 *(.rel.sdata2 .rel.sdata2.* .rel.gnu.linkonce.s2.*)
 *(.rela.sdata2 .rela.sdata2.* .rela.gnu.linkonce.s2.*)
 *(.rel.sbss2 .rel.sbss2.* .rel.gnu.linkonce.sb2.*)
 *(.rela.sbss2 .rela.sbss2.* .rela.gnu.linkonce.sb2.*)
 *(.rel.bss .rel.bss.* .rel.gnu.linkonce.b.*)
 *(.rela.bss .rela.bss.* .rela.gnu.linkonce.b.*)
 *(.rel.plt)
 *(.rela.plt)
 *(.rel.dyn)
 *(.init)
 *(.plt)
 *(.text .stub .text.* .gnu.linkonce.t.*)
 .text          0x0000000000010180       0x3c ../temp_test_2_bsp//obj/HAL/src/crt0.o
                0x0000000000010180                _start
 .text          0x00000000000101bc      0x110 obj/default/hello_world_small.o
                0x00000000000101bc                sys_timer_isr
                0x000000000001023c                timer_init
                0x00000000000102ac                fir_x_read
                0x00000000000102bc                fir_x_write
 .text.startup  0x00000000000102cc       0xc0 obj/default/hello_world_small.o
                0x00000000000102cc                main
 .text          0x000000000001038c       0x94 ../temp_test_2_bsp/\libhal_bsp.a(alt_irq_register.o)
                0x000000000001038c                alt_irq_register
 .text          0x0000000000010420        0x0 ../temp_test_2_bsp/\libhal_bsp.a(alt_irq_vars.o)
 .text          0x0000000000010420       0xe0 ../temp_test_2_bsp/\libhal_bsp.a(alt_load.o)
                0x0000000000010420                alt_load
 .text          0x0000000000010500       0x2c ../temp_test_2_bsp/\libhal_bsp.a(alt_main.o)
                0x0000000000010500                alt_main
 .text          0x000000000001052c      0x170 ../temp_test_2_bsp/\libhal_bsp.a(alt_printf.o)
                0x000000000001052c                alt_printf
 .text          0x000000000001069c       0x48 ../temp_test_2_bsp/\libhal_bsp.a(alt_putchar.o)
                0x000000000001069c                alt_putchar
 .text          0x00000000000106e4       0x30 ../temp_test_2_bsp/\libhal_bsp.a(alt_sys_init.o)
                0x00000000000106e4                alt_irq_init
                0x0000000000010704                alt_sys_init
 .text          0x0000000000010714       0x34 ../temp_test_2_bsp/\libhal_bsp.a(altera_avalon_jtag_uart_write.o)
                0x0000000000010714                altera_avalon_jtag_uart_write
 .text          0x0000000000010748        0x4 ../temp_test_2_bsp/\libhal_bsp.a(alt_dcache_flush_all.o)
                0x0000000000010748                alt_dcache_flush_all
 .text          0x000000000001074c        0x8 ../temp_test_2_bsp/\libhal_bsp.a(alt_dev.o)
 .text          0x0000000000010754       0x6c ../temp_test_2_bsp/\libhal_bsp.a(alt_dev_llist_insert.o)
                0x0000000000010754                alt_dev_llist_insert
 .text          0x00000000000107c0        0x0 ../temp_test_2_bsp/\libhal_bsp.a(alt_errno.o)
 .text          0x00000000000107c0        0x4 ../temp_test_2_bsp/\libhal_bsp.a(alt_icache_flush_all.o)
                0x00000000000107c0                alt_icache_flush_all
 .text          0x00000000000107c4        0x0 ../temp_test_2_bsp/\libhal_bsp.a(alt_irq_entry.o)
 .text          0x00000000000107c4        0x0 ../temp_test_2_bsp/\libhal_bsp.a(alt_irq_handler.o)
 .text          0x00000000000107c4        0x8 ../temp_test_2_bsp/\libhal_bsp.a(altera_nios2_gen2_irq.o)
                0x00000000000107c4                altera_nios2_gen2_irq_init
 .text          0x00000000000107cc        0x0 ../temp_test_2_bsp/\libhal_bsp.a(alt_exception_entry.o)
 .text          0x00000000000107cc       0x74 ../temp_test_2_bsp/\libhal_bsp.a(alt_instruction_exception_entry.o)
                0x00000000000107cc                alt_exception_cause_generated_bad_addr
 .text          0x0000000000010840        0x0 c:/intelfpga_lite/18.1/nios2eds/bin/gnu/h-x86_64-mingw32/bin/../lib/gcc/nios2-elf/5.3.0/../../../../../H-x86_64-mingw32/nios2-elf/lib/mno-hw-mul\libsmallc.a(lib_a-int_errno.o)
 *(.gnu.warning.*)
 *(.fini)
                [!provide]                        PROVIDE (__etext, ABSOLUTE (.))
                [!provide]                        PROVIDE (_etext, ABSOLUTE (.))
                [!provide]                        PROVIDE (etext, ABSOLUTE (.))
 *(.eh_frame_hdr)
                0x0000000000010840                . = ALIGN (0x4)
                [!provide]                        PROVIDE (__preinit_array_start, ABSOLUTE (.))
 *(.preinit_array)
                [!provide]                        PROVIDE (__preinit_array_end, ABSOLUTE (.))
                [!provide]                        PROVIDE (__init_array_start, ABSOLUTE (.))
 *(.init_array)
                [!provide]                        PROVIDE (__init_array_end, ABSOLUTE (.))
                [!provide]                        PROVIDE (__fini_array_start, ABSOLUTE (.))
 *(.fini_array)
                [!provide]                        PROVIDE (__fini_array_end, ABSOLUTE (.))
 *(.eh_frame)
 *(.gcc_except_table .gcc_except_table.*)
 *(.dynamic)
                [!provide]                        PROVIDE (__CTOR_LIST__, ABSOLUTE (.))
 *(.ctors)
 *(SORT(.ctors.*))
                [!provide]                        PROVIDE (__CTOR_END__, ABSOLUTE (.))
                [!provide]                        PROVIDE (__DTOR_LIST__, ABSOLUTE (.))
 *(.dtors)
 *(SORT(.dtors.*))
                [!provide]                        PROVIDE (__DTOR_END__, ABSOLUTE (.))
 *(.jcr)
                0x0000000000010840                . = ALIGN (0x4)

.rodata         0x0000000000010840       0x9c
                0x0000000000010840                PROVIDE (__ram_rodata_start, ABSOLUTE (.))
                0x0000000000010840                . = ALIGN (0x4)
 *(.rodata .rodata.* .gnu.linkonce.r.*)
 .rodata.str1.4
                0x0000000000010840       0x27 obj/default/hello_world_small.o
 *fill*         0x0000000000010867        0x1 
 .rodata        0x0000000000010868       0x50 obj/default/hello_world_small.o
                0x0000000000010868                fixed_coeffs
 .rodata.str1.4
                0x00000000000108b8       0x17 ../temp_test_2_bsp/\libhal_bsp.a(alt_sys_init.o)
 *fill*         0x00000000000108cf        0x1 
 .rodata.str1.4
                0x00000000000108d0        0xc ../temp_test_2_bsp/\libhal_bsp.a(alt_dev.o)
                                          0xa (size before relaxing)
 *(.rodata1)
                0x00000000000108dc                . = ALIGN (0x4)
                0x00000000000108dc                PROVIDE (__ram_rodata_end, ABSOLUTE (.))
                0x0000000000010840                PROVIDE (__flash_rodata_start, LOADADDR (.rodata))

.rwdata         0x00000000000108dc       0xa4 load address 0x0000000000010980
                0x00000000000108dc                PROVIDE (__ram_rwdata_start, ABSOLUTE (.))
                0x00000000000108dc                . = ALIGN (0x4)
 *(.got.plt)
 *(.got)
 *(.data1)
 *(.data .data.* .gnu.linkonce.d.*)
 .data          0x00000000000108dc        0x0 ../temp_test_2_bsp//obj/HAL/src/crt0.o
 .data          0x00000000000108dc        0x0 obj/default/hello_world_small.o
 .data          0x00000000000108dc        0x0 ../temp_test_2_bsp/\libhal_bsp.a(alt_irq_register.o)
 .data          0x00000000000108dc        0x0 ../temp_test_2_bsp/\libhal_bsp.a(alt_irq_vars.o)
 .data          0x00000000000108dc        0x0 ../temp_test_2_bsp/\libhal_bsp.a(alt_load.o)
 .data          0x00000000000108dc        0x0 ../temp_test_2_bsp/\libhal_bsp.a(alt_main.o)
 .data          0x00000000000108dc        0x0 ../temp_test_2_bsp/\libhal_bsp.a(alt_printf.o)
 .data          0x00000000000108dc        0x0 ../temp_test_2_bsp/\libhal_bsp.a(alt_putchar.o)
 .data          0x00000000000108dc       0x2c ../temp_test_2_bsp/\libhal_bsp.a(alt_sys_init.o)
 .data          0x0000000000010908        0x0 ../temp_test_2_bsp/\libhal_bsp.a(altera_avalon_jtag_uart_write.o)
 .data          0x0000000000010908        0x0 ../temp_test_2_bsp/\libhal_bsp.a(alt_dcache_flush_all.o)
 .data          0x0000000000010908       0x58 ../temp_test_2_bsp/\libhal_bsp.a(alt_dev.o)
                0x0000000000010908                alt_fd_list
                0x0000000000010938                alt_dev_null
 .data          0x0000000000010960        0x0 ../temp_test_2_bsp/\libhal_bsp.a(alt_dev_llist_insert.o)
 .data          0x0000000000010960        0x0 ../temp_test_2_bsp/\libhal_bsp.a(alt_errno.o)
 .data          0x0000000000010960        0x0 ../temp_test_2_bsp/\libhal_bsp.a(alt_icache_flush_all.o)
 .data          0x0000000000010960        0x0 ../temp_test_2_bsp/\libhal_bsp.a(alt_irq_entry.o)
 .data          0x0000000000010960        0x0 ../temp_test_2_bsp/\libhal_bsp.a(alt_irq_handler.o)
 .data          0x0000000000010960        0x0 ../temp_test_2_bsp/\libhal_bsp.a(altera_nios2_gen2_irq.o)
 .data          0x0000000000010960        0x0 ../temp_test_2_bsp/\libhal_bsp.a(alt_exception_entry.o)
 .data          0x0000000000010960        0x0 ../temp_test_2_bsp/\libhal_bsp.a(alt_instruction_exception_entry.o)
 .data          0x0000000000010960        0x0 c:/intelfpga_lite/18.1/nios2eds/bin/gnu/h-x86_64-mingw32/bin/../lib/gcc/nios2-elf/5.3.0/../../../../../H-x86_64-mingw32/nios2-elf/lib/mno-hw-mul\libsmallc.a(lib_a-int_errno.o)
                0x0000000000018960                _gp = ABSOLUTE ((. + 0x8000))
                [!provide]                        PROVIDE (gp, _gp)
 *(.rwdata .rwdata.*)
 *(.sdata .sdata.* .gnu.linkonce.s.*)
 .sdata         0x0000000000010960        0x4 ../temp_test_2_bsp/\libhal_bsp.a(alt_irq_vars.o)
                0x0000000000010960                alt_priority_mask
 .sdata         0x0000000000010964        0x4 ../temp_test_2_bsp/\libhal_bsp.a(alt_sys_init.o)
                0x0000000000010964                jtag_uart
 .sdata         0x0000000000010968       0x14 ../temp_test_2_bsp/\libhal_bsp.a(alt_dev.o)
                0x0000000000010968                alt_max_fd
                0x000000000001096c                alt_dev_list
                0x0000000000010974                alt_fs_list
 .sdata         0x000000000001097c        0x4 ../temp_test_2_bsp/\libhal_bsp.a(alt_errno.o)
                0x000000000001097c                alt_errno
 *(.sdata2 .sdata2.* .gnu.linkonce.s2.*)
                0x0000000000010980                . = ALIGN (0x4)
                0x0000000000010980                _edata = ABSOLUTE (.)
                [!provide]                        PROVIDE (edata, ABSOLUTE (.))
                0x0000000000010980                PROVIDE (__ram_rwdata_end, ABSOLUTE (.))
                0x0000000000010980                PROVIDE (__flash_rwdata_start, LOADADDR (.rwdata))

.bss            0x0000000000010a24      0x124
                0x0000000000010a24                __bss_start = ABSOLUTE (.)
                [!provide]                        PROVIDE (__sbss_start, ABSOLUTE (.))
                [!provide]                        PROVIDE (___sbss_start, ABSOLUTE (.))
 *(.dynsbss)
 *(.sbss .sbss.* .gnu.linkonce.sb.*)
 .sbss          0x0000000000010a24        0x1 obj/default/hello_world_small.o
                0x0000000000010a24                pwm
 *fill*         0x0000000000010a25        0x3 
 .sbss          0x0000000000010a28        0x8 obj/default/hello_world_small.o
                0x0000000000010a28                led
                0x0000000000010a2c                level
 .sbss          0x0000000000010a30        0x4 ../temp_test_2_bsp/\libhal_bsp.a(alt_irq_vars.o)
                0x0000000000010a30                alt_irq_active
 .sbss          0x0000000000010a34        0xc ../temp_test_2_bsp/\libhal_bsp.a(alt_main.o)
                0x0000000000010a34                alt_envp
                0x0000000000010a38                alt_argv
                0x0000000000010a3c                alt_argc
 .sbss          0x0000000000010a40        0x4 ../temp_test_2_bsp/\libhal_bsp.a(alt_instruction_exception_entry.o)
                0x0000000000010a40                alt_instruction_exception_handler
 .sbss          0x0000000000010a44        0x4 c:/intelfpga_lite/18.1/nios2eds/bin/gnu/h-x86_64-mingw32/bin/../lib/gcc/nios2-elf/5.3.0/../../../../../H-x86_64-mingw32/nios2-elf/lib/mno-hw-mul\libsmallc.a(lib_a-int_errno.o)
                0x0000000000010a44                errno
 *(.sbss2 .sbss2.* .gnu.linkonce.sb2.*)
 *(.scommon)
                [!provide]                        PROVIDE (__sbss_end, ABSOLUTE (.))
                [!provide]                        PROVIDE (___sbss_end, ABSOLUTE (.))
 *(.dynbss)
 *(.bss .bss.* .gnu.linkonce.b.*)
 .bss           0x0000000000010a48        0x0 ../temp_test_2_bsp//obj/HAL/src/crt0.o
 .bss           0x0000000000010a48        0x0 obj/default/hello_world_small.o
 .bss           0x0000000000010a48        0x0 ../temp_test_2_bsp/\libhal_bsp.a(alt_irq_register.o)
 .bss           0x0000000000010a48        0x0 ../temp_test_2_bsp/\libhal_bsp.a(alt_irq_vars.o)
 .bss           0x0000000000010a48        0x0 ../temp_test_2_bsp/\libhal_bsp.a(alt_load.o)
 .bss           0x0000000000010a48        0x0 ../temp_test_2_bsp/\libhal_bsp.a(alt_main.o)
 .bss           0x0000000000010a48        0x0 ../temp_test_2_bsp/\libhal_bsp.a(alt_printf.o)
 .bss           0x0000000000010a48        0x0 ../temp_test_2_bsp/\libhal_bsp.a(alt_putchar.o)
 .bss           0x0000000000010a48        0x0 ../temp_test_2_bsp/\libhal_bsp.a(alt_sys_init.o)
 .bss           0x0000000000010a48        0x0 ../temp_test_2_bsp/\libhal_bsp.a(altera_avalon_jtag_uart_write.o)
 .bss           0x0000000000010a48        0x0 ../temp_test_2_bsp/\libhal_bsp.a(alt_dcache_flush_all.o)
 .bss           0x0000000000010a48        0x0 ../temp_test_2_bsp/\libhal_bsp.a(alt_dev.o)
 .bss           0x0000000000010a48        0x0 ../temp_test_2_bsp/\libhal_bsp.a(alt_dev_llist_insert.o)
 .bss           0x0000000000010a48        0x0 ../temp_test_2_bsp/\libhal_bsp.a(alt_errno.o)
 .bss           0x0000000000010a48        0x0 ../temp_test_2_bsp/\libhal_bsp.a(alt_icache_flush_all.o)
 .bss           0x0000000000010a48        0x0 ../temp_test_2_bsp/\libhal_bsp.a(alt_irq_entry.o)
 .bss           0x0000000000010a48        0x0 ../temp_test_2_bsp/\libhal_bsp.a(alt_irq_handler.o)
 .bss           0x0000000000010a48        0x0 ../temp_test_2_bsp/\libhal_bsp.a(altera_nios2_gen2_irq.o)
 .bss           0x0000000000010a48        0x0 ../temp_test_2_bsp/\libhal_bsp.a(alt_exception_entry.o)
 .bss           0x0000000000010a48        0x0 ../temp_test_2_bsp/\libhal_bsp.a(alt_instruction_exception_entry.o)
 .bss           0x0000000000010a48        0x0 c:/intelfpga_lite/18.1/nios2eds/bin/gnu/h-x86_64-mingw32/bin/../lib/gcc/nios2-elf/5.3.0/../../../../../H-x86_64-mingw32/nios2-elf/lib/mno-hw-mul\libsmallc.a(lib_a-int_errno.o)
 *(COMMON)
 COMMON         0x0000000000010a48      0x100 ../temp_test_2_bsp/\libhal_bsp.a(alt_irq_handler.o)
                0x0000000000010a48                alt_irq
                0x0000000000010b48                . = ALIGN (0x4)
                0x0000000000010b48                __bss_end = ABSOLUTE (.)

.onchip_memory  0x0000000000010b48        0x0
                [!provide]                        PROVIDE (_alt_partition_onchip_memory_start, ABSOLUTE (.))
 *(.onchip_memory .onchip_memory. onchip_memory.*)
                0x0000000000010b48                . = ALIGN (0x4)
                [!provide]                        PROVIDE (_alt_partition_onchip_memory_end, ABSOLUTE (.))
                0x0000000000010b48                _end = ABSOLUTE (.)
                0x0000000000010b48                end = ABSOLUTE (.)
                0x0000000000010b48                __alt_stack_base = ABSOLUTE (.)
                [!provide]                        PROVIDE (_alt_partition_onchip_memory_load_addr, LOADADDR (.onchip_memory))

.stab
 *(.stab)

.stabstr
 *(.stabstr)

.stab.excl
 *(.stab.excl)

.stab.exclstr
 *(.stab.exclstr)

.stab.index
 *(.stab.index)

.stab.indexstr
 *(.stab.indexstr)

.comment        0x0000000000000000       0x23
 *(.comment)
 .comment       0x0000000000000000       0x23 obj/default/hello_world_small.o
                                         0x24 (size before relaxing)
 .comment       0x0000000000000023       0x24 ../temp_test_2_bsp/\libhal_bsp.a(alt_irq_register.o)
 .comment       0x0000000000000023       0x24 ../temp_test_2_bsp/\libhal_bsp.a(alt_irq_vars.o)
 .comment       0x0000000000000023       0x24 ../temp_test_2_bsp/\libhal_bsp.a(alt_load.o)
 .comment       0x0000000000000023       0x24 ../temp_test_2_bsp/\libhal_bsp.a(alt_main.o)
 .comment       0x0000000000000023       0x24 ../temp_test_2_bsp/\libhal_bsp.a(alt_printf.o)
 .comment       0x0000000000000023       0x24 ../temp_test_2_bsp/\libhal_bsp.a(alt_putchar.o)
 .comment       0x0000000000000023       0x24 ../temp_test_2_bsp/\libhal_bsp.a(alt_sys_init.o)
 .comment       0x0000000000000023       0x24 ../temp_test_2_bsp/\libhal_bsp.a(altera_avalon_jtag_uart_write.o)
 .comment       0x0000000000000023       0x24 ../temp_test_2_bsp/\libhal_bsp.a(alt_dcache_flush_all.o)
 .comment       0x0000000000000023       0x24 ../temp_test_2_bsp/\libhal_bsp.a(alt_dev.o)
 .comment       0x0000000000000023       0x24 ../temp_test_2_bsp/\libhal_bsp.a(alt_dev_llist_insert.o)
 .comment       0x0000000000000023       0x24 ../temp_test_2_bsp/\libhal_bsp.a(alt_errno.o)
 .comment       0x0000000000000023       0x24 ../temp_test_2_bsp/\libhal_bsp.a(alt_icache_flush_all.o)
 .comment       0x0000000000000023       0x24 ../temp_test_2_bsp/\libhal_bsp.a(alt_irq_handler.o)
 .comment       0x0000000000000023       0x24 ../temp_test_2_bsp/\libhal_bsp.a(altera_nios2_gen2_irq.o)
 .comment       0x0000000000000023       0x24 ../temp_test_2_bsp/\libhal_bsp.a(alt_instruction_exception_entry.o)
 .comment       0x0000000000000023       0x24 c:/intelfpga_lite/18.1/nios2eds/bin/gnu/h-x86_64-mingw32/bin/../lib/gcc/nios2-elf/5.3.0/../../../../../H-x86_64-mingw32/nios2-elf/lib/mno-hw-mul\libsmallc.a(lib_a-int_errno.o)

.debug
 *(.debug)

.line
 *(.line)

.debug_srcinfo
 *(.debug_srcinfo)

.debug_sfnames
 *(.debug_sfnames)

.debug_aranges  0x0000000000000000      0x2c8
 *(.debug_aranges)
 .debug_aranges
                0x0000000000000000       0x28 ../temp_test_2_bsp//obj/HAL/src/crt0.o
 .debug_aranges
                0x0000000000000028       0x28 obj/default/hello_world_small.o
 .debug_aranges
                0x0000000000000050       0x20 ../temp_test_2_bsp/\libhal_bsp.a(alt_irq_register.o)
 .debug_aranges
                0x0000000000000070       0x18 ../temp_test_2_bsp/\libhal_bsp.a(alt_irq_vars.o)
 .debug_aranges
                0x0000000000000088       0x20 ../temp_test_2_bsp/\libhal_bsp.a(alt_load.o)
 .debug_aranges
                0x00000000000000a8       0x20 ../temp_test_2_bsp/\libhal_bsp.a(alt_main.o)
 .debug_aranges
                0x00000000000000c8       0x20 ../temp_test_2_bsp/\libhal_bsp.a(alt_printf.o)
 .debug_aranges
                0x00000000000000e8       0x20 ../temp_test_2_bsp/\libhal_bsp.a(alt_putchar.o)
 .debug_aranges
                0x0000000000000108       0x20 ../temp_test_2_bsp/\libhal_bsp.a(alt_sys_init.o)
 .debug_aranges
                0x0000000000000128       0x20 ../temp_test_2_bsp/\libhal_bsp.a(altera_avalon_jtag_uart_write.o)
 .debug_aranges
                0x0000000000000148       0x20 ../temp_test_2_bsp/\libhal_bsp.a(alt_dcache_flush_all.o)
 .debug_aranges
                0x0000000000000168       0x20 ../temp_test_2_bsp/\libhal_bsp.a(alt_dev.o)
 .debug_aranges
                0x0000000000000188       0x20 ../temp_test_2_bsp/\libhal_bsp.a(alt_dev_llist_insert.o)
 .debug_aranges
                0x00000000000001a8       0x18 ../temp_test_2_bsp/\libhal_bsp.a(alt_errno.o)
 .debug_aranges
                0x00000000000001c0       0x20 ../temp_test_2_bsp/\libhal_bsp.a(alt_icache_flush_all.o)
 .debug_aranges
                0x00000000000001e0       0x30 ../temp_test_2_bsp/\libhal_bsp.a(alt_irq_entry.o)
 .debug_aranges
                0x0000000000000210       0x20 ../temp_test_2_bsp/\libhal_bsp.a(alt_irq_handler.o)
 .debug_aranges
                0x0000000000000230       0x20 ../temp_test_2_bsp/\libhal_bsp.a(altera_nios2_gen2_irq.o)
 .debug_aranges
                0x0000000000000250       0x38 ../temp_test_2_bsp/\libhal_bsp.a(alt_exception_entry.o)
 .debug_aranges
                0x0000000000000288       0x28 ../temp_test_2_bsp/\libhal_bsp.a(alt_instruction_exception_entry.o)
 .debug_aranges
                0x00000000000002b0       0x18 c:/intelfpga_lite/18.1/nios2eds/bin/gnu/h-x86_64-mingw32/bin/../lib/gcc/nios2-elf/5.3.0/../../../../../H-x86_64-mingw32/nios2-elf/lib/mno-hw-mul\libsmallc.a(lib_a-int_errno.o)

.debug_pubnames
 *(.debug_pubnames)

.debug_info     0x0000000000000000     0x21fe
 *(.debug_info .gnu.linkonce.wi.*)
 .debug_info    0x0000000000000000       0x98 ../temp_test_2_bsp//obj/HAL/src/crt0.o
 .debug_info    0x0000000000000098      0x3bb obj/default/hello_world_small.o
 .debug_info    0x0000000000000453      0x30d ../temp_test_2_bsp/\libhal_bsp.a(alt_irq_register.o)
 .debug_info    0x0000000000000760       0x88 ../temp_test_2_bsp/\libhal_bsp.a(alt_irq_vars.o)
 .debug_info    0x00000000000007e8      0x1c9 ../temp_test_2_bsp/\libhal_bsp.a(alt_load.o)
 .debug_info    0x00000000000009b1      0x18f ../temp_test_2_bsp/\libhal_bsp.a(alt_main.o)
 .debug_info    0x0000000000000b40      0x14d ../temp_test_2_bsp/\libhal_bsp.a(alt_printf.o)
 .debug_info    0x0000000000000c8d      0x12a ../temp_test_2_bsp/\libhal_bsp.a(alt_putchar.o)
 .debug_info    0x0000000000000db7      0x459 ../temp_test_2_bsp/\libhal_bsp.a(alt_sys_init.o)
 .debug_info    0x0000000000001210      0x1ad ../temp_test_2_bsp/\libhal_bsp.a(altera_avalon_jtag_uart_write.o)
 .debug_info    0x00000000000013bd       0x92 ../temp_test_2_bsp/\libhal_bsp.a(alt_dcache_flush_all.o)
 .debug_info    0x000000000000144f      0x499 ../temp_test_2_bsp/\libhal_bsp.a(alt_dev.o)
 .debug_info    0x00000000000018e8      0x1b3 ../temp_test_2_bsp/\libhal_bsp.a(alt_dev_llist_insert.o)
 .debug_info    0x0000000000001a9b       0xa6 ../temp_test_2_bsp/\libhal_bsp.a(alt_errno.o)
 .debug_info    0x0000000000001b41       0x92 ../temp_test_2_bsp/\libhal_bsp.a(alt_icache_flush_all.o)
 .debug_info    0x0000000000001bd3       0xa1 ../temp_test_2_bsp/\libhal_bsp.a(alt_irq_entry.o)
 .debug_info    0x0000000000001c74      0x1a4 ../temp_test_2_bsp/\libhal_bsp.a(alt_irq_handler.o)
 .debug_info    0x0000000000001e18       0xb8 ../temp_test_2_bsp/\libhal_bsp.a(altera_nios2_gen2_irq.o)
 .debug_info    0x0000000000001ed0       0xa7 ../temp_test_2_bsp/\libhal_bsp.a(alt_exception_entry.o)
 .debug_info    0x0000000000001f77      0x1fd ../temp_test_2_bsp/\libhal_bsp.a(alt_instruction_exception_entry.o)
 .debug_info    0x0000000000002174       0x8a c:/intelfpga_lite/18.1/nios2eds/bin/gnu/h-x86_64-mingw32/bin/../lib/gcc/nios2-elf/5.3.0/../../../../../H-x86_64-mingw32/nios2-elf/lib/mno-hw-mul\libsmallc.a(lib_a-int_errno.o)

.debug_abbrev   0x0000000000000000      0xfcb
 *(.debug_abbrev)
 .debug_abbrev  0x0000000000000000       0x12 ../temp_test_2_bsp//obj/HAL/src/crt0.o
 .debug_abbrev  0x0000000000000012      0x232 obj/default/hello_world_small.o
 .debug_abbrev  0x0000000000000244      0x1a5 ../temp_test_2_bsp/\libhal_bsp.a(alt_irq_register.o)
 .debug_abbrev  0x00000000000003e9       0x40 ../temp_test_2_bsp/\libhal_bsp.a(alt_irq_vars.o)
 .debug_abbrev  0x0000000000000429       0xd8 ../temp_test_2_bsp/\libhal_bsp.a(alt_load.o)
 .debug_abbrev  0x0000000000000501       0xf5 ../temp_test_2_bsp/\libhal_bsp.a(alt_main.o)
 .debug_abbrev  0x00000000000005f6       0xd5 ../temp_test_2_bsp/\libhal_bsp.a(alt_printf.o)
 .debug_abbrev  0x00000000000006cb       0xd2 ../temp_test_2_bsp/\libhal_bsp.a(alt_putchar.o)
 .debug_abbrev  0x000000000000079d      0x1a5 ../temp_test_2_bsp/\libhal_bsp.a(alt_sys_init.o)
 .debug_abbrev  0x0000000000000942       0xd5 ../temp_test_2_bsp/\libhal_bsp.a(altera_avalon_jtag_uart_write.o)
 .debug_abbrev  0x0000000000000a17       0x42 ../temp_test_2_bsp/\libhal_bsp.a(alt_dcache_flush_all.o)
 .debug_abbrev  0x0000000000000a59       0xd9 ../temp_test_2_bsp/\libhal_bsp.a(alt_dev.o)
 .debug_abbrev  0x0000000000000b32      0x11c ../temp_test_2_bsp/\libhal_bsp.a(alt_dev_llist_insert.o)
 .debug_abbrev  0x0000000000000c4e       0x5a ../temp_test_2_bsp/\libhal_bsp.a(alt_errno.o)
 .debug_abbrev  0x0000000000000ca8       0x42 ../temp_test_2_bsp/\libhal_bsp.a(alt_icache_flush_all.o)
 .debug_abbrev  0x0000000000000cea       0x12 ../temp_test_2_bsp/\libhal_bsp.a(alt_irq_entry.o)
 .debug_abbrev  0x0000000000000cfc      0x138 ../temp_test_2_bsp/\libhal_bsp.a(alt_irq_handler.o)
 .debug_abbrev  0x0000000000000e34       0x67 ../temp_test_2_bsp/\libhal_bsp.a(altera_nios2_gen2_irq.o)
 .debug_abbrev  0x0000000000000e9b       0x12 ../temp_test_2_bsp/\libhal_bsp.a(alt_exception_entry.o)
 .debug_abbrev  0x0000000000000ead       0xe7 ../temp_test_2_bsp/\libhal_bsp.a(alt_instruction_exception_entry.o)
 .debug_abbrev  0x0000000000000f94       0x37 c:/intelfpga_lite/18.1/nios2eds/bin/gnu/h-x86_64-mingw32/bin/../lib/gcc/nios2-elf/5.3.0/../../../../../H-x86_64-mingw32/nios2-elf/lib/mno-hw-mul\libsmallc.a(lib_a-int_errno.o)

.debug_line     0x0000000000000000      0xe86
 *(.debug_line)
 .debug_line    0x0000000000000000       0x66 ../temp_test_2_bsp//obj/HAL/src/crt0.o
 .debug_line    0x0000000000000066      0x129 obj/default/hello_world_small.o
 .debug_line    0x000000000000018f       0xed ../temp_test_2_bsp/\libhal_bsp.a(alt_irq_register.o)
 .debug_line    0x000000000000027c       0x50 ../temp_test_2_bsp/\libhal_bsp.a(alt_irq_vars.o)
 .debug_line    0x00000000000002cc       0xa4 ../temp_test_2_bsp/\libhal_bsp.a(alt_load.o)
 .debug_line    0x0000000000000370       0xea ../temp_test_2_bsp/\libhal_bsp.a(alt_main.o)
 .debug_line    0x000000000000045a      0x112 ../temp_test_2_bsp/\libhal_bsp.a(alt_printf.o)
 .debug_line    0x000000000000056c       0x55 ../temp_test_2_bsp/\libhal_bsp.a(alt_putchar.o)
 .debug_line    0x00000000000005c1      0x176 ../temp_test_2_bsp/\libhal_bsp.a(alt_sys_init.o)
 .debug_line    0x0000000000000737      0x104 ../temp_test_2_bsp/\libhal_bsp.a(altera_avalon_jtag_uart_write.o)
 .debug_line    0x000000000000083b       0x4e ../temp_test_2_bsp/\libhal_bsp.a(alt_dcache_flush_all.o)
 .debug_line    0x0000000000000889       0xf6 ../temp_test_2_bsp/\libhal_bsp.a(alt_dev.o)
 .debug_line    0x000000000000097f       0xd8 ../temp_test_2_bsp/\libhal_bsp.a(alt_dev_llist_insert.o)
 .debug_line    0x0000000000000a57       0x51 ../temp_test_2_bsp/\libhal_bsp.a(alt_errno.o)
 .debug_line    0x0000000000000aa8       0x4e ../temp_test_2_bsp/\libhal_bsp.a(alt_icache_flush_all.o)
 .debug_line    0x0000000000000af6       0x6b ../temp_test_2_bsp/\libhal_bsp.a(alt_irq_entry.o)
 .debug_line    0x0000000000000b61       0xc8 ../temp_test_2_bsp/\libhal_bsp.a(alt_irq_handler.o)
 .debug_line    0x0000000000000c29       0x8c ../temp_test_2_bsp/\libhal_bsp.a(altera_nios2_gen2_irq.o)
 .debug_line    0x0000000000000cb5       0xb3 ../temp_test_2_bsp/\libhal_bsp.a(alt_exception_entry.o)
 .debug_line    0x0000000000000d68       0xbf ../temp_test_2_bsp/\libhal_bsp.a(alt_instruction_exception_entry.o)
 .debug_line    0x0000000000000e27       0x5f c:/intelfpga_lite/18.1/nios2eds/bin/gnu/h-x86_64-mingw32/bin/../lib/gcc/nios2-elf/5.3.0/../../../../../H-x86_64-mingw32/nios2-elf/lib/mno-hw-mul\libsmallc.a(lib_a-int_errno.o)

.debug_frame    0x0000000000000000      0x2fc
 *(.debug_frame)
 .debug_frame   0x0000000000000000       0x90 obj/default/hello_world_small.o
 .debug_frame   0x0000000000000090       0x20 ../temp_test_2_bsp/\libhal_bsp.a(alt_irq_register.o)
 .debug_frame   0x00000000000000b0       0x30 ../temp_test_2_bsp/\libhal_bsp.a(alt_load.o)
 .debug_frame   0x00000000000000e0       0x2c ../temp_test_2_bsp/\libhal_bsp.a(alt_main.o)
 .debug_frame   0x000000000000010c       0x54 ../temp_test_2_bsp/\libhal_bsp.a(alt_printf.o)
 .debug_frame   0x0000000000000160       0x30 ../temp_test_2_bsp/\libhal_bsp.a(alt_putchar.o)
 .debug_frame   0x0000000000000190       0x3c ../temp_test_2_bsp/\libhal_bsp.a(alt_sys_init.o)
 .debug_frame   0x00000000000001cc       0x20 ../temp_test_2_bsp/\libhal_bsp.a(altera_avalon_jtag_uart_write.o)
 .debug_frame   0x00000000000001ec       0x20 ../temp_test_2_bsp/\libhal_bsp.a(alt_dcache_flush_all.o)
 .debug_frame   0x000000000000020c       0x20 ../temp_test_2_bsp/\libhal_bsp.a(alt_dev.o)
 .debug_frame   0x000000000000022c       0x2c ../temp_test_2_bsp/\libhal_bsp.a(alt_dev_llist_insert.o)
 .debug_frame   0x0000000000000258       0x20 ../temp_test_2_bsp/\libhal_bsp.a(alt_icache_flush_all.o)
 .debug_frame   0x0000000000000278       0x34 ../temp_test_2_bsp/\libhal_bsp.a(alt_irq_handler.o)
 .debug_frame   0x00000000000002ac       0x20 ../temp_test_2_bsp/\libhal_bsp.a(altera_nios2_gen2_irq.o)
 .debug_frame   0x00000000000002cc       0x30 ../temp_test_2_bsp/\libhal_bsp.a(alt_instruction_exception_entry.o)

.debug_str      0x0000000000000000      0xecb
 *(.debug_str)
 .debug_str     0x0000000000000000      0x218 obj/default/hello_world_small.o
                                        0x256 (size before relaxing)
 .debug_str     0x0000000000000218      0x101 ../temp_test_2_bsp/\libhal_bsp.a(alt_irq_register.o)
                                        0x232 (size before relaxing)
 .debug_str     0x0000000000000319       0x17 ../temp_test_2_bsp/\libhal_bsp.a(alt_irq_vars.o)
                                        0x164 (size before relaxing)
 .debug_str     0x0000000000000330      0x113 ../temp_test_2_bsp/\libhal_bsp.a(alt_load.o)
                                        0x266 (size before relaxing)
 .debug_str     0x0000000000000443       0x5e ../temp_test_2_bsp/\libhal_bsp.a(alt_main.o)
                                        0x208 (size before relaxing)
 .debug_str     0x00000000000004a1       0x59 ../temp_test_2_bsp/\libhal_bsp.a(alt_printf.o)
                                        0x130 (size before relaxing)
 .debug_str     0x00000000000004fa       0x5e ../temp_test_2_bsp/\libhal_bsp.a(alt_putchar.o)
                                        0x1b5 (size before relaxing)
 .debug_str     0x0000000000000558      0x169 ../temp_test_2_bsp/\libhal_bsp.a(alt_sys_init.o)
                                        0x374 (size before relaxing)
 .debug_str     0x00000000000006c1       0x32 ../temp_test_2_bsp/\libhal_bsp.a(altera_avalon_jtag_uart_write.o)
                                        0x260 (size before relaxing)
 .debug_str     0x00000000000006f3       0x1f ../temp_test_2_bsp/\libhal_bsp.a(alt_dcache_flush_all.o)
                                        0x17f (size before relaxing)
 .debug_str     0x0000000000000712      0x125 ../temp_test_2_bsp/\libhal_bsp.a(alt_dev.o)
                                        0x32f (size before relaxing)
 .debug_str     0x0000000000000837       0x48 ../temp_test_2_bsp/\libhal_bsp.a(alt_dev_llist_insert.o)
                                        0x1f6 (size before relaxing)
 .debug_str     0x000000000000087f       0x14 ../temp_test_2_bsp/\libhal_bsp.a(alt_errno.o)
                                        0x16f (size before relaxing)
 .debug_str     0x0000000000000893       0x1f ../temp_test_2_bsp/\libhal_bsp.a(alt_icache_flush_all.o)
                                        0x17f (size before relaxing)
 .debug_str     0x00000000000008b2       0x3a ../temp_test_2_bsp/\libhal_bsp.a(alt_irq_handler.o)
                                        0x1e2 (size before relaxing)
 .debug_str     0x00000000000008ec       0x20 ../temp_test_2_bsp/\libhal_bsp.a(altera_nios2_gen2_irq.o)
                                        0x1af (size before relaxing)
 .debug_str     0x000000000000090c      0x48b ../temp_test_2_bsp/\libhal_bsp.a(alt_instruction_exception_entry.o)
                                        0x5ca (size before relaxing)
 .debug_str     0x0000000000000d97      0x134 c:/intelfpga_lite/18.1/nios2eds/bin/gnu/h-x86_64-mingw32/bin/../lib/gcc/nios2-elf/5.3.0/../../../../../H-x86_64-mingw32/nios2-elf/lib/mno-hw-mul\libsmallc.a(lib_a-int_errno.o)
                                        0x1d8 (size before relaxing)

.debug_loc      0x0000000000000000      0x594
 *(.debug_loc)
 .debug_loc     0x0000000000000000       0x8f obj/default/hello_world_small.o
 .debug_loc     0x000000000000008f       0xfa ../temp_test_2_bsp/\libhal_bsp.a(alt_irq_register.o)
 .debug_loc     0x0000000000000189      0x1de ../temp_test_2_bsp/\libhal_bsp.a(alt_printf.o)
 .debug_loc     0x0000000000000367       0x2c ../temp_test_2_bsp/\libhal_bsp.a(alt_putchar.o)
 .debug_loc     0x0000000000000393       0x21 ../temp_test_2_bsp/\libhal_bsp.a(alt_sys_init.o)
 .debug_loc     0x00000000000003b4       0x8b ../temp_test_2_bsp/\libhal_bsp.a(altera_avalon_jtag_uart_write.o)
 .debug_loc     0x000000000000043f       0x7e ../temp_test_2_bsp/\libhal_bsp.a(alt_dev_llist_insert.o)
 .debug_loc     0x00000000000004bd       0x72 ../temp_test_2_bsp/\libhal_bsp.a(alt_irq_handler.o)
 .debug_loc     0x000000000000052f       0x65 ../temp_test_2_bsp/\libhal_bsp.a(alt_instruction_exception_entry.o)

.debug_macinfo
 *(.debug_macinfo)

.debug_weaknames
 *(.debug_weaknames)

.debug_funcnames
 *(.debug_funcnames)

.debug_typenames
 *(.debug_typenames)

.debug_varnames
 *(.debug_varnames)

.debug_alt_sim_info
                0x0000000000000000       0x10
 *(.debug_alt_sim_info)
 .debug_alt_sim_info
                0x0000000000000000       0x10 ../temp_test_2_bsp//obj/HAL/src/crt0.o
                0x0000000000020000                __alt_data_end = 0x20000
                0x0000000000020000                PROVIDE (__alt_stack_pointer, __alt_data_end)
                [!provide]                        PROVIDE (__alt_stack_limit, __alt_stack_base)
                [!provide]                        PROVIDE (__alt_heap_start, end)
                [!provide]                        PROVIDE (__alt_heap_limit, 0x20000)
OUTPUT(temp_test_2.elf elf32-littlenios2)

.debug_ranges   0x0000000000000000      0x170
 .debug_ranges  0x0000000000000000       0x20 ../temp_test_2_bsp//obj/HAL/src/crt0.o
 .debug_ranges  0x0000000000000020       0x38 obj/default/hello_world_small.o
 .debug_ranges  0x0000000000000058       0x48 ../temp_test_2_bsp/\libhal_bsp.a(alt_load.o)
 .debug_ranges  0x00000000000000a0       0x18 ../temp_test_2_bsp/\libhal_bsp.a(alt_printf.o)
 .debug_ranges  0x00000000000000b8       0x18 ../temp_test_2_bsp/\libhal_bsp.a(alt_sys_init.o)
 .debug_ranges  0x00000000000000d0       0x20 ../temp_test_2_bsp/\libhal_bsp.a(alt_dev_llist_insert.o)
 .debug_ranges  0x00000000000000f0       0x28 ../temp_test_2_bsp/\libhal_bsp.a(alt_irq_entry.o)
 .debug_ranges  0x0000000000000118       0x10 ../temp_test_2_bsp/\libhal_bsp.a(alt_irq_handler.o)
 .debug_ranges  0x0000000000000128       0x30 ../temp_test_2_bsp/\libhal_bsp.a(alt_exception_entry.o)
 .debug_ranges  0x0000000000000158       0x18 ../temp_test_2_bsp/\libhal_bsp.a(alt_instruction_exception_entry.o)
