Archive member included to satisfy reference by file (symbol)

../temp_test_4_bsp/\libhal_bsp.a(alt_load.o)
                              ../temp_test_4_bsp//obj/HAL/src/crt0.o (alt_load)
../temp_test_4_bsp/\libhal_bsp.a(alt_main.o)
                              ../temp_test_4_bsp//obj/HAL/src/crt0.o (alt_main)
../temp_test_4_bsp/\libhal_bsp.a(alt_printf.o)
                              obj/default/hello_world_small.o (alt_printf)
../temp_test_4_bsp/\libhal_bsp.a(alt_putchar.o)
                              ../temp_test_4_bsp/\libhal_bsp.a(alt_printf.o) (alt_putchar)
../temp_test_4_bsp/\libhal_bsp.a(alt_putstr.o)
                              obj/default/hello_world_small.o (alt_putstr)
../temp_test_4_bsp/\libhal_bsp.a(alt_sys_init.o)
                              ../temp_test_4_bsp/\libhal_bsp.a(alt_main.o) (alt_irq_init)
../temp_test_4_bsp/\libhal_bsp.a(altera_avalon_jtag_uart_write.o)
                              ../temp_test_4_bsp/\libhal_bsp.a(alt_putchar.o) (altera_avalon_jtag_uart_write)
../temp_test_4_bsp/\libhal_bsp.a(alt_dcache_flush_all.o)
                              ../temp_test_4_bsp/\libhal_bsp.a(alt_load.o) (alt_dcache_flush_all)
../temp_test_4_bsp/\libhal_bsp.a(alt_dev.o)
                              ../temp_test_4_bsp/\libhal_bsp.a(alt_sys_init.o) (alt_dev_list)
../temp_test_4_bsp/\libhal_bsp.a(alt_dev_llist_insert.o)
                              ../temp_test_4_bsp/\libhal_bsp.a(alt_sys_init.o) (alt_dev_llist_insert)
../temp_test_4_bsp/\libhal_bsp.a(alt_errno.o)
                              ../temp_test_4_bsp/\libhal_bsp.a(alt_dev_llist_insert.o) (alt_errno)
../temp_test_4_bsp/\libhal_bsp.a(alt_icache_flush_all.o)
                              ../temp_test_4_bsp/\libhal_bsp.a(alt_load.o) (alt_icache_flush_all)
../temp_test_4_bsp/\libhal_bsp.a(altera_nios2_gen2_irq.o)
                              ../temp_test_4_bsp/\libhal_bsp.a(alt_sys_init.o) (altera_nios2_gen2_irq_init)
c:/intelfpga_lite/18.1/nios2eds/bin/gnu/h-x86_64-mingw32/bin/../lib/gcc/nios2-elf/5.3.0/../../../../../H-x86_64-mingw32/nios2-elf/lib/mno-hw-mul\libsmallc.a(lib_a-int_errno.o)
                              ../temp_test_4_bsp/\libhal_bsp.a(alt_dev_llist_insert.o) (errno)
c:/intelfpga_lite/18.1/nios2eds/bin/gnu/h-x86_64-mingw32/bin/../lib/gcc/nios2-elf/5.3.0/../../../../../H-x86_64-mingw32/nios2-elf/lib/mno-hw-mul\libsmallc.a(lib_a-strlen.o)
                              ../temp_test_4_bsp/\libhal_bsp.a(alt_putstr.o) (strlen)

Allocating common symbols
Common symbol       size              file

errno               0x4               c:/intelfpga_lite/18.1/nios2eds/bin/gnu/h-x86_64-mingw32/bin/../lib/gcc/nios2-elf/5.3.0/../../../../../H-x86_64-mingw32/nios2-elf/lib/mno-hw-mul\libsmallc.a(lib_a-int_errno.o)

Memory Configuration

Name             Origin             Length             Attributes
reset            0x0000000000010000 0x0000000000000020
onchip_memory    0x0000000000010020 0x000000000000ffe0
*default*        0x0000000000000000 0xffffffffffffffff

Linker script and memory map

LOAD ../temp_test_4_bsp//obj/HAL/src/crt0.o
LOAD obj/default/hello_world_small.o
LOAD c:/intelfpga_lite/18.1/nios2eds/bin/gnu/h-x86_64-mingw32/bin/../lib/gcc/nios2-elf/5.3.0/../../../../../H-x86_64-mingw32/nios2-elf/lib/mno-hw-mul\libstdc++.a
LOAD c:/intelfpga_lite/18.1/nios2eds/bin/gnu/h-x86_64-mingw32/bin/../lib/gcc/nios2-elf/5.3.0/../../../../../H-x86_64-mingw32/nios2-elf/lib/mno-hw-mul\libm.a
LOAD c:/intelfpga_lite/18.1/nios2eds/bin/gnu/h-x86_64-mingw32/bin/../lib/gcc/nios2-elf/5.3.0/mno-hw-mul\libgcc.a
START GROUP
LOAD c:/intelfpga_lite/18.1/nios2eds/bin/gnu/h-x86_64-mingw32/bin/../lib/gcc/nios2-elf/5.3.0/../../../../../H-x86_64-mingw32/nios2-elf/lib/mno-hw-mul\libsmallc.a
LOAD c:/intelfpga_lite/18.1/nios2eds/bin/gnu/h-x86_64-mingw32/bin/../lib/gcc/nios2-elf/5.3.0/mno-hw-mul\libgcc.a
LOAD ../temp_test_4_bsp/\libhal_bsp.a
LOAD c:/intelfpga_lite/18.1/nios2eds/bin/gnu/h-x86_64-mingw32/bin/../lib/gcc/nios2-elf/5.3.0/../../../../../H-x86_64-mingw32/nios2-elf/lib/mno-hw-mul\libm.a
END GROUP
LOAD c:/intelfpga_lite/18.1/nios2eds/bin/gnu/h-x86_64-mingw32/bin/../lib/gcc/nios2-elf/5.3.0/mno-hw-mul\libgcc.a
                0x0000000000010000                __alt_mem_onchip_memory = 0x10000

.entry          0x0000000000010000       0x20
 *(.entry)
 .entry         0x0000000000010000       0x20 ../temp_test_4_bsp//obj/HAL/src/crt0.o
                0x0000000000010000                __reset
                0x000000000001000c                _exit

.exceptions     0x0000000000010020        0x0
                0x0000000000010020                PROVIDE (__ram_exceptions_start, ABSOLUTE (.))
                0x0000000000010020                . = ALIGN (0x20)
 *(.irq)
 *(.exceptions.entry.label)
 *(.exceptions.entry.user)
 *(.exceptions.entry.ecc_fatal)
 *(.exceptions.entry)
 *(.exceptions.irqtest.user)
 *(.exceptions.irqtest)
 *(.exceptions.irqhandler.user)
 *(.exceptions.irqhandler)
 *(.exceptions.irqreturn.user)
 *(.exceptions.irqreturn)
 *(.exceptions.notirq.label)
 *(.exceptions.notirq.user)
 *(.exceptions.notirq)
 *(.exceptions.soft.user)
 *(.exceptions.soft)
 *(.exceptions.unknown.user)
 *(.exceptions.unknown)
 *(.exceptions.exit.label)
 *(.exceptions.exit.user)
 *(.exceptions.exit)
 *(.exceptions)
                0x0000000000010020                PROVIDE (__ram_exceptions_end, ABSOLUTE (.))
                0x0000000000010020                PROVIDE (__flash_exceptions_start, LOADADDR (.exceptions))

.text           0x0000000000010020      0x4ac
                [!provide]                        PROVIDE (stext, ABSOLUTE (.))
 *(.interp)
 *(.hash)
 *(.dynsym)
 *(.dynstr)
 *(.gnu.version)
 *(.gnu.version_d)
 *(.gnu.version_r)
 *(.rel.init)
 *(.rela.init)
 *(.rel.text .rel.text.* .rel.gnu.linkonce.t.*)
 *(.rela.text .rela.text.* .rela.gnu.linkonce.t.*)
 *(.rel.fini)
 *(.rela.fini)
 *(.rel.rodata .rel.rodata.* .rel.gnu.linkonce.r.*)
 *(.rela.rodata .rela.rodata.* .rela.gnu.linkonce.r.*)
 *(.rel.data .rel.data.* .rel.gnu.linkonce.d.*)
 *(.rela.data .rela.data.* .rela.gnu.linkonce.d.*)
 *(.rel.tdata .rel.tdata.* .rel.gnu.linkonce.td.*)
 *(.rela.tdata .rela.tdata.* .rela.gnu.linkonce.td.*)
 *(.rel.tbss .rel.tbss.* .rel.gnu.linkonce.tb.*)
 *(.rela.tbss .rela.tbss.* .rela.gnu.linkonce.tb.*)
 *(.rel.ctors)
 *(.rela.ctors)
 *(.rel.dtors)
 *(.rela.dtors)
 *(.rel.got)
 *(.rela.got)
 *(.rel.sdata .rel.sdata.* .rel.gnu.linkonce.s.*)
 *(.rela.sdata .rela.sdata.* .rela.gnu.linkonce.s.*)
 *(.rel.sbss .rel.sbss.* .rel.gnu.linkonce.sb.*)
 *(.rela.sbss .rela.sbss.* .rela.gnu.linkonce.sb.*)
 *(.rel.sdata2 .rel.sdata2.* .rel.gnu.linkonce.s2.*)
 *(.rela.sdata2 .rela.sdata2.* .rela.gnu.linkonce.s2.*)
 *(.rel.sbss2 .rel.sbss2.* .rel.gnu.linkonce.sb2.*)
 *(.rela.sbss2 .rela.sbss2.* .rela.gnu.linkonce.sb2.*)
 *(.rel.bss .rel.bss.* .rel.gnu.linkonce.b.*)
 *(.rela.bss .rela.bss.* .rela.gnu.linkonce.b.*)
 *(.rel.plt)
 *(.rela.plt)
 *(.rel.dyn)
 *(.init)
 *(.plt)
 *(.text .stub .text.* .gnu.linkonce.t.*)
 .text          0x0000000000010020       0x3c ../temp_test_4_bsp//obj/HAL/src/crt0.o
                0x0000000000010020                _start
 .text          0x000000000001005c        0x0 obj/default/hello_world_small.o
 .text.startup  0x000000000001005c       0x70 obj/default/hello_world_small.o
                0x000000000001005c                main
 .text          0x00000000000100cc       0xe0 ../temp_test_4_bsp/\libhal_bsp.a(alt_load.o)
                0x00000000000100cc                alt_load
 .text          0x00000000000101ac       0x2c ../temp_test_4_bsp/\libhal_bsp.a(alt_main.o)
                0x00000000000101ac                alt_main
 .text          0x00000000000101d8      0x170 ../temp_test_4_bsp/\libhal_bsp.a(alt_printf.o)
                0x00000000000101d8                alt_printf
 .text          0x0000000000010348       0x48 ../temp_test_4_bsp/\libhal_bsp.a(alt_putchar.o)
                0x0000000000010348                alt_putchar
 .text          0x0000000000010390       0x38 ../temp_test_4_bsp/\libhal_bsp.a(alt_putstr.o)
                0x0000000000010390                alt_putstr
 .text          0x00000000000103c8       0x30 ../temp_test_4_bsp/\libhal_bsp.a(alt_sys_init.o)
                0x00000000000103c8                alt_irq_init
                0x00000000000103e8                alt_sys_init
 .text          0x00000000000103f8       0x34 ../temp_test_4_bsp/\libhal_bsp.a(altera_avalon_jtag_uart_write.o)
                0x00000000000103f8                altera_avalon_jtag_uart_write
 .text          0x000000000001042c        0x4 ../temp_test_4_bsp/\libhal_bsp.a(alt_dcache_flush_all.o)
                0x000000000001042c                alt_dcache_flush_all
 .text          0x0000000000010430        0x8 ../temp_test_4_bsp/\libhal_bsp.a(alt_dev.o)
 .text          0x0000000000010438       0x6c ../temp_test_4_bsp/\libhal_bsp.a(alt_dev_llist_insert.o)
                0x0000000000010438                alt_dev_llist_insert
 .text          0x00000000000104a4        0x0 ../temp_test_4_bsp/\libhal_bsp.a(alt_errno.o)
 .text          0x00000000000104a4        0x4 ../temp_test_4_bsp/\libhal_bsp.a(alt_icache_flush_all.o)
                0x00000000000104a4                alt_icache_flush_all
 .text          0x00000000000104a8        0x8 ../temp_test_4_bsp/\libhal_bsp.a(altera_nios2_gen2_irq.o)
                0x00000000000104a8                altera_nios2_gen2_irq_init
 .text          0x00000000000104b0        0x0 c:/intelfpga_lite/18.1/nios2eds/bin/gnu/h-x86_64-mingw32/bin/../lib/gcc/nios2-elf/5.3.0/../../../../../H-x86_64-mingw32/nios2-elf/lib/mno-hw-mul\libsmallc.a(lib_a-int_errno.o)
 .text          0x00000000000104b0        0x0 c:/intelfpga_lite/18.1/nios2eds/bin/gnu/h-x86_64-mingw32/bin/../lib/gcc/nios2-elf/5.3.0/../../../../../H-x86_64-mingw32/nios2-elf/lib/mno-hw-mul\libsmallc.a(lib_a-strlen.o)
 .text.strlen   0x00000000000104b0       0x1c c:/intelfpga_lite/18.1/nios2eds/bin/gnu/h-x86_64-mingw32/bin/../lib/gcc/nios2-elf/5.3.0/../../../../../H-x86_64-mingw32/nios2-elf/lib/mno-hw-mul\libsmallc.a(lib_a-strlen.o)
                0x00000000000104b0                strlen
 *(.gnu.warning.*)
 *(.fini)
                [!provide]                        PROVIDE (__etext, ABSOLUTE (.))
                [!provide]                        PROVIDE (_etext, ABSOLUTE (.))
                [!provide]                        PROVIDE (etext, ABSOLUTE (.))
 *(.eh_frame_hdr)
                0x00000000000104cc                . = ALIGN (0x4)
                [!provide]                        PROVIDE (__preinit_array_start, ABSOLUTE (.))
 *(.preinit_array)
                [!provide]                        PROVIDE (__preinit_array_end, ABSOLUTE (.))
                [!provide]                        PROVIDE (__init_array_start, ABSOLUTE (.))
 *(.init_array)
                [!provide]                        PROVIDE (__init_array_end, ABSOLUTE (.))
                [!provide]                        PROVIDE (__fini_array_start, ABSOLUTE (.))
 *(.fini_array)
                [!provide]                        PROVIDE (__fini_array_end, ABSOLUTE (.))
 *(.eh_frame)
 *(.gcc_except_table .gcc_except_table.*)
 *(.dynamic)
                [!provide]                        PROVIDE (__CTOR_LIST__, ABSOLUTE (.))
 *(.ctors)
 *(SORT(.ctors.*))
                [!provide]                        PROVIDE (__CTOR_END__, ABSOLUTE (.))
                [!provide]                        PROVIDE (__DTOR_LIST__, ABSOLUTE (.))
 *(.dtors)
 *(SORT(.dtors.*))
                [!provide]                        PROVIDE (__DTOR_END__, ABSOLUTE (.))
 *(.jcr)
                0x00000000000104cc                . = ALIGN (0x4)

.rodata         0x00000000000104cc      0x108
                0x00000000000104cc                PROVIDE (__ram_rodata_start, ABSOLUTE (.))
                0x00000000000104cc                . = ALIGN (0x4)
 *(.rodata .rodata.* .gnu.linkonce.r.*)
 .rodata.str1.4
                0x00000000000104cc       0xe2 obj/default/hello_world_small.o
 *fill*         0x00000000000105ae        0x2 
 .rodata.str1.4
                0x00000000000105b0       0x17 ../temp_test_4_bsp/\libhal_bsp.a(alt_sys_init.o)
 *fill*         0x00000000000105c7        0x1 
 .rodata.str1.4
                0x00000000000105c8        0xc ../temp_test_4_bsp/\libhal_bsp.a(alt_dev.o)
                                          0xa (size before relaxing)
 *(.rodata1)
                0x00000000000105d4                . = ALIGN (0x4)
                0x00000000000105d4                PROVIDE (__ram_rodata_end, ABSOLUTE (.))
                0x00000000000104cc                PROVIDE (__flash_rodata_start, LOADADDR (.rodata))

.rwdata         0x00000000000105d4       0xa0 load address 0x0000000000010674
                0x00000000000105d4                PROVIDE (__ram_rwdata_start, ABSOLUTE (.))
                0x00000000000105d4                . = ALIGN (0x4)
 *(.got.plt)
 *(.got)
 *(.data1)
 *(.data .data.* .gnu.linkonce.d.*)
 .data          0x00000000000105d4        0x0 ../temp_test_4_bsp//obj/HAL/src/crt0.o
 .data          0x00000000000105d4        0x0 obj/default/hello_world_small.o
 .data          0x00000000000105d4        0x0 ../temp_test_4_bsp/\libhal_bsp.a(alt_load.o)
 .data          0x00000000000105d4        0x0 ../temp_test_4_bsp/\libhal_bsp.a(alt_main.o)
 .data          0x00000000000105d4        0x0 ../temp_test_4_bsp/\libhal_bsp.a(alt_printf.o)
 .data          0x00000000000105d4        0x0 ../temp_test_4_bsp/\libhal_bsp.a(alt_putchar.o)
 .data          0x00000000000105d4        0x0 ../temp_test_4_bsp/\libhal_bsp.a(alt_putstr.o)
 .data          0x00000000000105d4       0x2c ../temp_test_4_bsp/\libhal_bsp.a(alt_sys_init.o)
 .data          0x0000000000010600        0x0 ../temp_test_4_bsp/\libhal_bsp.a(altera_avalon_jtag_uart_write.o)
 .data          0x0000000000010600        0x0 ../temp_test_4_bsp/\libhal_bsp.a(alt_dcache_flush_all.o)
 .data          0x0000000000010600       0x58 ../temp_test_4_bsp/\libhal_bsp.a(alt_dev.o)
                0x0000000000010600                alt_fd_list
                0x0000000000010630                alt_dev_null
 .data          0x0000000000010658        0x0 ../temp_test_4_bsp/\libhal_bsp.a(alt_dev_llist_insert.o)
 .data          0x0000000000010658        0x0 ../temp_test_4_bsp/\libhal_bsp.a(alt_errno.o)
 .data          0x0000000000010658        0x0 ../temp_test_4_bsp/\libhal_bsp.a(alt_icache_flush_all.o)
 .data          0x0000000000010658        0x0 ../temp_test_4_bsp/\libhal_bsp.a(altera_nios2_gen2_irq.o)
 .data          0x0000000000010658        0x0 c:/intelfpga_lite/18.1/nios2eds/bin/gnu/h-x86_64-mingw32/bin/../lib/gcc/nios2-elf/5.3.0/../../../../../H-x86_64-mingw32/nios2-elf/lib/mno-hw-mul\libsmallc.a(lib_a-int_errno.o)
 .data          0x0000000000010658        0x0 c:/intelfpga_lite/18.1/nios2eds/bin/gnu/h-x86_64-mingw32/bin/../lib/gcc/nios2-elf/5.3.0/../../../../../H-x86_64-mingw32/nios2-elf/lib/mno-hw-mul\libsmallc.a(lib_a-strlen.o)
                0x0000000000018658                _gp = ABSOLUTE ((. + 0x8000))
                [!provide]                        PROVIDE (gp, _gp)
 *(.rwdata .rwdata.*)
 *(.sdata .sdata.* .gnu.linkonce.s.*)
 .sdata         0x0000000000010658        0x4 ../temp_test_4_bsp/\libhal_bsp.a(alt_sys_init.o)
                0x0000000000010658                jtag_uart
 .sdata         0x000000000001065c       0x14 ../temp_test_4_bsp/\libhal_bsp.a(alt_dev.o)
                0x000000000001065c                alt_max_fd
                0x0000000000010660                alt_dev_list
                0x0000000000010668                alt_fs_list
 .sdata         0x0000000000010670        0x4 ../temp_test_4_bsp/\libhal_bsp.a(alt_errno.o)
                0x0000000000010670                alt_errno
 *(.sdata2 .sdata2.* .gnu.linkonce.s2.*)
                0x0000000000010674                . = ALIGN (0x4)
                0x0000000000010674                _edata = ABSOLUTE (.)
                [!provide]                        PROVIDE (edata, ABSOLUTE (.))
                0x0000000000010674                PROVIDE (__ram_rwdata_end, ABSOLUTE (.))
                0x0000000000010674                PROVIDE (__flash_rwdata_start, LOADADDR (.rwdata))

.bss            0x0000000000010714       0x10
                0x0000000000010714                __bss_start = ABSOLUTE (.)
                [!provide]                        PROVIDE (__sbss_start, ABSOLUTE (.))
                [!provide]                        PROVIDE (___sbss_start, ABSOLUTE (.))
 *(.dynsbss)
 *(.sbss .sbss.* .gnu.linkonce.sb.*)
 .sbss          0x0000000000010714        0xc ../temp_test_4_bsp/\libhal_bsp.a(alt_main.o)
                0x0000000000010714                alt_envp
                0x0000000000010718                alt_argv
                0x000000000001071c                alt_argc
 .sbss          0x0000000000010720        0x4 c:/intelfpga_lite/18.1/nios2eds/bin/gnu/h-x86_64-mingw32/bin/../lib/gcc/nios2-elf/5.3.0/../../../../../H-x86_64-mingw32/nios2-elf/lib/mno-hw-mul\libsmallc.a(lib_a-int_errno.o)
                0x0000000000010720                errno
 *(.sbss2 .sbss2.* .gnu.linkonce.sb2.*)
 *(.scommon)
                [!provide]                        PROVIDE (__sbss_end, ABSOLUTE (.))
                [!provide]                        PROVIDE (___sbss_end, ABSOLUTE (.))
 *(.dynbss)
 *(.bss .bss.* .gnu.linkonce.b.*)
 .bss           0x0000000000010724        0x0 ../temp_test_4_bsp//obj/HAL/src/crt0.o
 .bss           0x0000000000010724        0x0 obj/default/hello_world_small.o
 .bss           0x0000000000010724        0x0 ../temp_test_4_bsp/\libhal_bsp.a(alt_load.o)
 .bss           0x0000000000010724        0x0 ../temp_test_4_bsp/\libhal_bsp.a(alt_main.o)
 .bss           0x0000000000010724        0x0 ../temp_test_4_bsp/\libhal_bsp.a(alt_printf.o)
 .bss           0x0000000000010724        0x0 ../temp_test_4_bsp/\libhal_bsp.a(alt_putchar.o)
 .bss           0x0000000000010724        0x0 ../temp_test_4_bsp/\libhal_bsp.a(alt_putstr.o)
 .bss           0x0000000000010724        0x0 ../temp_test_4_bsp/\libhal_bsp.a(alt_sys_init.o)
 .bss           0x0000000000010724        0x0 ../temp_test_4_bsp/\libhal_bsp.a(altera_avalon_jtag_uart_write.o)
 .bss           0x0000000000010724        0x0 ../temp_test_4_bsp/\libhal_bsp.a(alt_dcache_flush_all.o)
 .bss           0x0000000000010724        0x0 ../temp_test_4_bsp/\libhal_bsp.a(alt_dev.o)
 .bss           0x0000000000010724        0x0 ../temp_test_4_bsp/\libhal_bsp.a(alt_dev_llist_insert.o)
 .bss           0x0000000000010724        0x0 ../temp_test_4_bsp/\libhal_bsp.a(alt_errno.o)
 .bss           0x0000000000010724        0x0 ../temp_test_4_bsp/\libhal_bsp.a(alt_icache_flush_all.o)
 .bss           0x0000000000010724        0x0 ../temp_test_4_bsp/\libhal_bsp.a(altera_nios2_gen2_irq.o)
 .bss           0x0000000000010724        0x0 c:/intelfpga_lite/18.1/nios2eds/bin/gnu/h-x86_64-mingw32/bin/../lib/gcc/nios2-elf/5.3.0/../../../../../H-x86_64-mingw32/nios2-elf/lib/mno-hw-mul\libsmallc.a(lib_a-int_errno.o)
 .bss           0x0000000000010724        0x0 c:/intelfpga_lite/18.1/nios2eds/bin/gnu/h-x86_64-mingw32/bin/../lib/gcc/nios2-elf/5.3.0/../../../../../H-x86_64-mingw32/nios2-elf/lib/mno-hw-mul\libsmallc.a(lib_a-strlen.o)
 *(COMMON)
                0x0000000000010724                . = ALIGN (0x4)
                0x0000000000010724                __bss_end = ABSOLUTE (.)

.onchip_memory  0x0000000000010724        0x0
                [!provide]                        PROVIDE (_alt_partition_onchip_memory_start, ABSOLUTE (.))
 *(.onchip_memory .onchip_memory. onchip_memory.*)
                0x0000000000010724                . = ALIGN (0x4)
                [!provide]                        PROVIDE (_alt_partition_onchip_memory_end, ABSOLUTE (.))
                0x0000000000010724                _end = ABSOLUTE (.)
                0x0000000000010724                end = ABSOLUTE (.)
                0x0000000000010724                __alt_stack_base = ABSOLUTE (.)
                [!provide]                        PROVIDE (_alt_partition_onchip_memory_load_addr, LOADADDR (.onchip_memory))

.stab
 *(.stab)

.stabstr
 *(.stabstr)

.stab.excl
 *(.stab.excl)

.stab.exclstr
 *(.stab.exclstr)

.stab.index
 *(.stab.index)

.stab.indexstr
 *(.stab.indexstr)

.comment        0x0000000000000000       0x23
 *(.comment)
 .comment       0x0000000000000000       0x23 obj/default/hello_world_small.o
                                         0x24 (size before relaxing)
 .comment       0x0000000000000023       0x24 ../temp_test_4_bsp/\libhal_bsp.a(alt_load.o)
 .comment       0x0000000000000023       0x24 ../temp_test_4_bsp/\libhal_bsp.a(alt_main.o)
 .comment       0x0000000000000023       0x24 ../temp_test_4_bsp/\libhal_bsp.a(alt_printf.o)
 .comment       0x0000000000000023       0x24 ../temp_test_4_bsp/\libhal_bsp.a(alt_putchar.o)
 .comment       0x0000000000000023       0x24 ../temp_test_4_bsp/\libhal_bsp.a(alt_putstr.o)
 .comment       0x0000000000000023       0x24 ../temp_test_4_bsp/\libhal_bsp.a(alt_sys_init.o)
 .comment       0x0000000000000023       0x24 ../temp_test_4_bsp/\libhal_bsp.a(altera_avalon_jtag_uart_write.o)
 .comment       0x0000000000000023       0x24 ../temp_test_4_bsp/\libhal_bsp.a(alt_dcache_flush_all.o)
 .comment       0x0000000000000023       0x24 ../temp_test_4_bsp/\libhal_bsp.a(alt_dev.o)
 .comment       0x0000000000000023       0x24 ../temp_test_4_bsp/\libhal_bsp.a(alt_dev_llist_insert.o)
 .comment       0x0000000000000023       0x24 ../temp_test_4_bsp/\libhal_bsp.a(alt_errno.o)
 .comment       0x0000000000000023       0x24 ../temp_test_4_bsp/\libhal_bsp.a(alt_icache_flush_all.o)
 .comment       0x0000000000000023       0x24 ../temp_test_4_bsp/\libhal_bsp.a(altera_nios2_gen2_irq.o)
 .comment       0x0000000000000023       0x24 c:/intelfpga_lite/18.1/nios2eds/bin/gnu/h-x86_64-mingw32/bin/../lib/gcc/nios2-elf/5.3.0/../../../../../H-x86_64-mingw32/nios2-elf/lib/mno-hw-mul\libsmallc.a(lib_a-int_errno.o)
 .comment       0x0000000000000023       0x24 c:/intelfpga_lite/18.1/nios2eds/bin/gnu/h-x86_64-mingw32/bin/../lib/gcc/nios2-elf/5.3.0/../../../../../H-x86_64-mingw32/nios2-elf/lib/mno-hw-mul\libsmallc.a(lib_a-strlen.o)

.debug
 *(.debug)

.line
 *(.line)

.debug_srcinfo
 *(.debug_srcinfo)

.debug_sfnames
 *(.debug_sfnames)

.debug_aranges  0x0000000000000000      0x218
 *(.debug_aranges)
 .debug_aranges
                0x0000000000000000       0x28 ../temp_test_4_bsp//obj/HAL/src/crt0.o
 .debug_aranges
                0x0000000000000028       0x20 obj/default/hello_world_small.o
 .debug_aranges
                0x0000000000000048       0x20 ../temp_test_4_bsp/\libhal_bsp.a(alt_load.o)
 .debug_aranges
                0x0000000000000068       0x20 ../temp_test_4_bsp/\libhal_bsp.a(alt_main.o)
 .debug_aranges
                0x0000000000000088       0x20 ../temp_test_4_bsp/\libhal_bsp.a(alt_printf.o)
 .debug_aranges
                0x00000000000000a8       0x20 ../temp_test_4_bsp/\libhal_bsp.a(alt_putchar.o)
 .debug_aranges
                0x00000000000000c8       0x20 ../temp_test_4_bsp/\libhal_bsp.a(alt_putstr.o)
 .debug_aranges
                0x00000000000000e8       0x20 ../temp_test_4_bsp/\libhal_bsp.a(alt_sys_init.o)
 .debug_aranges
                0x0000000000000108       0x20 ../temp_test_4_bsp/\libhal_bsp.a(altera_avalon_jtag_uart_write.o)
 .debug_aranges
                0x0000000000000128       0x20 ../temp_test_4_bsp/\libhal_bsp.a(alt_dcache_flush_all.o)
 .debug_aranges
                0x0000000000000148       0x20 ../temp_test_4_bsp/\libhal_bsp.a(alt_dev.o)
 .debug_aranges
                0x0000000000000168       0x20 ../temp_test_4_bsp/\libhal_bsp.a(alt_dev_llist_insert.o)
 .debug_aranges
                0x0000000000000188       0x18 ../temp_test_4_bsp/\libhal_bsp.a(alt_errno.o)
 .debug_aranges
                0x00000000000001a0       0x20 ../temp_test_4_bsp/\libhal_bsp.a(alt_icache_flush_all.o)
 .debug_aranges
                0x00000000000001c0       0x20 ../temp_test_4_bsp/\libhal_bsp.a(altera_nios2_gen2_irq.o)
 .debug_aranges
                0x00000000000001e0       0x18 c:/intelfpga_lite/18.1/nios2eds/bin/gnu/h-x86_64-mingw32/bin/../lib/gcc/nios2-elf/5.3.0/../../../../../H-x86_64-mingw32/nios2-elf/lib/mno-hw-mul\libsmallc.a(lib_a-int_errno.o)
 .debug_aranges
                0x00000000000001f8       0x20 c:/intelfpga_lite/18.1/nios2eds/bin/gnu/h-x86_64-mingw32/bin/../lib/gcc/nios2-elf/5.3.0/../../../../../H-x86_64-mingw32/nios2-elf/lib/mno-hw-mul\libsmallc.a(lib_a-strlen.o)

.debug_pubnames
 *(.debug_pubnames)

.debug_info     0x0000000000000000     0x18fd
 *(.debug_info .gnu.linkonce.wi.*)
 .debug_info    0x0000000000000000       0x98 ../temp_test_4_bsp//obj/HAL/src/crt0.o
 .debug_info    0x0000000000000098      0x135 obj/default/hello_world_small.o
 .debug_info    0x00000000000001cd      0x1c9 ../temp_test_4_bsp/\libhal_bsp.a(alt_load.o)
 .debug_info    0x0000000000000396      0x18f ../temp_test_4_bsp/\libhal_bsp.a(alt_main.o)
 .debug_info    0x0000000000000525      0x14d ../temp_test_4_bsp/\libhal_bsp.a(alt_printf.o)
 .debug_info    0x0000000000000672      0x12a ../temp_test_4_bsp/\libhal_bsp.a(alt_putchar.o)
 .debug_info    0x000000000000079c      0x13a ../temp_test_4_bsp/\libhal_bsp.a(alt_putstr.o)
 .debug_info    0x00000000000008d6      0x459 ../temp_test_4_bsp/\libhal_bsp.a(alt_sys_init.o)
 .debug_info    0x0000000000000d2f      0x1ad ../temp_test_4_bsp/\libhal_bsp.a(altera_avalon_jtag_uart_write.o)
 .debug_info    0x0000000000000edc       0x92 ../temp_test_4_bsp/\libhal_bsp.a(alt_dcache_flush_all.o)
 .debug_info    0x0000000000000f6e      0x499 ../temp_test_4_bsp/\libhal_bsp.a(alt_dev.o)
 .debug_info    0x0000000000001407      0x1b3 ../temp_test_4_bsp/\libhal_bsp.a(alt_dev_llist_insert.o)
 .debug_info    0x00000000000015ba       0xa6 ../temp_test_4_bsp/\libhal_bsp.a(alt_errno.o)
 .debug_info    0x0000000000001660       0x92 ../temp_test_4_bsp/\libhal_bsp.a(alt_icache_flush_all.o)
 .debug_info    0x00000000000016f2       0xb8 ../temp_test_4_bsp/\libhal_bsp.a(altera_nios2_gen2_irq.o)
 .debug_info    0x00000000000017aa       0x8a c:/intelfpga_lite/18.1/nios2eds/bin/gnu/h-x86_64-mingw32/bin/../lib/gcc/nios2-elf/5.3.0/../../../../../H-x86_64-mingw32/nios2-elf/lib/mno-hw-mul\libsmallc.a(lib_a-int_errno.o)
 .debug_info    0x0000000000001834       0xc9 c:/intelfpga_lite/18.1/nios2eds/bin/gnu/h-x86_64-mingw32/bin/../lib/gcc/nios2-elf/5.3.0/../../../../../H-x86_64-mingw32/nios2-elf/lib/mno-hw-mul\libsmallc.a(lib_a-strlen.o)

.debug_abbrev   0x0000000000000000      0xb5b
 *(.debug_abbrev)
 .debug_abbrev  0x0000000000000000       0x12 ../temp_test_4_bsp//obj/HAL/src/crt0.o
 .debug_abbrev  0x0000000000000012       0x98 obj/default/hello_world_small.o
 .debug_abbrev  0x00000000000000aa       0xd8 ../temp_test_4_bsp/\libhal_bsp.a(alt_load.o)
 .debug_abbrev  0x0000000000000182       0xf5 ../temp_test_4_bsp/\libhal_bsp.a(alt_main.o)
 .debug_abbrev  0x0000000000000277       0xd5 ../temp_test_4_bsp/\libhal_bsp.a(alt_printf.o)
 .debug_abbrev  0x000000000000034c       0xd2 ../temp_test_4_bsp/\libhal_bsp.a(alt_putchar.o)
 .debug_abbrev  0x000000000000041e       0xd3 ../temp_test_4_bsp/\libhal_bsp.a(alt_putstr.o)
 .debug_abbrev  0x00000000000004f1      0x1a5 ../temp_test_4_bsp/\libhal_bsp.a(alt_sys_init.o)
 .debug_abbrev  0x0000000000000696       0xd5 ../temp_test_4_bsp/\libhal_bsp.a(altera_avalon_jtag_uart_write.o)
 .debug_abbrev  0x000000000000076b       0x42 ../temp_test_4_bsp/\libhal_bsp.a(alt_dcache_flush_all.o)
 .debug_abbrev  0x00000000000007ad       0xd9 ../temp_test_4_bsp/\libhal_bsp.a(alt_dev.o)
 .debug_abbrev  0x0000000000000886      0x11c ../temp_test_4_bsp/\libhal_bsp.a(alt_dev_llist_insert.o)
 .debug_abbrev  0x00000000000009a2       0x5a ../temp_test_4_bsp/\libhal_bsp.a(alt_errno.o)
 .debug_abbrev  0x00000000000009fc       0x42 ../temp_test_4_bsp/\libhal_bsp.a(alt_icache_flush_all.o)
 .debug_abbrev  0x0000000000000a3e       0x67 ../temp_test_4_bsp/\libhal_bsp.a(altera_nios2_gen2_irq.o)
 .debug_abbrev  0x0000000000000aa5       0x37 c:/intelfpga_lite/18.1/nios2eds/bin/gnu/h-x86_64-mingw32/bin/../lib/gcc/nios2-elf/5.3.0/../../../../../H-x86_64-mingw32/nios2-elf/lib/mno-hw-mul\libsmallc.a(lib_a-int_errno.o)
 .debug_abbrev  0x0000000000000adc       0x7f c:/intelfpga_lite/18.1/nios2eds/bin/gnu/h-x86_64-mingw32/bin/../lib/gcc/nios2-elf/5.3.0/../../../../../H-x86_64-mingw32/nios2-elf/lib/mno-hw-mul\libsmallc.a(lib_a-strlen.o)

.debug_line     0x0000000000000000      0xc23
 *(.debug_line)
 .debug_line    0x0000000000000000       0x66 ../temp_test_4_bsp//obj/HAL/src/crt0.o
 .debug_line    0x0000000000000066       0xac obj/default/hello_world_small.o
 .debug_line    0x0000000000000112       0xa4 ../temp_test_4_bsp/\libhal_bsp.a(alt_load.o)
 .debug_line    0x00000000000001b6       0xea ../temp_test_4_bsp/\libhal_bsp.a(alt_main.o)
 .debug_line    0x00000000000002a0      0x112 ../temp_test_4_bsp/\libhal_bsp.a(alt_printf.o)
 .debug_line    0x00000000000003b2       0x55 ../temp_test_4_bsp/\libhal_bsp.a(alt_putchar.o)
 .debug_line    0x0000000000000407       0xa0 ../temp_test_4_bsp/\libhal_bsp.a(alt_putstr.o)
 .debug_line    0x00000000000004a7      0x176 ../temp_test_4_bsp/\libhal_bsp.a(alt_sys_init.o)
 .debug_line    0x000000000000061d      0x104 ../temp_test_4_bsp/\libhal_bsp.a(altera_avalon_jtag_uart_write.o)
 .debug_line    0x0000000000000721       0x4e ../temp_test_4_bsp/\libhal_bsp.a(alt_dcache_flush_all.o)
 .debug_line    0x000000000000076f       0xf6 ../temp_test_4_bsp/\libhal_bsp.a(alt_dev.o)
 .debug_line    0x0000000000000865       0xd8 ../temp_test_4_bsp/\libhal_bsp.a(alt_dev_llist_insert.o)
 .debug_line    0x000000000000093d       0x51 ../temp_test_4_bsp/\libhal_bsp.a(alt_errno.o)
 .debug_line    0x000000000000098e       0x4e ../temp_test_4_bsp/\libhal_bsp.a(alt_icache_flush_all.o)
 .debug_line    0x00000000000009dc       0x8c ../temp_test_4_bsp/\libhal_bsp.a(altera_nios2_gen2_irq.o)
 .debug_line    0x0000000000000a68       0x5f c:/intelfpga_lite/18.1/nios2eds/bin/gnu/h-x86_64-mingw32/bin/../lib/gcc/nios2-elf/5.3.0/../../../../../H-x86_64-mingw32/nios2-elf/lib/mno-hw-mul\libsmallc.a(lib_a-int_errno.o)
 .debug_line    0x0000000000000ac7      0x15c c:/intelfpga_lite/18.1/nios2eds/bin/gnu/h-x86_64-mingw32/bin/../lib/gcc/nios2-elf/5.3.0/../../../../../H-x86_64-mingw32/nios2-elf/lib/mno-hw-mul\libsmallc.a(lib_a-strlen.o)

.debug_frame    0x0000000000000000      0x264
 *(.debug_frame)
 .debug_frame   0x0000000000000000       0x2c obj/default/hello_world_small.o
 .debug_frame   0x000000000000002c       0x30 ../temp_test_4_bsp/\libhal_bsp.a(alt_load.o)
 .debug_frame   0x000000000000005c       0x2c ../temp_test_4_bsp/\libhal_bsp.a(alt_main.o)
 .debug_frame   0x0000000000000088       0x54 ../temp_test_4_bsp/\libhal_bsp.a(alt_printf.o)
 .debug_frame   0x00000000000000dc       0x30 ../temp_test_4_bsp/\libhal_bsp.a(alt_putchar.o)
 .debug_frame   0x000000000000010c       0x30 ../temp_test_4_bsp/\libhal_bsp.a(alt_putstr.o)
 .debug_frame   0x000000000000013c       0x3c ../temp_test_4_bsp/\libhal_bsp.a(alt_sys_init.o)
 .debug_frame   0x0000000000000178       0x20 ../temp_test_4_bsp/\libhal_bsp.a(altera_avalon_jtag_uart_write.o)
 .debug_frame   0x0000000000000198       0x20 ../temp_test_4_bsp/\libhal_bsp.a(alt_dcache_flush_all.o)
 .debug_frame   0x00000000000001b8       0x20 ../temp_test_4_bsp/\libhal_bsp.a(alt_dev.o)
 .debug_frame   0x00000000000001d8       0x2c ../temp_test_4_bsp/\libhal_bsp.a(alt_dev_llist_insert.o)
 .debug_frame   0x0000000000000204       0x20 ../temp_test_4_bsp/\libhal_bsp.a(alt_icache_flush_all.o)
 .debug_frame   0x0000000000000224       0x20 ../temp_test_4_bsp/\libhal_bsp.a(altera_nios2_gen2_irq.o)
 .debug_frame   0x0000000000000244       0x20 c:/intelfpga_lite/18.1/nios2eds/bin/gnu/h-x86_64-mingw32/bin/../lib/gcc/nios2-elf/5.3.0/../../../../../H-x86_64-mingw32/nios2-elf/lib/mno-hw-mul\libsmallc.a(lib_a-strlen.o)

.debug_str      0x0000000000000000      0x9de
 *(.debug_str)
 .debug_str     0x0000000000000000      0x13a obj/default/hello_world_small.o
                                        0x166 (size before relaxing)
 .debug_str     0x000000000000013a      0x194 ../temp_test_4_bsp/\libhal_bsp.a(alt_load.o)
                                        0x266 (size before relaxing)
 .debug_str     0x00000000000002ce       0xb0 ../temp_test_4_bsp/\libhal_bsp.a(alt_main.o)
                                        0x208 (size before relaxing)
 .debug_str     0x000000000000037e       0x59 ../temp_test_4_bsp/\libhal_bsp.a(alt_printf.o)
                                        0x130 (size before relaxing)
 .debug_str     0x00000000000003d7       0x5e ../temp_test_4_bsp/\libhal_bsp.a(alt_putchar.o)
                                        0x1b5 (size before relaxing)
 .debug_str     0x0000000000000435       0x1c ../temp_test_4_bsp/\libhal_bsp.a(alt_putstr.o)
                                        0x1ba (size before relaxing)
 .debug_str     0x0000000000000451      0x169 ../temp_test_4_bsp/\libhal_bsp.a(alt_sys_init.o)
                                        0x374 (size before relaxing)
 .debug_str     0x00000000000005ba       0x32 ../temp_test_4_bsp/\libhal_bsp.a(altera_avalon_jtag_uart_write.o)
                                        0x260 (size before relaxing)
 .debug_str     0x00000000000005ec       0x1f ../temp_test_4_bsp/\libhal_bsp.a(alt_dcache_flush_all.o)
                                        0x17f (size before relaxing)
 .debug_str     0x000000000000060b      0x125 ../temp_test_4_bsp/\libhal_bsp.a(alt_dev.o)
                                        0x32f (size before relaxing)
 .debug_str     0x0000000000000730       0x4e ../temp_test_4_bsp/\libhal_bsp.a(alt_dev_llist_insert.o)
                                        0x1f6 (size before relaxing)
 .debug_str     0x000000000000077e       0x14 ../temp_test_4_bsp/\libhal_bsp.a(alt_errno.o)
                                        0x16f (size before relaxing)
 .debug_str     0x0000000000000792       0x1f ../temp_test_4_bsp/\libhal_bsp.a(alt_icache_flush_all.o)
                                        0x17f (size before relaxing)
 .debug_str     0x00000000000007b1       0x20 ../temp_test_4_bsp/\libhal_bsp.a(altera_nios2_gen2_irq.o)
                                        0x1af (size before relaxing)
 .debug_str     0x00000000000007d1      0x134 c:/intelfpga_lite/18.1/nios2eds/bin/gnu/h-x86_64-mingw32/bin/../lib/gcc/nios2-elf/5.3.0/../../../../../H-x86_64-mingw32/nios2-elf/lib/mno-hw-mul\libsmallc.a(lib_a-int_errno.o)
                                        0x1d8 (size before relaxing)
 .debug_str     0x0000000000000905       0xd9 c:/intelfpga_lite/18.1/nios2eds/bin/gnu/h-x86_64-mingw32/bin/../lib/gcc/nios2-elf/5.3.0/../../../../../H-x86_64-mingw32/nios2-elf/lib/mno-hw-mul\libsmallc.a(lib_a-strlen.o)
                                        0x1e5 (size before relaxing)

.debug_loc      0x0000000000000000      0x3b1
 *(.debug_loc)
 .debug_loc     0x0000000000000000       0x28 obj/default/hello_world_small.o
 .debug_loc     0x0000000000000028      0x1de ../temp_test_4_bsp/\libhal_bsp.a(alt_printf.o)
 .debug_loc     0x0000000000000206       0x2c ../temp_test_4_bsp/\libhal_bsp.a(alt_putchar.o)
 .debug_loc     0x0000000000000232       0x37 ../temp_test_4_bsp/\libhal_bsp.a(alt_putstr.o)
 .debug_loc     0x0000000000000269       0x21 ../temp_test_4_bsp/\libhal_bsp.a(alt_sys_init.o)
 .debug_loc     0x000000000000028a       0x8b ../temp_test_4_bsp/\libhal_bsp.a(altera_avalon_jtag_uart_write.o)
 .debug_loc     0x0000000000000315       0x7e ../temp_test_4_bsp/\libhal_bsp.a(alt_dev_llist_insert.o)
 .debug_loc     0x0000000000000393       0x1e c:/intelfpga_lite/18.1/nios2eds/bin/gnu/h-x86_64-mingw32/bin/../lib/gcc/nios2-elf/5.3.0/../../../../../H-x86_64-mingw32/nios2-elf/lib/mno-hw-mul\libsmallc.a(lib_a-strlen.o)

.debug_macinfo
 *(.debug_macinfo)

.debug_weaknames
 *(.debug_weaknames)

.debug_funcnames
 *(.debug_funcnames)

.debug_typenames
 *(.debug_typenames)

.debug_varnames
 *(.debug_varnames)

.debug_alt_sim_info
                0x0000000000000000       0x10
 *(.debug_alt_sim_info)
 .debug_alt_sim_info
                0x0000000000000000       0x10 ../temp_test_4_bsp//obj/HAL/src/crt0.o
                0x0000000000020000                __alt_data_end = 0x20000
                0x0000000000020000                PROVIDE (__alt_stack_pointer, __alt_data_end)
                [!provide]                        PROVIDE (__alt_stack_limit, __alt_stack_base)
                [!provide]                        PROVIDE (__alt_heap_start, end)
                [!provide]                        PROVIDE (__alt_heap_limit, 0x20000)
OUTPUT(temp_test_4.elf elf32-littlenios2)

.debug_ranges   0x0000000000000000       0xd8
 .debug_ranges  0x0000000000000000       0x20 ../temp_test_4_bsp//obj/HAL/src/crt0.o
 .debug_ranges  0x0000000000000020       0x10 obj/default/hello_world_small.o
 .debug_ranges  0x0000000000000030       0x48 ../temp_test_4_bsp/\libhal_bsp.a(alt_load.o)
 .debug_ranges  0x0000000000000078       0x18 ../temp_test_4_bsp/\libhal_bsp.a(alt_printf.o)
 .debug_ranges  0x0000000000000090       0x18 ../temp_test_4_bsp/\libhal_bsp.a(alt_sys_init.o)
 .debug_ranges  0x00000000000000a8       0x20 ../temp_test_4_bsp/\libhal_bsp.a(alt_dev_llist_insert.o)
 .debug_ranges  0x00000000000000c8       0x10 c:/intelfpga_lite/18.1/nios2eds/bin/gnu/h-x86_64-mingw32/bin/../lib/gcc/nios2-elf/5.3.0/../../../../../H-x86_64-mingw32/nios2-elf/lib/mno-hw-mul\libsmallc.a(lib_a-strlen.o)
